              _             
             (_)            
   __ _ _ __  _ _ __   __ _ 
  / _` | '_ \| | '_ \ / _` |
 | (_| | | | | | | | | (_| |
  \__, |_| |_|_|_| |_|\__,_|
   __/ |                    
  |___/                     

gnina v1.3.2 master:f23dd2b   Built Jul 29 2025.
gnina is based on smina and AutoDock Vina.
Please cite appropriately.

Commandline: gnina -r receptor.pdbqt -l ligands/noncovalent/A230_03_P8S_C5N7Z.sdf --center_x -5.337 --center_y -41.735 --center_z 29.543 --size_x 22.5 --size_y 22.5 --size_z 22.5 --exhaustiveness 16 --num_modes 9 --cnn_scoring rescore --seed 7 -o out_sens_seed7/A230_03_P8S_C5N7Z_nc.sdf.gz --log out_sens_seed7/A230_03_P8S_C5N7Z_nc.log
Using random seed: 7

mode |  affinity  |  intramol  |    CNN     |   CNN
     | (kcal/mol) | (kcal/mol) | pose score | affinity
-----+------------+------------+------------+----------
    1       -5.87        1.27       0.9138      4.890
    2       -5.57        0.57       0.8900      4.223
    3       -5.81        0.36       0.8891      4.542
    4       -5.73        1.40       0.8746      4.551
    5       -5.38       -0.19       0.8635      4.191
    6       -5.84        1.27       0.8582      4.707
    7       -5.40        0.03       0.8310      4.421
    8       -5.44        1.47       0.8278      4.766
    9       -5.46        0.66       0.7958      4.377
