              _             
             (_)            
   __ _ _ __  _ _ __   __ _ 
  / _` | '_ \| | '_ \ / _` |
 | (_| | | | | | | | | (_| |
  \__, |_| |_|_|_| |_|\__,_|
   __/ |                    
  |___/                     

gnina v1.3.2 master:f23dd2b   Built Jul 29 2025.
gnina is based on smina and AutoDock Vina.
Please cite appropriately.

Commandline: gnina -r receptor.pdbqt -l ligands/noncovalent/A230_00_P8R_C5N7E.sdf --center_x -5.337 --center_y -41.735 --center_z 29.543 --size_x 22.5 --size_y 22.5 --size_z 22.5 --exhaustiveness 16 --num_modes 9 --cnn_scoring rescore --seed 7 -o out_sens_seed7/A230_00_P8R_C5N7E_nc.sdf.gz --log out_sens_seed7/A230_00_P8R_C5N7E_nc.log
Using random seed: 7

mode |  affinity  |  intramol  |    CNN     |   CNN
     | (kcal/mol) | (kcal/mol) | pose score | affinity
-----+------------+------------+------------+----------
    1       -5.88        0.33       0.9175      4.754
    2       -5.78        0.32       0.8989      4.686
    3       -5.27        0.32       0.8875      4.744
    4       -5.68       -0.23       0.7913      4.551
    5       -5.09        0.15       0.7859      4.020
    6       -5.47       -0.11       0.7773      3.925
    7       -5.38        0.03       0.7705      3.847
    8       -5.28       -0.10       0.7674      4.169
    9       -5.71       -0.21       0.7599      4.497
