              _             
             (_)            
   __ _ _ __  _ _ __   __ _ 
  / _` | '_ \| | '_ \ / _` |
 | (_| | | | | | | | | (_| |
  \__, |_| |_|_|_| |_|\__,_|
   __/ |                    
  |___/                     

gnina v1.3.2 master:f23dd2b   Built Jul 29 2025.
gnina is based on smina and AutoDock Vina.
Please cite appropriately.

Commandline: gnina -r receptor.pdbqt -l ligands/noncovalent/A230_02_P8R_C5N7Z.sdf --center_x -5.337 --center_y -41.735 --center_z 29.543 --size_x 22.5 --size_y 22.5 --size_z 22.5 --exhaustiveness 16 --num_modes 9 --cnn_scoring rescore --seed 7 -o out_sens_seed7/A230_02_P8R_C5N7Z_nc.sdf.gz --log out_sens_seed7/A230_02_P8R_C5N7Z_nc.log
Using random seed: 7

mode |  affinity  |  intramol  |    CNN     |   CNN
     | (kcal/mol) | (kcal/mol) | pose score | affinity
-----+------------+------------+------------+----------
    1       -5.64       -0.00       0.8667      4.900
    2       -5.51       -0.35       0.8516      4.170
    3       -5.63       -0.28       0.8485      4.116
    4       -5.71       -0.42       0.8291      3.931
    5       -5.47       -0.22       0.8022      3.882
    6       -5.95       -0.21       0.7782      4.265
    7       -5.43       -0.28       0.7414      4.195
    8       -5.37       -0.02       0.7344      4.115
    9       -5.83       -0.32       0.7186      4.488
