              _             
             (_)            
   __ _ _ __  _ _ __   __ _ 
  / _` | '_ \| | '_ \ / _` |
 | (_| | | | | | | | | (_| |
  \__, |_| |_|_|_| |_|\__,_|
   __/ |                    
  |___/                     

gnina v1.3.2 master:f23dd2b   Built Jul 29 2025.
gnina is based on smina and AutoDock Vina.
Please cite appropriately.

Commandline: gnina -r receptor.pdbqt -l ligands/noncovalent/A230_01_P8S_C5N7E.sdf --center_x -5.337 --center_y -41.735 --center_z 29.543 --size_x 22.5 --size_y 22.5 --size_z 22.5 --exhaustiveness 16 --num_modes 9 --cnn_scoring rescore --seed 7 -o out_sens_seed7/A230_01_P8S_C5N7E_nc.sdf.gz --log out_sens_seed7/A230_01_P8S_C5N7E_nc.log
Using random seed: 7

mode |  affinity  |  intramol  |    CNN     |   CNN
     | (kcal/mol) | (kcal/mol) | pose score | affinity
-----+------------+------------+------------+----------
    1       -5.53        0.36       0.8941      4.794
    2       -5.82        1.33       0.8675      4.567
    3       -5.39        0.35       0.8603      4.732
    4       -5.95        0.29       0.8320      4.491
    5       -5.59        0.33       0.8307      4.531
    6       -5.53       -0.18       0.8298      4.643
    7       -5.93        0.25       0.8165      4.520
    8       -5.12        0.90       0.8022      4.004
    9       -5.34        0.08       0.7697      4.041
