              _             
             (_)            
   __ _ _ __  _ _ __   __ _ 
  / _` | '_ \| | '_ \ / _` |
 | (_| | | | | | | | | (_| |
  \__, |_| |_|_|_| |_|\__,_|
   __/ |                    
  |___/                     

gnina v1.3.2 master:f23dd2b   Built Jul 29 2025.
gnina is based on smina and AutoDock Vina.
Please cite appropriately.

Commandline: gnina -r receptor.pdbqt -l ligands/noncovalent/A232_03_P8S_C5N7Z.sdf --center_x -5.337 --center_y -41.735 --center_z 29.543 --size_x 22.5 --size_y 22.5 --size_z 22.5 --exhaustiveness 16 --num_modes 9 --cnn_scoring rescore --seed 7 -o out_sens_seed7/A232_03_P8S_C5N7Z_nc.sdf.gz --log out_sens_seed7/A232_03_P8S_C5N7Z_nc.log
Using random seed: 7

mode |  affinity  |  intramol  |    CNN     |   CNN
     | (kcal/mol) | (kcal/mol) | pose score | affinity
-----+------------+------------+------------+----------
    1       -6.13       -0.23       0.9526      4.281
    2       -5.92       -0.24       0.9262      5.065
    3       -5.66       -0.17       0.9092      4.752
    4       -5.90       -0.23       0.8992      4.598
    5       -6.13       -0.21       0.8780      4.717
    6       -5.77        0.12       0.8499      4.811
    7       -6.12        0.14       0.8375      4.704
    8       -5.63       -0.19       0.8330      4.388
    9       -6.01       -0.15       0.8189      4.505
