              _             
             (_)            
   __ _ _ __  _ _ __   __ _ 
  / _` | '_ \| | '_ \ / _` |
 | (_| | | | | | | | | (_| |
  \__, |_| |_|_|_| |_|\__,_|
   __/ |                    
  |___/                     

gnina v1.3.2 master:f23dd2b   Built Jul 29 2025.
gnina is based on smina and AutoDock Vina.
Please cite appropriately.

Commandline: gnina -r receptor.pdbqt -l ligands/noncovalent/A232_00_P8R_C5N7E.sdf --center_x -5.337 --center_y -41.735 --center_z 29.543 --size_x 22.5 --size_y 22.5 --size_z 22.5 --exhaustiveness 16 --num_modes 9 --cnn_scoring rescore --seed 7 -o out_sens_seed7/A232_00_P8R_C5N7E_nc.sdf.gz --log out_sens_seed7/A232_00_P8R_C5N7E_nc.log
Using random seed: 7

mode |  affinity  |  intramol  |    CNN     |   CNN
     | (kcal/mol) | (kcal/mol) | pose score | affinity
-----+------------+------------+------------+----------
    1       -5.82        0.19       0.9390      4.179
    2       -6.15       -0.22       0.9389      4.665
    3       -6.18       -0.19       0.9327      4.643
    4       -5.70        0.69       0.9144      4.226
    5       -5.83        0.44       0.8820      4.557
    6       -5.92        0.84       0.8548      4.612
    7       -5.55        0.13       0.7926      3.896
    8       -5.57        0.19       0.7883      3.859
    9       -5.66        0.28       0.7668      4.623
