              _             
             (_)            
   __ _ _ __  _ _ __   __ _ 
  / _` | '_ \| | '_ \ / _` |
 | (_| | | | | | | | | (_| |
  \__, |_| |_|_|_| |_|\__,_|
   __/ |                    
  |___/                     

gnina v1.3.2 master:f23dd2b   Built Jul 29 2025.
gnina is based on smina and AutoDock Vina.
Please cite appropriately.

Commandline: gnina -r receptor.pdbqt -l ligands/noncovalent/A232_01_P8S_C5N7E.sdf --center_x -5.337 --center_y -41.735 --center_z 29.543 --size_x 22.5 --size_y 22.5 --size_z 22.5 --exhaustiveness 16 --num_modes 9 --cnn_scoring rescore --seed 7 -o out_sens_seed7/A232_01_P8S_C5N7E_nc.sdf.gz --log out_sens_seed7/A232_01_P8S_C5N7E_nc.log
Using random seed: 7

mode |  affinity  |  intramol  |    CNN     |   CNN
     | (kcal/mol) | (kcal/mol) | pose score | affinity
-----+------------+------------+------------+----------
    1       -5.72        0.49       0.9386      4.962
    2       -5.90        0.22       0.9306      4.713
    3       -5.91       -0.06       0.8807      4.718
    4       -5.72        0.53       0.8430      4.522
    5       -5.43        0.35       0.8107      4.543
    6       -5.40        0.25       0.7907      4.205
    7       -5.95        0.11       0.7850      4.641
    8       -5.21       -0.08       0.7781      4.511
    9       -5.81       -0.00       0.7713      4.778
