              _             
             (_)            
   __ _ _ __  _ _ __   __ _ 
  / _` | '_ \| | '_ \ / _` |
 | (_| | | | | | | | | (_| |
  \__, |_| |_|_|_| |_|\__,_|
   __/ |                    
  |___/                     

gnina v1.3.2 master:f23dd2b   Built Jul 29 2025.
gnina is based on smina and AutoDock Vina.
Please cite appropriately.

Commandline: gnina -r receptor.pdbqt -l ligands/noncovalent/A232_02_P8R_C5N7Z.sdf --center_x -5.337 --center_y -41.735 --center_z 29.543 --size_x 22.5 --size_y 22.5 --size_z 22.5 --exhaustiveness 16 --num_modes 9 --cnn_scoring rescore --seed 7 -o out_sens_seed7/A232_02_P8R_C5N7Z_nc.sdf.gz --log out_sens_seed7/A232_02_P8R_C5N7Z_nc.log
Using random seed: 7

mode |  affinity  |  intramol  |    CNN     |   CNN
     | (kcal/mol) | (kcal/mol) | pose score | affinity
-----+------------+------------+------------+----------
    1       -5.87        0.47       0.9425      4.570
    2       -6.13       -0.05       0.9265      4.682
    3       -5.96        0.19       0.9236      4.246
    4       -5.71       -0.50       0.9064      4.644
    5       -5.93       -0.12       0.9056      4.781
    6       -6.16       -0.23       0.8494      4.521
    7       -6.18       -0.03       0.8482      4.578
    8       -5.74       -0.22       0.8457      4.217
    9       -5.86       -0.33       0.8309      4.748
