              _             
             (_)            
   __ _ _ __  _ _ __   __ _ 
  / _` | '_ \| | '_ \ / _` |
 | (_| | | | | | | | | (_| |
  \__, |_| |_|_|_| |_|\__,_|
   __/ |                    
  |___/                     

gnina v1.3.2 master:f23dd2b   Built Jul 29 2025.
gnina is based on smina and AutoDock Vina.
Please cite appropriately.

Commandline: gnina -r receptor.pdbqt -l ligands/noncovalent/A234_00_P3S_N6C7E.sdf --center_x -5.337 --center_y -41.735 --center_z 29.543 --size_x 22.5 --size_y 22.5 --size_z 22.5 --exhaustiveness 16 --num_modes 9 --cnn_scoring rescore --seed 7 -o out_sens_seed7/A234_00_P3S_N6C7E_nc.sdf.gz --log out_sens_seed7/A234_00_P3S_N6C7E_nc.log
Using random seed: 7

mode |  affinity  |  intramol  |    CNN     |   CNN
     | (kcal/mol) | (kcal/mol) | pose score | affinity
-----+------------+------------+------------+----------
    1       -6.17        0.18       0.9208      4.585
    2       -5.85        0.20       0.9115      5.419
    3       -5.74        0.26       0.8756      4.208
    4       -6.09        0.22       0.8477      4.835
    5       -5.82       -0.12       0.8398      4.037
    6       -6.18        0.34       0.8358      4.735
    7       -6.15        0.10       0.8151      4.926
    8       -5.68        0.16       0.7998      4.488
    9       -5.55        0.46       0.7921      4.060
