              _             
             (_)            
   __ _ _ __  _ _ __   __ _ 
  / _` | '_ \| | '_ \ / _` |
 | (_| | | | | | | | | (_| |
  \__, |_| |_|_|_| |_|\__,_|
   __/ |                    
  |___/                     

gnina v1.3.2 master:f23dd2b   Built Jul 29 2025.
gnina is based on smina and AutoDock Vina.
Please cite appropriately.

Commandline: gnina -r receptor.pdbqt -l ligands/noncovalent/A234_02_P3S_N6C7Z.sdf --center_x -5.337 --center_y -41.735 --center_z 29.543 --size_x 22.5 --size_y 22.5 --size_z 22.5 --exhaustiveness 16 --num_modes 9 --cnn_scoring rescore --seed 7 -o out_sens_seed7/A234_02_P3S_N6C7Z_nc.sdf.gz --log out_sens_seed7/A234_02_P3S_N6C7Z_nc.log
Using random seed: 7

mode |  affinity  |  intramol  |    CNN     |   CNN
     | (kcal/mol) | (kcal/mol) | pose score | affinity
-----+------------+------------+------------+----------
    1       -6.63        0.20       0.9776      4.675
    2       -5.99       -0.34       0.9257      4.355
    3       -6.46       -0.51       0.9123      5.196
    4       -6.10        0.44       0.9023      4.804
    5       -6.60       -0.17       0.8828      4.864
    6       -6.09       -0.09       0.8658      4.285
    7       -6.47       -0.04       0.8640      4.689
    8       -6.48       -0.00       0.8621      4.862
    9       -6.06       -0.00       0.8615      3.930
