              _             
             (_)            
   __ _ _ __  _ _ __   __ _ 
  / _` | '_ \| | '_ \ / _` |
 | (_| | | | | | | | | (_| |
  \__, |_| |_|_|_| |_|\__,_|
   __/ |                    
  |___/                     

gnina v1.3.2 master:f23dd2b   Built Jul 29 2025.
gnina is based on smina and AutoDock Vina.
Please cite appropriately.

Commandline: gnina -r receptor.pdbqt -l ligands/noncovalent/A234_03_P3R_N6C7Z.sdf --center_x -5.337 --center_y -41.735 --center_z 29.543 --size_x 22.5 --size_y 22.5 --size_z 22.5 --exhaustiveness 16 --num_modes 9 --cnn_scoring rescore --seed 7 -o out_sens_seed7/A234_03_P3R_N6C7Z_nc.sdf.gz --log out_sens_seed7/A234_03_P3R_N6C7Z_nc.log
Using random seed: 7

mode |  affinity  |  intramol  |    CNN     |   CNN
     | (kcal/mol) | (kcal/mol) | pose score | affinity
-----+------------+------------+------------+----------
    1       -6.53        0.14       0.9779      4.800
    2       -6.47       -0.23       0.9683      4.657
    3       -6.73       -0.39       0.9388      4.877
    4       -6.18        0.51       0.9346      4.300
    5       -6.52       -0.04       0.9227      4.769
    6       -6.65       -0.03       0.9125      4.745
    7       -6.48       -0.08       0.9024      4.862
    8       -6.63        0.02       0.8867      4.650
    9       -6.19       -0.22       0.8827      4.102
