              _             
             (_)            
   __ _ _ __  _ _ __   __ _ 
  / _` | '_ \| | '_ \ / _` |
 | (_| | | | | | | | | (_| |
  \__, |_| |_|_|_| |_|\__,_|
   __/ |                    
  |___/                     

gnina v1.3.2 master:f23dd2b   Built Jul 29 2025.
gnina is based on smina and AutoDock Vina.
Please cite appropriately.

Commandline: gnina -r receptor.pdbqt -l ligands/noncovalent/A234_01_P3R_N6C7E.sdf --center_x -5.337 --center_y -41.735 --center_z 29.543 --size_x 22.5 --size_y 22.5 --size_z 22.5 --exhaustiveness 16 --num_modes 9 --cnn_scoring rescore --seed 7 -o out_sens_seed7/A234_01_P3R_N6C7E_nc.sdf.gz --log out_sens_seed7/A234_01_P3R_N6C7E_nc.log
Using random seed: 7

mode |  affinity  |  intramol  |    CNN     |   CNN
     | (kcal/mol) | (kcal/mol) | pose score | affinity
-----+------------+------------+------------+----------
    1       -6.15        0.11       0.9227      4.566
    2       -5.83        0.45       0.8861      4.520
    3       -5.82        0.03       0.8428      4.625
    4       -5.69       -0.15       0.8227      4.004
    5       -5.67       -0.02       0.7958      4.173
    6       -5.73        0.18       0.7947      4.356
    7       -5.74       -0.32       0.7939      4.118
    8       -6.30       -0.34       0.7816      4.842
    9       -6.30        0.05       0.7609      4.496
