              _             
             (_)            
   __ _ _ __  _ _ __   __ _ 
  / _` | '_ \| | '_ \ / _` |
 | (_| | | | | | | | | (_| |
  \__, |_| |_|_|_| |_|\__,_|
   __/ |                    
  |___/                     

gnina v1.3.2 master:f23dd2b   Built Jul 29 2025.
gnina is based on smina and AutoDock Vina.
Please cite appropriately.

Commandline: gnina -r receptor.pdbqt -l ligands/noncovalent/A242_00_P7R.sdf --center_x -5.337 --center_y -41.735 --center_z 29.543 --size_x 22.5 --size_y 22.5 --size_z 22.5 --exhaustiveness 16 --num_modes 9 --cnn_scoring rescore --seed 7 -o out_sens_seed7/A242_00_P7R_nc.sdf.gz --log out_sens_seed7/A242_00_P7R_nc.log
Using random seed: 7

mode |  affinity  |  intramol  |    CNN     |   CNN
     | (kcal/mol) | (kcal/mol) | pose score | affinity
-----+------------+------------+------------+----------
    1       -6.06       -0.03       0.9300      5.337
    2       -6.03        1.05       0.8931      4.887
    3       -6.33       -0.17       0.8914      4.737
    4       -6.03        0.33       0.8799      5.322
    5       -5.97       -0.60       0.8520      4.685
    6       -5.92        0.83       0.8067      4.619
    7       -6.37       -0.41       0.7844      5.055
    8       -6.06        0.06       0.7723      4.855
    9       -6.17       -0.08       0.7459      4.748
