              _             
             (_)            
   __ _ _ __  _ _ __   __ _ 
  / _` | '_ \| | '_ \ / _` |
 | (_| | | | | | | | | (_| |
  \__, |_| |_|_|_| |_|\__,_|
   __/ |                    
  |___/                     

gnina v1.3.2 master:f23dd2b   Built Jul 29 2025.
gnina is based on smina and AutoDock Vina.
Please cite appropriately.

Commandline: gnina -r receptor.pdbqt -l ligands/noncovalent/A242_01_P7S.sdf --center_x -5.337 --center_y -41.735 --center_z 29.543 --size_x 22.5 --size_y 22.5 --size_z 22.5 --exhaustiveness 16 --num_modes 9 --cnn_scoring rescore --seed 7 -o out_sens_seed7/A242_01_P7S_nc.sdf.gz --log out_sens_seed7/A242_01_P7S_nc.log
Using random seed: 7

mode |  affinity  |  intramol  |    CNN     |   CNN
     | (kcal/mol) | (kcal/mol) | pose score | affinity
-----+------------+------------+------------+----------
    1       -5.84        2.00       0.9305      4.833
    2       -6.35        0.26       0.9036      5.226
    3       -6.31        0.53       0.8965      5.195
    4       -6.21        0.53       0.8960      4.955
    5       -6.37        1.26       0.8910      5.191
    6       -5.77        0.36       0.8078      5.123
    7       -6.09        0.18       0.7772      4.986
    8       -6.13       -0.31       0.7492      5.050
    9       -6.23        0.38       0.7424      5.031
