              _             
             (_)            
   __ _ _ __  _ _ __   __ _ 
  / _` | '_ \| | '_ \ / _` |
 | (_| | | | | | | | | (_| |
  \__, |_| |_|_|_| |_|\__,_|
   __/ |                    
  |___/                     

gnina v1.3.2 master:f23dd2b   Built Jul 29 2025.
gnina is based on smina and AutoDock Vina.
Please cite appropriately.

Commandline: gnina -r receptor.pdbqt -l ligands/noncovalent/BSAR_01_P5R.sdf --center_x -5.337 --center_y -41.735 --center_z 29.543 --size_x 22.5 --size_y 22.5 --size_z 22.5 --exhaustiveness 16 --num_modes 9 --cnn_scoring rescore --seed 7 -o out_sens_seed7/BSAR_01_P5R_nc.sdf.gz --log out_sens_seed7/BSAR_01_P5R_nc.log
Using random seed: 7

mode |  affinity  |  intramol  |    CNN     |   CNN
     | (kcal/mol) | (kcal/mol) | pose score | affinity
-----+------------+------------+------------+----------
    1       -5.03       -0.08       0.9126      3.990
    2       -4.97       -0.11       0.9033      3.480
    3       -5.25       -0.11       0.8234      3.894
    4       -4.85       -0.17       0.7339      3.445
    5       -4.67        0.17       0.7070      3.206
    6       -4.95       -0.10       0.6902      3.743
    7       -4.72       -0.36       0.6644      3.551
    8       -4.60       -0.31       0.6520      3.320
    9       -4.32       -0.17       0.6363      3.247
