              _             
             (_)            
   __ _ _ __  _ _ __   __ _ 
  / _` | '_ \| | '_ \ / _` |
 | (_| | | | | | | | | (_| |
  \__, |_| |_|_|_| |_|\__,_|
   __/ |                    
  |___/                     

gnina v1.3.2 master:f23dd2b   Built Jul 29 2025.
gnina is based on smina and AutoDock Vina.
Please cite appropriately.

Commandline: gnina -r receptor.pdbqt -l ligands/noncovalent/BSAR_00_P5S.sdf --center_x -5.337 --center_y -41.735 --center_z 29.543 --size_x 22.5 --size_y 22.5 --size_z 22.5 --exhaustiveness 16 --num_modes 9 --cnn_scoring rescore --seed 7 -o out_sens_seed7/BSAR_00_P5S_nc.sdf.gz --log out_sens_seed7/BSAR_00_P5S_nc.log
Using random seed: 7

mode |  affinity  |  intramol  |    CNN     |   CNN
     | (kcal/mol) | (kcal/mol) | pose score | affinity
-----+------------+------------+------------+----------
    1       -5.00       -0.14       0.8823      3.364
    2       -4.94       -0.09       0.8740      3.720
    3       -5.09       -0.10       0.8414      3.660
    4       -4.88       -0.27       0.7654      3.739
    5       -4.50       -0.18       0.7324      3.424
    6       -4.39       -0.10       0.6838      3.379
    7       -4.45       -0.14       0.6631      3.406
    8       -4.94       -0.08       0.6478      3.227
    9       -4.41       -0.14       0.6426      3.314
