              _             
             (_)            
   __ _ _ __  _ _ __   __ _ 
  / _` | '_ \| | '_ \ / _` |
 | (_| | | | | | | | | (_| |
  \__, |_| |_|_|_| |_|\__,_|
   __/ |                    
  |___/                     

gnina v1.3.2 master:f23dd2b   Built Jul 29 2025.
gnina is based on smina and AutoDock Vina.
Please cite appropriately.

Commandline: gnina -r receptor.pdbqt -l ligands/noncovalent/CPF_00_achiral.sdf --center_x -5.337 --center_y -41.735 --center_z 29.543 --size_x 22.5 --size_y 22.5 --size_z 22.5 --exhaustiveness 16 --num_modes 9 --cnn_scoring rescore --seed 7 -o out_sens_seed7/CPF_00_achiral_nc.sdf.gz --log out_sens_seed7/CPF_00_achiral_nc.log
Using random seed: 7

mode |  affinity  |  intramol  |    CNN     |   CNN
     | (kcal/mol) | (kcal/mol) | pose score | affinity
-----+------------+------------+------------+----------
    1       -6.57       -0.06       0.5380      4.640
    2       -6.46        1.90       0.4447      4.532
    3       -6.33       -0.23       0.4149      5.410
    4       -6.20       -0.13       0.3799      4.588
    5       -6.42        0.95       0.3787      5.284
    6       -6.68        0.36       0.3747      4.848
    7       -6.99       -0.09       0.3489      4.726
    8       -6.88       -0.28       0.3214      5.279
    9       -6.96        0.58       0.3021      4.842
