              _             
             (_)            
   __ _ _ __  _ _ __   __ _ 
  / _` | '_ \| | '_ \ / _` |
 | (_| | | | | | | | | (_| |
  \__, |_| |_|_|_| |_|\__,_|
   __/ |                    
  |___/                     

gnina v1.3.2 master:f23dd2b   Built Jul 29 2025.
gnina is based on smina and AutoDock Vina.
Please cite appropriately.

Commandline: gnina -r receptor.pdbqt -l ligands/noncovalent/DDVP_00_achiral.sdf --center_x -5.337 --center_y -41.735 --center_z 29.543 --size_x 22.5 --size_y 22.5 --size_z 22.5 --exhaustiveness 16 --num_modes 9 --cnn_scoring rescore --seed 7 -o out_sens_seed7/DDVP_00_achiral_nc.sdf.gz --log out_sens_seed7/DDVP_00_achiral_nc.log
Using random seed: 7

mode |  affinity  |  intramol  |    CNN     |   CNN
     | (kcal/mol) | (kcal/mol) | pose score | affinity
-----+------------+------------+------------+----------
    1       -5.35       -0.16       0.8400      3.709
    2       -5.28       -0.12       0.8048      3.821
    3       -5.13        0.13       0.7914      3.283
    4       -5.44       -0.09       0.7743      3.342
    5       -4.83       -0.21       0.7504      3.142
    6       -5.07       -0.16       0.7283      3.690
    7       -5.11       -0.13       0.7091      3.648
    8       -4.96       -0.13       0.6419      3.515
    9       -5.01       -0.23       0.6417      3.049
