              _             
             (_)            
   __ _ _ __  _ _ __   __ _ 
  / _` | '_ \| | '_ \ / _` |
 | (_| | | | | | | | | (_| |
  \__, |_| |_|_|_| |_|\__,_|
   __/ |                    
  |___/                     

gnina v1.3.2 master:f23dd2b   Built Jul 29 2025.
gnina is based on smina and AutoDock Vina.
Please cite appropriately.

Commandline: gnina -r receptor.pdbqt -l ligands/noncovalent/DETAB_01_P3S.sdf --center_x -5.337 --center_y -41.735 --center_z 29.543 --size_x 22.5 --size_y 22.5 --size_z 22.5 --exhaustiveness 16 --num_modes 9 --cnn_scoring rescore --seed 7 -o out_sens_seed7/DETAB_01_P3S_nc.sdf.gz --log out_sens_seed7/DETAB_01_P3S_nc.log
Using random seed: 7

mode |  affinity  |  intramol  |    CNN     |   CNN
     | (kcal/mol) | (kcal/mol) | pose score | affinity
-----+------------+------------+------------+----------
    1       -5.38       -0.25       0.8943      4.309
    2       -5.23       -0.22       0.8740      4.092
    3       -5.23       -0.26       0.7639      3.929
    4       -4.91       -0.35       0.7518      3.779
    5       -4.99       -0.33       0.7441      3.863
    6       -5.52       -0.22       0.7282      4.072
    7       -5.53       -0.24       0.7074      3.902
    8       -5.14       -0.36       0.6936      4.003
    9       -5.39       -0.38       0.6902      3.839
