              _             
             (_)            
   __ _ _ __  _ _ __   __ _ 
  / _` | '_ \| | '_ \ / _` |
 | (_| | | | | | | | | (_| |
  \__, |_| |_|_|_| |_|\__,_|
   __/ |                    
  |___/                     

gnina v1.3.2 master:f23dd2b   Built Jul 29 2025.
gnina is based on smina and AutoDock Vina.
Please cite appropriately.

Commandline: gnina -r receptor.pdbqt -l ligands/noncovalent/DETAB_00_P3R.sdf --center_x -5.337 --center_y -41.735 --center_z 29.543 --size_x 22.5 --size_y 22.5 --size_z 22.5 --exhaustiveness 16 --num_modes 9 --cnn_scoring rescore --seed 7 -o out_sens_seed7/DETAB_00_P3R_nc.sdf.gz --log out_sens_seed7/DETAB_00_P3R_nc.log
Using random seed: 7

mode |  affinity  |  intramol  |    CNN     |   CNN
     | (kcal/mol) | (kcal/mol) | pose score | affinity
-----+------------+------------+------------+----------
    1       -5.61       -0.21       0.8841      4.219
    2       -5.75       -0.24       0.8838      4.223
    3       -5.43       -0.22       0.8528      3.930
    4       -5.10       -0.33       0.8119      3.750
    5       -5.54       -0.27       0.7999      3.971
    6       -4.70       -0.27       0.7925      3.815
    7       -5.50       -0.50       0.7856      4.072
    8       -5.03       -0.29       0.7399      3.811
    9       -4.95        0.70       0.7333      3.922
