              _             
             (_)            
   __ _ _ __  _ _ __   __ _ 
  / _` | '_ \| | '_ \ / _` |
 | (_| | | | | | | | | (_| |
  \__, |_| |_|_|_| |_|\__,_|
   __/ |                    
  |___/                     

gnina v1.3.2 master:f23dd2b   Built Jul 29 2025.
gnina is based on smina and AutoDock Vina.
Please cite appropriately.

Commandline: gnina -r receptor.pdbqt -l ligands/noncovalent/DFP_00_achiral.sdf --center_x -5.337 --center_y -41.735 --center_z 29.543 --size_x 22.5 --size_y 22.5 --size_z 22.5 --exhaustiveness 16 --num_modes 9 --cnn_scoring rescore --seed 7 -o out_sens_seed7/DFP_00_achiral_nc.sdf.gz --log out_sens_seed7/DFP_00_achiral_nc.log
Using random seed: 7

mode |  affinity  |  intramol  |    CNN     |   CNN
     | (kcal/mol) | (kcal/mol) | pose score | affinity
-----+------------+------------+------------+----------
    1       -5.34       -0.16       0.8000      3.632
    2       -5.61        0.73       0.7977      3.710
    3       -5.66        0.71       0.7598      3.576
    4       -5.65        1.20       0.7457      3.587
    5       -5.80        0.78       0.6828      3.503
    6       -5.32        0.67       0.6820      3.591
    7       -5.16       -0.36       0.6623      3.499
    8       -5.76        0.65       0.6436      3.563
    9       -5.51        1.58       0.6323      3.613
