              _             
             (_)            
   __ _ _ __  _ _ __   __ _ 
  / _` | '_ \| | '_ \ / _` |
 | (_| | | | | | | | | (_| |
  \__, |_| |_|_|_| |_|\__,_|
   __/ |                    
  |___/                     

gnina v1.3.2 master:f23dd2b   Built Jul 29 2025.
gnina is based on smina and AutoDock Vina.
Please cite appropriately.

Commandline: gnina -r receptor.pdbqt -l ligands/noncovalent/FEN_00_P3R.sdf --center_x -5.337 --center_y -41.735 --center_z 29.543 --size_x 22.5 --size_y 22.5 --size_z 22.5 --exhaustiveness 16 --num_modes 9 --cnn_scoring rescore --seed 7 -o out_sens_seed7/FEN_00_P3R_nc.sdf.gz --log out_sens_seed7/FEN_00_P3R_nc.log
Using random seed: 7

mode |  affinity  |  intramol  |    CNN     |   CNN
     | (kcal/mol) | (kcal/mol) | pose score | affinity
-----+------------+------------+------------+----------
    1       -7.53        0.76       0.9215      5.505
    2       -7.14        2.71       0.6995      5.350
    3       -6.58       -0.52       0.6935      5.449
    4       -6.73        0.29       0.5695      5.171
    5       -6.65        1.43       0.5260      5.117
    6       -6.86        0.26       0.5049      4.714
    7       -6.12        0.79       0.4040      4.776
    8       -6.26        0.57       0.3245      5.127
    9       -6.81       -0.60       0.3241      4.221
