              _             
             (_)            
   __ _ _ __  _ _ __   __ _ 
  / _` | '_ \| | '_ \ / _` |
 | (_| | | | | | | | | (_| |
  \__, |_| |_|_|_| |_|\__,_|
   __/ |                    
  |___/                     

gnina v1.3.2 master:f23dd2b   Built Jul 29 2025.
gnina is based on smina and AutoDock Vina.
Please cite appropriately.

Commandline: gnina -r receptor.pdbqt -l ligands/noncovalent/FEN_01_P3S.sdf --center_x -5.337 --center_y -41.735 --center_z 29.543 --size_x 22.5 --size_y 22.5 --size_z 22.5 --exhaustiveness 16 --num_modes 9 --cnn_scoring rescore --seed 7 -o out_sens_seed7/FEN_01_P3S_nc.sdf.gz --log out_sens_seed7/FEN_01_P3S_nc.log
Using random seed: 7

mode |  affinity  |  intramol  |    CNN     |   CNN
     | (kcal/mol) | (kcal/mol) | pose score | affinity
-----+------------+------------+------------+----------
    1       -7.21        1.26       0.8483      5.204
    2       -6.76       -0.11       0.7441      5.787
    3       -6.48       -0.51       0.7077      5.028
    4       -6.35        1.73       0.6768      5.327
    5       -6.36        0.09       0.6546      4.993
    6       -7.02        0.48       0.6204      5.103
    7       -6.51       -0.16       0.4748      4.742
    8       -6.31       -0.13       0.4546      4.666
    9       -7.15        0.04       0.4235      4.536
