              _             
             (_)            
   __ _ _ __  _ _ __   __ _ 
  / _` | '_ \| | '_ \ / _` |
 | (_| | | | | | | | | (_| |
  \__, |_| |_|_|_| |_|\__,_|
   __/ |                    
  |___/                     

gnina v1.3.2 master:f23dd2b   Built Jul 29 2025.
gnina is based on smina and AutoDock Vina.
Please cite appropriately.

Commandline: gnina -r receptor.pdbqt -l ligands/noncovalent/GA_00_P3R.sdf --center_x -5.337 --center_y -41.735 --center_z 29.543 --size_x 22.5 --size_y 22.5 --size_z 22.5 --exhaustiveness 16 --num_modes 9 --cnn_scoring rescore --seed 7 -o out_sens_seed7/GA_00_P3R_nc.sdf.gz --log out_sens_seed7/GA_00_P3R_nc.log
Using random seed: 7

mode |  affinity  |  intramol  |    CNN     |   CNN
     | (kcal/mol) | (kcal/mol) | pose score | affinity
-----+------------+------------+------------+----------
    1       -4.27       -0.12       0.8476      3.489
    2       -4.26       -0.12       0.8411      3.591
    3       -4.74       -0.11       0.8313      3.728
    4       -4.57       -0.17       0.8235      3.575
    5       -4.54       -0.06       0.7777      3.523
    6       -4.62       -0.13       0.7772      3.454
    7       -4.77        0.23       0.7751      3.515
    8       -4.78       -0.14       0.7684      3.742
    9       -4.34       -0.17       0.7522      3.568
