              _             
             (_)            
   __ _ _ __  _ _ __   __ _ 
  / _` | '_ \| | '_ \ / _` |
 | (_| | | | | | | | | (_| |
  \__, |_| |_|_|_| |_|\__,_|
   __/ |                    
  |___/                     

gnina v1.3.2 master:f23dd2b   Built Jul 29 2025.
gnina is based on smina and AutoDock Vina.
Please cite appropriately.

Commandline: gnina -r receptor.pdbqt -l ligands/noncovalent/GA_01_P3S.sdf --center_x -5.337 --center_y -41.735 --center_z 29.543 --size_x 22.5 --size_y 22.5 --size_z 22.5 --exhaustiveness 16 --num_modes 9 --cnn_scoring rescore --seed 7 -o out_sens_seed7/GA_01_P3S_nc.sdf.gz --log out_sens_seed7/GA_01_P3S_nc.log
Using random seed: 7

mode |  affinity  |  intramol  |    CNN     |   CNN
     | (kcal/mol) | (kcal/mol) | pose score | affinity
-----+------------+------------+------------+----------
    1       -4.66       -0.17       0.8097      3.764
    2       -4.64       -0.11       0.7489      3.789
    3       -4.85       -0.11       0.7275      3.455
    4       -4.58        0.02       0.7275      3.888
    5       -4.39       -0.11       0.7271      3.444
    6       -4.63       -0.11       0.7255      3.401
    7       -4.57       -0.14       0.7114      3.513
    8       -4.74       -0.14       0.6998      3.817
    9       -4.39       -0.11       0.6956      3.582
