              _             
             (_)            
   __ _ _ __  _ _ __   __ _ 
  / _` | '_ \| | '_ \ / _` |
 | (_| | | | | | | | | (_| |
  \__, |_| |_|_|_| |_|\__,_|
   __/ |                    
  |___/                     

gnina v1.3.2 master:f23dd2b   Built Jul 29 2025.
gnina is based on smina and AutoDock Vina.
Please cite appropriately.

Commandline: gnina -r receptor.pdbqt -l ligands/noncovalent/GB_01_P4R.sdf --center_x -5.337 --center_y -41.735 --center_z 29.543 --size_x 22.5 --size_y 22.5 --size_z 22.5 --exhaustiveness 16 --num_modes 9 --cnn_scoring rescore --seed 7 -o out_sens_seed7/GB_01_P4R_nc.sdf.gz --log out_sens_seed7/GB_01_P4R_nc.log
Using random seed: 7

mode |  affinity  |  intramol  |    CNN     |   CNN
     | (kcal/mol) | (kcal/mol) | pose score | affinity
-----+------------+------------+------------+----------
    1       -4.57       -0.14       0.8729      3.237
    2       -4.16       -0.13       0.8392      3.082
    3       -4.43       -0.09       0.8263      3.363
    4       -4.12       -0.14       0.7389      3.040
    5       -4.36       -0.12       0.6878      2.944
    6       -4.08       -0.16       0.6736      3.031
    7       -4.15       -0.14       0.6685      3.119
    8       -4.50       -0.10       0.6529      3.351
    9       -4.50        0.85       0.6476      2.996
