              _             
             (_)            
   __ _ _ __  _ _ __   __ _ 
  / _` | '_ \| | '_ \ / _` |
 | (_| | | | | | | | | (_| |
  \__, |_| |_|_|_| |_|\__,_|
   __/ |                    
  |___/                     

gnina v1.3.2 master:f23dd2b   Built Jul 29 2025.
gnina is based on smina and AutoDock Vina.
Please cite appropriately.

Commandline: gnina -r receptor.pdbqt -l ligands/noncovalent/GB_00_P4S.sdf --center_x -5.337 --center_y -41.735 --center_z 29.543 --size_x 22.5 --size_y 22.5 --size_z 22.5 --exhaustiveness 16 --num_modes 9 --cnn_scoring rescore --seed 7 -o out_sens_seed7/GB_00_P4S_nc.sdf.gz --log out_sens_seed7/GB_00_P4S_nc.log
Using random seed: 7

mode |  affinity  |  intramol  |    CNN     |   CNN
     | (kcal/mol) | (kcal/mol) | pose score | affinity
-----+------------+------------+------------+----------
    1       -4.47       -0.04       0.8758      3.060
    2       -4.02       -0.11       0.8408      3.104
    3       -4.47       -0.13       0.7780      3.057
    4       -4.48       -0.11       0.7452      3.022
    5       -4.15        1.03       0.7376      3.049
    6       -4.16       -0.15       0.6698      3.013
    7       -4.28       -0.16       0.6696      3.218
    8       -4.56       -0.11       0.6585      3.182
    9       -4.42        1.00       0.6539      3.132
