              _             
             (_)            
   __ _ _ __  _ _ __   __ _ 
  / _` | '_ \| | '_ \ / _` |
 | (_| | | | | | | | | (_| |
  \__, |_| |_|_|_| |_|\__,_|
   __/ |                    
  |___/                     

gnina v1.3.2 master:f23dd2b   Built Jul 29 2025.
gnina is based on smina and AutoDock Vina.
Please cite appropriately.

Commandline: gnina -r receptor.pdbqt -l ligands/noncovalent/GD_02_C1S_P3R.sdf --center_x -5.337 --center_y -41.735 --center_z 29.543 --size_x 22.5 --size_y 22.5 --size_z 22.5 --exhaustiveness 16 --num_modes 9 --cnn_scoring rescore --seed 7 -o out_sens_seed7/GD_02_C1S_P3R_nc.sdf.gz --log out_sens_seed7/GD_02_C1S_P3R_nc.log
Using random seed: 7

mode |  affinity  |  intramol  |    CNN     |   CNN
     | (kcal/mol) | (kcal/mol) | pose score | affinity
-----+------------+------------+------------+----------
    1       -5.69       -0.03       0.8046      4.071
    2       -6.08       -0.24       0.7771      3.986
    3       -6.04       -0.24       0.7636      3.963
    4       -6.00       -0.20       0.7239      4.180
    5       -5.25       -0.06       0.6963      3.991
    6       -5.69        0.16       0.6721      3.950
    7       -5.76       -0.38       0.6578      3.692
    8       -5.50       -0.16       0.6427      3.733
    9       -5.55       -0.18       0.6416      3.820
