              _             
             (_)            
   __ _ _ __  _ _ __   __ _ 
  / _` | '_ \| | '_ \ / _` |
 | (_| | | | | | | | | (_| |
  \__, |_| |_|_|_| |_|\__,_|
   __/ |                    
  |___/                     

gnina v1.3.2 master:f23dd2b   Built Jul 29 2025.
gnina is based on smina and AutoDock Vina.
Please cite appropriately.

Commandline: gnina -r receptor.pdbqt -l ligands/noncovalent/GD_03_C1R_P3R.sdf --center_x -5.337 --center_y -41.735 --center_z 29.543 --size_x 22.5 --size_y 22.5 --size_z 22.5 --exhaustiveness 16 --num_modes 9 --cnn_scoring rescore --seed 7 -o out_sens_seed7/GD_03_C1R_P3R_nc.sdf.gz --log out_sens_seed7/GD_03_C1R_P3R_nc.log
Using random seed: 7

mode |  affinity  |  intramol  |    CNN     |   CNN
     | (kcal/mol) | (kcal/mol) | pose score | affinity
-----+------------+------------+------------+----------
    1       -5.88       -0.23       0.8249      4.238
    2       -5.24        1.08       0.7260      4.017
    3       -5.63       -0.18       0.7230      4.014
    4       -5.26        1.02       0.6902      3.798
    5       -5.45       -0.34       0.6769      3.911
    6       -5.53       -0.27       0.6619      3.932
    7       -5.29        1.23       0.6483      3.886
    8       -5.46       -0.18       0.6366      3.788
    9       -5.10        1.18       0.6290      3.978
