              _             
             (_)            
   __ _ _ __  _ _ __   __ _ 
  / _` | '_ \| | '_ \ / _` |
 | (_| | | | | | | | | (_| |
  \__, |_| |_|_|_| |_|\__,_|
   __/ |                    
  |___/                     

gnina v1.3.2 master:f23dd2b   Built Jul 29 2025.
gnina is based on smina and AutoDock Vina.
Please cite appropriately.

Commandline: gnina -r receptor.pdbqt -l ligands/noncovalent/GD_00_C1S_P3S.sdf --center_x -5.337 --center_y -41.735 --center_z 29.543 --size_x 22.5 --size_y 22.5 --size_z 22.5 --exhaustiveness 16 --num_modes 9 --cnn_scoring rescore --seed 7 -o out_sens_seed7/GD_00_C1S_P3S_nc.sdf.gz --log out_sens_seed7/GD_00_C1S_P3S_nc.log
Using random seed: 7

mode |  affinity  |  intramol  |    CNN     |   CNN
     | (kcal/mol) | (kcal/mol) | pose score | affinity
-----+------------+------------+------------+----------
    1       -6.18       -0.02       0.8547      3.904
    2       -5.81       -0.18       0.8129      3.970
    3       -5.66       -0.08       0.7834      4.069
    4       -6.41       -0.20       0.6564      3.923
    5       -6.39       -0.19       0.6502      3.939
    6       -5.49       -0.26       0.6418      4.025
    7       -5.34        0.88       0.6370      3.662
    8       -4.95        0.54       0.6369      4.017
    9       -5.24       -0.11       0.6278      3.876
