              _             
             (_)            
   __ _ _ __  _ _ __   __ _ 
  / _` | '_ \| | '_ \ / _` |
 | (_| | | | | | | | | (_| |
  \__, |_| |_|_|_| |_|\__,_|
   __/ |                    
  |___/                     

gnina v1.3.2 master:f23dd2b   Built Jul 29 2025.
gnina is based on smina and AutoDock Vina.
Please cite appropriately.

Commandline: gnina -r receptor.pdbqt -l ligands/noncovalent/GD_01_C1R_P3S.sdf --center_x -5.337 --center_y -41.735 --center_z 29.543 --size_x 22.5 --size_y 22.5 --size_z 22.5 --exhaustiveness 16 --num_modes 9 --cnn_scoring rescore --seed 7 -o out_sens_seed7/GD_01_C1R_P3S_nc.sdf.gz --log out_sens_seed7/GD_01_C1R_P3S_nc.log
Using random seed: 7

mode |  affinity  |  intramol  |    CNN     |   CNN
     | (kcal/mol) | (kcal/mol) | pose score | affinity
-----+------------+------------+------------+----------
    1       -5.15        1.49       0.8226      4.483
    2       -5.99        0.12       0.8048      3.951
    3       -5.83       -0.26       0.7824      3.794
    4       -5.37        1.27       0.7435      3.862
    5       -5.56       -0.19       0.7180      3.632
    6       -5.17       -0.27       0.6838      3.933
    7       -6.03       -0.16       0.6240      3.924
    8       -5.09       -0.19       0.5992      4.064
    9       -5.53       -0.18       0.5872      3.852
