              _             
             (_)            
   __ _ _ __  _ _ __   __ _ 
  / _` | '_ \| | '_ \ / _` |
 | (_| | | | | | | | | (_| |
  \__, |_| |_|_|_| |_|\__,_|
   __/ |                    
  |___/                     

gnina v1.3.2 master:f23dd2b   Built Jul 29 2025.
gnina is based on smina and AutoDock Vina.
Please cite appropriately.

Commandline: gnina -r receptor.pdbqt -l ligands/noncovalent/GF_01_P1R.sdf --center_x -5.337 --center_y -41.735 --center_z 29.543 --size_x 22.5 --size_y 22.5 --size_z 22.5 --exhaustiveness 16 --num_modes 9 --cnn_scoring rescore --seed 7 -o out_sens_seed7/GF_01_P1R_nc.sdf.gz --log out_sens_seed7/GF_01_P1R_nc.log
Using random seed: 7

mode |  affinity  |  intramol  |    CNN     |   CNN
     | (kcal/mol) | (kcal/mol) | pose score | affinity
-----+------------+------------+------------+----------
    1       -6.28       -0.17       0.8320      4.058
    2       -6.34        0.88       0.7915      4.155
    3       -5.87       -0.18       0.7395      3.870
    4       -5.75       -0.16       0.7382      3.798
    5       -5.87       -0.08       0.7205      3.699
    6       -5.67       -0.16       0.6912      3.749
    7       -5.61       -0.19       0.6752      3.894
    8       -5.76        0.88       0.6729      4.144
    9       -5.83        0.03       0.6456      3.496
