              _             
             (_)            
   __ _ _ __  _ _ __   __ _ 
  / _` | '_ \| | '_ \ / _` |
 | (_| | | | | | | | | (_| |
  \__, |_| |_|_|_| |_|\__,_|
   __/ |                    
  |___/                     

gnina v1.3.2 master:f23dd2b   Built Jul 29 2025.
gnina is based on smina and AutoDock Vina.
Please cite appropriately.

Commandline: gnina -r receptor.pdbqt -l ligands/noncovalent/GF_00_P1S.sdf --center_x -5.337 --center_y -41.735 --center_z 29.543 --size_x 22.5 --size_y 22.5 --size_z 22.5 --exhaustiveness 16 --num_modes 9 --cnn_scoring rescore --seed 7 -o out_sens_seed7/GF_00_P1S_nc.sdf.gz --log out_sens_seed7/GF_00_P1S_nc.log
Using random seed: 7

mode |  affinity  |  intramol  |    CNN     |   CNN
     | (kcal/mol) | (kcal/mol) | pose score | affinity
-----+------------+------------+------------+----------
    1       -5.97       -0.20       0.7909      4.036
    2       -5.76       -0.11       0.7338      3.942
    3       -5.81        0.29       0.7312      3.677
    4       -6.23       -0.20       0.7222      3.911
    5       -5.89       -0.16       0.6377      3.711
    6       -5.73       -0.17       0.6223      3.775
    7       -5.71       -0.16       0.6045      3.649
    8       -5.87        1.22       0.5929      4.168
    9       -6.01       -0.17       0.5794      3.938
