              _             
             (_)            
   __ _ _ __  _ _ __   __ _ 
  / _` | '_ \| | '_ \ / _` |
 | (_| | | | | | | | | (_| |
  \__, |_| |_|_|_| |_|\__,_|
   __/ |                    
  |___/                     

gnina v1.3.2 master:f23dd2b   Built Jul 29 2025.
gnina is based on smina and AutoDock Vina.
Please cite appropriately.

Commandline: gnina -r receptor.pdbqt -l ligands/noncovalent/METH_00_P2R.sdf --center_x -5.337 --center_y -41.735 --center_z 29.543 --size_x 22.5 --size_y 22.5 --size_z 22.5 --exhaustiveness 16 --num_modes 9 --cnn_scoring rescore --seed 7 -o out_sens_seed7/METH_00_P2R_nc.sdf.gz --log out_sens_seed7/METH_00_P2R_nc.log
Using random seed: 7

mode |  affinity  |  intramol  |    CNN     |   CNN
     | (kcal/mol) | (kcal/mol) | pose score | affinity
-----+------------+------------+------------+----------
    1       -4.15       -0.00       0.7835      3.946
    2       -4.02       -0.03       0.7586      3.815
    3       -3.39       -0.03       0.7292      3.892
    4       -3.44       -0.00       0.5930      3.690
    5       -4.18       -0.04       0.5723      3.773
    6       -3.45       -0.03       0.4909      3.509
    7       -3.42       -0.02       0.4780      3.531
    8       -3.29       -0.01       0.4641      3.444
    9       -3.40       -0.02       0.4482      3.287
