              _             
             (_)            
   __ _ _ __  _ _ __   __ _ 
  / _` | '_ \| | '_ \ / _` |
 | (_| | | | | | | | | (_| |
  \__, |_| |_|_|_| |_|\__,_|
   __/ |                    
  |___/                     

gnina v1.3.2 master:f23dd2b   Built Jul 29 2025.
gnina is based on smina and AutoDock Vina.
Please cite appropriately.

Commandline: gnina -r receptor.pdbqt -l ligands/noncovalent/METH_01_P2S.sdf --center_x -5.337 --center_y -41.735 --center_z 29.543 --size_x 22.5 --size_y 22.5 --size_z 22.5 --exhaustiveness 16 --num_modes 9 --cnn_scoring rescore --seed 7 -o out_sens_seed7/METH_01_P2S_nc.sdf.gz --log out_sens_seed7/METH_01_P2S_nc.log
Using random seed: 7

mode |  affinity  |  intramol  |    CNN     |   CNN
     | (kcal/mol) | (kcal/mol) | pose score | affinity
-----+------------+------------+------------+----------
    1       -4.17       -0.03       0.8855      4.280
    2       -3.91       -0.01       0.8397      4.075
    3       -3.45       -0.02       0.6303      3.416
    4       -3.66       -0.01       0.5836      3.532
    5       -3.30       -0.00       0.5579      3.366
    6       -3.45       -0.03       0.5446      3.613
    7       -3.77       -0.03       0.5380      3.699
    8       -4.05        0.01       0.5290      3.704
    9       -4.01       -0.00       0.5233      3.281
