              _             
             (_)            
   __ _ _ __  _ _ __   __ _ 
  / _` | '_ \| | '_ \ / _` |
 | (_| | | | | | | | | (_| |
  \__, |_| |_|_|_| |_|\__,_|
   __/ |                    
  |___/                     

gnina v1.3.2 master:f23dd2b   Built Jul 29 2025.
gnina is based on smina and AutoDock Vina.
Please cite appropriately.

Commandline: gnina -r receptor.pdbqt -l ligands/noncovalent/MLT_01_C6R.sdf --center_x -5.337 --center_y -41.735 --center_z 29.543 --size_x 22.5 --size_y 22.5 --size_z 22.5 --exhaustiveness 16 --num_modes 9 --cnn_scoring rescore --seed 7 -o out_sens_seed7/MLT_01_C6R_nc.sdf.gz --log out_sens_seed7/MLT_01_C6R_nc.log
Using random seed: 7

mode |  affinity  |  intramol  |    CNN     |   CNN
     | (kcal/mol) | (kcal/mol) | pose score | affinity
-----+------------+------------+------------+----------
    1       -6.60       -0.13       0.7071      4.264
    2       -6.56       -0.42       0.5393      4.194
    3       -6.52       -0.36       0.5273      4.275
    4       -6.80       -0.25       0.4982      4.367
    5       -6.17       -0.56       0.4785      4.423
    6       -6.72        0.42       0.4454      3.960
    7       -6.65        0.13       0.4279      3.986
    8       -6.82        0.26       0.4213      4.003
    9       -6.28       -0.43       0.3959      4.153
