              _             
             (_)            
   __ _ _ __  _ _ __   __ _ 
  / _` | '_ \| | '_ \ / _` |
 | (_| | | | | | | | | (_| |
  \__, |_| |_|_|_| |_|\__,_|
   __/ |                    
  |___/                     

gnina v1.3.2 master:f23dd2b   Built Jul 29 2025.
gnina is based on smina and AutoDock Vina.
Please cite appropriately.

Commandline: gnina -r receptor.pdbqt -l ligands/noncovalent/MLT_00_C6S.sdf --center_x -5.337 --center_y -41.735 --center_z 29.543 --size_x 22.5 --size_y 22.5 --size_z 22.5 --exhaustiveness 16 --num_modes 9 --cnn_scoring rescore --seed 7 -o out_sens_seed7/MLT_00_C6S_nc.sdf.gz --log out_sens_seed7/MLT_00_C6S_nc.log
Using random seed: 7

mode |  affinity  |  intramol  |    CNN     |   CNN
     | (kcal/mol) | (kcal/mol) | pose score | affinity
-----+------------+------------+------------+----------
    1       -6.22       -0.17       0.8663      4.597
    2       -6.36        1.14       0.8633      4.443
    3       -6.79        0.34       0.8307      4.467
    4       -6.27       -0.22       0.6750      4.358
    5       -6.59       -0.36       0.5776      4.322
    6       -6.46       -0.02       0.5760      4.308
    7       -6.14       -0.13       0.5509      4.469
    8       -6.12       -0.66       0.5151      4.543
    9       -6.78        0.15       0.5075      4.345
