              _             
             (_)            
   __ _ _ __  _ _ __   __ _ 
  / _` | '_ \| | '_ \ / _` |
 | (_| | | | | | | | | (_| |
  \__, |_| |_|_|_| |_|\__,_|
   __/ |                    
  |___/                     

gnina v1.3.2 master:f23dd2b   Built Jul 29 2025.
gnina is based on smina and AutoDock Vina.
Please cite appropriately.

Commandline: gnina -r receptor.pdbqt -l ligands/noncovalent/MPXN_00_achiral.sdf --center_x -5.337 --center_y -41.735 --center_z 29.543 --size_x 22.5 --size_y 22.5 --size_z 22.5 --exhaustiveness 16 --num_modes 9 --cnn_scoring rescore --seed 7 -o out_sens_seed7/MPXN_00_achiral_nc.sdf.gz --log out_sens_seed7/MPXN_00_achiral_nc.log
Using random seed: 7

mode |  affinity  |  intramol  |    CNN     |   CNN
     | (kcal/mol) | (kcal/mol) | pose score | affinity
-----+------------+------------+------------+----------
    1       -6.96        0.62       0.7824      3.833
    2       -6.73       -0.31       0.6296      3.556
    3       -6.90       -0.28       0.5665      3.830
    4       -6.48       -0.27       0.5624      4.323
    5       -6.78        0.06       0.5518      3.572
    6       -6.38        0.10       0.5471      3.485
    7       -7.25        0.72       0.5428      3.755
    8       -6.74       -0.23       0.5297      3.512
    9       -6.28       -0.25       0.5090      3.796
