              _             
             (_)            
   __ _ _ __  _ _ __   __ _ 
  / _` | '_ \| | '_ \ / _` |
 | (_| | | | | | | | | (_| |
  \__, |_| |_|_|_| |_|\__,_|
   __/ |                    
  |___/                     

gnina v1.3.2 master:f23dd2b   Built Jul 29 2025.
gnina is based on smina and AutoDock Vina.
Please cite appropriately.

Commandline: gnina -r receptor.pdbqt -l ligands/noncovalent/PARA_00_achiral.sdf --center_x -5.337 --center_y -41.735 --center_z 29.543 --size_x 22.5 --size_y 22.5 --size_z 22.5 --exhaustiveness 16 --num_modes 9 --cnn_scoring rescore --seed 7 -o out_sens_seed7/PARA_00_achiral_nc.sdf.gz --log out_sens_seed7/PARA_00_achiral_nc.log
Using random seed: 7

mode |  affinity  |  intramol  |    CNN     |   CNN
     | (kcal/mol) | (kcal/mol) | pose score | affinity
-----+------------+------------+------------+----------
    1       -6.40        0.29       0.6835      4.002
    2       -6.41        0.05       0.6739      4.011
    3       -7.05       -0.21       0.6124      4.313
    4       -7.13       -0.21       0.5029      4.126
    5       -6.85       -0.24       0.4970      4.983
    6       -6.50        0.18       0.4928      5.027
    7       -5.80        0.67       0.4529      3.982
    8       -6.36       -0.37       0.3881      3.942
    9       -7.50        2.23       0.3765      4.178
