              _             
             (_)            
   __ _ _ __  _ _ __   __ _ 
  / _` | '_ \| | '_ \ / _` |
 | (_| | | | | | | | | (_| |
  \__, |_| |_|_|_| |_|\__,_|
   __/ |                    
  |___/                     

gnina v1.3.2 master:f23dd2b   Built Jul 29 2025.
gnina is based on smina and AutoDock Vina.
Please cite appropriately.

Commandline: gnina -r receptor.pdbqt -l ligands/noncovalent/PXNE_00_achiral.sdf --center_x -5.337 --center_y -41.735 --center_z 29.543 --size_x 22.5 --size_y 22.5 --size_z 22.5 --exhaustiveness 16 --num_modes 9 --cnn_scoring rescore --seed 7 -o out_sens_seed7/PXNE_00_achiral_nc.sdf.gz --log out_sens_seed7/PXNE_00_achiral_nc.log
Using random seed: 7

mode |  affinity  |  intramol  |    CNN     |   CNN
     | (kcal/mol) | (kcal/mol) | pose score | affinity
-----+------------+------------+------------+----------
    1       -6.65       -0.34       0.8326      3.986
    2       -6.55       -0.17       0.7829      4.196
    3       -7.44       -0.25       0.7327      4.121
    4       -7.04       -0.31       0.6937      4.028
    5       -6.93       -0.41       0.6394      4.986
    6       -6.61       -0.02       0.6239      4.974
    7       -6.78        0.14       0.4566      4.511
    8       -7.13       -0.67       0.4123      3.940
    9       -6.86       -0.39       0.4087      4.219
