              _             
             (_)            
   __ _ _ __  _ _ __   __ _ 
  / _` | '_ \| | '_ \ / _` |
 | (_| | | | | | | | | (_| |
  \__, |_| |_|_|_| |_|\__,_|
   __/ |                    
  |___/                     

gnina v1.3.2 master:f23dd2b   Built Jul 29 2025.
gnina is based on smina and AutoDock Vina.
Please cite appropriately.

Commandline: gnina -r receptor.pdbqt -l ligands/noncovalent/VR_01_P8R.sdf --center_x -5.337 --center_y -41.735 --center_z 29.543 --size_x 22.5 --size_y 22.5 --size_z 22.5 --exhaustiveness 16 --num_modes 9 --cnn_scoring rescore --seed 7 -o out_sens_seed7/VR_01_P8R_nc.sdf.gz --log out_sens_seed7/VR_01_P8R_nc.log
Using random seed: 7

mode |  affinity  |  intramol  |    CNN     |   CNN
     | (kcal/mol) | (kcal/mol) | pose score | affinity
-----+------------+------------+------------+----------
    1       -5.81       -0.35       0.8308      4.393
    2       -5.98        0.15       0.8212      4.308
    3       -5.52       -0.55       0.8207      5.119
    4       -5.86       -0.55       0.8176      4.343
    5       -5.66       -0.34       0.8061      4.431
    6       -5.35        0.16       0.7909      4.979
    7       -5.60       -0.36       0.7867      4.985
    8       -5.94       -0.30       0.7662      4.471
    9       -5.69       -0.62       0.7480      4.430
