              _             
             (_)            
   __ _ _ __  _ _ __   __ _ 
  / _` | '_ \| | '_ \ / _` |
 | (_| | | | | | | | | (_| |
  \__, |_| |_|_|_| |_|\__,_|
   __/ |                    
  |___/                     

gnina v1.3.2 master:f23dd2b   Built Jul 29 2025.
gnina is based on smina and AutoDock Vina.
Please cite appropriately.

Commandline: gnina -r receptor.pdbqt -l ligands/noncovalent/VR_00_P8S.sdf --center_x -5.337 --center_y -41.735 --center_z 29.543 --size_x 22.5 --size_y 22.5 --size_z 22.5 --exhaustiveness 16 --num_modes 9 --cnn_scoring rescore --seed 7 -o out_sens_seed7/VR_00_P8S_nc.sdf.gz --log out_sens_seed7/VR_00_P8S_nc.log
Using random seed: 7

mode |  affinity  |  intramol  |    CNN     |   CNN
     | (kcal/mol) | (kcal/mol) | pose score | affinity
-----+------------+------------+------------+----------
    1       -6.08       -0.35       0.8952      4.457
    2       -5.81       -0.07       0.8684      4.220
    3       -5.68       -0.44       0.8648      5.262
    4       -6.20       -0.35       0.8626      4.749
    5       -6.40       -0.43       0.8028      5.540
    6       -6.11       -0.39       0.7834      4.388
    7       -5.54       -0.38       0.7806      5.044
    8       -6.01       -0.31       0.6954      4.096
    9       -5.59       -0.51       0.6660      5.278
