              _             
             (_)            
   __ _ _ __  _ _ __   __ _ 
  / _` | '_ \| | '_ \ / _` |
 | (_| | | | | | | | | (_| |
  \__, |_| |_|_|_| |_|\__,_|
   __/ |                    
  |___/                     

gnina v1.3.2 master:f23dd2b   Built Jul 29 2025.
gnina is based on smina and AutoDock Vina.
Please cite appropriately.

Commandline: gnina -r receptor.pdbqt -l ligands/noncovalent/VX_00_P3S.sdf --center_x -5.337 --center_y -41.735 --center_z 29.543 --size_x 22.5 --size_y 22.5 --size_z 22.5 --exhaustiveness 16 --num_modes 9 --cnn_scoring rescore --seed 7 -o out_sens_seed7/VX_00_P3S_nc.sdf.gz --log out_sens_seed7/VX_00_P3S_nc.log
Using random seed: 7

mode |  affinity  |  intramol  |    CNN     |   CNN
     | (kcal/mol) | (kcal/mol) | pose score | affinity
-----+------------+------------+------------+----------
    1       -6.17        0.79       0.9455      4.473
    2       -5.91       -0.30       0.9275      4.491
    3       -5.75        0.52       0.9117      5.073
    4       -6.11        0.50       0.9006      4.474
    5       -6.13       -0.75       0.8595      4.749
    6       -5.79        0.05       0.8435      4.709
    7       -6.46        1.99       0.8259      4.870
    8       -5.77        0.69       0.8229      4.599
    9       -6.00        1.02       0.8179      5.050
