              _             
             (_)            
   __ _ _ __  _ _ __   __ _ 
  / _` | '_ \| | '_ \ / _` |
 | (_| | | | | | | | | (_| |
  \__, |_| |_|_|_| |_|\__,_|
   __/ |                    
  |___/                     

gnina v1.3.2 master:f23dd2b   Built Jul 29 2025.
gnina is based on smina and AutoDock Vina.
Please cite appropriately.

Commandline: gnina -r receptor.pdbqt -l ligands/noncovalent/VX_01_P3R.sdf --center_x -5.337 --center_y -41.735 --center_z 29.543 --size_x 22.5 --size_y 22.5 --size_z 22.5 --exhaustiveness 16 --num_modes 9 --cnn_scoring rescore --seed 7 -o out_sens_seed7/VX_01_P3R_nc.sdf.gz --log out_sens_seed7/VX_01_P3R_nc.log
Using random seed: 7

mode |  affinity  |  intramol  |    CNN     |   CNN
     | (kcal/mol) | (kcal/mol) | pose score | affinity
-----+------------+------------+------------+----------
    1       -5.91       -0.51       0.9107      4.684
    2       -5.82        1.44       0.8988      4.604
    3       -5.82        0.40       0.8825      4.697
    4       -5.90        0.55       0.8792      4.851
    5       -6.31        1.99       0.8578      4.694
    6       -6.16       -0.46       0.8552      4.853
    7       -5.81        0.30       0.8308      4.671
    8       -5.99        0.50       0.8046      4.556
    9       -5.63       -0.08       0.7789      4.523
