              _             
             (_)            
   __ _ _ __  _ _ __   __ _ 
  / _` | '_ \| | '_ \ / _` |
 | (_| | | | | | | | | (_| |
  \__, |_| |_|_|_| |_|\__,_|
   __/ |                    
  |___/                     

gnina v1.3.2 master:f23dd2b   Built Jul 29 2025.
gnina is based on smina and AutoDock Vina.
Please cite appropriately.

Commandline: gnina -r receptor_wet.pdbqt -l ligands/noncovalent/BSAR_00_P5S.sdf --center_x -5.337 --center_y -41.735 --center_z 29.543 --size_x 22.5 --size_y 22.5 --size_z 22.5 --exhaustiveness 16 --num_modes 9 --cnn_scoring rescore --seed 42 -o out_waters/BSAR_00_P5S_wet.sdf.gz --log out_waters/BSAR_00_P5S_wet.log
Using random seed: 42

mode |  affinity  |  intramol  |    CNN     |   CNN
     | (kcal/mol) | (kcal/mol) | pose score | affinity
-----+------------+------------+------------+----------
    1       -4.54       -0.09       0.8725      3.632
    2       -5.58       -0.08       0.6748      3.454
    3       -5.38       -0.16       0.6653      3.518
    4       -4.23       -0.10       0.6077      3.228
    5       -5.03       -0.11       0.5909      3.102
    6       -5.04       -0.10       0.5897      3.225
    7       -4.84       -0.06       0.5486      3.114
    8       -4.62       -0.09       0.5420      3.239
    9       -4.37       -0.06       0.5314      3.216
