              _             
             (_)            
   __ _ _ __  _ _ __   __ _ 
  / _` | '_ \| | '_ \ / _` |
 | (_| | | | | | | | | (_| |
  \__, |_| |_|_|_| |_|\__,_|
   __/ |                    
  |___/                     

gnina v1.3.2 master:f23dd2b   Built Jul 29 2025.
gnina is based on smina and AutoDock Vina.
Please cite appropriately.

Commandline: gnina -r receptor_wet.pdbqt -l ligands/noncovalent/DETAB_00_P3R.sdf --center_x -5.337 --center_y -41.735 --center_z 29.543 --size_x 22.5 --size_y 22.5 --size_z 22.5 --exhaustiveness 16 --num_modes 9 --cnn_scoring rescore --seed 42 -o out_waters/DETAB_00_P3R_wet.sdf.gz --log out_waters/DETAB_00_P3R_wet.log
Using random seed: 42

mode |  affinity  |  intramol  |    CNN     |   CNN
     | (kcal/mol) | (kcal/mol) | pose score | affinity
-----+------------+------------+------------+----------
    1       -4.76        0.36       0.8949      3.939
    2       -5.11       -0.13       0.8547      4.277
    3       -4.92        0.03       0.8539      3.913
    4       -4.39       -0.01       0.8265      3.988
    5       -5.38        0.02       0.7941      4.192
    6       -5.17        0.66       0.7928      4.072
    7       -4.99       -0.02       0.7768      4.522
    8       -5.34        0.42       0.7755      3.861
    9       -4.85        0.57       0.7651      4.124
