              _             
             (_)            
   __ _ _ __  _ _ __   __ _ 
  / _` | '_ \| | '_ \ / _` |
 | (_| | | | | | | | | (_| |
  \__, |_| |_|_|_| |_|\__,_|
   __/ |                    
  |___/                     

gnina v1.3.2 master:f23dd2b   Built Jul 29 2025.
gnina is based on smina and AutoDock Vina.
Please cite appropriately.

Commandline: gnina -r receptor_wet.pdbqt -l ligands/noncovalent/DFP_00_achiral.sdf --center_x -5.337 --center_y -41.735 --center_z 29.543 --size_x 22.5 --size_y 22.5 --size_z 22.5 --exhaustiveness 16 --num_modes 9 --cnn_scoring rescore --seed 42 -o out_waters/DFP_00_achiral_wet.sdf.gz --log out_waters/DFP_00_achiral_wet.log
Using random seed: 42

mode |  affinity  |  intramol  |    CNN     |   CNN
     | (kcal/mol) | (kcal/mol) | pose score | affinity
-----+------------+------------+------------+----------
    1       -5.93        0.75       0.6115      3.560
    2       -5.91        0.76       0.5171      3.322
    3       -5.11        0.58       0.4929      3.375
    4       -6.02        1.69       0.4541      3.262
    5       -6.17        0.56       0.4535      3.177
    6       -5.72        0.82       0.4527      3.299
    7       -6.24        1.33       0.4464      3.230
    8       -4.27        0.60       0.4438      3.287
    9       -5.85       -0.31       0.4220      3.388
