              _             
             (_)            
   __ _ _ __  _ _ __   __ _ 
  / _` | '_ \| | '_ \ / _` |
 | (_| | | | | | | | | (_| |
  \__, |_| |_|_|_| |_|\__,_|
   __/ |                    
  |___/                     

gnina v1.3.2 master:f23dd2b   Built Jul 29 2025.
gnina is based on smina and AutoDock Vina.
Please cite appropriately.

Commandline: gnina -r receptor_wet.pdbqt -l ligands/noncovalent/GA_00_P3R.sdf --center_x -5.337 --center_y -41.735 --center_z 29.543 --size_x 22.5 --size_y 22.5 --size_z 22.5 --exhaustiveness 16 --num_modes 9 --cnn_scoring rescore --seed 42 -o out_waters/GA_00_P3R_wet.sdf.gz --log out_waters/GA_00_P3R_wet.log
Using random seed: 42

mode |  affinity  |  intramol  |    CNN     |   CNN
     | (kcal/mol) | (kcal/mol) | pose score | affinity
-----+------------+------------+------------+----------
    1       -4.53       -0.09       0.8975      3.565
    2       -4.62       -0.09       0.7915      3.621
    3       -4.74       -0.06       0.7696      3.694
    4       -4.64       -0.09       0.7627      3.572
    5       -4.91       -0.12       0.7414      4.157
    6       -4.26       -0.13       0.7209      3.454
    7       -3.54        0.16       0.6620      3.753
    8       -4.12       -0.10       0.6027      3.374
    9       -4.59       -0.10       0.5901      3.588
