              _             
             (_)            
   __ _ _ __  _ _ __   __ _ 
  / _` | '_ \| | '_ \ / _` |
 | (_| | | | | | | | | (_| |
  \__, |_| |_|_|_| |_|\__,_|
   __/ |                    
  |___/                     

gnina v1.3.2 master:f23dd2b   Built Jul 29 2025.
gnina is based on smina and AutoDock Vina.
Please cite appropriately.

Commandline: gnina -r receptor_wet.pdbqt -l ligands/noncovalent/GB_00_P4S.sdf --center_x -5.337 --center_y -41.735 --center_z 29.543 --size_x 22.5 --size_y 22.5 --size_z 22.5 --exhaustiveness 16 --num_modes 9 --cnn_scoring rescore --seed 42 -o out_waters/GB_00_P4S_wet.sdf.gz --log out_waters/GB_00_P4S_wet.log
Using random seed: 42

mode |  affinity  |  intramol  |    CNN     |   CNN
     | (kcal/mol) | (kcal/mol) | pose score | affinity
-----+------------+------------+------------+----------
    1       -4.17        0.34       0.7451      2.945
    2       -5.20       -0.12       0.7322      3.154
    3       -3.92       -0.14       0.7185      2.967
    4       -4.20       -0.08       0.6837      3.022
    5       -4.66       -0.12       0.5781      2.986
    6       -4.73        1.00       0.5650      3.027
    7       -4.55       -0.15       0.5576      2.979
    8       -4.76       -0.13       0.5568      3.100
    9       -4.73        0.99       0.5547      3.112
