              _             
             (_)            
   __ _ _ __  _ _ __   __ _ 
  / _` | '_ \| | '_ \ / _` |
 | (_| | | | | | | | | (_| |
  \__, |_| |_|_|_| |_|\__,_|
   __/ |                    
  |___/                     

gnina v1.3.2 master:f23dd2b   Built Jul 29 2025.
gnina is based on smina and AutoDock Vina.
Please cite appropriately.

Commandline: gnina -r receptor_wet.pdbqt -l ligands/noncovalent/GD_00_C1S_P3S.sdf --center_x -5.337 --center_y -41.735 --center_z 29.543 --size_x 22.5 --size_y 22.5 --size_z 22.5 --exhaustiveness 16 --num_modes 9 --cnn_scoring rescore --seed 42 -o out_waters/GD_00_C1S_P3S_wet.sdf.gz --log out_waters/GD_00_C1S_P3S_wet.log
Using random seed: 42

mode |  affinity  |  intramol  |    CNN     |   CNN
     | (kcal/mol) | (kcal/mol) | pose score | affinity
-----+------------+------------+------------+----------
    1       -5.12        0.95       0.7464      3.972
    2       -5.29        0.19       0.5945      3.389
    3       -5.59       -0.23       0.5511      3.904
    4       -5.54        0.08       0.5470      3.850
    5       -5.35       -0.12       0.4949      4.064
    6       -5.82        0.20       0.4746      3.562
    7       -5.11        0.02       0.4649      3.727
    8       -4.81       -0.27       0.4586      3.523
    9       -5.50        1.22       0.4470      3.407
