              _             
             (_)            
   __ _ _ __  _ _ __   __ _ 
  / _` | '_ \| | '_ \ / _` |
 | (_| | | | | | | | | (_| |
  \__, |_| |_|_|_| |_|\__,_|
   __/ |                    
  |___/                     

gnina v1.3.2 master:f23dd2b   Built Jul 29 2025.
gnina is based on smina and AutoDock Vina.
Please cite appropriately.

Commandline: gnina -r receptor_wet.pdbqt -l ligands/noncovalent/GF_00_P1S.sdf --center_x -5.337 --center_y -41.735 --center_z 29.543 --size_x 22.5 --size_y 22.5 --size_z 22.5 --exhaustiveness 16 --num_modes 9 --cnn_scoring rescore --seed 42 -o out_waters/GF_00_P1S_wet.sdf.gz --log out_waters/GF_00_P1S_wet.log
Using random seed: 42

mode |  affinity  |  intramol  |    CNN     |   CNN
     | (kcal/mol) | (kcal/mol) | pose score | affinity
-----+------------+------------+------------+----------
    1       -5.69       -0.21       0.7412      3.787
    2       -6.28       -0.16       0.5484      3.551
    3       -6.81       -0.21       0.5099      3.904
    4       -6.35       -0.15       0.5071      3.491
    5       -4.35       -0.21       0.4448      3.485
    6       -6.79       -0.16       0.4428      3.548
    7       -5.83       -0.15       0.4382      3.666
    8       -4.71        0.02       0.4196      3.430
    9       -6.03       -0.18       0.3928      3.865
