              _             
             (_)            
   __ _ _ __  _ _ __   __ _ 
  / _` | '_ \| | '_ \ / _` |
 | (_| | | | | | | | | (_| |
  \__, |_| |_|_|_| |_|\__,_|
   __/ |                    
  |___/                     

gnina v1.3.2 master:f23dd2b   Built Jul 29 2025.
gnina is based on smina and AutoDock Vina.
Please cite appropriately.

Commandline: gnina -r receptor_wet.pdbqt -l ligands/noncovalent/METH_00_P2R.sdf --center_x -5.337 --center_y -41.735 --center_z 29.543 --size_x 22.5 --size_y 22.5 --size_z 22.5 --exhaustiveness 16 --num_modes 9 --cnn_scoring rescore --seed 42 -o out_waters/METH_00_P2R_wet.sdf.gz --log out_waters/METH_00_P2R_wet.log
Using random seed: 42

mode |  affinity  |  intramol  |    CNN     |   CNN
     | (kcal/mol) | (kcal/mol) | pose score | affinity
-----+------------+------------+------------+----------
    1       -4.25       -0.00       0.8175      4.334
    2       -4.52       -0.00       0.7698      4.232
    3       -4.47       -0.03       0.5868      3.926
    4       -3.73       -0.00       0.5389      3.311
    5       -4.38       -0.00       0.5231      3.991
    6       -3.85       -0.00       0.5078      3.697
    7       -3.79       -0.00       0.4388      3.296
    8       -3.86       -0.00       0.3480      3.261
    9       -3.85       -0.00       0.3313      3.218
