              _             
             (_)            
   __ _ _ __  _ _ __   __ _ 
  / _` | '_ \| | '_ \ / _` |
 | (_| | | | | | | | | (_| |
  \__, |_| |_|_|_| |_|\__,_|
   __/ |                    
  |___/                     

gnina v1.3.2 master:f23dd2b   Built Jul 29 2025.
gnina is based on smina and AutoDock Vina.
Please cite appropriately.

Commandline: gnina -r receptor_wet.pdbqt -l ligands/noncovalent/MPXN_00_achiral.sdf --center_x -5.337 --center_y -41.735 --center_z 29.543 --size_x 22.5 --size_y 22.5 --size_z 22.5 --exhaustiveness 16 --num_modes 9 --cnn_scoring rescore --seed 42 -o out_waters/MPXN_00_achiral_wet.sdf.gz --log out_waters/MPXN_00_achiral_wet.log
Using random seed: 42

mode |  affinity  |  intramol  |    CNN     |   CNN
     | (kcal/mol) | (kcal/mol) | pose score | affinity
-----+------------+------------+------------+----------
    1       -7.00        0.58       0.5112      3.772
    2       -5.90       -0.17       0.4874      3.538
    3       -6.98       -0.36       0.4792      3.894
    4       -7.31        0.48       0.4776      3.749
    5       -6.76       -0.32       0.4096      3.744
    6       -7.59        0.27       0.3750      3.676
    7       -7.05        0.71       0.3390      3.750
    8       -6.71       -0.34       0.3267      3.802
    9       -6.22        1.57       0.3248      4.187
