              _             
             (_)            
   __ _ _ __  _ _ __   __ _ 
  / _` | '_ \| | '_ \ / _` |
 | (_| | | | | | | | | (_| |
  \__, |_| |_|_|_| |_|\__,_|
   __/ |                    
  |___/                     

gnina v1.3.2 master:f23dd2b   Built Jul 29 2025.
gnina is based on smina and AutoDock Vina.
Please cite appropriately.

Commandline: gnina -r receptor_wet.pdbqt -l ligands/noncovalent/PXNE_00_achiral.sdf --center_x -5.337 --center_y -41.735 --center_z 29.543 --size_x 22.5 --size_y 22.5 --size_z 22.5 --exhaustiveness 16 --num_modes 9 --cnn_scoring rescore --seed 42 -o out_waters/PXNE_00_achiral_wet.sdf.gz --log out_waters/PXNE_00_achiral_wet.log
Using random seed: 42

mode |  affinity  |  intramol  |    CNN     |   CNN
     | (kcal/mol) | (kcal/mol) | pose score | affinity
-----+------------+------------+------------+----------
    1       -5.20        0.86       0.4969      4.812
    2       -6.72       -0.01       0.4385      4.569
    3       -5.33        0.44       0.4135      4.089
    4       -6.59        0.29       0.4047      4.593
    5       -6.58        0.15       0.3995      4.091
    6       -6.91       -0.35       0.3804      4.469
    7       -7.15       -0.34       0.3174      4.104
    8       -4.49        0.18       0.3129      4.117
    9       -6.16        0.13       0.2990      4.025
