              _             
             (_)            
   __ _ _ __  _ _ __   __ _ 
  / _` | '_ \| | '_ \ / _` |
 | (_| | | | | | | | | (_| |
  \__, |_| |_|_|_| |_|\__,_|
   __/ |                    
  |___/                     

gnina v1.3.2 master:f23dd2b   Built Jul 29 2025.
gnina is based on smina and AutoDock Vina.
Please cite appropriately.

Commandline: gnina -r receptor_wet.pdbqt -l ligands/noncovalent/VR_00_P8S.sdf --center_x -5.337 --center_y -41.735 --center_z 29.543 --size_x 22.5 --size_y 22.5 --size_z 22.5 --exhaustiveness 16 --num_modes 9 --cnn_scoring rescore --seed 42 -o out_waters/VR_00_P8S_wet.sdf.gz --log out_waters/VR_00_P8S_wet.log
Using random seed: 42

mode |  affinity  |  intramol  |    CNN     |   CNN
     | (kcal/mol) | (kcal/mol) | pose score | affinity
-----+------------+------------+------------+----------
    1       -5.59       -0.32       0.9438      5.444
    2       -5.28       -0.16       0.9223      5.419
    3       -6.27       -0.57       0.8949      5.521
    4       -5.49        0.59       0.8921      5.296
    5       -6.53       -0.17       0.8807      4.712
    6       -6.20        0.43       0.8524      4.905
    7       -6.37       -0.55       0.7957      5.149
    8       -6.21       -0.18       0.7744      5.036
    9       -6.12       -0.36       0.7714      4.462
