              _             
             (_)            
   __ _ _ __  _ _ __   __ _ 
  / _` | '_ \| | '_ \ / _` |
 | (_| | | | | | | | | (_| |
  \__, |_| |_|_|_| |_|\__,_|
   __/ |                    
  |___/                     

gnina v1.3.2 master:f23dd2b   Built Jul 29 2025.
gnina is based on smina and AutoDock Vina.
Please cite appropriately.

Commandline: gnina -r receptor_wet.pdbqt -l ligands/noncovalent/VX_00_P3S.sdf --center_x -5.337 --center_y -41.735 --center_z 29.543 --size_x 22.5 --size_y 22.5 --size_z 22.5 --exhaustiveness 16 --num_modes 9 --cnn_scoring rescore --seed 42 -o out_waters/VX_00_P3S_wet.sdf.gz --log out_waters/VX_00_P3S_wet.log
Using random seed: 42

mode |  affinity  |  intramol  |    CNN     |   CNN
     | (kcal/mol) | (kcal/mol) | pose score | affinity
-----+------------+------------+------------+----------
    1       -6.38        2.56       0.9313      5.273
    2       -6.34        2.33       0.9312      5.489
    3       -6.66        0.94       0.9268      5.368
    4       -6.03        1.03       0.9236      4.943
    5       -6.60        1.83       0.9212      5.479
    6       -5.51       -0.21       0.8974      4.812
    7       -6.11        0.93       0.8228      4.652
    8       -4.99        2.12       0.8187      4.949
    9       -5.22       -0.04       0.7752      5.846
