              _             
             (_)            
   __ _ _ __  _ _ __   __ _ 
  / _` | '_ \| | '_ \ / _` |
 | (_| | | | | | | | | (_| |
  \__, |_| |_|_|_| |_|\__,_|
   __/ |                    
  |___/                     

gnina v1.3.2 master:f23dd2b   Built Jul 29 2025.
gnina is based on smina and AutoDock Vina.
Please cite appropriately.

Commandline: gnina -r receptor.pdbqt -l ligands/noncovalent/A230_02_P8R_C5N7Z.sdf --center_x -5.337 --center_y -43.735 --center_z 29.543 --size_x 22.5 --size_y 22.5 --size_z 22.5 --exhaustiveness 16 --num_modes 9 --cnn_scoring rescore --seed 42 -o out_sens_boxym2/A230_02_P8R_C5N7Z_nc.sdf.gz --log out_sens_boxym2/A230_02_P8R_C5N7Z_nc.log
Using random seed: 42

mode |  affinity  |  intramol  |    CNN     |   CNN
     | (kcal/mol) | (kcal/mol) | pose score | affinity
-----+------------+------------+------------+----------
    1       -5.92       -0.56       0.8718      4.466
    2       -5.76        0.01       0.8599      4.777
    3       -5.48       -0.36       0.8494      4.178
    4       -5.36       -0.32       0.8069      4.027
    5       -5.46       -0.42       0.7884      3.925
    6       -5.48       -0.36       0.7749      3.979
    7       -5.95       -0.21       0.7635      4.226
    8       -5.80       -0.33       0.7499      4.502
    9       -5.40       -0.04       0.7462      4.101
