              _             
             (_)            
   __ _ _ __  _ _ __   __ _ 
  / _` | '_ \| | '_ \ / _` |
 | (_| | | | | | | | | (_| |
  \__, |_| |_|_|_| |_|\__,_|
   __/ |                    
  |___/                     

gnina v1.3.2 master:f23dd2b   Built Jul 29 2025.
gnina is based on smina and AutoDock Vina.
Please cite appropriately.

Commandline: gnina -r receptor.pdbqt -l ligands/noncovalent/A230_03_P8S_C5N7Z.sdf --center_x -5.337 --center_y -43.735 --center_z 29.543 --size_x 22.5 --size_y 22.5 --size_z 22.5 --exhaustiveness 16 --num_modes 9 --cnn_scoring rescore --seed 42 -o out_sens_boxym2/A230_03_P8S_C5N7Z_nc.sdf.gz --log out_sens_boxym2/A230_03_P8S_C5N7Z_nc.log
Using random seed: 42

mode |  affinity  |  intramol  |    CNN     |   CNN
     | (kcal/mol) | (kcal/mol) | pose score | affinity
-----+------------+------------+------------+----------
    1       -5.65       -0.11       0.9198      4.633
    2       -5.86        1.26       0.9126      4.896
    3       -5.63        0.78       0.9111      4.216
    4       -5.53        1.46       0.8591      4.497
    5       -5.62        0.71       0.8590      4.018
    6       -5.48       -0.34       0.8481      4.403
    7       -4.90        0.09       0.8372      4.116
    8       -5.44       -0.22       0.8261      4.075
    9       -5.62        1.20       0.8260      4.452
