              _             
             (_)            
   __ _ _ __  _ _ __   __ _ 
  / _` | '_ \| | '_ \ / _` |
 | (_| | | | | | | | | (_| |
  \__, |_| |_|_|_| |_|\__,_|
   __/ |                    
  |___/                     

gnina v1.3.2 master:f23dd2b   Built Jul 29 2025.
gnina is based on smina and AutoDock Vina.
Please cite appropriately.

Commandline: gnina -r receptor.pdbqt -l ligands/noncovalent/A230_01_P8S_C5N7E.sdf --center_x -5.337 --center_y -43.735 --center_z 29.543 --size_x 22.5 --size_y 22.5 --size_z 22.5 --exhaustiveness 16 --num_modes 9 --cnn_scoring rescore --seed 42 -o out_sens_boxym2/A230_01_P8S_C5N7E_nc.sdf.gz --log out_sens_boxym2/A230_01_P8S_C5N7E_nc.log
Using random seed: 42

mode |  affinity  |  intramol  |    CNN     |   CNN
     | (kcal/mol) | (kcal/mol) | pose score | affinity
-----+------------+------------+------------+----------
    1       -5.63        0.46       0.8935      4.642
    2       -5.28        0.14       0.8818      4.154
    3       -5.54       -0.17       0.8377      4.653
    4       -5.31        0.32       0.8349      4.290
    5       -5.95        0.28       0.8279      4.488
    6       -5.53        0.48       0.8253      4.642
    7       -5.94        0.24       0.8228      4.501
    8       -5.21        0.32       0.7983      3.993
    9       -5.01       -0.03       0.7869      4.001
