              _             
             (_)            
   __ _ _ __  _ _ __   __ _ 
  / _` | '_ \| | '_ \ / _` |
 | (_| | | | | | | | | (_| |
  \__, |_| |_|_|_| |_|\__,_|
   __/ |                    
  |___/                     

gnina v1.3.2 master:f23dd2b   Built Jul 29 2025.
gnina is based on smina and AutoDock Vina.
Please cite appropriately.

Commandline: gnina -r receptor.pdbqt -l ligands/noncovalent/A230_00_P8R_C5N7E.sdf --center_x -5.337 --center_y -43.735 --center_z 29.543 --size_x 22.5 --size_y 22.5 --size_z 22.5 --exhaustiveness 16 --num_modes 9 --cnn_scoring rescore --seed 42 -o out_sens_boxym2/A230_00_P8R_C5N7E_nc.sdf.gz --log out_sens_boxym2/A230_00_P8R_C5N7E_nc.log
Using random seed: 42

mode |  affinity  |  intramol  |    CNN     |   CNN
     | (kcal/mol) | (kcal/mol) | pose score | affinity
-----+------------+------------+------------+----------
    1       -5.87        0.33       0.9179      4.755
    2       -5.77        0.30       0.8928      4.651
    3       -5.13        0.07       0.8701      4.447
    4       -5.37        0.60       0.7960      4.259
    5       -5.54       -0.10       0.7847      4.654
    6       -5.36       -0.04       0.7747      3.842
    7       -5.35       -0.00       0.7657      3.827
    8       -5.89        0.17       0.7618      4.319
    9       -5.21        0.09       0.7604      4.425
