              _             
             (_)            
   __ _ _ __  _ _ __   __ _ 
  / _` | '_ \| | '_ \ / _` |
 | (_| | | | | | | | | (_| |
  \__, |_| |_|_|_| |_|\__,_|
   __/ |                    
  |___/                     

gnina v1.3.2 master:f23dd2b   Built Jul 29 2025.
gnina is based on smina and AutoDock Vina.
Please cite appropriately.

Commandline: gnina -r receptor.pdbqt -l ligands/noncovalent/A232_01_P8S_C5N7E.sdf --center_x -5.337 --center_y -43.735 --center_z 29.543 --size_x 22.5 --size_y 22.5 --size_z 22.5 --exhaustiveness 16 --num_modes 9 --cnn_scoring rescore --seed 42 -o out_sens_boxym2/A232_01_P8S_C5N7E_nc.sdf.gz --log out_sens_boxym2/A232_01_P8S_C5N7E_nc.log
Using random seed: 42

mode |  affinity  |  intramol  |    CNN     |   CNN
     | (kcal/mol) | (kcal/mol) | pose score | affinity
-----+------------+------------+------------+----------
    1       -5.85        0.21       0.9130      4.680
    2       -5.78       -0.12       0.8924      4.722
    3       -5.61        0.04       0.8591      4.387
    4       -5.62       -0.16       0.8572      4.875
    5       -5.76        0.37       0.8446      4.575
    6       -5.68        0.37       0.8284      4.597
    7       -5.49       -0.17       0.8209      3.799
    8       -5.45       -0.12       0.8021      3.790
    9       -5.99        0.21       0.7927      4.638
