              _             
             (_)            
   __ _ _ __  _ _ __   __ _ 
  / _` | '_ \| | '_ \ / _` |
 | (_| | | | | | | | | (_| |
  \__, |_| |_|_|_| |_|\__,_|
   __/ |                    
  |___/                     

gnina v1.3.2 master:f23dd2b   Built Jul 29 2025.
gnina is based on smina and AutoDock Vina.
Please cite appropriately.

Commandline: gnina -r receptor.pdbqt -l ligands/noncovalent/A232_02_P8R_C5N7Z.sdf --center_x -5.337 --center_y -43.735 --center_z 29.543 --size_x 22.5 --size_y 22.5 --size_z 22.5 --exhaustiveness 16 --num_modes 9 --cnn_scoring rescore --seed 42 -o out_sens_boxym2/A232_02_P8R_C5N7Z_nc.sdf.gz --log out_sens_boxym2/A232_02_P8R_C5N7Z_nc.log
Using random seed: 42

mode |  affinity  |  intramol  |    CNN     |   CNN
     | (kcal/mol) | (kcal/mol) | pose score | affinity
-----+------------+------------+------------+----------
    1       -6.12       -0.05       0.9289      4.726
    2       -6.18       -0.47       0.9173      4.857
    3       -6.08       -0.07       0.9115      4.645
    4       -5.79       -0.13       0.9020      4.426
    5       -6.12        0.15       0.8763      4.646
    6       -6.06       -0.22       0.8708      4.668
    7       -5.69       -0.07       0.8362      4.053
    8       -5.92       -0.20       0.8338      4.289
    9       -6.00        0.17       0.8045      4.683
