              _             
             (_)            
   __ _ _ __  _ _ __   __ _ 
  / _` | '_ \| | '_ \ / _` |
 | (_| | | | | | | | | (_| |
  \__, |_| |_|_|_| |_|\__,_|
   __/ |                    
  |___/                     

gnina v1.3.2 master:f23dd2b   Built Jul 29 2025.
gnina is based on smina and AutoDock Vina.
Please cite appropriately.

Commandline: gnina -r receptor.pdbqt -l ligands/noncovalent/A232_00_P8R_C5N7E.sdf --center_x -5.337 --center_y -43.735 --center_z 29.543 --size_x 22.5 --size_y 22.5 --size_z 22.5 --exhaustiveness 16 --num_modes 9 --cnn_scoring rescore --seed 42 -o out_sens_boxym2/A232_00_P8R_C5N7E_nc.sdf.gz --log out_sens_boxym2/A232_00_P8R_C5N7E_nc.log
Using random seed: 42

mode |  affinity  |  intramol  |    CNN     |   CNN
     | (kcal/mol) | (kcal/mol) | pose score | affinity
-----+------------+------------+------------+----------
    1       -6.08        0.35       0.9537      4.856
    2       -5.77        0.28       0.9349      4.262
    3       -6.20       -0.20       0.9333      4.619
    4       -5.99        0.42       0.8877      4.638
    5       -6.00        0.49       0.8826      4.672
    6       -5.94        0.19       0.8546      4.468
    7       -5.41        0.19       0.8493      4.540
    8       -5.45        0.46       0.8333      3.987
    9       -6.02        0.21       0.7948      4.652
