              _             
             (_)            
   __ _ _ __  _ _ __   __ _ 
  / _` | '_ \| | '_ \ / _` |
 | (_| | | | | | | | | (_| |
  \__, |_| |_|_|_| |_|\__,_|
   __/ |                    
  |___/                     

gnina v1.3.2 master:f23dd2b   Built Jul 29 2025.
gnina is based on smina and AutoDock Vina.
Please cite appropriately.

Commandline: gnina -r receptor.pdbqt -l ligands/noncovalent/A232_03_P8S_C5N7Z.sdf --center_x -5.337 --center_y -43.735 --center_z 29.543 --size_x 22.5 --size_y 22.5 --size_z 22.5 --exhaustiveness 16 --num_modes 9 --cnn_scoring rescore --seed 42 -o out_sens_boxym2/A232_03_P8S_C5N7Z_nc.sdf.gz --log out_sens_boxym2/A232_03_P8S_C5N7Z_nc.log
Using random seed: 42

mode |  affinity  |  intramol  |    CNN     |   CNN
     | (kcal/mol) | (kcal/mol) | pose score | affinity
-----+------------+------------+------------+----------
    1       -6.11       -0.04       0.9688      4.495
    2       -5.68       -0.09       0.9149      4.608
    3       -6.00       -0.28       0.9130      4.858
    4       -5.64        0.12       0.8962      4.977
    5       -5.80        0.12       0.8857      4.804
    6       -6.16       -0.17       0.8679      4.684
    7       -5.98       -0.07       0.8428      4.613
    8       -5.55       -0.13       0.8241      4.874
    9       -5.59       -0.32       0.8223      4.424
