              _             
             (_)            
   __ _ _ __  _ _ __   __ _ 
  / _` | '_ \| | '_ \ / _` |
 | (_| | | | | | | | | (_| |
  \__, |_| |_|_|_| |_|\__,_|
   __/ |                    
  |___/                     

gnina v1.3.2 master:f23dd2b   Built Jul 29 2025.
gnina is based on smina and AutoDock Vina.
Please cite appropriately.

Commandline: gnina -r receptor.pdbqt -l ligands/noncovalent/A234_00_P3S_N6C7E.sdf --center_x -5.337 --center_y -43.735 --center_z 29.543 --size_x 22.5 --size_y 22.5 --size_z 22.5 --exhaustiveness 16 --num_modes 9 --cnn_scoring rescore --seed 42 -o out_sens_boxym2/A234_00_P3S_N6C7E_nc.sdf.gz --log out_sens_boxym2/A234_00_P3S_N6C7E_nc.log
Using random seed: 42

mode |  affinity  |  intramol  |    CNN     |   CNN
     | (kcal/mol) | (kcal/mol) | pose score | affinity
-----+------------+------------+------------+----------
    1       -6.20        0.36       0.8808      4.869
    2       -5.80        0.18       0.8623      4.454
    3       -5.51       -0.15       0.8406      5.108
    4       -5.72        0.44       0.8379      5.091
    5       -6.17       -0.16       0.8128      4.851
    6       -6.13        0.41       0.7985      3.998
    7       -6.04       -0.16       0.7724      4.817
    8       -5.73        0.22       0.7542      4.127
    9       -5.68        0.24       0.7425      4.222
