              _             
             (_)            
   __ _ _ __  _ _ __   __ _ 
  / _` | '_ \| | '_ \ / _` |
 | (_| | | | | | | | | (_| |
  \__, |_| |_|_|_| |_|\__,_|
   __/ |                    
  |___/                     

gnina v1.3.2 master:f23dd2b   Built Jul 29 2025.
gnina is based on smina and AutoDock Vina.
Please cite appropriately.

Commandline: gnina -r receptor.pdbqt -l ligands/noncovalent/A234_02_P3S_N6C7Z.sdf --center_x -5.337 --center_y -43.735 --center_z 29.543 --size_x 22.5 --size_y 22.5 --size_z 22.5 --exhaustiveness 16 --num_modes 9 --cnn_scoring rescore --seed 42 -o out_sens_boxym2/A234_02_P3S_N6C7Z_nc.sdf.gz --log out_sens_boxym2/A234_02_P3S_N6C7Z_nc.log
Using random seed: 42

mode |  affinity  |  intramol  |    CNN     |   CNN
     | (kcal/mol) | (kcal/mol) | pose score | affinity
-----+------------+------------+------------+----------
    1       -6.64        0.20       0.9787      4.691
    2       -6.40       -0.35       0.8991      5.058
    3       -5.88        0.16       0.8648      4.416
    4       -6.25        0.14       0.8613      4.943
    5       -6.48       -0.01       0.8566      4.853
    6       -6.11       -0.11       0.8482      4.252
    7       -6.45        0.08       0.8387      4.703
    8       -6.43       -0.22       0.8385      4.607
    9       -6.28        1.41       0.8378      4.861
