              _             
             (_)            
   __ _ _ __  _ _ __   __ _ 
  / _` | '_ \| | '_ \ / _` |
 | (_| | | | | | | | | (_| |
  \__, |_| |_|_|_| |_|\__,_|
   __/ |                    
  |___/                     

gnina v1.3.2 master:f23dd2b   Built Jul 29 2025.
gnina is based on smina and AutoDock Vina.
Please cite appropriately.

Commandline: gnina -r receptor.pdbqt -l ligands/noncovalent/A234_01_P3R_N6C7E.sdf --center_x -5.337 --center_y -43.735 --center_z 29.543 --size_x 22.5 --size_y 22.5 --size_z 22.5 --exhaustiveness 16 --num_modes 9 --cnn_scoring rescore --seed 42 -o out_sens_boxym2/A234_01_P3R_N6C7E_nc.sdf.gz --log out_sens_boxym2/A234_01_P3R_N6C7E_nc.log
Using random seed: 42

mode |  affinity  |  intramol  |    CNN     |   CNN
     | (kcal/mol) | (kcal/mol) | pose score | affinity
-----+------------+------------+------------+----------
    1       -5.98        0.40       0.8439      4.086
    2       -6.34        0.09       0.8313      4.857
    3       -5.66        0.53       0.8283      5.352
    4       -6.39        0.18       0.8080      4.569
    5       -6.20        0.23       0.7634      4.409
    6       -5.85       -0.11       0.7559      4.027
    7       -6.01        0.22       0.7156      4.312
    8       -6.00        0.37       0.6645      4.011
    9       -5.56        0.09       0.6295      4.207
