              _             
             (_)            
   __ _ _ __  _ _ __   __ _ 
  / _` | '_ \| | '_ \ / _` |
 | (_| | | | | | | | | (_| |
  \__, |_| |_|_|_| |_|\__,_|
   __/ |                    
  |___/                     

gnina v1.3.2 master:f23dd2b   Built Jul 29 2025.
gnina is based on smina and AutoDock Vina.
Please cite appropriately.

Commandline: gnina -r receptor.pdbqt -l ligands/noncovalent/A242_00_P7R.sdf --center_x -5.337 --center_y -43.735 --center_z 29.543 --size_x 22.5 --size_y 22.5 --size_z 22.5 --exhaustiveness 16 --num_modes 9 --cnn_scoring rescore --seed 42 -o out_sens_boxym2/A242_00_P7R_nc.sdf.gz --log out_sens_boxym2/A242_00_P7R_nc.log
Using random seed: 42

mode |  affinity  |  intramol  |    CNN     |   CNN
     | (kcal/mol) | (kcal/mol) | pose score | affinity
-----+------------+------------+------------+----------
    1       -6.11        0.65       0.9436      5.695
    2       -5.94       -0.23       0.9206      5.631
    3       -5.97       -0.07       0.8731      5.021
    4       -5.91       -0.40       0.8280      4.925
    5       -6.21        2.60       0.7690      4.752
    6       -6.16       -0.24       0.7607      4.968
    7       -6.29        0.03       0.7303      4.847
    8       -6.34        0.01       0.7274      4.991
    9       -5.94        1.94       0.7270      4.931
