              _             
             (_)            
   __ _ _ __  _ _ __   __ _ 
  / _` | '_ \| | '_ \ / _` |
 | (_| | | | | | | | | (_| |
  \__, |_| |_|_|_| |_|\__,_|
   __/ |                    
  |___/                     

gnina v1.3.2 master:f23dd2b   Built Jul 29 2025.
gnina is based on smina and AutoDock Vina.
Please cite appropriately.

Commandline: gnina -r receptor.pdbqt -l ligands/noncovalent/A242_01_P7S.sdf --center_x -5.337 --center_y -43.735 --center_z 29.543 --size_x 22.5 --size_y 22.5 --size_z 22.5 --exhaustiveness 16 --num_modes 9 --cnn_scoring rescore --seed 42 -o out_sens_boxym2/A242_01_P7S_nc.sdf.gz --log out_sens_boxym2/A242_01_P7S_nc.log
Using random seed: 42

mode |  affinity  |  intramol  |    CNN     |   CNN
     | (kcal/mol) | (kcal/mol) | pose score | affinity
-----+------------+------------+------------+----------
    1       -6.32        0.64       0.9497      5.346
    2       -5.95        2.05       0.9098      4.860
    3       -6.39        0.30       0.9040      5.203
    4       -5.78        0.87       0.8696      4.601
    5       -6.02        2.25       0.8607      5.039
    6       -6.31        0.93       0.7966      4.964
    7       -5.93        0.83       0.7911      4.409
    8       -6.20        0.28       0.7752      5.066
    9       -6.03        0.21       0.7733      5.302
