              _             
             (_)            
   __ _ _ __  _ _ __   __ _ 
  / _` | '_ \| | '_ \ / _` |
 | (_| | | | | | | | | (_| |
  \__, |_| |_|_|_| |_|\__,_|
   __/ |                    
  |___/                     

gnina v1.3.2 master:f23dd2b   Built Jul 29 2025.
gnina is based on smina and AutoDock Vina.
Please cite appropriately.

Commandline: gnina -r receptor.pdbqt -l ligands/noncovalent/BSAR_00_P5S.sdf --center_x -5.337 --center_y -43.735 --center_z 29.543 --size_x 22.5 --size_y 22.5 --size_z 22.5 --exhaustiveness 16 --num_modes 9 --cnn_scoring rescore --seed 42 -o out_sens_boxym2/BSAR_00_P5S_nc.sdf.gz --log out_sens_boxym2/BSAR_00_P5S_nc.log
Using random seed: 42

mode |  affinity  |  intramol  |    CNN     |   CNN
     | (kcal/mol) | (kcal/mol) | pose score | affinity
-----+------------+------------+------------+----------
    1       -5.12       -0.09       0.8852      3.294
    2       -4.58       -0.20       0.7254      3.266
    3       -4.97       -0.07       0.7183      3.271
    4       -4.88       -0.31       0.7104      3.578
    5       -4.46       -0.08       0.6764      3.403
    6       -4.39       -0.09       0.6288      3.288
    7       -4.49       -0.08       0.6245      3.275
    8       -5.10       -0.25       0.6064      3.530
    9       -4.83       -0.18       0.6032      3.379
