              _             
             (_)            
   __ _ _ __  _ _ __   __ _ 
  / _` | '_ \| | '_ \ / _` |
 | (_| | | | | | | | | (_| |
  \__, |_| |_|_|_| |_|\__,_|
   __/ |                    
  |___/                     

gnina v1.3.2 master:f23dd2b   Built Jul 29 2025.
gnina is based on smina and AutoDock Vina.
Please cite appropriately.

Commandline: gnina -r receptor.pdbqt -l ligands/noncovalent/BSAR_01_P5R.sdf --center_x -5.337 --center_y -43.735 --center_z 29.543 --size_x 22.5 --size_y 22.5 --size_z 22.5 --exhaustiveness 16 --num_modes 9 --cnn_scoring rescore --seed 42 -o out_sens_boxym2/BSAR_01_P5R_nc.sdf.gz --log out_sens_boxym2/BSAR_01_P5R_nc.log
Using random seed: 42

mode |  affinity  |  intramol  |    CNN     |   CNN
     | (kcal/mol) | (kcal/mol) | pose score | affinity
-----+------------+------------+------------+----------
    1       -4.91       -0.09       0.8875      3.457
    2       -5.28       -0.11       0.8237      3.899
    3       -4.63       -0.08       0.7787      3.364
    4       -4.63       -0.15       0.7511      3.207
    5       -4.59       -0.21       0.7465      3.391
    6       -4.34       -0.08       0.7001      3.498
    7       -4.91       -0.23       0.6784      3.453
    8       -4.95       -0.09       0.6606      3.805
    9       -4.69       -0.13       0.6387      3.626
