              _             
             (_)            
   __ _ _ __  _ _ __   __ _ 
  / _` | '_ \| | '_ \ / _` |
 | (_| | | | | | | | | (_| |
  \__, |_| |_|_|_| |_|\__,_|
   __/ |                    
  |___/                     

gnina v1.3.2 master:f23dd2b   Built Jul 29 2025.
gnina is based on smina and AutoDock Vina.
Please cite appropriately.

Commandline: gnina -r receptor.pdbqt -l ligands/noncovalent/CPF_00_achiral.sdf --center_x -5.337 --center_y -43.735 --center_z 29.543 --size_x 22.5 --size_y 22.5 --size_z 22.5 --exhaustiveness 16 --num_modes 9 --cnn_scoring rescore --seed 42 -o out_sens_boxym2/CPF_00_achiral_nc.sdf.gz --log out_sens_boxym2/CPF_00_achiral_nc.log
Using random seed: 42

mode |  affinity  |  intramol  |    CNN     |   CNN
     | (kcal/mol) | (kcal/mol) | pose score | affinity
-----+------------+------------+------------+----------
    1       -6.49       -0.33       0.5378      5.592
    2       -6.59       -0.09       0.4783      4.481
    3       -7.04       -0.34       0.3984      5.026
    4       -6.59        1.49       0.3763      4.873
    5       -6.88       -0.35       0.3582      5.359
    6       -6.45        0.53       0.3364      4.822
    7       -6.73       -0.40       0.3356      4.895
    8       -5.04        0.98       0.3102      5.219
    9       -7.01        1.65       0.2957      4.632
