              _             
             (_)            
   __ _ _ __  _ _ __   __ _ 
  / _` | '_ \| | '_ \ / _` |
 | (_| | | | | | | | | (_| |
  \__, |_| |_|_|_| |_|\__,_|
   __/ |                    
  |___/                     

gnina v1.3.2 master:f23dd2b   Built Jul 29 2025.
gnina is based on smina and AutoDock Vina.
Please cite appropriately.

Commandline: gnina -r receptor.pdbqt -l ligands/noncovalent/DDVP_00_achiral.sdf --center_x -5.337 --center_y -43.735 --center_z 29.543 --size_x 22.5 --size_y 22.5 --size_z 22.5 --exhaustiveness 16 --num_modes 9 --cnn_scoring rescore --seed 42 -o out_sens_boxym2/DDVP_00_achiral_nc.sdf.gz --log out_sens_boxym2/DDVP_00_achiral_nc.log
Using random seed: 42

mode |  affinity  |  intramol  |    CNN     |   CNN
     | (kcal/mol) | (kcal/mol) | pose score | affinity
-----+------------+------------+------------+----------
    1       -5.36       -0.15       0.8357      3.708
    2       -5.58       -0.08       0.8058      3.332
    3       -5.41       -0.10       0.7869      3.351
    4       -4.83       -0.20       0.7281      3.025
    5       -5.08       -0.09       0.7159      3.619
    6       -5.07       -0.15       0.6923      3.270
    7       -5.07       -0.20       0.6503      3.026
    8       -4.71       -0.21       0.6086      3.283
    9       -4.83       -0.20       0.5842      3.364
