              _             
             (_)            
   __ _ _ __  _ _ __   __ _ 
  / _` | '_ \| | '_ \ / _` |
 | (_| | | | | | | | | (_| |
  \__, |_| |_|_|_| |_|\__,_|
   __/ |                    
  |___/                     

gnina v1.3.2 master:f23dd2b   Built Jul 29 2025.
gnina is based on smina and AutoDock Vina.
Please cite appropriately.

Commandline: gnina -r receptor.pdbqt -l ligands/noncovalent/DETAB_01_P3S.sdf --center_x -5.337 --center_y -43.735 --center_z 29.543 --size_x 22.5 --size_y 22.5 --size_z 22.5 --exhaustiveness 16 --num_modes 9 --cnn_scoring rescore --seed 42 -o out_sens_boxym2/DETAB_01_P3S_nc.sdf.gz --log out_sens_boxym2/DETAB_01_P3S_nc.log
Using random seed: 42

mode |  affinity  |  intramol  |    CNN     |   CNN
     | (kcal/mol) | (kcal/mol) | pose score | affinity
-----+------------+------------+------------+----------
    1       -5.53       -0.06       0.8788      4.338
    2       -5.02       -0.34       0.7862      3.875
    3       -5.21       -0.24       0.7669      3.865
    4       -5.08       -0.30       0.7577      4.106
    5       -5.48       -0.22       0.7532      4.241
    6       -5.52       -0.21       0.7435      4.119
    7       -5.22       -0.16       0.7268      4.224
    8       -5.51       -0.24       0.7221      3.996
    9       -4.98        0.25       0.7018      3.620
