              _             
             (_)            
   __ _ _ __  _ _ __   __ _ 
  / _` | '_ \| | '_ \ / _` |
 | (_| | | | | | | | | (_| |
  \__, |_| |_|_|_| |_|\__,_|
   __/ |                    
  |___/                     

gnina v1.3.2 master:f23dd2b   Built Jul 29 2025.
gnina is based on smina and AutoDock Vina.
Please cite appropriately.

Commandline: gnina -r receptor.pdbqt -l ligands/noncovalent/DFP_00_achiral.sdf --center_x -5.337 --center_y -43.735 --center_z 29.543 --size_x 22.5 --size_y 22.5 --size_z 22.5 --exhaustiveness 16 --num_modes 9 --cnn_scoring rescore --seed 42 -o out_sens_boxym2/DFP_00_achiral_nc.sdf.gz --log out_sens_boxym2/DFP_00_achiral_nc.log
Using random seed: 42

mode |  affinity  |  intramol  |    CNN     |   CNN
     | (kcal/mol) | (kcal/mol) | pose score | affinity
-----+------------+------------+------------+----------
    1       -5.60        0.72       0.7958      3.728
    2       -5.63        1.19       0.7432      3.587
    3       -5.03       -0.33       0.6839      3.475
    4       -5.57       -0.43       0.6780      3.880
    5       -5.16        0.67       0.6747      3.655
    6       -5.36       -0.36       0.6162      3.377
    7       -5.11        0.58       0.6130      3.270
    8       -4.97        1.54       0.6126      3.381
    9       -5.40       -0.46       0.5661      3.335
