              _             
             (_)            
   __ _ _ __  _ _ __   __ _ 
  / _` | '_ \| | '_ \ / _` |
 | (_| | | | | | | | | (_| |
  \__, |_| |_|_|_| |_|\__,_|
   __/ |                    
  |___/                     

gnina v1.3.2 master:f23dd2b   Built Jul 29 2025.
gnina is based on smina and AutoDock Vina.
Please cite appropriately.

Commandline: gnina -r receptor.pdbqt -l ligands/noncovalent/FEN_01_P3S.sdf --center_x -5.337 --center_y -43.735 --center_z 29.543 --size_x 22.5 --size_y 22.5 --size_z 22.5 --exhaustiveness 16 --num_modes 9 --cnn_scoring rescore --seed 42 -o out_sens_boxym2/FEN_01_P3S_nc.sdf.gz --log out_sens_boxym2/FEN_01_P3S_nc.log
Using random seed: 42

mode |  affinity  |  intramol  |    CNN     |   CNN
     | (kcal/mol) | (kcal/mol) | pose score | affinity
-----+------------+------------+------------+----------
    1       -7.20        0.83       0.8358      5.212
    2       -6.74        0.85       0.8309      5.781
    3       -6.66        0.79       0.7065      5.077
    4       -6.75        0.51       0.5708      4.796
    5       -6.10       -0.20       0.4616      4.942
    6       -6.28        1.64       0.4281      4.918
    7       -6.60        2.04       0.4240      4.956
    8       -6.94        2.01       0.4117      5.442
    9       -6.76        1.92       0.4090      4.933
