              _             
             (_)            
   __ _ _ __  _ _ __   __ _ 
  / _` | '_ \| | '_ \ / _` |
 | (_| | | | | | | | | (_| |
  \__, |_| |_|_|_| |_|\__,_|
   __/ |                    
  |___/                     

gnina v1.3.2 master:f23dd2b   Built Jul 29 2025.
gnina is based on smina and AutoDock Vina.
Please cite appropriately.

Commandline: gnina -r receptor.pdbqt -l ligands/noncovalent/FEN_00_P3R.sdf --center_x -5.337 --center_y -43.735 --center_z 29.543 --size_x 22.5 --size_y 22.5 --size_z 22.5 --exhaustiveness 16 --num_modes 9 --cnn_scoring rescore --seed 42 -o out_sens_boxym2/FEN_00_P3R_nc.sdf.gz --log out_sens_boxym2/FEN_00_P3R_nc.log
Using random seed: 42

mode |  affinity  |  intramol  |    CNN     |   CNN
     | (kcal/mol) | (kcal/mol) | pose score | affinity
-----+------------+------------+------------+----------
    1       -7.30       -0.48       0.6535      5.499
    2       -6.46        0.29       0.6304      4.977
    3       -7.15        0.10       0.4972      4.877
    4       -6.93        0.22       0.4798      4.679
    5       -6.47        1.97       0.3765      5.109
    6       -6.53        1.42       0.3595      5.103
    7       -6.47       -0.04       0.3101      5.248
    8       -5.82        0.72       0.3066      4.724
    9       -6.96        0.20       0.2978      4.941
