              _             
             (_)            
   __ _ _ __  _ _ __   __ _ 
  / _` | '_ \| | '_ \ / _` |
 | (_| | | | | | | | | (_| |
  \__, |_| |_|_|_| |_|\__,_|
   __/ |                    
  |___/                     

gnina v1.3.2 master:f23dd2b   Built Jul 29 2025.
gnina is based on smina and AutoDock Vina.
Please cite appropriately.

Commandline: gnina -r receptor.pdbqt -l ligands/noncovalent/GA_00_P3R.sdf --center_x -5.337 --center_y -43.735 --center_z 29.543 --size_x 22.5 --size_y 22.5 --size_z 22.5 --exhaustiveness 16 --num_modes 9 --cnn_scoring rescore --seed 42 -o out_sens_boxym2/GA_00_P3R_nc.sdf.gz --log out_sens_boxym2/GA_00_P3R_nc.log
Using random seed: 42

mode |  affinity  |  intramol  |    CNN     |   CNN
     | (kcal/mol) | (kcal/mol) | pose score | affinity
-----+------------+------------+------------+----------
    1       -4.66       -0.12       0.8277      3.526
    2       -4.27       -0.11       0.8239      3.445
    3       -4.59       -0.17       0.8148      3.543
    4       -4.72       -0.13       0.8081      3.710
    5       -4.34       -0.17       0.7928      3.567
    6       -4.81        0.32       0.7707      3.523
    7       -4.84       -0.12       0.7641      3.434
    8       -4.62       -0.09       0.7473      3.435
    9       -4.41       -0.17       0.7465      3.642
