              _             
             (_)            
   __ _ _ __  _ _ __   __ _ 
  / _` | '_ \| | '_ \ / _` |
 | (_| | | | | | | | | (_| |
  \__, |_| |_|_|_| |_|\__,_|
   __/ |                    
  |___/                     

gnina v1.3.2 master:f23dd2b   Built Jul 29 2025.
gnina is based on smina and AutoDock Vina.
Please cite appropriately.

Commandline: gnina -r receptor.pdbqt -l ligands/noncovalent/GA_01_P3S.sdf --center_x -5.337 --center_y -43.735 --center_z 29.543 --size_x 22.5 --size_y 22.5 --size_z 22.5 --exhaustiveness 16 --num_modes 9 --cnn_scoring rescore --seed 42 -o out_sens_boxym2/GA_01_P3S_nc.sdf.gz --log out_sens_boxym2/GA_01_P3S_nc.log
Using random seed: 42

mode |  affinity  |  intramol  |    CNN     |   CNN
     | (kcal/mol) | (kcal/mol) | pose score | affinity
-----+------------+------------+------------+----------
    1       -4.75       -0.09       0.8237      3.700
    2       -4.24       -0.14       0.7756      3.565
    3       -4.69        0.04       0.7678      3.770
    4       -4.85       -0.11       0.7226      3.432
    5       -4.38       -0.06       0.7137      3.836
    6       -4.73       -0.14       0.7104      3.830
    7       -4.55       -0.07       0.6437      3.591
    8       -4.60       -0.09       0.6436      3.887
    9       -4.60       -0.10       0.6127      3.616
