              _             
             (_)            
   __ _ _ __  _ _ __   __ _ 
  / _` | '_ \| | '_ \ / _` |
 | (_| | | | | | | | | (_| |
  \__, |_| |_|_|_| |_|\__,_|
   __/ |                    
  |___/                     

gnina v1.3.2 master:f23dd2b   Built Jul 29 2025.
gnina is based on smina and AutoDock Vina.
Please cite appropriately.

Commandline: gnina -r receptor.pdbqt -l ligands/noncovalent/GB_01_P4R.sdf --center_x -5.337 --center_y -43.735 --center_z 29.543 --size_x 22.5 --size_y 22.5 --size_z 22.5 --exhaustiveness 16 --num_modes 9 --cnn_scoring rescore --seed 42 -o out_sens_boxym2/GB_01_P4R_nc.sdf.gz --log out_sens_boxym2/GB_01_P4R_nc.log
Using random seed: 42

mode |  affinity  |  intramol  |    CNN     |   CNN
     | (kcal/mol) | (kcal/mol) | pose score | affinity
-----+------------+------------+------------+----------
    1       -4.57       -0.13       0.8737      3.241
    2       -4.01       -0.12       0.7932      3.060
    3       -4.41       -0.08       0.7589      3.004
    4       -4.14       -0.10       0.7390      2.988
    5       -4.36       -0.11       0.7067      2.948
    6       -4.50        0.89       0.7002      3.024
    7       -3.84       -0.07       0.6858      3.227
    8       -4.35        0.99       0.6403      3.180
    9       -3.99       -0.12       0.6269      3.238
