              _             
             (_)            
   __ _ _ __  _ _ __   __ _ 
  / _` | '_ \| | '_ \ / _` |
 | (_| | | | | | | | | (_| |
  \__, |_| |_|_|_| |_|\__,_|
   __/ |                    
  |___/                     

gnina v1.3.2 master:f23dd2b   Built Jul 29 2025.
gnina is based on smina and AutoDock Vina.
Please cite appropriately.

Commandline: gnina -r receptor.pdbqt -l ligands/noncovalent/GB_00_P4S.sdf --center_x -5.337 --center_y -43.735 --center_z 29.543 --size_x 22.5 --size_y 22.5 --size_z 22.5 --exhaustiveness 16 --num_modes 9 --cnn_scoring rescore --seed 42 -o out_sens_boxym2/GB_00_P4S_nc.sdf.gz --log out_sens_boxym2/GB_00_P4S_nc.log
Using random seed: 42

mode |  affinity  |  intramol  |    CNN     |   CNN
     | (kcal/mol) | (kcal/mol) | pose score | affinity
-----+------------+------------+------------+----------
    1       -4.12       -0.15       0.8007      3.090
    2       -4.35       -0.12       0.7988      3.032
    3       -4.49       -0.10       0.7808      3.061
    4       -4.52       -0.12       0.6728      3.207
    5       -4.29       -0.16       0.6684      3.221
    6       -4.21       -0.12       0.6391      3.026
    7       -4.12       -0.14       0.6072      3.256
    8       -4.43       -0.12       0.5999      3.144
    9       -4.20        0.94       0.5914      3.069
