              _             
             (_)            
   __ _ _ __  _ _ __   __ _ 
  / _` | '_ \| | '_ \ / _` |
 | (_| | | | | | | | | (_| |
  \__, |_| |_|_|_| |_|\__,_|
   __/ |                    
  |___/                     

gnina v1.3.2 master:f23dd2b   Built Jul 29 2025.
gnina is based on smina and AutoDock Vina.
Please cite appropriately.

Commandline: gnina -r receptor.pdbqt -l ligands/noncovalent/GD_02_C1S_P3R.sdf --center_x -5.337 --center_y -43.735 --center_z 29.543 --size_x 22.5 --size_y 22.5 --size_z 22.5 --exhaustiveness 16 --num_modes 9 --cnn_scoring rescore --seed 42 -o out_sens_boxym2/GD_02_C1S_P3R_nc.sdf.gz --log out_sens_boxym2/GD_02_C1S_P3R_nc.log
Using random seed: 42

mode |  affinity  |  intramol  |    CNN     |   CNN
     | (kcal/mol) | (kcal/mol) | pose score | affinity
-----+------------+------------+------------+----------
    1       -5.73        0.09       0.8067      4.120
    2       -6.08       -0.23       0.7690      3.994
    3       -5.41        0.90       0.7486      3.809
    4       -6.03       -0.22       0.7387      4.196
    5       -6.04       -0.30       0.7278      3.843
    6       -6.01       -0.29       0.7204      3.835
    7       -5.31        1.10       0.6713      3.845
    8       -5.49       -0.18       0.6399      3.711
    9       -5.69       -0.32       0.6341      3.527
