              _             
             (_)            
   __ _ _ __  _ _ __   __ _ 
  / _` | '_ \| | '_ \ / _` |
 | (_| | | | | | | | | (_| |
  \__, |_| |_|_|_| |_|\__,_|
   __/ |                    
  |___/                     

gnina v1.3.2 master:f23dd2b   Built Jul 29 2025.
gnina is based on smina and AutoDock Vina.
Please cite appropriately.

Commandline: gnina -r receptor.pdbqt -l ligands/noncovalent/GD_00_C1S_P3S.sdf --center_x -5.337 --center_y -43.735 --center_z 29.543 --size_x 22.5 --size_y 22.5 --size_z 22.5 --exhaustiveness 16 --num_modes 9 --cnn_scoring rescore --seed 42 -o out_sens_boxym2/GD_00_C1S_P3S_nc.sdf.gz --log out_sens_boxym2/GD_00_C1S_P3S_nc.log
Using random seed: 42

mode |  affinity  |  intramol  |    CNN     |   CNN
     | (kcal/mol) | (kcal/mol) | pose score | affinity
-----+------------+------------+------------+----------
    1       -6.18       -0.03       0.8448      3.878
    2       -5.10       -0.09       0.7452      4.000
    3       -5.87        1.22       0.6704      3.786
    4       -6.40       -0.20       0.6560      3.926
    5       -5.70       -0.19       0.6382      3.905
    6       -5.33       -0.24       0.6061      3.769
    7       -5.33       -0.36       0.5947      4.006
    8       -5.95       -0.28       0.5758      3.788
    9       -5.41       -0.19       0.5687      3.644
