              _             
             (_)            
   __ _ _ __  _ _ __   __ _ 
  / _` | '_ \| | '_ \ / _` |
 | (_| | | | | | | | | (_| |
  \__, |_| |_|_|_| |_|\__,_|
   __/ |                    
  |___/                     

gnina v1.3.2 master:f23dd2b   Built Jul 29 2025.
gnina is based on smina and AutoDock Vina.
Please cite appropriately.

Commandline: gnina -r receptor.pdbqt -l ligands/noncovalent/GD_01_C1R_P3S.sdf --center_x -5.337 --center_y -43.735 --center_z 29.543 --size_x 22.5 --size_y 22.5 --size_z 22.5 --exhaustiveness 16 --num_modes 9 --cnn_scoring rescore --seed 42 -o out_sens_boxym2/GD_01_C1R_P3S_nc.sdf.gz --log out_sens_boxym2/GD_01_C1R_P3S_nc.log
Using random seed: 42

mode |  affinity  |  intramol  |    CNN     |   CNN
     | (kcal/mol) | (kcal/mol) | pose score | affinity
-----+------------+------------+------------+----------
    1       -5.90        0.05       0.7857      3.924
    2       -5.65       -0.27       0.7678      3.813
    3       -5.48       -0.25       0.6934      3.989
    4       -5.48       -0.32       0.6435      3.717
    5       -6.04       -0.14       0.6384      3.933
    6       -5.17       -0.31       0.6280      3.990
    7       -5.88        0.03       0.6235      3.827
    8       -5.71       -0.03       0.6162      3.843
    9       -5.84        0.01       0.6108      3.824
