              _             
             (_)            
   __ _ _ __  _ _ __   __ _ 
  / _` | '_ \| | '_ \ / _` |
 | (_| | | | | | | | | (_| |
  \__, |_| |_|_|_| |_|\__,_|
   __/ |                    
  |___/                     

gnina v1.3.2 master:f23dd2b   Built Jul 29 2025.
gnina is based on smina and AutoDock Vina.
Please cite appropriately.

Commandline: gnina -r receptor.pdbqt -l ligands/noncovalent/GD_03_C1R_P3R.sdf --center_x -5.337 --center_y -43.735 --center_z 29.543 --size_x 22.5 --size_y 22.5 --size_z 22.5 --exhaustiveness 16 --num_modes 9 --cnn_scoring rescore --seed 42 -o out_sens_boxym2/GD_03_C1R_P3R_nc.sdf.gz --log out_sens_boxym2/GD_03_C1R_P3R_nc.log
Using random seed: 42

mode |  affinity  |  intramol  |    CNN     |   CNN
     | (kcal/mol) | (kcal/mol) | pose score | affinity
-----+------------+------------+------------+----------
    1       -5.84       -0.22       0.8451      4.242
    2       -5.57       -0.06       0.7209      3.713
    3       -5.24       -0.21       0.7072      4.114
    4       -5.70       -0.09       0.6781      3.942
    5       -5.97       -0.08       0.6710      3.934
    6       -5.70       -0.17       0.6257      3.775
    7       -5.89       -0.19       0.6172      3.659
    8       -5.41       -0.30       0.6149      3.817
    9       -5.65       -0.24       0.6067      3.586
