              _             
             (_)            
   __ _ _ __  _ _ __   __ _ 
  / _` | '_ \| | '_ \ / _` |
 | (_| | | | | | | | | (_| |
  \__, |_| |_|_|_| |_|\__,_|
   __/ |                    
  |___/                     

gnina v1.3.2 master:f23dd2b   Built Jul 29 2025.
gnina is based on smina and AutoDock Vina.
Please cite appropriately.

Commandline: gnina -r receptor.pdbqt -l ligands/noncovalent/GF_01_P1R.sdf --center_x -5.337 --center_y -43.735 --center_z 29.543 --size_x 22.5 --size_y 22.5 --size_z 22.5 --exhaustiveness 16 --num_modes 9 --cnn_scoring rescore --seed 42 -o out_sens_boxym2/GF_01_P1R_nc.sdf.gz --log out_sens_boxym2/GF_01_P1R_nc.log
Using random seed: 42

mode |  affinity  |  intramol  |    CNN     |   CNN
     | (kcal/mol) | (kcal/mol) | pose score | affinity
-----+------------+------------+------------+----------
    1       -6.28       -0.17       0.8280      4.041
    2       -6.35        0.88       0.8026      4.149
    3       -5.93       -0.19       0.7110      3.828
    4       -5.64       -0.17       0.6921      3.752
    5       -6.18        1.32       0.6584      4.227
    6       -5.86       -0.10       0.6474      3.566
    7       -5.72       -0.04       0.5938      3.656
    8       -5.69       -0.21       0.5727      3.927
    9       -5.87       -0.22       0.5705      3.624
