              _             
             (_)            
   __ _ _ __  _ _ __   __ _ 
  / _` | '_ \| | '_ \ / _` |
 | (_| | | | | | | | | (_| |
  \__, |_| |_|_|_| |_|\__,_|
   __/ |                    
  |___/                     

gnina v1.3.2 master:f23dd2b   Built Jul 29 2025.
gnina is based on smina and AutoDock Vina.
Please cite appropriately.

Commandline: gnina -r receptor.pdbqt -l ligands/noncovalent/GF_00_P1S.sdf --center_x -5.337 --center_y -43.735 --center_z 29.543 --size_x 22.5 --size_y 22.5 --size_z 22.5 --exhaustiveness 16 --num_modes 9 --cnn_scoring rescore --seed 42 -o out_sens_boxym2/GF_00_P1S_nc.sdf.gz --log out_sens_boxym2/GF_00_P1S_nc.log
Using random seed: 42

mode |  affinity  |  intramol  |    CNN     |   CNN
     | (kcal/mol) | (kcal/mol) | pose score | affinity
-----+------------+------------+------------+----------
    1       -5.62       -0.15       0.7965      3.763
    2       -5.86        0.37       0.7664      3.740
    3       -5.51        1.21       0.7605      4.087
    4       -5.51       -0.03       0.6835      3.788
    5       -5.86        0.07       0.6821      3.873
    6       -6.28       -0.20       0.6779      3.818
    7       -5.87       -0.15       0.6713      3.780
    8       -5.51       -0.18       0.6633      3.780
    9       -5.91       -0.15       0.6166      3.593
