              _             
             (_)            
   __ _ _ __  _ _ __   __ _ 
  / _` | '_ \| | '_ \ / _` |
 | (_| | | | | | | | | (_| |
  \__, |_| |_|_|_| |_|\__,_|
   __/ |                    
  |___/                     

gnina v1.3.2 master:f23dd2b   Built Jul 29 2025.
gnina is based on smina and AutoDock Vina.
Please cite appropriately.

Commandline: gnina -r receptor.pdbqt -l ligands/noncovalent/METH_01_P2S.sdf --center_x -5.337 --center_y -43.735 --center_z 29.543 --size_x 22.5 --size_y 22.5 --size_z 22.5 --exhaustiveness 16 --num_modes 9 --cnn_scoring rescore --seed 42 -o out_sens_boxym2/METH_01_P2S_nc.sdf.gz --log out_sens_boxym2/METH_01_P2S_nc.log
Using random seed: 42

mode |  affinity  |  intramol  |    CNN     |   CNN
     | (kcal/mol) | (kcal/mol) | pose score | affinity
-----+------------+------------+------------+----------
    1       -4.13       -0.01       0.8465      4.062
    2       -4.09       -0.01       0.7308      3.855
    3       -3.68       -0.00       0.6279      3.568
    4       -4.09       -0.02       0.5570      3.810
    5       -4.08       -0.00       0.5042      3.642
    6       -3.92       -0.03       0.4376      3.351
    7       -3.50       -0.00       0.4166      3.301
    8       -3.66       -0.00       0.3847      3.824
    9       -3.83       -0.00       0.3661      3.171
