              _             
             (_)            
   __ _ _ __  _ _ __   __ _ 
  / _` | '_ \| | '_ \ / _` |
 | (_| | | | | | | | | (_| |
  \__, |_| |_|_|_| |_|\__,_|
   __/ |                    
  |___/                     

gnina v1.3.2 master:f23dd2b   Built Jul 29 2025.
gnina is based on smina and AutoDock Vina.
Please cite appropriately.

Commandline: gnina -r receptor.pdbqt -l ligands/noncovalent/METH_00_P2R.sdf --center_x -5.337 --center_y -43.735 --center_z 29.543 --size_x 22.5 --size_y 22.5 --size_z 22.5 --exhaustiveness 16 --num_modes 9 --cnn_scoring rescore --seed 42 -o out_sens_boxym2/METH_00_P2R_nc.sdf.gz --log out_sens_boxym2/METH_00_P2R_nc.log
Using random seed: 42

mode |  affinity  |  intramol  |    CNN     |   CNN
     | (kcal/mol) | (kcal/mol) | pose score | affinity
-----+------------+------------+------------+----------
    1       -4.15       -0.00       0.7805      3.912
    2       -3.96       -0.04       0.7018      3.778
    3       -3.85       -0.01       0.6576      3.682
    4       -3.47       -0.00       0.5869      3.670
    5       -3.49       -0.03       0.5798      3.460
    6       -4.18       -0.04       0.5579      3.764
    7       -3.65       -0.03       0.5087      3.758
    8       -3.42       -0.00       0.4650      3.692
    9       -3.31       -0.02       0.4502      3.170
