              _             
             (_)            
   __ _ _ __  _ _ __   __ _ 
  / _` | '_ \| | '_ \ / _` |
 | (_| | | | | | | | | (_| |
  \__, |_| |_|_|_| |_|\__,_|
   __/ |                    
  |___/                     

gnina v1.3.2 master:f23dd2b   Built Jul 29 2025.
gnina is based on smina and AutoDock Vina.
Please cite appropriately.

Commandline: gnina -r receptor.pdbqt -l ligands/noncovalent/MLT_01_C6R.sdf --center_x -5.337 --center_y -43.735 --center_z 29.543 --size_x 22.5 --size_y 22.5 --size_z 22.5 --exhaustiveness 16 --num_modes 9 --cnn_scoring rescore --seed 42 -o out_sens_boxym2/MLT_01_C6R_nc.sdf.gz --log out_sens_boxym2/MLT_01_C6R_nc.log
Using random seed: 42

mode |  affinity  |  intramol  |    CNN     |   CNN
     | (kcal/mol) | (kcal/mol) | pose score | affinity
-----+------------+------------+------------+----------
    1       -6.55        0.33       0.6609      4.423
    2       -6.51       -0.36       0.6437      4.622
    3       -6.64       -0.36       0.5850      4.091
    4       -5.93       -0.94       0.5627      4.120
    5       -6.82       -0.20       0.4984      4.368
    6       -6.64       -0.33       0.4948      4.401
    7       -6.16        0.01       0.4884      4.186
    8       -6.73        0.43       0.4528      4.015
    9       -6.74        0.18       0.4260      4.006
