              _             
             (_)            
   __ _ _ __  _ _ __   __ _ 
  / _` | '_ \| | '_ \ / _` |
 | (_| | | | | | | | | (_| |
  \__, |_| |_|_|_| |_|\__,_|
   __/ |                    
  |___/                     

gnina v1.3.2 master:f23dd2b   Built Jul 29 2025.
gnina is based on smina and AutoDock Vina.
Please cite appropriately.

Commandline: gnina -r receptor.pdbqt -l ligands/noncovalent/MPXN_00_achiral.sdf --center_x -5.337 --center_y -43.735 --center_z 29.543 --size_x 22.5 --size_y 22.5 --size_z 22.5 --exhaustiveness 16 --num_modes 9 --cnn_scoring rescore --seed 42 -o out_sens_boxym2/MPXN_00_achiral_nc.sdf.gz --log out_sens_boxym2/MPXN_00_achiral_nc.log
Using random seed: 42

mode |  affinity  |  intramol  |    CNN     |   CNN
     | (kcal/mol) | (kcal/mol) | pose score | affinity
-----+------------+------------+------------+----------
    1       -7.02        0.75       0.8064      3.841
    2       -6.70       -0.03       0.7149      4.048
    3       -6.86        0.09       0.7021      3.866
    4       -6.87       -0.36       0.6616      3.861
    5       -6.61       -0.33       0.6100      3.568
    6       -6.59       -0.18       0.5807      3.519
    7       -6.37       -0.04       0.5246      3.699
    8       -6.63        0.06       0.4946      3.649
    9       -6.26        0.33       0.4938      4.281
