              _             
             (_)            
   __ _ _ __  _ _ __   __ _ 
  / _` | '_ \| | '_ \ / _` |
 | (_| | | | | | | | | (_| |
  \__, |_| |_|_|_| |_|\__,_|
   __/ |                    
  |___/                     

gnina v1.3.2 master:f23dd2b   Built Jul 29 2025.
gnina is based on smina and AutoDock Vina.
Please cite appropriately.

Commandline: gnina -r receptor.pdbqt -l ligands/noncovalent/PARA_00_achiral.sdf --center_x -5.337 --center_y -43.735 --center_z 29.543 --size_x 22.5 --size_y 22.5 --size_z 22.5 --exhaustiveness 16 --num_modes 9 --cnn_scoring rescore --seed 42 -o out_sens_boxym2/PARA_00_achiral_nc.sdf.gz --log out_sens_boxym2/PARA_00_achiral_nc.log
Using random seed: 42

mode |  affinity  |  intramol  |    CNN     |   CNN
     | (kcal/mol) | (kcal/mol) | pose score | affinity
-----+------------+------------+------------+----------
    1       -6.81       -0.02       0.6066      5.085
    2       -6.51       -0.52       0.5978      4.057
    3       -7.15       -0.27       0.5425      4.183
    4       -7.09       -0.44       0.5229      4.232
    5       -6.94       -0.08       0.4545      4.014
    6       -6.86        0.41       0.4465      4.954
    7       -6.99       -0.54       0.4055      3.955
    8       -6.54       -0.09       0.3874      4.878
    9       -6.76       -0.16       0.3776      3.736
