              _             
             (_)            
   __ _ _ __  _ _ __   __ _ 
  / _` | '_ \| | '_ \ / _` |
 | (_| | | | | | | | | (_| |
  \__, |_| |_|_|_| |_|\__,_|
   __/ |                    
  |___/                     

gnina v1.3.2 master:f23dd2b   Built Jul 29 2025.
gnina is based on smina and AutoDock Vina.
Please cite appropriately.

Commandline: gnina -r receptor.pdbqt -l ligands/noncovalent/PXNE_00_achiral.sdf --center_x -5.337 --center_y -43.735 --center_z 29.543 --size_x 22.5 --size_y 22.5 --size_z 22.5 --exhaustiveness 16 --num_modes 9 --cnn_scoring rescore --seed 42 -o out_sens_boxym2/PXNE_00_achiral_nc.sdf.gz --log out_sens_boxym2/PXNE_00_achiral_nc.log
Using random seed: 42

mode |  affinity  |  intramol  |    CNN     |   CNN
     | (kcal/mol) | (kcal/mol) | pose score | affinity
-----+------------+------------+------------+----------
    1       -7.44       -0.21       0.7223      4.125
    2       -7.02       -0.57       0.6936      3.894
    3       -6.98       -0.43       0.6375      3.906
    4       -6.95       -0.30       0.6118      4.097
    5       -6.71        0.50       0.6075      4.968
    6       -6.88        0.06       0.5983      4.823
    7       -6.81       -0.52       0.4188      3.907
    8       -7.12       -0.45       0.4130      3.802
    9       -6.93        0.19       0.4043      3.585
