              _             
             (_)            
   __ _ _ __  _ _ __   __ _ 
  / _` | '_ \| | '_ \ / _` |
 | (_| | | | | | | | | (_| |
  \__, |_| |_|_|_| |_|\__,_|
   __/ |                    
  |___/                     

gnina v1.3.2 master:f23dd2b   Built Jul 29 2025.
gnina is based on smina and AutoDock Vina.
Please cite appropriately.

Commandline: gnina -r receptor.pdbqt -l ligands/noncovalent/VR_00_P8S.sdf --center_x -5.337 --center_y -43.735 --center_z 29.543 --size_x 22.5 --size_y 22.5 --size_z 22.5 --exhaustiveness 16 --num_modes 9 --cnn_scoring rescore --seed 42 -o out_sens_boxym2/VR_00_P8S_nc.sdf.gz --log out_sens_boxym2/VR_00_P8S_nc.log
Using random seed: 42

mode |  affinity  |  intramol  |    CNN     |   CNN
     | (kcal/mol) | (kcal/mol) | pose score | affinity
-----+------------+------------+------------+----------
    1       -5.63       -0.46       0.8878      5.053
    2       -5.99       -0.33       0.8788      4.285
    3       -5.65       -0.68       0.8425      4.728
    4       -6.02       -0.30       0.8246      4.455
    5       -5.68        0.58       0.7807      4.286
    6       -6.09       -0.36       0.7661      4.200
    7       -6.09       -0.07       0.7373      4.399
    8       -5.64       -0.55       0.7326      5.292
    9       -5.95       -0.40       0.6995      4.759
