              _             
             (_)            
   __ _ _ __  _ _ __   __ _ 
  / _` | '_ \| | '_ \ / _` |
 | (_| | | | | | | | | (_| |
  \__, |_| |_|_|_| |_|\__,_|
   __/ |                    
  |___/                     

gnina v1.3.2 master:f23dd2b   Built Jul 29 2025.
gnina is based on smina and AutoDock Vina.
Please cite appropriately.

Commandline: gnina -r receptor.pdbqt -l ligands/noncovalent/VR_01_P8R.sdf --center_x -5.337 --center_y -43.735 --center_z 29.543 --size_x 22.5 --size_y 22.5 --size_z 22.5 --exhaustiveness 16 --num_modes 9 --cnn_scoring rescore --seed 42 -o out_sens_boxym2/VR_01_P8R_nc.sdf.gz --log out_sens_boxym2/VR_01_P8R_nc.log
Using random seed: 42

mode |  affinity  |  intramol  |    CNN     |   CNN
     | (kcal/mol) | (kcal/mol) | pose score | affinity
-----+------------+------------+------------+----------
    1       -5.91       -0.31       0.8896      4.653
    2       -5.68        0.80       0.8659      4.578
    3       -6.05       -0.54       0.8599      4.602
    4       -6.02       -0.41       0.8418      4.508
    5       -5.62       -0.18       0.8086      4.267
    6       -5.79       -0.38       0.7659      4.544
    7       -5.85       -0.23       0.7541      4.161
    8       -5.72       -0.60       0.7345      5.018
    9       -6.53       -0.64       0.7312      5.574
