              _             
             (_)            
   __ _ _ __  _ _ __   __ _ 
  / _` | '_ \| | '_ \ / _` |
 | (_| | | | | | | | | (_| |
  \__, |_| |_|_|_| |_|\__,_|
   __/ |                    
  |___/                     

gnina v1.3.2 master:f23dd2b   Built Jul 29 2025.
gnina is based on smina and AutoDock Vina.
Please cite appropriately.

Commandline: gnina -r receptor.pdbqt -l ligands/noncovalent/VX_00_P3S.sdf --center_x -5.337 --center_y -43.735 --center_z 29.543 --size_x 22.5 --size_y 22.5 --size_z 22.5 --exhaustiveness 16 --num_modes 9 --cnn_scoring rescore --seed 42 -o out_sens_boxym2/VX_00_P3S_nc.sdf.gz --log out_sens_boxym2/VX_00_P3S_nc.log
Using random seed: 42

mode |  affinity  |  intramol  |    CNN     |   CNN
     | (kcal/mol) | (kcal/mol) | pose score | affinity
-----+------------+------------+------------+----------
    1       -6.21        0.50       0.8904      4.505
    2       -6.43       -0.41       0.8469      5.145
    3       -5.94        0.39       0.8435      4.518
    4       -6.19        0.80       0.8144      4.850
    5       -5.57        1.62       0.7847      4.860
    6       -5.83        0.88       0.7847      5.120
    7       -5.62        1.03       0.7765      4.431
    8       -5.62       -0.30       0.7762      4.374
    9       -5.84       -0.76       0.7747      4.955
