              _             
             (_)            
   __ _ _ __  _ _ __   __ _ 
  / _` | '_ \| | '_ \ / _` |
 | (_| | | | | | | | | (_| |
  \__, |_| |_|_|_| |_|\__,_|
   __/ |                    
  |___/                     

gnina v1.3.2 master:f23dd2b   Built Jul 29 2025.
gnina is based on smina and AutoDock Vina.
Please cite appropriately.

Commandline: gnina -r receptor.pdbqt -l ligands/noncovalent/VX_01_P3R.sdf --center_x -5.337 --center_y -43.735 --center_z 29.543 --size_x 22.5 --size_y 22.5 --size_z 22.5 --exhaustiveness 16 --num_modes 9 --cnn_scoring rescore --seed 42 -o out_sens_boxym2/VX_01_P3R_nc.sdf.gz --log out_sens_boxym2/VX_01_P3R_nc.log
Using random seed: 42

mode |  affinity  |  intramol  |    CNN     |   CNN
     | (kcal/mol) | (kcal/mol) | pose score | affinity
-----+------------+------------+------------+----------
    1       -6.07        1.32       0.9092      4.718
    2       -5.98        0.88       0.8961      4.659
    3       -5.78        0.30       0.8537      4.609
    4       -5.61        0.55       0.8408      4.561
    5       -5.58       -0.36       0.8093      4.924
    6       -5.81       -0.48       0.8017      4.705
    7       -5.99       -0.03       0.7541      5.037
    8       -5.81       -0.11       0.7539      4.580
    9       -6.15       -0.69       0.7536      4.588
