              _             
             (_)            
   __ _ _ __  _ _ __   __ _ 
  / _` | '_ \| | '_ \ / _` |
 | (_| | | | | | | | | (_| |
  \__, |_| |_|_|_| |_|\__,_|
   __/ |                    
  |___/                     

gnina v1.3.2 master:f23dd2b   Built Jul 29 2025.
gnina is based on smina and AutoDock Vina.
Please cite appropriately.

Commandline: gnina -r receptor.pdbqt -l ligands/noncovalent/A230_03_P8S_C5N7Z.sdf --center_x -3.3369999999999997 --center_y -41.735 --center_z 29.543 --size_x 22.5 --size_y 22.5 --size_z 22.5 --exhaustiveness 16 --num_modes 9 --cnn_scoring rescore --seed 42 -o out_sens_boxxp2/A230_03_P8S_C5N7Z_nc.sdf.gz --log out_sens_boxxp2/A230_03_P8S_C5N7Z_nc.log
Using random seed: 42

mode |  affinity  |  intramol  |    CNN     |   CNN
     | (kcal/mol) | (kcal/mol) | pose score | affinity
-----+------------+------------+------------+----------
    1       -5.97        0.07       0.9137      4.921
    2       -5.87        1.27       0.9113      4.875
    3       -5.60        0.59       0.9106      4.248
    4       -5.46       -0.26       0.8986      4.432
    5       -5.84        0.42       0.8889      4.523
    6       -5.51        0.68       0.8394      4.376
    7       -5.54        1.50       0.8381      4.556
    8       -5.61        1.21       0.8250      4.460
    9       -5.41       -0.06       0.8215      4.745
