              _             
             (_)            
   __ _ _ __  _ _ __   __ _ 
  / _` | '_ \| | '_ \ / _` |
 | (_| | | | | | | | | (_| |
  \__, |_| |_|_|_| |_|\__,_|
   __/ |                    
  |___/                     

gnina v1.3.2 master:f23dd2b   Built Jul 29 2025.
gnina is based on smina and AutoDock Vina.
Please cite appropriately.

Commandline: gnina -r receptor.pdbqt -l ligands/noncovalent/A230_00_P8R_C5N7E.sdf --center_x -3.3369999999999997 --center_y -41.735 --center_z 29.543 --size_x 22.5 --size_y 22.5 --size_z 22.5 --exhaustiveness 16 --num_modes 9 --cnn_scoring rescore --seed 42 -o out_sens_boxxp2/A230_00_P8R_C5N7E_nc.sdf.gz --log out_sens_boxxp2/A230_00_P8R_C5N7E_nc.log
Using random seed: 42

mode |  affinity  |  intramol  |    CNN     |   CNN
     | (kcal/mol) | (kcal/mol) | pose score | affinity
-----+------------+------------+------------+----------
    1       -5.88        0.33       0.9168      4.760
    2       -5.78        0.30       0.8989      4.675
    3       -5.23        0.27       0.8822      4.790
    4       -5.50        0.12       0.8708      4.354
    5       -5.40        0.23       0.8588      4.389
    6       -5.33        0.82       0.8535      4.064
    7       -5.48        0.07       0.8508      4.432
    8       -5.18        0.15       0.8100      4.327
    9       -5.60        1.57       0.8094      4.488
