              _             
             (_)            
   __ _ _ __  _ _ __   __ _ 
  / _` | '_ \| | '_ \ / _` |
 | (_| | | | | | | | | (_| |
  \__, |_| |_|_|_| |_|\__,_|
   __/ |                    
  |___/                     

gnina v1.3.2 master:f23dd2b   Built Jul 29 2025.
gnina is based on smina and AutoDock Vina.
Please cite appropriately.

Commandline: gnina -r receptor.pdbqt -l ligands/noncovalent/A230_01_P8S_C5N7E.sdf --center_x -3.3369999999999997 --center_y -41.735 --center_z 29.543 --size_x 22.5 --size_y 22.5 --size_z 22.5 --exhaustiveness 16 --num_modes 9 --cnn_scoring rescore --seed 42 -o out_sens_boxxp2/A230_01_P8S_C5N7E_nc.sdf.gz --log out_sens_boxxp2/A230_01_P8S_C5N7E_nc.log
Using random seed: 42

mode |  affinity  |  intramol  |    CNN     |   CNN
     | (kcal/mol) | (kcal/mol) | pose score | affinity
-----+------------+------------+------------+----------
    1       -5.76        0.42       0.9055      4.717
    2       -5.68        0.39       0.8983      4.746
    3       -5.14        0.16       0.8737      4.299
    4       -5.00        0.78       0.8410      4.058
    5       -5.49       -0.17       0.8373      4.652
    6       -5.47        0.00       0.8346      4.611
    7       -5.95        0.25       0.8298      4.504
    8       -5.55       -0.17       0.8245      4.635
    9       -5.14        0.21       0.8077      4.539
