              _             
             (_)            
   __ _ _ __  _ _ __   __ _ 
  / _` | '_ \| | '_ \ / _` |
 | (_| | | | | | | | | (_| |
  \__, |_| |_|_|_| |_|\__,_|
   __/ |                    
  |___/                     

gnina v1.3.2 master:f23dd2b   Built Jul 29 2025.
gnina is based on smina and AutoDock Vina.
Please cite appropriately.

Commandline: gnina -r receptor.pdbqt -l ligands/noncovalent/A230_02_P8R_C5N7Z.sdf --center_x -3.3369999999999997 --center_y -41.735 --center_z 29.543 --size_x 22.5 --size_y 22.5 --size_z 22.5 --exhaustiveness 16 --num_modes 9 --cnn_scoring rescore --seed 42 -o out_sens_boxxp2/A230_02_P8R_C5N7Z_nc.sdf.gz --log out_sens_boxxp2/A230_02_P8R_C5N7Z_nc.log
Using random seed: 42

mode |  affinity  |  intramol  |    CNN     |   CNN
     | (kcal/mol) | (kcal/mol) | pose score | affinity
-----+------------+------------+------------+----------
    1       -5.71       -0.08       0.8834      4.028
    2       -5.92       -0.40       0.8778      4.599
    3       -5.51       -0.35       0.8514      4.169
    4       -5.24       -0.38       0.8506      4.141
    5       -5.79        0.11       0.8439      4.781
    6       -5.76       -0.39       0.8294      4.030
    7       -5.76        0.18       0.8157      4.769
    8       -5.48       -0.19       0.8101      3.903
    9       -5.96       -0.21       0.7787      4.271
