              _             
             (_)            
   __ _ _ __  _ _ __   __ _ 
  / _` | '_ \| | '_ \ / _` |
 | (_| | | | | | | | | (_| |
  \__, |_| |_|_|_| |_|\__,_|
   __/ |                    
  |___/                     

gnina v1.3.2 master:f23dd2b   Built Jul 29 2025.
gnina is based on smina and AutoDock Vina.
Please cite appropriately.

Commandline: gnina -r receptor.pdbqt -l ligands/noncovalent/A232_00_P8R_C5N7E.sdf --center_x -3.3369999999999997 --center_y -41.735 --center_z 29.543 --size_x 22.5 --size_y 22.5 --size_z 22.5 --exhaustiveness 16 --num_modes 9 --cnn_scoring rescore --seed 42 -o out_sens_boxxp2/A232_00_P8R_C5N7E_nc.sdf.gz --log out_sens_boxxp2/A232_00_P8R_C5N7E_nc.log
Using random seed: 42

mode |  affinity  |  intramol  |    CNN     |   CNN
     | (kcal/mol) | (kcal/mol) | pose score | affinity
-----+------------+------------+------------+----------
    1       -5.73       -0.15       0.9396      4.248
    2       -6.22       -0.19       0.9344      4.656
    3       -6.19       -0.21       0.9312      4.599
    4       -5.75        0.27       0.9202      4.939
    5       -5.57        0.54       0.8962      4.601
    6       -5.97        0.43       0.8861      4.637
    7       -5.33        0.10       0.8557      4.287
    8       -5.12        0.16       0.8195      4.648
    9       -5.87        0.17       0.8174      4.466
