              _             
             (_)            
   __ _ _ __  _ _ __   __ _ 
  / _` | '_ \| | '_ \ / _` |
 | (_| | | | | | | | | (_| |
  \__, |_| |_|_|_| |_|\__,_|
   __/ |                    
  |___/                     

gnina v1.3.2 master:f23dd2b   Built Jul 29 2025.
gnina is based on smina and AutoDock Vina.
Please cite appropriately.

Commandline: gnina -r receptor.pdbqt -l ligands/noncovalent/A232_01_P8S_C5N7E.sdf --center_x -3.3369999999999997 --center_y -41.735 --center_z 29.543 --size_x 22.5 --size_y 22.5 --size_z 22.5 --exhaustiveness 16 --num_modes 9 --cnn_scoring rescore --seed 42 -o out_sens_boxxp2/A232_01_P8S_C5N7E_nc.sdf.gz --log out_sens_boxxp2/A232_01_P8S_C5N7E_nc.log
Using random seed: 42

mode |  affinity  |  intramol  |    CNN     |   CNN
     | (kcal/mol) | (kcal/mol) | pose score | affinity
-----+------------+------------+------------+----------
    1       -6.00       -0.06       0.9151      4.767
    2       -5.52        0.02       0.8871      4.783
    3       -5.54        0.55       0.8832      4.821
    4       -5.87       -0.10       0.8715      4.692
    5       -5.73       -0.03       0.8524      4.880
    6       -5.42       -0.01       0.8182      3.802
    7       -5.31        0.01       0.8125      3.823
    8       -5.79        0.49       0.7834      4.491
    9       -5.49        0.60       0.7733      4.091
