              _             
             (_)            
   __ _ _ __  _ _ __   __ _ 
  / _` | '_ \| | '_ \ / _` |
 | (_| | | | | | | | | (_| |
  \__, |_| |_|_|_| |_|\__,_|
   __/ |                    
  |___/                     

gnina v1.3.2 master:f23dd2b   Built Jul 29 2025.
gnina is based on smina and AutoDock Vina.
Please cite appropriately.

Commandline: gnina -r receptor.pdbqt -l ligands/noncovalent/A232_03_P8S_C5N7Z.sdf --center_x -3.3369999999999997 --center_y -41.735 --center_z 29.543 --size_x 22.5 --size_y 22.5 --size_z 22.5 --exhaustiveness 16 --num_modes 9 --cnn_scoring rescore --seed 42 -o out_sens_boxxp2/A232_03_P8S_C5N7Z_nc.sdf.gz --log out_sens_boxxp2/A232_03_P8S_C5N7Z_nc.log
Using random seed: 42

mode |  affinity  |  intramol  |    CNN     |   CNN
     | (kcal/mol) | (kcal/mol) | pose score | affinity
-----+------------+------------+------------+----------
    1       -6.06       -0.25       0.9572      4.643
    2       -5.66       -0.47       0.9174      4.828
    3       -5.90       -0.05       0.9087      4.396
    4       -6.00       -0.21       0.8871      4.838
    5       -6.14       -0.22       0.8754      4.716
    6       -6.01       -0.23       0.8500      4.675
    7       -5.61       -0.20       0.8343      4.399
    8       -6.12        0.11       0.8311      4.666
    9       -5.80        0.01       0.7993      4.072
