              _             
             (_)            
   __ _ _ __  _ _ __   __ _ 
  / _` | '_ \| | '_ \ / _` |
 | (_| | | | | | | | | (_| |
  \__, |_| |_|_|_| |_|\__,_|
   __/ |                    
  |___/                     

gnina v1.3.2 master:f23dd2b   Built Jul 29 2025.
gnina is based on smina and AutoDock Vina.
Please cite appropriately.

Commandline: gnina -r receptor.pdbqt -l ligands/noncovalent/A234_00_P3S_N6C7E.sdf --center_x -3.3369999999999997 --center_y -41.735 --center_z 29.543 --size_x 22.5 --size_y 22.5 --size_z 22.5 --exhaustiveness 16 --num_modes 9 --cnn_scoring rescore --seed 42 -o out_sens_boxxp2/A234_00_P3S_N6C7E_nc.sdf.gz --log out_sens_boxxp2/A234_00_P3S_N6C7E_nc.log
Using random seed: 42

mode |  affinity  |  intramol  |    CNN     |   CNN
     | (kcal/mol) | (kcal/mol) | pose score | affinity
-----+------------+------------+------------+----------
    1       -6.25        0.23       0.9372      4.664
    2       -5.86        0.24       0.9190      4.279
    3       -5.70        0.41       0.8972      5.273
    4       -5.95        0.51       0.8795      4.045
    5       -6.13        0.19       0.8619      4.861
    6       -5.74        0.04       0.8439      4.914
    7       -5.75        0.24       0.8398      4.464
    8       -5.71        0.20       0.8300      4.523
    9       -5.76       -0.31       0.8229      4.263
