              _             
             (_)            
   __ _ _ __  _ _ __   __ _ 
  / _` | '_ \| | '_ \ / _` |
 | (_| | | | | | | | | (_| |
  \__, |_| |_|_|_| |_|\__,_|
   __/ |                    
  |___/                     

gnina v1.3.2 master:f23dd2b   Built Jul 29 2025.
gnina is based on smina and AutoDock Vina.
Please cite appropriately.

Commandline: gnina -r receptor.pdbqt -l ligands/noncovalent/A234_01_P3R_N6C7E.sdf --center_x -3.3369999999999997 --center_y -41.735 --center_z 29.543 --size_x 22.5 --size_y 22.5 --size_z 22.5 --exhaustiveness 16 --num_modes 9 --cnn_scoring rescore --seed 42 -o out_sens_boxxp2/A234_01_P3R_N6C7E_nc.sdf.gz --log out_sens_boxxp2/A234_01_P3R_N6C7E_nc.log
Using random seed: 42

mode |  affinity  |  intramol  |    CNN     |   CNN
     | (kcal/mol) | (kcal/mol) | pose score | affinity
-----+------------+------------+------------+----------
    1       -6.01        0.31       0.9232      4.370
    2       -5.94        0.32       0.9225      4.366
    3       -6.07        0.07       0.9120      4.516
    4       -5.93        0.38       0.8898      4.553
    5       -5.75        0.71       0.8848      4.646
    6       -5.70        0.52       0.8235      5.102
    7       -6.28        0.06       0.8146      4.870
    8       -5.77       -0.30       0.8075      4.130
    9       -6.33        0.07       0.7992      4.571
