              _             
             (_)            
   __ _ _ __  _ _ __   __ _ 
  / _` | '_ \| | '_ \ / _` |
 | (_| | | | | | | | | (_| |
  \__, |_| |_|_|_| |_|\__,_|
   __/ |                    
  |___/                     

gnina v1.3.2 master:f23dd2b   Built Jul 29 2025.
gnina is based on smina and AutoDock Vina.
Please cite appropriately.

Commandline: gnina -r receptor.pdbqt -l ligands/noncovalent/A234_03_P3R_N6C7Z.sdf --center_x -3.3369999999999997 --center_y -41.735 --center_z 29.543 --size_x 22.5 --size_y 22.5 --size_z 22.5 --exhaustiveness 16 --num_modes 9 --cnn_scoring rescore --seed 42 -o out_sens_boxxp2/A234_03_P3R_N6C7Z_nc.sdf.gz --log out_sens_boxxp2/A234_03_P3R_N6C7Z_nc.log
Using random seed: 42

mode |  affinity  |  intramol  |    CNN     |   CNN
     | (kcal/mol) | (kcal/mol) | pose score | affinity
-----+------------+------------+------------+----------
    1       -6.55        0.17       0.9786      4.813
    2       -6.47        0.17       0.9786      4.766
    3       -6.51       -0.42       0.9439      4.699
    4       -6.74       -0.35       0.9408      4.767
    5       -6.19        0.53       0.9396      4.307
    6       -6.23       -0.08       0.9231      4.589
    7       -6.76        0.32       0.9219      4.722
    8       -6.40       -0.08       0.9196      4.719
    9       -6.63       -0.11       0.9172      4.765
