              _             
             (_)            
   __ _ _ __  _ _ __   __ _ 
  / _` | '_ \| | '_ \ / _` |
 | (_| | | | | | | | | (_| |
  \__, |_| |_|_|_| |_|\__,_|
   __/ |                    
  |___/                     

gnina v1.3.2 master:f23dd2b   Built Jul 29 2025.
gnina is based on smina and AutoDock Vina.
Please cite appropriately.

Commandline: gnina -r receptor.pdbqt -l ligands/noncovalent/A234_02_P3S_N6C7Z.sdf --center_x -3.3369999999999997 --center_y -41.735 --center_z 29.543 --size_x 22.5 --size_y 22.5 --size_z 22.5 --exhaustiveness 16 --num_modes 9 --cnn_scoring rescore --seed 42 -o out_sens_boxxp2/A234_02_P3S_N6C7Z_nc.sdf.gz --log out_sens_boxxp2/A234_02_P3S_N6C7Z_nc.log
Using random seed: 42

mode |  affinity  |  intramol  |    CNN     |   CNN
     | (kcal/mol) | (kcal/mol) | pose score | affinity
-----+------------+------------+------------+----------
    1       -6.64       -0.13       0.9658      4.478
    2       -6.08       -0.17       0.9248      4.532
    3       -6.21       -0.07       0.9161      4.875
    4       -6.42       -0.48       0.9153      5.070
    5       -6.04       -0.50       0.8923      4.250
    6       -6.11       -0.21       0.8796      4.288
    7       -6.46        0.09       0.8761      4.864
    8       -6.16        0.02       0.8754      3.916
    9       -6.46        0.00       0.8697      4.728
