              _             
             (_)            
   __ _ _ __  _ _ __   __ _ 
  / _` | '_ \| | '_ \ / _` |
 | (_| | | | | | | | | (_| |
  \__, |_| |_|_|_| |_|\__,_|
   __/ |                    
  |___/                     

gnina v1.3.2 master:f23dd2b   Built Jul 29 2025.
gnina is based on smina and AutoDock Vina.
Please cite appropriately.

Commandline: gnina -r receptor.pdbqt -l ligands/noncovalent/A242_01_P7S.sdf --center_x -3.3369999999999997 --center_y -41.735 --center_z 29.543 --size_x 22.5 --size_y 22.5 --size_z 22.5 --exhaustiveness 16 --num_modes 9 --cnn_scoring rescore --seed 42 -o out_sens_boxxp2/A242_01_P7S_nc.sdf.gz --log out_sens_boxxp2/A242_01_P7S_nc.log
Using random seed: 42

mode |  affinity  |  intramol  |    CNN     |   CNN
     | (kcal/mol) | (kcal/mol) | pose score | affinity
-----+------------+------------+------------+----------
    1       -6.08        0.30       0.9353      5.200
    2       -5.96        0.11       0.9190      5.049
    3       -6.14        0.73       0.9181      5.489
    4       -6.38        0.23       0.9087      5.215
    5       -6.24        0.56       0.9074      5.379
    6       -6.20        0.47       0.9040      4.938
    7       -5.93        0.96       0.8903      5.060
    8       -5.86       -0.11       0.8855      4.733
    9       -6.43        1.24       0.8666      5.166
