              _             
             (_)            
   __ _ _ __  _ _ __   __ _ 
  / _` | '_ \| | '_ \ / _` |
 | (_| | | | | | | | | (_| |
  \__, |_| |_|_|_| |_|\__,_|
   __/ |                    
  |___/                     

gnina v1.3.2 master:f23dd2b   Built Jul 29 2025.
gnina is based on smina and AutoDock Vina.
Please cite appropriately.

Commandline: gnina -r receptor.pdbqt -l ligands/noncovalent/BSAR_01_P5R.sdf --center_x -3.3369999999999997 --center_y -41.735 --center_z 29.543 --size_x 22.5 --size_y 22.5 --size_z 22.5 --exhaustiveness 16 --num_modes 9 --cnn_scoring rescore --seed 42 -o out_sens_boxxp2/BSAR_01_P5R_nc.sdf.gz --log out_sens_boxxp2/BSAR_01_P5R_nc.log
Using random seed: 42

mode |  affinity  |  intramol  |    CNN     |   CNN
     | (kcal/mol) | (kcal/mol) | pose score | affinity
-----+------------+------------+------------+----------
    1       -4.99       -0.10       0.9072      3.473
    2       -5.24       -0.11       0.8197      3.858
    3       -4.45       -0.11       0.7978      3.269
    4       -4.64       -0.10       0.7395      3.149
    5       -4.88       -0.12       0.7353      3.532
    6       -4.61       -0.23       0.6989      3.030
    7       -4.74       -0.22       0.6962      3.328
    8       -4.41       -0.20       0.6864      3.472
    9       -4.96       -0.09       0.6745      3.751
