              _             
             (_)            
   __ _ _ __  _ _ __   __ _ 
  / _` | '_ \| | '_ \ / _` |
 | (_| | | | | | | | | (_| |
  \__, |_| |_|_|_| |_|\__,_|
   __/ |                    
  |___/                     

gnina v1.3.2 master:f23dd2b   Built Jul 29 2025.
gnina is based on smina and AutoDock Vina.
Please cite appropriately.

Commandline: gnina -r receptor.pdbqt -l ligands/noncovalent/BSAR_00_P5S.sdf --center_x -3.3369999999999997 --center_y -41.735 --center_z 29.543 --size_x 22.5 --size_y 22.5 --size_z 22.5 --exhaustiveness 16 --num_modes 9 --cnn_scoring rescore --seed 42 -o out_sens_boxxp2/BSAR_00_P5S_nc.sdf.gz --log out_sens_boxxp2/BSAR_00_P5S_nc.log
Using random seed: 42

mode |  affinity  |  intramol  |    CNN     |   CNN
     | (kcal/mol) | (kcal/mol) | pose score | affinity
-----+------------+------------+------------+----------
    1       -5.09       -0.09       0.8788      3.419
    2       -4.54       -0.07       0.8293      3.189
    3       -4.50       -0.22       0.8130      3.370
    4       -5.10       -0.09       0.7880      3.667
    5       -4.68       -0.15       0.7359      3.336
    6       -4.78       -0.32       0.7350      3.511
    7       -4.70       -0.13       0.6704      3.117
    8       -4.89       -0.08       0.6650      3.204
    9       -5.10       -0.25       0.6403      3.561
