              _             
             (_)            
   __ _ _ __  _ _ __   __ _ 
  / _` | '_ \| | '_ \ / _` |
 | (_| | | | | | | | | (_| |
  \__, |_| |_|_|_| |_|\__,_|
   __/ |                    
  |___/                     

gnina v1.3.2 master:f23dd2b   Built Jul 29 2025.
gnina is based on smina and AutoDock Vina.
Please cite appropriately.

Commandline: gnina -r receptor.pdbqt -l ligands/noncovalent/CPF_00_achiral.sdf --center_x -3.3369999999999997 --center_y -41.735 --center_z 29.543 --size_x 22.5 --size_y 22.5 --size_z 22.5 --exhaustiveness 16 --num_modes 9 --cnn_scoring rescore --seed 42 -o out_sens_boxxp2/CPF_00_achiral_nc.sdf.gz --log out_sens_boxxp2/CPF_00_achiral_nc.log
Using random seed: 42

mode |  affinity  |  intramol  |    CNN     |   CNN
     | (kcal/mol) | (kcal/mol) | pose score | affinity
-----+------------+------------+------------+----------
    1       -7.28        1.09       0.6387      4.966
    2       -6.45       -0.21       0.5691      4.701
    3       -7.10       -0.15       0.4341      5.480
    4       -6.27        0.98       0.4304      5.073
    5       -6.54        1.25       0.3735      5.294
    6       -6.30       -0.43       0.3627      4.907
    7       -6.68       -0.57       0.3164      4.930
    8       -7.03       -0.33       0.3103      4.918
    9       -5.88       -0.18       0.2992      4.725
