              _             
             (_)            
   __ _ _ __  _ _ __   __ _ 
  / _` | '_ \| | '_ \ / _` |
 | (_| | | | | | | | | (_| |
  \__, |_| |_|_|_| |_|\__,_|
   __/ |                    
  |___/                     

gnina v1.3.2 master:f23dd2b   Built Jul 29 2025.
gnina is based on smina and AutoDock Vina.
Please cite appropriately.

Commandline: gnina -r receptor.pdbqt -l ligands/noncovalent/DDVP_00_achiral.sdf --center_x -3.3369999999999997 --center_y -41.735 --center_z 29.543 --size_x 22.5 --size_y 22.5 --size_z 22.5 --exhaustiveness 16 --num_modes 9 --cnn_scoring rescore --seed 42 -o out_sens_boxxp2/DDVP_00_achiral_nc.sdf.gz --log out_sens_boxxp2/DDVP_00_achiral_nc.log
Using random seed: 42

mode |  affinity  |  intramol  |    CNN     |   CNN
     | (kcal/mol) | (kcal/mol) | pose score | affinity
-----+------------+------------+------------+----------
    1       -5.37       -0.17       0.8664      3.715
    2       -5.60       -0.06       0.8114      3.337
    3       -5.30       -0.11       0.7954      3.812
    4       -5.25       -0.13       0.7848      3.823
    5       -4.81       -0.20       0.7766      3.124
    6       -5.43       -0.09       0.7598      3.351
    7       -4.76       -0.18       0.6949      3.096
    8       -5.05       -0.24       0.6620      3.068
    9       -4.87       -0.26       0.6513      3.361
