              _             
             (_)            
   __ _ _ __  _ _ __   __ _ 
  / _` | '_ \| | '_ \ / _` |
 | (_| | | | | | | | | (_| |
  \__, |_| |_|_|_| |_|\__,_|
   __/ |                    
  |___/                     

gnina v1.3.2 master:f23dd2b   Built Jul 29 2025.
gnina is based on smina and AutoDock Vina.
Please cite appropriately.

Commandline: gnina -r receptor.pdbqt -l ligands/noncovalent/DETAB_00_P3R.sdf --center_x -3.3369999999999997 --center_y -41.735 --center_z 29.543 --size_x 22.5 --size_y 22.5 --size_z 22.5 --exhaustiveness 16 --num_modes 9 --cnn_scoring rescore --seed 42 -o out_sens_boxxp2/DETAB_00_P3R_nc.sdf.gz --log out_sens_boxxp2/DETAB_00_P3R_nc.log
Using random seed: 42

mode |  affinity  |  intramol  |    CNN     |   CNN
     | (kcal/mol) | (kcal/mol) | pose score | affinity
-----+------------+------------+------------+----------
    1       -5.61       -0.22       0.8805      4.218
    2       -5.75       -0.23       0.8803      4.216
    3       -5.58       -0.27       0.8448      3.988
    4       -5.53        0.15       0.7878      4.090
    5       -5.56       -0.32       0.7805      3.981
    6       -5.51       -0.50       0.7696      4.047
    7       -5.12       -0.19       0.7279      3.906
    8       -5.16       -0.17       0.6819      3.684
    9       -5.25       -0.25       0.6751      3.898
