              _             
             (_)            
   __ _ _ __  _ _ __   __ _ 
  / _` | '_ \| | '_ \ / _` |
 | (_| | | | | | | | | (_| |
  \__, |_| |_|_|_| |_|\__,_|
   __/ |                    
  |___/                     

gnina v1.3.2 master:f23dd2b   Built Jul 29 2025.
gnina is based on smina and AutoDock Vina.
Please cite appropriately.

Commandline: gnina -r receptor.pdbqt -l ligands/noncovalent/DFP_00_achiral.sdf --center_x -3.3369999999999997 --center_y -41.735 --center_z 29.543 --size_x 22.5 --size_y 22.5 --size_z 22.5 --exhaustiveness 16 --num_modes 9 --cnn_scoring rescore --seed 42 -o out_sens_boxxp2/DFP_00_achiral_nc.sdf.gz --log out_sens_boxxp2/DFP_00_achiral_nc.log
Using random seed: 42

mode |  affinity  |  intramol  |    CNN     |   CNN
     | (kcal/mol) | (kcal/mol) | pose score | affinity
-----+------------+------------+------------+----------
    1       -5.54       -0.39       0.8157      3.820
    2       -5.20        0.71       0.7666      3.387
    3       -5.37       -0.34       0.6419      3.412
    4       -5.73        0.61       0.6406      3.563
    5       -5.32        0.72       0.6177      3.367
    6       -5.19       -0.39       0.6049      3.379
    7       -5.51        0.55       0.5971      3.263
    8       -5.21       -0.35       0.5964      3.327
    9       -5.29        0.76       0.5916      3.517
