              _             
             (_)            
   __ _ _ __  _ _ __   __ _ 
  / _` | '_ \| | '_ \ / _` |
 | (_| | | | | | | | | (_| |
  \__, |_| |_|_|_| |_|\__,_|
   __/ |                    
  |___/                     

gnina v1.3.2 master:f23dd2b   Built Jul 29 2025.
gnina is based on smina and AutoDock Vina.
Please cite appropriately.

Commandline: gnina -r receptor.pdbqt -l ligands/noncovalent/FEN_00_P3R.sdf --center_x -3.3369999999999997 --center_y -41.735 --center_z 29.543 --size_x 22.5 --size_y 22.5 --size_z 22.5 --exhaustiveness 16 --num_modes 9 --cnn_scoring rescore --seed 42 -o out_sens_boxxp2/FEN_00_P3R_nc.sdf.gz --log out_sens_boxxp2/FEN_00_P3R_nc.log
Using random seed: 42

mode |  affinity  |  intramol  |    CNN     |   CNN
     | (kcal/mol) | (kcal/mol) | pose score | affinity
-----+------------+------------+------------+----------
    1       -6.10        0.96       0.8625      5.188
    2       -6.68        1.58       0.8461      5.479
    3       -6.63        1.36       0.7683      5.083
    4       -7.30        2.20       0.6025      4.802
    5       -6.22        0.89       0.5826      5.275
    6       -6.15        3.01       0.5618      5.429
    7       -6.83        1.00       0.5237      5.209
    8       -6.88       -0.03       0.5160      5.131
    9       -6.30        2.02       0.4881      5.070
