              _             
             (_)            
   __ _ _ __  _ _ __   __ _ 
  / _` | '_ \| | '_ \ / _` |
 | (_| | | | | | | | | (_| |
  \__, |_| |_|_|_| |_|\__,_|
   __/ |                    
  |___/                     

gnina v1.3.2 master:f23dd2b   Built Jul 29 2025.
gnina is based on smina and AutoDock Vina.
Please cite appropriately.

Commandline: gnina -r receptor.pdbqt -l ligands/noncovalent/GA_01_P3S.sdf --center_x -3.3369999999999997 --center_y -41.735 --center_z 29.543 --size_x 22.5 --size_y 22.5 --size_z 22.5 --exhaustiveness 16 --num_modes 9 --cnn_scoring rescore --seed 42 -o out_sens_boxxp2/GA_01_P3S_nc.sdf.gz --log out_sens_boxxp2/GA_01_P3S_nc.log
Using random seed: 42

mode |  affinity  |  intramol  |    CNN     |   CNN
     | (kcal/mol) | (kcal/mol) | pose score | affinity
-----+------------+------------+------------+----------
    1       -4.26       -0.13       0.8275      3.474
    2       -4.63       -0.04       0.8272      3.686
    3       -4.76       -0.09       0.8084      3.664
    4       -4.51       -0.13       0.7435      3.383
    5       -4.79       -0.08       0.7273      3.407
    6       -4.69        0.10       0.7139      3.741
    7       -4.36       -0.03       0.7117      3.319
    8       -4.74       -0.14       0.7020      3.819
    9       -4.53       -0.08       0.6718      3.423
