              _             
             (_)            
   __ _ _ __  _ _ __   __ _ 
  / _` | '_ \| | '_ \ / _` |
 | (_| | | | | | | | | (_| |
  \__, |_| |_|_|_| |_|\__,_|
   __/ |                    
  |___/                     

gnina v1.3.2 master:f23dd2b   Built Jul 29 2025.
gnina is based on smina and AutoDock Vina.
Please cite appropriately.

Commandline: gnina -r receptor.pdbqt -l ligands/noncovalent/GA_00_P3R.sdf --center_x -3.3369999999999997 --center_y -41.735 --center_z 29.543 --size_x 22.5 --size_y 22.5 --size_z 22.5 --exhaustiveness 16 --num_modes 9 --cnn_scoring rescore --seed 42 -o out_sens_boxxp2/GA_00_P3R_nc.sdf.gz --log out_sens_boxxp2/GA_00_P3R_nc.log
Using random seed: 42

mode |  affinity  |  intramol  |    CNN     |   CNN
     | (kcal/mol) | (kcal/mol) | pose score | affinity
-----+------------+------------+------------+----------
    1       -4.70       -0.02       0.8486      3.558
    2       -4.72       -0.10       0.8111      3.782
    3       -4.79       -0.13       0.7841      3.761
    4       -4.50       -0.12       0.7724      3.552
    5       -4.76        0.22       0.7715      3.554
    6       -4.81        0.23       0.7563      3.489
    7       -4.37       -0.17       0.7489      3.646
    8       -4.38       -0.18       0.7424      3.662
    9       -4.48       -0.19       0.7355      3.662
