              _             
             (_)            
   __ _ _ __  _ _ __   __ _ 
  / _` | '_ \| | '_ \ / _` |
 | (_| | | | | | | | | (_| |
  \__, |_| |_|_|_| |_|\__,_|
   __/ |                    
  |___/                     

gnina v1.3.2 master:f23dd2b   Built Jul 29 2025.
gnina is based on smina and AutoDock Vina.
Please cite appropriately.

Commandline: gnina -r receptor.pdbqt -l ligands/noncovalent/GB_00_P4S.sdf --center_x -3.3369999999999997 --center_y -41.735 --center_z 29.543 --size_x 22.5 --size_y 22.5 --size_z 22.5 --exhaustiveness 16 --num_modes 9 --cnn_scoring rescore --seed 42 -o out_sens_boxxp2/GB_00_P4S_nc.sdf.gz --log out_sens_boxxp2/GB_00_P4S_nc.log
Using random seed: 42

mode |  affinity  |  intramol  |    CNN     |   CNN
     | (kcal/mol) | (kcal/mol) | pose score | affinity
-----+------------+------------+------------+----------
    1       -4.13       -0.14       0.8009      3.087
    2       -4.39        1.44       0.7956      3.040
    3       -4.46        1.03       0.7818      3.045
    4       -4.00        0.99       0.7415      3.003
    5       -4.05        0.95       0.7342      3.115
    6       -4.16       -0.11       0.7142      3.069
    7       -4.06       -0.13       0.7121      3.073
    8       -4.56       -0.10       0.6711      3.160
    9       -4.30       -0.16       0.6685      3.223
