              _             
             (_)            
   __ _ _ __  _ _ __   __ _ 
  / _` | '_ \| | '_ \ / _` |
 | (_| | | | | | | | | (_| |
  \__, |_| |_|_|_| |_|\__,_|
   __/ |                    
  |___/                     

gnina v1.3.2 master:f23dd2b   Built Jul 29 2025.
gnina is based on smina and AutoDock Vina.
Please cite appropriately.

Commandline: gnina -r receptor.pdbqt -l ligands/noncovalent/GB_01_P4R.sdf --center_x -3.3369999999999997 --center_y -41.735 --center_z 29.543 --size_x 22.5 --size_y 22.5 --size_z 22.5 --exhaustiveness 16 --num_modes 9 --cnn_scoring rescore --seed 42 -o out_sens_boxxp2/GB_01_P4R_nc.sdf.gz --log out_sens_boxxp2/GB_01_P4R_nc.log
Using random seed: 42

mode |  affinity  |  intramol  |    CNN     |   CNN
     | (kcal/mol) | (kcal/mol) | pose score | affinity
-----+------------+------------+------------+----------
    1       -4.57       -0.14       0.8722      3.237
    2       -4.03       -0.13       0.7846      3.051
    3       -4.18       -0.13       0.7752      3.004
    4       -4.35       -0.14       0.7687      3.047
    5       -4.14       -0.13       0.7470      2.986
    6       -4.05       -0.04       0.7330      3.161
    7       -4.10       -0.16       0.6444      3.039
    8       -4.49        0.85       0.6338      2.991
    9       -4.25        1.02       0.6277      3.258
