              _             
             (_)            
   __ _ _ __  _ _ __   __ _ 
  / _` | '_ \| | '_ \ / _` |
 | (_| | | | | | | | | (_| |
  \__, |_| |_|_|_| |_|\__,_|
   __/ |                    
  |___/                     

gnina v1.3.2 master:f23dd2b   Built Jul 29 2025.
gnina is based on smina and AutoDock Vina.
Please cite appropriately.

Commandline: gnina -r receptor.pdbqt -l ligands/noncovalent/GD_03_C1R_P3R.sdf --center_x -3.3369999999999997 --center_y -41.735 --center_z 29.543 --size_x 22.5 --size_y 22.5 --size_z 22.5 --exhaustiveness 16 --num_modes 9 --cnn_scoring rescore --seed 42 -o out_sens_boxxp2/GD_03_C1R_P3R_nc.sdf.gz --log out_sens_boxxp2/GD_03_C1R_P3R_nc.log
Using random seed: 42

mode |  affinity  |  intramol  |    CNN     |   CNN
     | (kcal/mol) | (kcal/mol) | pose score | affinity
-----+------------+------------+------------+----------
    1       -5.62        2.20       0.8378      4.135
    2       -5.85       -0.24       0.8158      4.147
    3       -5.51        1.70       0.8139      4.140
    4       -5.80       -0.12       0.7369      3.990
    5       -5.23        1.08       0.7320      4.021
    6       -5.95       -0.09       0.6595      3.982
    7       -5.09        1.24       0.6587      3.914
    8       -5.58       -0.27       0.6412      3.908
    9       -5.11       -0.25       0.6329      4.000
