              _             
             (_)            
   __ _ _ __  _ _ __   __ _ 
  / _` | '_ \| | '_ \ / _` |
 | (_| | | | | | | | | (_| |
  \__, |_| |_|_|_| |_|\__,_|
   __/ |                    
  |___/                     

gnina v1.3.2 master:f23dd2b   Built Jul 29 2025.
gnina is based on smina and AutoDock Vina.
Please cite appropriately.

Commandline: gnina -r receptor.pdbqt -l ligands/noncovalent/GD_00_C1S_P3S.sdf --center_x -3.3369999999999997 --center_y -41.735 --center_z 29.543 --size_x 22.5 --size_y 22.5 --size_z 22.5 --exhaustiveness 16 --num_modes 9 --cnn_scoring rescore --seed 42 -o out_sens_boxxp2/GD_00_C1S_P3S_nc.sdf.gz --log out_sens_boxxp2/GD_00_C1S_P3S_nc.log
Using random seed: 42

mode |  affinity  |  intramol  |    CNN     |   CNN
     | (kcal/mol) | (kcal/mol) | pose score | affinity
-----+------------+------------+------------+----------
    1       -6.23       -0.02       0.8504      3.892
    2       -5.64       -0.25       0.7475      4.017
    3       -5.38       -0.31       0.7430      4.141
    4       -5.19       -0.27       0.7115      4.060
    5       -5.86        1.29       0.7089      3.924
    6       -5.57       -0.34       0.6579      4.058
    7       -6.40       -0.19       0.6564      3.928
    8       -5.32       -0.22       0.6198      3.774
    9       -5.97       -0.23       0.5939      3.844
