              _             
             (_)            
   __ _ _ __  _ _ __   __ _ 
  / _` | '_ \| | '_ \ / _` |
 | (_| | | | | | | | | (_| |
  \__, |_| |_|_|_| |_|\__,_|
   __/ |                    
  |___/                     

gnina v1.3.2 master:f23dd2b   Built Jul 29 2025.
gnina is based on smina and AutoDock Vina.
Please cite appropriately.

Commandline: gnina -r receptor.pdbqt -l ligands/noncovalent/GD_02_C1S_P3R.sdf --center_x -3.3369999999999997 --center_y -41.735 --center_z 29.543 --size_x 22.5 --size_y 22.5 --size_z 22.5 --exhaustiveness 16 --num_modes 9 --cnn_scoring rescore --seed 42 -o out_sens_boxxp2/GD_02_C1S_P3R_nc.sdf.gz --log out_sens_boxxp2/GD_02_C1S_P3R_nc.log
Using random seed: 42

mode |  affinity  |  intramol  |    CNN     |   CNN
     | (kcal/mol) | (kcal/mol) | pose score | affinity
-----+------------+------------+------------+----------
    1       -5.77        0.08       0.8073      4.049
    2       -5.43       -0.26       0.8054      4.160
    3       -5.71        0.05       0.7867      4.006
    4       -6.04       -0.27       0.7786      3.972
    5       -6.08       -0.25       0.7778      3.988
    6       -6.07       -0.25       0.7664      3.979
    7       -5.89       -0.20       0.7414      4.073
    8       -5.81       -0.36       0.6550      3.679
    9       -5.55       -0.21       0.6462      3.839
