              _             
             (_)            
   __ _ _ __  _ _ __   __ _ 
  / _` | '_ \| | '_ \ / _` |
 | (_| | | | | | | | | (_| |
  \__, |_| |_|_|_| |_|\__,_|
   __/ |                    
  |___/                     

gnina v1.3.2 master:f23dd2b   Built Jul 29 2025.
gnina is based on smina and AutoDock Vina.
Please cite appropriately.

Commandline: gnina -r receptor.pdbqt -l ligands/noncovalent/GD_01_C1R_P3S.sdf --center_x -3.3369999999999997 --center_y -41.735 --center_z 29.543 --size_x 22.5 --size_y 22.5 --size_z 22.5 --exhaustiveness 16 --num_modes 9 --cnn_scoring rescore --seed 42 -o out_sens_boxxp2/GD_01_C1R_P3S_nc.sdf.gz --log out_sens_boxxp2/GD_01_C1R_P3S_nc.log
Using random seed: 42

mode |  affinity  |  intramol  |    CNN     |   CNN
     | (kcal/mol) | (kcal/mol) | pose score | affinity
-----+------------+------------+------------+----------
    1       -5.22        1.46       0.7939      4.449
    2       -5.98        0.11       0.7934      3.935
    3       -5.40        1.33       0.7465      3.896
    4       -5.82       -0.02       0.7037      3.934
    5       -5.01        1.47       0.6890      4.179
    6       -5.47       -0.25       0.6780      3.960
    7       -5.17        1.05       0.6716      3.820
    8       -5.56       -0.18       0.6705      3.775
    9       -5.24       -0.14       0.6649      3.917
