              _             
             (_)            
   __ _ _ __  _ _ __   __ _ 
  / _` | '_ \| | '_ \ / _` |
 | (_| | | | | | | | | (_| |
  \__, |_| |_|_|_| |_|\__,_|
   __/ |                    
  |___/                     

gnina v1.3.2 master:f23dd2b   Built Jul 29 2025.
gnina is based on smina and AutoDock Vina.
Please cite appropriately.

Commandline: gnina -r receptor.pdbqt -l ligands/noncovalent/GF_00_P1S.sdf --center_x -3.3369999999999997 --center_y -41.735 --center_z 29.543 --size_x 22.5 --size_y 22.5 --size_z 22.5 --exhaustiveness 16 --num_modes 9 --cnn_scoring rescore --seed 42 -o out_sens_boxxp2/GF_00_P1S_nc.sdf.gz --log out_sens_boxxp2/GF_00_P1S_nc.log
Using random seed: 42

mode |  affinity  |  intramol  |    CNN     |   CNN
     | (kcal/mol) | (kcal/mol) | pose score | affinity
-----+------------+------------+------------+----------
    1       -5.61       -0.16       0.7989      3.774
    2       -5.67       -0.20       0.7974      3.805
    3       -5.98       -0.20       0.7941      4.038
    4       -5.77        0.24       0.7499      3.707
    5       -5.76       -0.11       0.7411      3.943
    6       -6.24       -0.20       0.7208      3.929
    7       -5.94       -0.17       0.6484      3.805
    8       -5.44        1.22       0.6318      4.312
    9       -5.91       -0.15       0.6164      3.593
