              _             
             (_)            
   __ _ _ __  _ _ __   __ _ 
  / _` | '_ \| | '_ \ / _` |
 | (_| | | | | | | | | (_| |
  \__, |_| |_|_|_| |_|\__,_|
   __/ |                    
  |___/                     

gnina v1.3.2 master:f23dd2b   Built Jul 29 2025.
gnina is based on smina and AutoDock Vina.
Please cite appropriately.

Commandline: gnina -r receptor.pdbqt -l ligands/noncovalent/GF_01_P1R.sdf --center_x -3.3369999999999997 --center_y -41.735 --center_z 29.543 --size_x 22.5 --size_y 22.5 --size_z 22.5 --exhaustiveness 16 --num_modes 9 --cnn_scoring rescore --seed 42 -o out_sens_boxxp2/GF_01_P1R_nc.sdf.gz --log out_sens_boxxp2/GF_01_P1R_nc.log
Using random seed: 42

mode |  affinity  |  intramol  |    CNN     |   CNN
     | (kcal/mol) | (kcal/mol) | pose score | affinity
-----+------------+------------+------------+----------
    1       -6.29       -0.15       0.8227      4.043
    2       -6.36        0.87       0.8223      4.193
    3       -5.59       -0.17       0.7914      3.837
    4       -5.81       -0.19       0.7336      4.044
    5       -5.92       -0.19       0.7126      3.824
    6       -5.61       -0.20       0.7062      3.899
    7       -5.66       -0.09       0.6919      3.652
    8       -5.41       -0.18       0.6709      3.974
    9       -5.78        0.88       0.6579      4.119
