              _             
             (_)            
   __ _ _ __  _ _ __   __ _ 
  / _` | '_ \| | '_ \ / _` |
 | (_| | | | | | | | | (_| |
  \__, |_| |_|_|_| |_|\__,_|
   __/ |                    
  |___/                     

gnina v1.3.2 master:f23dd2b   Built Jul 29 2025.
gnina is based on smina and AutoDock Vina.
Please cite appropriately.

Commandline: gnina -r receptor.pdbqt -l ligands/noncovalent/METH_01_P2S.sdf --center_x -3.3369999999999997 --center_y -41.735 --center_z 29.543 --size_x 22.5 --size_y 22.5 --size_z 22.5 --exhaustiveness 16 --num_modes 9 --cnn_scoring rescore --seed 42 -o out_sens_boxxp2/METH_01_P2S_nc.sdf.gz --log out_sens_boxxp2/METH_01_P2S_nc.log
Using random seed: 42

mode |  affinity  |  intramol  |    CNN     |   CNN
     | (kcal/mol) | (kcal/mol) | pose score | affinity
-----+------------+------------+------------+----------
    1       -4.17       -0.03       0.8851      4.285
    2       -4.02       -0.04       0.6669      4.042
    3       -3.68       -0.01       0.6157      3.557
    4       -4.12       -0.00       0.4728      3.625
    5       -3.91       -0.03       0.4216      3.335
    6       -3.45       -0.00       0.4216      3.276
    7       -3.53       -0.00       0.4045      3.559
    8       -3.24       -0.04       0.3179      3.344
    9       -3.43       -0.04       0.3128      2.972
