              _             
             (_)            
   __ _ _ __  _ _ __   __ _ 
  / _` | '_ \| | '_ \ / _` |
 | (_| | | | | | | | | (_| |
  \__, |_| |_|_|_| |_|\__,_|
   __/ |                    
  |___/                     

gnina v1.3.2 master:f23dd2b   Built Jul 29 2025.
gnina is based on smina and AutoDock Vina.
Please cite appropriately.

Commandline: gnina -r receptor.pdbqt -l ligands/noncovalent/METH_00_P2R.sdf --center_x -3.3369999999999997 --center_y -41.735 --center_z 29.543 --size_x 22.5 --size_y 22.5 --size_z 22.5 --exhaustiveness 16 --num_modes 9 --cnn_scoring rescore --seed 42 -o out_sens_boxxp2/METH_00_P2R_nc.sdf.gz --log out_sens_boxxp2/METH_00_P2R_nc.log
Using random seed: 42

mode |  affinity  |  intramol  |    CNN     |   CNN
     | (kcal/mol) | (kcal/mol) | pose score | affinity
-----+------------+------------+------------+----------
    1       -4.04       -0.00       0.7599      3.798
    2       -3.57       -0.03       0.6140      3.694
    3       -4.18       -0.04       0.5525      3.764
    4       -3.45       -0.00       0.5204      3.312
    5       -3.29       -0.00       0.5118      3.294
    6       -3.65       -0.00       0.4945      3.528
    7       -3.68       -0.01       0.4365      3.613
    8       -3.62       -0.01       0.4332      3.662
    9       -4.09       -0.04       0.4007      3.634
