              _             
             (_)            
   __ _ _ __  _ _ __   __ _ 
  / _` | '_ \| | '_ \ / _` |
 | (_| | | | | | | | | (_| |
  \__, |_| |_|_|_| |_|\__,_|
   __/ |                    
  |___/                     

gnina v1.3.2 master:f23dd2b   Built Jul 29 2025.
gnina is based on smina and AutoDock Vina.
Please cite appropriately.

Commandline: gnina -r receptor.pdbqt -l ligands/noncovalent/MLT_01_C6R.sdf --center_x -3.3369999999999997 --center_y -41.735 --center_z 29.543 --size_x 22.5 --size_y 22.5 --size_z 22.5 --exhaustiveness 16 --num_modes 9 --cnn_scoring rescore --seed 42 -o out_sens_boxxp2/MLT_01_C6R_nc.sdf.gz --log out_sens_boxxp2/MLT_01_C6R_nc.log
Using random seed: 42

mode |  affinity  |  intramol  |    CNN     |   CNN
     | (kcal/mol) | (kcal/mol) | pose score | affinity
-----+------------+------------+------------+----------
    1       -6.29       -0.77       0.8700      4.490
    2       -6.67        0.50       0.6903      4.286
    3       -5.91       -0.03       0.6689      4.161
    4       -6.63       -0.06       0.6684      4.201
    5       -5.95       -0.74       0.6608      4.498
    6       -6.83        0.42       0.6588      4.228
    7       -6.08        0.15       0.6447      4.588
    8       -6.17        0.40       0.5712      4.483
    9       -6.45       -0.51       0.5641      4.435
