              _             
             (_)            
   __ _ _ __  _ _ __   __ _ 
  / _` | '_ \| | '_ \ / _` |
 | (_| | | | | | | | | (_| |
  \__, |_| |_|_|_| |_|\__,_|
   __/ |                    
  |___/                     

gnina v1.3.2 master:f23dd2b   Built Jul 29 2025.
gnina is based on smina and AutoDock Vina.
Please cite appropriately.

Commandline: gnina -r receptor.pdbqt -l ligands/noncovalent/MLT_00_C6S.sdf --center_x -3.3369999999999997 --center_y -41.735 --center_z 29.543 --size_x 22.5 --size_y 22.5 --size_z 22.5 --exhaustiveness 16 --num_modes 9 --cnn_scoring rescore --seed 42 -o out_sens_boxxp2/MLT_00_C6S_nc.sdf.gz --log out_sens_boxxp2/MLT_00_C6S_nc.log
Using random seed: 42

mode |  affinity  |  intramol  |    CNN     |   CNN
     | (kcal/mol) | (kcal/mol) | pose score | affinity
-----+------------+------------+------------+----------
    1       -6.36        0.73       0.8693      4.324
    2       -6.16        1.18       0.8259      4.251
    3       -6.43       -0.32       0.7622      3.928
    4       -6.33       -0.60       0.6860      4.076
    5       -6.61       -0.34       0.6576      4.152
    6       -6.71       -0.18       0.6262      4.323
    7       -6.46        0.17       0.6204      4.036
    8       -6.05       -0.16       0.5946      4.002
    9       -6.39       -0.77       0.5827      4.418
