              _             
             (_)            
   __ _ _ __  _ _ __   __ _ 
  / _` | '_ \| | '_ \ / _` |
 | (_| | | | | | | | | (_| |
  \__, |_| |_|_|_| |_|\__,_|
   __/ |                    
  |___/                     

gnina v1.3.2 master:f23dd2b   Built Jul 29 2025.
gnina is based on smina and AutoDock Vina.
Please cite appropriately.

Commandline: gnina -r receptor.pdbqt -l ligands/noncovalent/MPXN_00_achiral.sdf --center_x -3.3369999999999997 --center_y -41.735 --center_z 29.543 --size_x 22.5 --size_y 22.5 --size_z 22.5 --exhaustiveness 16 --num_modes 9 --cnn_scoring rescore --seed 42 -o out_sens_boxxp2/MPXN_00_achiral_nc.sdf.gz --log out_sens_boxxp2/MPXN_00_achiral_nc.log
Using random seed: 42

mode |  affinity  |  intramol  |    CNN     |   CNN
     | (kcal/mol) | (kcal/mol) | pose score | affinity
-----+------------+------------+------------+----------
    1       -6.70       -0.36       0.7537      4.158
    2       -6.67       -0.15       0.6845      3.662
    3       -6.33       -0.06       0.6446      3.850
    4       -6.77        1.36       0.5877      3.907
    5       -5.85        1.21       0.5873      3.695
    6       -6.60       -0.28       0.5871      3.538
    7       -6.49       -0.27       0.5733      4.260
    8       -6.70        0.18       0.5483      4.052
    9       -6.42        0.01       0.4966      4.441
