              _             
             (_)            
   __ _ _ __  _ _ __   __ _ 
  / _` | '_ \| | '_ \ / _` |
 | (_| | | | | | | | | (_| |
  \__, |_| |_|_|_| |_|\__,_|
   __/ |                    
  |___/                     

gnina v1.3.2 master:f23dd2b   Built Jul 29 2025.
gnina is based on smina and AutoDock Vina.
Please cite appropriately.

Commandline: gnina -r receptor.pdbqt -l ligands/noncovalent/PARA_00_achiral.sdf --center_x -3.3369999999999997 --center_y -41.735 --center_z 29.543 --size_x 22.5 --size_y 22.5 --size_z 22.5 --exhaustiveness 16 --num_modes 9 --cnn_scoring rescore --seed 42 -o out_sens_boxxp2/PARA_00_achiral_nc.sdf.gz --log out_sens_boxxp2/PARA_00_achiral_nc.log
Using random seed: 42

mode |  affinity  |  intramol  |    CNN     |   CNN
     | (kcal/mol) | (kcal/mol) | pose score | affinity
-----+------------+------------+------------+----------
    1       -6.39        0.42       0.6796      4.197
    2       -6.22       -0.32       0.6127      4.162
    3       -5.07        7.10       0.6075      4.572
    4       -6.30        0.59       0.5494      5.223
    5       -6.96        0.64       0.5210      5.018
    6       -6.29       -0.31       0.5018      3.940
    7       -6.75        0.13       0.4658      4.883
    8       -6.69        0.14       0.4535      4.962
    9       -5.95       -0.18       0.4427      4.083
