              _             
             (_)            
   __ _ _ __  _ _ __   __ _ 
  / _` | '_ \| | '_ \ / _` |
 | (_| | | | | | | | | (_| |
  \__, |_| |_|_|_| |_|\__,_|
   __/ |                    
  |___/                     

gnina v1.3.2 master:f23dd2b   Built Jul 29 2025.
gnina is based on smina and AutoDock Vina.
Please cite appropriately.

Commandline: gnina -r receptor.pdbqt -l ligands/noncovalent/PXNE_00_achiral.sdf --center_x -3.3369999999999997 --center_y -41.735 --center_z 29.543 --size_x 22.5 --size_y 22.5 --size_z 22.5 --exhaustiveness 16 --num_modes 9 --cnn_scoring rescore --seed 42 -o out_sens_boxxp2/PXNE_00_achiral_nc.sdf.gz --log out_sens_boxxp2/PXNE_00_achiral_nc.log
Using random seed: 42

mode |  affinity  |  intramol  |    CNN     |   CNN
     | (kcal/mol) | (kcal/mol) | pose score | affinity
-----+------------+------------+------------+----------
    1       -6.74       -0.53       0.7800      4.185
    2       -7.01       -0.49       0.6717      4.991
    3       -6.34       -0.43       0.6511      4.191
    4       -6.66       -0.70       0.6049      4.028
    5       -6.44       -0.13       0.6034      5.083
    6       -6.37       -0.16       0.5642      4.111
    7       -6.11       -0.40       0.5598      3.605
    8       -6.79        0.73       0.5306      4.876
    9       -6.37        0.03       0.4955      4.959
