              _             
             (_)            
   __ _ _ __  _ _ __   __ _ 
  / _` | '_ \| | '_ \ / _` |
 | (_| | | | | | | | | (_| |
  \__, |_| |_|_|_| |_|\__,_|
   __/ |                    
  |___/                     

gnina v1.3.2 master:f23dd2b   Built Jul 29 2025.
gnina is based on smina and AutoDock Vina.
Please cite appropriately.

Commandline: gnina -r receptor.pdbqt -l ligands/noncovalent/VR_01_P8R.sdf --center_x -3.3369999999999997 --center_y -41.735 --center_z 29.543 --size_x 22.5 --size_y 22.5 --size_z 22.5 --exhaustiveness 16 --num_modes 9 --cnn_scoring rescore --seed 42 -o out_sens_boxxp2/VR_01_P8R_nc.sdf.gz --log out_sens_boxxp2/VR_01_P8R_nc.log
Using random seed: 42

mode |  affinity  |  intramol  |    CNN     |   CNN
     | (kcal/mol) | (kcal/mol) | pose score | affinity
-----+------------+------------+------------+----------
    1       -5.79       -0.33       0.8900      4.780
    2       -5.63       -0.19       0.8811      4.590
    3       -6.36       -0.55       0.8766      5.603
    4       -6.09       -0.37       0.8658      4.393
    5       -5.73       -0.12       0.8438      4.538
    6       -5.27       -0.73       0.8099      4.836
    7       -6.05       -0.08       0.8041      4.857
    8       -5.79       -0.38       0.7822      4.244
    9       -5.59       -0.44       0.7470      4.413
