              _             
             (_)            
   __ _ _ __  _ _ __   __ _ 
  / _` | '_ \| | '_ \ / _` |
 | (_| | | | | | | | | (_| |
  \__, |_| |_|_|_| |_|\__,_|
   __/ |                    
  |___/                     

gnina v1.3.2 master:f23dd2b   Built Jul 29 2025.
gnina is based on smina and AutoDock Vina.
Please cite appropriately.

Commandline: gnina -r receptor.pdbqt -l ligands/noncovalent/VR_00_P8S.sdf --center_x -3.3369999999999997 --center_y -41.735 --center_z 29.543 --size_x 22.5 --size_y 22.5 --size_z 22.5 --exhaustiveness 16 --num_modes 9 --cnn_scoring rescore --seed 42 -o out_sens_boxxp2/VR_00_P8S_nc.sdf.gz --log out_sens_boxxp2/VR_00_P8S_nc.log
Using random seed: 42

mode |  affinity  |  intramol  |    CNN     |   CNN
     | (kcal/mol) | (kcal/mol) | pose score | affinity
-----+------------+------------+------------+----------
    1       -5.64        1.13       0.9020      4.532
    2       -5.74       -0.40       0.8759      5.404
    3       -5.53       -0.59       0.8483      5.186
    4       -5.88        0.23       0.8177      4.464
    5       -6.47       -0.36       0.7859      5.635
    6       -5.47       -0.06       0.7699      5.040
    7       -5.94       -0.44       0.7636      4.629
    8       -5.57       -0.27       0.7330      5.373
    9       -5.28       -0.43       0.7259      4.566
