              _             
             (_)            
   __ _ _ __  _ _ __   __ _ 
  / _` | '_ \| | '_ \ / _` |
 | (_| | | | | | | | | (_| |
  \__, |_| |_|_|_| |_|\__,_|
   __/ |                    
  |___/                     

gnina v1.3.2 master:f23dd2b   Built Jul 29 2025.
gnina is based on smina and AutoDock Vina.
Please cite appropriately.

Commandline: gnina -r receptor.pdbqt -l ligands/noncovalent/VX_00_P3S.sdf --center_x -3.3369999999999997 --center_y -41.735 --center_z 29.543 --size_x 22.5 --size_y 22.5 --size_z 22.5 --exhaustiveness 16 --num_modes 9 --cnn_scoring rescore --seed 42 -o out_sens_boxxp2/VX_00_P3S_nc.sdf.gz --log out_sens_boxxp2/VX_00_P3S_nc.log
Using random seed: 42

mode |  affinity  |  intramol  |    CNN     |   CNN
     | (kcal/mol) | (kcal/mol) | pose score | affinity
-----+------------+------------+------------+----------
    1       -6.09        0.32       0.9086      4.876
    2       -5.86       -0.30       0.8764      4.988
    3       -6.43        2.40       0.8691      5.195
    4       -6.01       -0.23       0.8622      4.662
    5       -6.39        0.66       0.8589      5.022
    6       -6.10       -0.44       0.8553      4.820
    7       -5.77        0.85       0.8455      4.548
    8       -5.88       -0.23       0.8313      4.389
    9       -6.49       -0.20       0.8224      5.110
