              _             
             (_)            
   __ _ _ __  _ _ __   __ _ 
  / _` | '_ \| | '_ \ / _` |
 | (_| | | | | | | | | (_| |
  \__, |_| |_|_|_| |_|\__,_|
   __/ |                    
  |___/                     

gnina v1.3.2 master:f23dd2b   Built Jul 29 2025.
gnina is based on smina and AutoDock Vina.
Please cite appropriately.

Commandline: gnina -r receptor.pdbqt -l ligands/noncovalent/VX_01_P3R.sdf --center_x -3.3369999999999997 --center_y -41.735 --center_z 29.543 --size_x 22.5 --size_y 22.5 --size_z 22.5 --exhaustiveness 16 --num_modes 9 --cnn_scoring rescore --seed 42 -o out_sens_boxxp2/VX_01_P3R_nc.sdf.gz --log out_sens_boxxp2/VX_01_P3R_nc.log
Using random seed: 42

mode |  affinity  |  intramol  |    CNN     |   CNN
     | (kcal/mol) | (kcal/mol) | pose score | affinity
-----+------------+------------+------------+----------
    1       -5.57        1.13       0.8899      4.666
    2       -6.33        1.49       0.8736      4.630
    3       -6.02        0.67       0.8381      4.562
    4       -5.73        1.34       0.8374      4.455
    5       -5.58       -0.05       0.8218      4.711
    6       -6.15       -0.02       0.8126      5.331
    7       -5.98       -0.60       0.8022      4.939
    8       -5.66        0.93       0.7843      4.526
    9       -6.14        0.25       0.7716      5.048
