              _             
             (_)            
   __ _ _ __  _ _ __   __ _ 
  / _` | '_ \| | '_ \ / _` |
 | (_| | | | | | | | | (_| |
  \__, |_| |_|_|_| |_|\__,_|
   __/ |                    
  |___/                     

gnina v1.3.2 master:f23dd2b   Built Jul 29 2025.
gnina is based on smina and AutoDock Vina.
Please cite appropriately.

Commandline: gnina -r receptor.pdbqt -l ligands/noncovalent/A230_02_P8R_C5N7Z.sdf --center_x -5.337 --center_y -41.735 --center_z 29.543 --size_x 22.5 --size_y 22.5 --size_z 22.5 --exhaustiveness 16 --num_modes 9 --cnn_scoring rescore -o out_noncovalent/A230_02_P8R_C5N7Z_nc.sdf.gz --log out_noncovalent/A230_02_P8R_C5N7Z_nc.log
Using random seed: -1163811762

mode |  affinity  |  intramol  |    CNN     |   CNN
     | (kcal/mol) | (kcal/mol) | pose score | affinity
-----+------------+------------+------------+----------
    1       -5.93       -0.41       0.8750      4.577
    2       -5.48       -0.19       0.8534      4.184
    3       -5.73       -0.08       0.8073      4.734
    4       -5.55       -0.20       0.8053      4.106
    5       -5.55       -0.24       0.7981      4.127
    6       -5.52       -0.17       0.7892      4.176
    7       -5.95       -0.20       0.7805      4.277
    8       -5.81       -0.31       0.7390      4.497
    9       -5.51        0.09       0.7003      3.876
