              _             
             (_)            
   __ _ _ __  _ _ __   __ _ 
  / _` | '_ \| | '_ \ / _` |
 | (_| | | | | | | | | (_| |
  \__, |_| |_|_|_| |_|\__,_|
   __/ |                    
  |___/                     

gnina v1.3.2 master:f23dd2b   Built Jul 29 2025.
gnina is based on smina and AutoDock Vina.
Please cite appropriately.

Commandline: gnina -r receptor.pdbqt -l ligands/noncovalent/A230_01_P8S_C5N7E.sdf --center_x -5.337 --center_y -41.735 --center_z 29.543 --size_x 22.5 --size_y 22.5 --size_z 22.5 --exhaustiveness 16 --num_modes 9 --cnn_scoring rescore -o out_noncovalent/A230_01_P8S_C5N7E_nc.sdf.gz --log out_noncovalent/A230_01_P8S_C5N7E_nc.log
Using random seed: -1106945840

mode |  affinity  |  intramol  |    CNN     |   CNN
     | (kcal/mol) | (kcal/mol) | pose score | affinity
-----+------------+------------+------------+----------
    1       -5.40        0.50       0.8884      4.729
    2       -5.72        0.31       0.8753      4.701
    3       -5.83        1.33       0.8675      4.585
    4       -5.39        0.37       0.8561      4.298
    5       -5.95        0.30       0.8376      4.515
    6       -5.71        0.02       0.8355      4.649
    7       -5.96        0.26       0.8275      4.502
    8       -5.21        0.32       0.7946      4.024
    9       -5.29        0.13       0.7651      4.477
