              _             
             (_)            
   __ _ _ __  _ _ __   __ _ 
  / _` | '_ \| | '_ \ / _` |
 | (_| | | | | | | | | (_| |
  \__, |_| |_|_|_| |_|\__,_|
   __/ |                    
  |___/                     

gnina v1.3.2 master:f23dd2b   Built Jul 29 2025.
gnina is based on smina and AutoDock Vina.
Please cite appropriately.

Commandline: gnina -r receptor.pdbqt -l ligands/noncovalent/A230_00_P8R_C5N7E.sdf --center_x -5.337 --center_y -41.735 --center_z 29.543 --size_x 22.5 --size_y 22.5 --size_z 22.5 --exhaustiveness 16 --num_modes 9 --cnn_scoring rescore -o out_noncovalent/A230_00_P8R_C5N7E_nc.sdf.gz --log out_noncovalent/A230_00_P8R_C5N7E_nc.log
Using random seed: -1050285959

mode |  affinity  |  intramol  |    CNN     |   CNN
     | (kcal/mol) | (kcal/mol) | pose score | affinity
-----+------------+------------+------------+----------
    1       -5.92        0.33       0.9166      4.705
    2       -5.87        0.33       0.9160      4.747
    3       -5.26        0.36       0.8808      4.257
    4       -5.30        0.29       0.8114      3.879
    5       -5.67       -0.23       0.8025      4.577
    6       -5.88        0.18       0.7681      4.331
    7       -5.45       -0.14       0.7652      3.918
    8       -5.35       -0.00       0.7594      3.828
    9       -5.29       -0.03       0.7340      4.513
