              _             
             (_)            
   __ _ _ __  _ _ __   __ _ 
  / _` | '_ \| | '_ \ / _` |
 | (_| | | | | | | | | (_| |
  \__, |_| |_|_|_| |_|\__,_|
   __/ |                    
  |___/                     

gnina v1.3.2 master:f23dd2b   Built Jul 29 2025.
gnina is based on smina and AutoDock Vina.
Please cite appropriately.

Commandline: gnina -r receptor.pdbqt -l ligands/noncovalent/A230_03_P8S_C5N7Z.sdf --center_x -5.337 --center_y -41.735 --center_z 29.543 --size_x 22.5 --size_y 22.5 --size_z 22.5 --exhaustiveness 16 --num_modes 9 --cnn_scoring rescore -o out_noncovalent/A230_03_P8S_C5N7Z_nc.sdf.gz --log out_noncovalent/A230_03_P8S_C5N7Z_nc.log
Using random seed: -1220469470

mode |  affinity  |  intramol  |    CNN     |   CNN
     | (kcal/mol) | (kcal/mol) | pose score | affinity
-----+------------+------------+------------+----------
    1       -5.59        0.55       0.9150      4.214
    2       -5.85        1.26       0.9133      4.873
    3       -5.96        0.07       0.9096      4.919
    4       -5.70       -0.08       0.8972      4.601
    5       -5.73        1.41       0.8833      4.553
    6       -5.61       -0.07       0.8794      4.320
    7       -5.57        0.32       0.8540      4.628
    8       -5.31        1.18       0.8351      4.366
    9       -5.46       -0.30       0.8296      4.340
