              _             
             (_)            
   __ _ _ __  _ _ __   __ _ 
  / _` | '_ \| | '_ \ / _` |
 | (_| | | | | | | | | (_| |
  \__, |_| |_|_|_| |_|\__,_|
   __/ |                    
  |___/                     

gnina v1.3.2 master:f23dd2b   Built Jul 29 2025.
gnina is based on smina and AutoDock Vina.
Please cite appropriately.

Commandline: gnina -r receptor.pdbqt -l ligands/noncovalent/A232_00_P8R_C5N7E.sdf --center_x -5.337 --center_y -41.735 --center_z 29.543 --size_x 22.5 --size_y 22.5 --size_z 22.5 --exhaustiveness 16 --num_modes 9 --cnn_scoring rescore -o out_noncovalent/A232_00_P8R_C5N7E_nc.sdf.gz --log out_noncovalent/A232_00_P8R_C5N7E_nc.log
Using random seed: -1277126012

mode |  affinity  |  intramol  |    CNN     |   CNN
     | (kcal/mol) | (kcal/mol) | pose score | affinity
-----+------------+------------+------------+----------
    1       -5.78       -0.03       0.9426      4.250
    2       -6.13       -0.22       0.9406      4.652
    3       -6.13       -0.19       0.9400      4.647
    4       -5.72        0.18       0.8977      4.968
    5       -5.88        0.31       0.8733      4.551
    6       -5.83        0.17       0.8172      4.489
    7       -5.57        0.16       0.7934      3.883
    8       -6.05        0.26       0.7561      4.290
    9       -5.66        0.25       0.7219      4.667
