              _             
             (_)            
   __ _ _ __  _ _ __   __ _ 
  / _` | '_ \| | '_ \ / _` |
 | (_| | | | | | | | | (_| |
  \__, |_| |_|_|_| |_|\__,_|
   __/ |                    
  |___/                     

gnina v1.3.2 master:f23dd2b   Built Jul 29 2025.
gnina is based on smina and AutoDock Vina.
Please cite appropriately.

Commandline: gnina -r receptor.pdbqt -l ligands/noncovalent/A232_02_P8R_C5N7Z.sdf --center_x -5.337 --center_y -41.735 --center_z 29.543 --size_x 22.5 --size_y 22.5 --size_z 22.5 --exhaustiveness 16 --num_modes 9 --cnn_scoring rescore -o out_noncovalent/A232_02_P8R_C5N7Z_nc.sdf.gz --log out_noncovalent/A232_02_P8R_C5N7Z_nc.log
Using random seed: -1390504879

mode |  affinity  |  intramol  |    CNN     |   CNN
     | (kcal/mol) | (kcal/mol) | pose score | affinity
-----+------------+------------+------------+----------
    1       -6.13       -0.05       0.9250      4.667
    2       -5.90       -0.24       0.9129      4.969
    3       -6.25        0.26       0.8910      4.579
    4       -6.03       -0.05       0.8817      4.581
    5       -6.15       -0.04       0.8504      4.587
    6       -5.45       -0.09       0.8363      3.925
    7       -5.70        0.23       0.8056      4.249
    8       -5.75        0.46       0.7874      4.550
    9       -5.90       -0.41       0.7833      4.179
