              _             
             (_)            
   __ _ _ __  _ _ __   __ _ 
  / _` | '_ \| | '_ \ / _` |
 | (_| | | | | | | | | (_| |
  \__, |_| |_|_|_| |_|\__,_|
   __/ |                    
  |___/                     

gnina v1.3.2 master:f23dd2b   Built Jul 29 2025.
gnina is based on smina and AutoDock Vina.
Please cite appropriately.

Commandline: gnina -r receptor.pdbqt -l ligands/noncovalent/A232_03_P8S_C5N7Z.sdf --center_x -5.337 --center_y -41.735 --center_z 29.543 --size_x 22.5 --size_y 22.5 --size_z 22.5 --exhaustiveness 16 --num_modes 9 --cnn_scoring rescore -o out_noncovalent/A232_03_P8S_C5N7Z_nc.sdf.gz --log out_noncovalent/A232_03_P8S_C5N7Z_nc.log
Using random seed: -396925348

mode |  affinity  |  intramol  |    CNN     |   CNN
     | (kcal/mol) | (kcal/mol) | pose score | affinity
-----+------------+------------+------------+----------
    1       -6.12       -0.05       0.9691      4.486
    2       -5.91       -0.22       0.9073      4.700
    3       -5.81       -0.19       0.9045      4.392
    4       -5.84        0.02       0.8458      4.900
    5       -6.13        0.14       0.8365      4.686
    6       -5.87       -0.28       0.8360      4.180
    7       -5.91        0.52       0.8293      4.649
    8       -5.96       -0.08       0.8258      4.694
    9       -5.54       -0.27       0.8217      4.157
