              _             
             (_)            
   __ _ _ __  _ _ __   __ _ 
  / _` | '_ \| | '_ \ / _` |
 | (_| | | | | | | | | (_| |
  \__, |_| |_|_|_| |_|\__,_|
   __/ |                    
  |___/                     

gnina v1.3.2 master:f23dd2b   Built Jul 29 2025.
gnina is based on smina and AutoDock Vina.
Please cite appropriately.

Commandline: gnina -r receptor.pdbqt -l ligands/noncovalent/A232_01_P8S_C5N7E.sdf --center_x -5.337 --center_y -41.735 --center_z 29.543 --size_x 22.5 --size_y 22.5 --size_z 22.5 --exhaustiveness 16 --num_modes 9 --cnn_scoring rescore -o out_noncovalent/A232_01_P8S_C5N7E_nc.sdf.gz --log out_noncovalent/A232_01_P8S_C5N7E_nc.log
Using random seed: -1333919844

mode |  affinity  |  intramol  |    CNN     |   CNN
     | (kcal/mol) | (kcal/mol) | pose score | affinity
-----+------------+------------+------------+----------
    1       -5.98       -0.07       0.9109      4.753
    2       -5.83        0.99       0.9062      5.145
    3       -5.40       -0.10       0.8662      4.658
    4       -5.63        0.05       0.8541      4.379
    5       -5.55        0.54       0.8165      4.632
    6       -5.50       -0.16       0.8147      3.789
    7       -5.98        0.20       0.7807      4.622
    8       -5.62       -0.04       0.7236      4.392
    9       -5.26        0.69       0.7159      4.043
