              _             
             (_)            
   __ _ _ __  _ _ __   __ _ 
  / _` | '_ \| | '_ \ / _` |
 | (_| | | | | | | | | (_| |
  \__, |_| |_|_|_| |_|\__,_|
   __/ |                    
  |___/                     

gnina v1.3.2 master:f23dd2b   Built Jul 29 2025.
gnina is based on smina and AutoDock Vina.
Please cite appropriately.

Commandline: gnina -r receptor.pdbqt -l ligands/noncovalent/A234_02_P3S_N6C7Z.sdf --center_x -5.337 --center_y -41.735 --center_z 29.543 --size_x 22.5 --size_y 22.5 --size_z 22.5 --exhaustiveness 16 --num_modes 9 --cnn_scoring rescore -o out_noncovalent/A234_02_P3S_N6C7Z_nc.sdf.gz --log out_noncovalent/A234_02_P3S_N6C7Z_nc.log
Using random seed: -567016536

mode |  affinity  |  intramol  |    CNN     |   CNN
     | (kcal/mol) | (kcal/mol) | pose score | affinity
-----+------------+------------+------------+----------
    1       -6.64       -0.13       0.9655      4.473
    2       -6.61       -0.19       0.8898      4.840
    3       -6.09        0.41       0.8883      4.776
    4       -6.14        0.04       0.8880      3.984
    5       -6.44       -0.52       0.8816      5.120
    6       -6.18       -0.18       0.8793      4.525
    7       -6.10        0.13       0.8533      4.051
    8       -6.10       -0.12       0.8464      4.260
    9       -6.50        0.16       0.8413      4.667
