              _             
             (_)            
   __ _ _ __  _ _ __   __ _ 
  / _` | '_ \| | '_ \ / _` |
 | (_| | | | | | | | | (_| |
  \__, |_| |_|_|_| |_|\__,_|
   __/ |                    
  |___/                     

gnina v1.3.2 master:f23dd2b   Built Jul 29 2025.
gnina is based on smina and AutoDock Vina.
Please cite appropriately.

Commandline: gnina -r receptor.pdbqt -l ligands/noncovalent/A234_03_P3R_N6C7Z.sdf --center_x -5.337 --center_y -41.735 --center_z 29.543 --size_x 22.5 --size_y 22.5 --size_z 22.5 --exhaustiveness 16 --num_modes 9 --cnn_scoring rescore -o out_noncovalent/A234_03_P3R_N6C7Z_nc.sdf.gz --log out_noncovalent/A234_03_P3R_N6C7Z_nc.log
Using random seed: 1158207408

mode |  affinity  |  intramol  |    CNN     |   CNN
     | (kcal/mol) | (kcal/mol) | pose score | affinity
-----+------------+------------+------------+----------
    1       -6.53        0.12       0.9781      4.820
    2       -6.72       -0.39       0.9357      4.850
    3       -6.62       -0.08       0.9173      4.826
    4       -6.62        0.07       0.9006      4.714
    5       -6.43        0.00       0.9005      4.163
    6       -6.64        0.03       0.8878      4.648
    7       -6.20       -0.23       0.8825      4.139
    8       -6.03        0.40       0.8699      4.430
    9       -6.22       -0.19       0.8493      4.931
