              _             
             (_)            
   __ _ _ __  _ _ __   __ _ 
  / _` | '_ \| | '_ \ / _` |
 | (_| | | | | | | | | (_| |
  \__, |_| |_|_|_| |_|\__,_|
   __/ |                    
  |___/                     

gnina v1.3.2 master:f23dd2b   Built Jul 29 2025.
gnina is based on smina and AutoDock Vina.
Please cite appropriately.

Commandline: gnina -r receptor.pdbqt -l ligands/noncovalent/A234_00_P3S_N6C7E.sdf --center_x -5.337 --center_y -41.735 --center_z 29.543 --size_x 22.5 --size_y 22.5 --size_z 22.5 --exhaustiveness 16 --num_modes 9 --cnn_scoring rescore -o out_noncovalent/A234_00_P3S_N6C7E_nc.sdf.gz --log out_noncovalent/A234_00_P3S_N6C7E_nc.log
Using random seed: -453716026

mode |  affinity  |  intramol  |    CNN     |   CNN
     | (kcal/mol) | (kcal/mol) | pose score | affinity
-----+------------+------------+------------+----------
    1       -5.81        0.37       0.8712      4.393
    2       -6.15        0.83       0.8395      4.888
    3       -5.70       -0.20       0.8386      4.193
    4       -6.14       -0.01       0.8191      4.894
    5       -5.92        0.22       0.8110      4.494
    6       -6.15        0.50       0.8079      3.992
    7       -6.14       -0.06       0.8058      4.878
    8       -6.20        0.49       0.7964      4.009
    9       -6.02       -0.11       0.7713      4.392
