              _             
             (_)            
   __ _ _ __  _ _ __   __ _ 
  / _` | '_ \| | '_ \ / _` |
 | (_| | | | | | | | | (_| |
  \__, |_| |_|_|_| |_|\__,_|
   __/ |                    
  |___/                     

gnina v1.3.2 master:f23dd2b   Built Jul 29 2025.
gnina is based on smina and AutoDock Vina.
Please cite appropriately.

Commandline: gnina -r receptor.pdbqt -l ligands/noncovalent/A234_01_P3R_N6C7E.sdf --center_x -5.337 --center_y -41.735 --center_z 29.543 --size_x 22.5 --size_y 22.5 --size_z 22.5 --exhaustiveness 16 --num_modes 9 --cnn_scoring rescore -o out_noncovalent/A234_01_P3R_N6C7E_nc.sdf.gz --log out_noncovalent/A234_01_P3R_N6C7E_nc.log
Using random seed: -510227978

mode |  affinity  |  intramol  |    CNN     |   CNN
     | (kcal/mol) | (kcal/mol) | pose score | affinity
-----+------------+------------+------------+----------
    1       -6.41        0.35       0.9463      4.731
    2       -6.13        0.36       0.8817      4.593
    3       -5.73       -0.36       0.8043      4.103
    4       -6.30       -0.34       0.7836      4.839
    5       -6.24       -0.33       0.7806      4.845
    6       -5.81       -0.07       0.7618      4.068
    7       -6.29        0.15       0.7378      4.443
    8       -5.63        0.26       0.7245      4.672
    9       -5.55        0.00       0.7153      4.473
