              _             
             (_)            
   __ _ _ __  _ _ __   __ _ 
  / _` | '_ \| | '_ \ / _` |
 | (_| | | | | | | | | (_| |
  \__, |_| |_|_|_| |_|\__,_|
   __/ |                    
  |___/                     

gnina v1.3.2 master:f23dd2b   Built Jul 29 2025.
gnina is based on smina and AutoDock Vina.
Please cite appropriately.

Commandline: gnina -r receptor.pdbqt -l ligands/noncovalent/A242_00_P7R.sdf --center_x -5.337 --center_y -41.735 --center_z 29.543 --size_x 22.5 --size_y 22.5 --size_z 22.5 --exhaustiveness 16 --num_modes 9 --cnn_scoring rescore -o out_noncovalent/A242_00_P7R_nc.sdf.gz --log out_noncovalent/A242_00_P7R_nc.log
Using random seed: 1101629788

mode |  affinity  |  intramol  |    CNN     |   CNN
     | (kcal/mol) | (kcal/mol) | pose score | affinity
-----+------------+------------+------------+----------
    1       -6.04       -0.18       0.9410      5.298
    2       -5.85       -0.13       0.8779      4.705
    3       -6.06       -0.19       0.8588      5.003
    4       -6.11       -0.20       0.8586      4.598
    5       -5.84       -0.27       0.8173      4.619
    6       -6.37       -0.41       0.7844      5.045
    7       -5.52        0.01       0.7801      4.984
    8       -6.09       -0.02       0.7070      4.532
    9       -6.22        0.09       0.7013      4.575
