              _             
             (_)            
   __ _ _ __  _ _ __   __ _ 
  / _` | '_ \| | '_ \ / _` |
 | (_| | | | | | | | | (_| |
  \__, |_| |_|_|_| |_|\__,_|
   __/ |                    
  |___/                     

gnina v1.3.2 master:f23dd2b   Built Jul 29 2025.
gnina is based on smina and AutoDock Vina.
Please cite appropriately.

Commandline: gnina -r receptor.pdbqt -l ligands/noncovalent/A242_01_P7S.sdf --center_x -5.337 --center_y -41.735 --center_z 29.543 --size_x 22.5 --size_y 22.5 --size_z 22.5 --exhaustiveness 16 --num_modes 9 --cnn_scoring rescore -o out_noncovalent/A242_01_P7S_nc.sdf.gz --log out_noncovalent/A242_01_P7S_nc.log
Using random seed: 1044983784

mode |  affinity  |  intramol  |    CNN     |   CNN
     | (kcal/mol) | (kcal/mol) | pose score | affinity
-----+------------+------------+------------+----------
    1       -6.08        0.31       0.9366      5.193
    2       -6.01        0.45       0.9296      5.129
    3       -6.38        0.23       0.9109      5.222
    4       -5.96        0.51       0.9055      5.382
    5       -6.25        0.38       0.9000      4.923
    6       -6.02        0.19       0.8983      5.033
    7       -5.89        0.86       0.8931      5.206
    8       -6.33        0.59       0.8888      5.187
    9       -5.89        1.18       0.8761      4.535
