              _             
             (_)            
   __ _ _ __  _ _ __   __ _ 
  / _` | '_ \| | '_ \ / _` |
 | (_| | | | | | | | | (_| |
  \__, |_| |_|_|_| |_|\__,_|
   __/ |                    
  |___/                     

gnina v1.3.2 master:f23dd2b   Built Jul 29 2025.
gnina is based on smina and AutoDock Vina.
Please cite appropriately.

Commandline: gnina -r receptor.pdbqt -l ligands/noncovalent/BSAR_00_P5S.sdf --center_x -5.337 --center_y -41.735 --center_z 29.543 --size_x 22.5 --size_y 22.5 --size_z 22.5 --exhaustiveness 16 --num_modes 9 --cnn_scoring rescore -o out_noncovalent/BSAR_00_P5S_nc.sdf.gz --log out_noncovalent/BSAR_00_P5S_nc.log
Using random seed: 372437954

mode |  affinity  |  intramol  |    CNN     |   CNN
     | (kcal/mol) | (kcal/mol) | pose score | affinity
-----+------------+------------+------------+----------
    1       -5.08       -0.09       0.8793      3.425
    2       -5.09       -0.10       0.8315      3.638
    3       -4.86       -0.28       0.7821      3.678
    4       -4.95       -0.07       0.7423      3.308
    5       -4.45        0.44       0.6998      3.468
    6       -4.30       -0.09       0.6362      3.294
    7       -5.12        0.01       0.6312      3.507
    8       -4.83       -0.18       0.6000      3.379
    9       -4.89       -0.06       0.5933      3.086
