              _             
             (_)            
   __ _ _ __  _ _ __   __ _ 
  / _` | '_ \| | '_ \ / _` |
 | (_| | | | | | | | | (_| |
  \__, |_| |_|_|_| |_|\__,_|
   __/ |                    
  |___/                     

gnina v1.3.2 master:f23dd2b   Built Jul 29 2025.
gnina is based on smina and AutoDock Vina.
Please cite appropriately.

Commandline: gnina -r receptor.pdbqt -l ligands/noncovalent/CPF_00_achiral.sdf --center_x -5.337 --center_y -41.735 --center_z 29.543 --size_x 22.5 --size_y 22.5 --size_z 22.5 --exhaustiveness 16 --num_modes 9 --cnn_scoring rescore -o out_noncovalent/CPF_00_achiral_nc.sdf.gz --log out_noncovalent/CPF_00_achiral_nc.log
Using random seed: -824322285

mode |  affinity  |  intramol  |    CNN     |   CNN
     | (kcal/mol) | (kcal/mol) | pose score | affinity
-----+------------+------------+------------+----------
    1       -6.49        0.26       0.4344      4.640
    2       -7.07       -0.31       0.4058      5.033
    3       -6.96        0.06       0.3430      4.710
    4       -6.69       -0.43       0.3396      4.889
    5       -6.42        0.35       0.3372      4.635
    6       -6.28        0.07       0.3265      4.841
    7       -6.97        0.63       0.3057      4.837
    8       -7.12       -0.15       0.2874      4.954
    9       -6.73       -0.32       0.2852      4.232
