              _             
             (_)            
   __ _ _ __  _ _ __   __ _ 
  / _` | '_ \| | '_ \ / _` |
 | (_| | | | | | | | | (_| |
  \__, |_| |_|_|_| |_|\__,_|
   __/ |                    
  |___/                     

gnina v1.3.2 master:f23dd2b   Built Jul 29 2025.
gnina is based on smina and AutoDock Vina.
Please cite appropriately.

Commandline: gnina -r receptor.pdbqt -l ligands/noncovalent/DDVP_00_achiral.sdf --center_x -5.337 --center_y -41.735 --center_z 29.543 --size_x 22.5 --size_y 22.5 --size_z 22.5 --exhaustiveness 16 --num_modes 9 --cnn_scoring rescore -o out_noncovalent/DDVP_00_achiral_nc.sdf.gz --log out_noncovalent/DDVP_00_achiral_nc.log
Using random seed: -993556002

mode |  affinity  |  intramol  |    CNN     |   CNN
     | (kcal/mol) | (kcal/mol) | pose score | affinity
-----+------------+------------+------------+----------
    1       -5.35       -0.15       0.8411      3.709
    2       -4.84       -0.26       0.8056      3.077
    3       -5.59       -0.07       0.8023      3.325
    4       -5.29       -0.15       0.7806      3.799
    5       -5.32       -0.01       0.7116      3.203
    6       -5.09       -0.14       0.7027      3.624
    7       -5.17       -0.24       0.6956      3.777
    8       -5.03       -0.24       0.6595      3.056
    9       -5.14       -0.14       0.6397      3.574
