              _             
             (_)            
   __ _ _ __  _ _ __   __ _ 
  / _` | '_ \| | '_ \ / _` |
 | (_| | | | | | | | | (_| |
  \__, |_| |_|_|_| |_|\__,_|
   __/ |                    
  |___/                     

gnina v1.3.2 master:f23dd2b   Built Jul 29 2025.
gnina is based on smina and AutoDock Vina.
Please cite appropriately.

Commandline: gnina -r receptor.pdbqt -l ligands/noncovalent/DETAB_00_P3R.sdf --center_x -5.337 --center_y -41.735 --center_z 29.543 --size_x 22.5 --size_y 22.5 --size_z 22.5 --exhaustiveness 16 --num_modes 9 --cnn_scoring rescore -o out_noncovalent/DETAB_00_P3R_nc.sdf.gz --log out_noncovalent/DETAB_00_P3R_nc.log
Using random seed: 286091647

mode |  affinity  |  intramol  |    CNN     |   CNN
     | (kcal/mol) | (kcal/mol) | pose score | affinity
-----+------------+------------+------------+----------
    1       -5.76       -0.22       0.8823      4.228
    2       -5.51       -0.01       0.8739      4.102
    3       -5.60       -0.20       0.8732      4.220
    4       -5.23       -0.27       0.8526      4.148
    5       -4.95       -0.16       0.8495      3.739
    6       -5.55       -0.33       0.7806      3.997
    7       -5.13       -0.16       0.7303      3.936
    8       -5.23       -0.29       0.7255      4.014
    9       -5.36       -0.07       0.7254      3.853
