              _             
             (_)            
   __ _ _ __  _ _ __   __ _ 
  / _` | '_ \| | '_ \ / _` |
 | (_| | | | | | | | | (_| |
  \__, |_| |_|_|_| |_|\__,_|
   __/ |                    
  |___/                     

gnina v1.3.2 master:f23dd2b   Built Jul 29 2025.
gnina is based on smina and AutoDock Vina.
Please cite appropriately.

Commandline: gnina -r receptor.pdbqt -l ligands/noncovalent/DFP_00_achiral.sdf --center_x -5.337 --center_y -41.735 --center_z 29.543 --size_x 22.5 --size_y 22.5 --size_z 22.5 --exhaustiveness 16 --num_modes 9 --cnn_scoring rescore -o out_noncovalent/DFP_00_achiral_nc.sdf.gz --log out_noncovalent/DFP_00_achiral_nc.log
Using random seed: 264665298

mode |  affinity  |  intramol  |    CNN     |   CNN
     | (kcal/mol) | (kcal/mol) | pose score | affinity
-----+------------+------------+------------+----------
    1       -5.53       -0.36       0.8160      3.958
    2       -5.60        0.72       0.7926      3.710
    3       -5.29        0.66       0.6311      3.415
    4       -5.50        0.56       0.6031      3.248
    5       -5.42       -0.26       0.5994      3.499
    6       -5.27        1.35       0.5955      3.478
    7       -5.50        0.64       0.5789      3.685
    8       -5.17       -0.27       0.5770      3.825
    9       -5.04        0.90       0.5472      3.158
