              _             
             (_)            
   __ _ _ __  _ _ __   __ _ 
  / _` | '_ \| | '_ \ / _` |
 | (_| | | | | | | | | (_| |
  \__, |_| |_|_|_| |_|\__,_|
   __/ |                    
  |___/                     

gnina v1.3.2 master:f23dd2b   Built Jul 29 2025.
gnina is based on smina and AutoDock Vina.
Please cite appropriately.

Commandline: gnina -r receptor.pdbqt -l ligands/noncovalent/FEN_00_P3R.sdf --center_x -5.337 --center_y -41.735 --center_z 29.543 --size_x 22.5 --size_y 22.5 --size_z 22.5 --exhaustiveness 16 --num_modes 9 --cnn_scoring rescore -o out_noncovalent/FEN_00_P3R_nc.sdf.gz --log out_noncovalent/FEN_00_P3R_nc.log
Using random seed: 221015488

mode |  affinity  |  intramol  |    CNN     |   CNN
     | (kcal/mol) | (kcal/mol) | pose score | affinity
-----+------------+------------+------------+----------
    1       -6.59        1.38       0.8171      5.426
    2       -6.65        1.19       0.7818      5.300
    3       -6.79        1.36       0.7435      5.334
    4       -6.32        0.21       0.6668      5.357
    5       -6.22       -0.45       0.5550      5.017
    6       -6.37        0.23       0.5516      5.222
    7       -6.95        0.24       0.4791      4.689
    8       -6.49        0.61       0.4618      5.184
    9       -5.98       -0.32       0.4349      5.171
