              _             
             (_)            
   __ _ _ __  _ _ __   __ _ 
  / _` | '_ \| | '_ \ / _` |
 | (_| | | | | | | | | (_| |
  \__, |_| |_|_|_| |_|\__,_|
   __/ |                    
  |___/                     

gnina v1.3.2 master:f23dd2b   Built Jul 29 2025.
gnina is based on smina and AutoDock Vina.
Please cite appropriately.

Commandline: gnina -r receptor.pdbqt -l ligands/noncovalent/GA_00_P3R.sdf --center_x -5.337 --center_y -41.735 --center_z 29.543 --size_x 22.5 --size_y 22.5 --size_z 22.5 --exhaustiveness 16 --num_modes 9 --cnn_scoring rescore -o out_noncovalent/GA_00_P3R_nc.sdf.gz --log out_noncovalent/GA_00_P3R_nc.log
Using random seed: -484786380

mode |  affinity  |  intramol  |    CNN     |   CNN
     | (kcal/mol) | (kcal/mol) | pose score | affinity
-----+------------+------------+------------+----------
    1       -4.67       -0.06       0.8590      3.525
    2       -4.33       -0.16       0.7897      3.781
    3       -4.85        0.42       0.7782      3.551
    4       -4.86       -0.12       0.7639      3.404
    5       -4.39       -0.18       0.7511      3.670
    6       -4.23       -0.14       0.7431      3.402
    7       -4.74       -0.11       0.7420      3.706
    8       -4.41       -0.12       0.7247      3.526
    9       -4.60        0.12       0.7087      3.408
