              _             
             (_)            
   __ _ _ __  _ _ __   __ _ 
  / _` | '_ \| | '_ \ / _` |
 | (_| | | | | | | | | (_| |
  \__, |_| |_|_|_| |_|\__,_|
   __/ |                    
  |___/                     

gnina v1.3.2 master:f23dd2b   Built Jul 29 2025.
gnina is based on smina and AutoDock Vina.
Please cite appropriately.

Commandline: gnina -r receptor.pdbqt -l ligands/noncovalent/GA_01_P3S.sdf --center_x -5.337 --center_y -41.735 --center_z 29.543 --size_x 22.5 --size_y 22.5 --size_z 22.5 --exhaustiveness 16 --num_modes 9 --cnn_scoring rescore -o out_noncovalent/GA_01_P3S_nc.sdf.gz --log out_noncovalent/GA_01_P3S_nc.log
Using random seed: -541527308

mode |  affinity  |  intramol  |    CNN     |   CNN
     | (kcal/mol) | (kcal/mol) | pose score | affinity
-----+------------+------------+------------+----------
    1       -4.32       -0.12       0.8470      3.525
    2       -4.50       -0.13       0.8177      3.463
    3       -4.75       -0.09       0.8114      3.692
    4       -4.30       -0.09       0.7818      3.575
    5       -4.71        0.00       0.7682      3.754
    6       -4.81       -0.09       0.7295      3.420
    7       -4.37       -0.10       0.7071      3.851
    8       -4.73       -0.14       0.6994      3.814
    9       -4.55       -0.13       0.6692      3.372
