              _             
             (_)            
   __ _ _ __  _ _ __   __ _ 
  / _` | '_ \| | '_ \ / _` |
 | (_| | | | | | | | | (_| |
  \__, |_| |_|_|_| |_|\__,_|
   __/ |                    
  |___/                     

gnina v1.3.2 master:f23dd2b   Built Jul 29 2025.
gnina is based on smina and AutoDock Vina.
Please cite appropriately.

Commandline: gnina -r receptor.pdbqt -l ligands/noncovalent/GB_00_P4S.sdf --center_x -5.337 --center_y -41.735 --center_z 29.543 --size_x 22.5 --size_y 22.5 --size_z 22.5 --exhaustiveness 16 --num_modes 9 --cnn_scoring rescore -o out_noncovalent/GB_00_P4S_nc.sdf.gz --log out_noncovalent/GB_00_P4S_nc.log
Using random seed: 2050525593

mode |  affinity  |  intramol  |    CNN     |   CNN
     | (kcal/mol) | (kcal/mol) | pose score | affinity
-----+------------+------------+------------+----------
    1       -3.75        0.06       0.8100      3.040
    2       -4.10       -0.15       0.7837      3.064
    3       -4.48       -0.12       0.7783      3.058
    4       -4.42       -0.11       0.7453      3.232
    5       -4.27       -0.09       0.7380      2.968
    6       -4.41        1.09       0.7257      3.025
    7       -4.00       -0.12       0.7050      3.215
    8       -4.16       -0.13       0.7015      2.983
    9       -4.13        1.01       0.6919      3.125
