              _             
             (_)            
   __ _ _ __  _ _ __   __ _ 
  / _` | '_ \| | '_ \ / _` |
 | (_| | | | | | | | | (_| |
  \__, |_| |_|_|_| |_|\__,_|
   __/ |                    
  |___/                     

gnina v1.3.2 master:f23dd2b   Built Jul 29 2025.
gnina is based on smina and AutoDock Vina.
Please cite appropriately.

Commandline: gnina -r receptor.pdbqt -l ligands/noncovalent/GD_01_C1R_P3S.sdf --center_x -5.337 --center_y -41.735 --center_z 29.543 --size_x 22.5 --size_y 22.5 --size_z 22.5 --exhaustiveness 16 --num_modes 9 --cnn_scoring rescore -o out_noncovalent/GD_01_C1R_P3S_nc.sdf.gz --log out_noncovalent/GD_01_C1R_P3S_nc.log
Using random seed: -633151496

mode |  affinity  |  intramol  |    CNN     |   CNN
     | (kcal/mol) | (kcal/mol) | pose score | affinity
-----+------------+------------+------------+----------
    1       -5.98        0.12       0.7992      3.944
    2       -5.28       -0.18       0.7436      4.130
    3       -5.51       -0.25       0.6918      3.976
    4       -5.81       -0.06       0.6836      3.921
    5       -5.12        1.46       0.6521      4.123
    6       -5.80       -0.31       0.6255      3.845
    7       -6.03       -0.16       0.6218      3.922
    8       -5.84       -0.02       0.6054      3.822
    9       -5.84       -0.01       0.5990      3.819
