              _             
             (_)            
   __ _ _ __  _ _ __   __ _ 
  / _` | '_ \| | '_ \ / _` |
 | (_| | | | | | | | | (_| |
  \__, |_| |_|_|_| |_|\__,_|
   __/ |                    
  |___/                     

gnina v1.3.2 master:f23dd2b   Built Jul 29 2025.
gnina is based on smina and AutoDock Vina.
Please cite appropriately.

Commandline: gnina -r receptor.pdbqt -l ligands/noncovalent/GD_02_C1S_P3R.sdf --center_x -5.337 --center_y -41.735 --center_z 29.543 --size_x 22.5 --size_y 22.5 --size_z 22.5 --exhaustiveness 16 --num_modes 9 --cnn_scoring rescore -o out_noncovalent/GD_02_C1S_P3R_nc.sdf.gz --log out_noncovalent/GD_02_C1S_P3R_nc.log
Using random seed: -371164690

mode |  affinity  |  intramol  |    CNN     |   CNN
     | (kcal/mol) | (kcal/mol) | pose score | affinity
-----+------------+------------+------------+----------
    1       -5.75        0.08       0.8223      4.045
    2       -5.76        0.06       0.8097      4.034
    3       -5.81       -0.07       0.8019      3.839
    4       -5.85       -0.15       0.7912      3.843
    5       -6.09       -0.24       0.7780      3.978
    6       -6.03       -0.25       0.7396      3.863
    7       -5.99       -0.23       0.7379      4.224
    8       -5.39       -0.21       0.6998      3.936
    9       -5.38       -0.09       0.6735      3.954
