              _             
             (_)            
   __ _ _ __  _ _ __   __ _ 
  / _` | '_ \| | '_ \ / _` |
 | (_| | | | | | | | | (_| |
  \__, |_| |_|_|_| |_|\__,_|
   __/ |                    
  |___/                     

gnina v1.3.2 master:f23dd2b   Built Jul 29 2025.
gnina is based on smina and AutoDock Vina.
Please cite appropriately.

Commandline: gnina -r receptor.pdbqt -l ligands/noncovalent/GD_00_C1S_P3S.sdf --center_x -5.337 --center_y -41.735 --center_z 29.543 --size_x 22.5 --size_y 22.5 --size_z 22.5 --exhaustiveness 16 --num_modes 9 --cnn_scoring rescore -o out_noncovalent/GD_00_C1S_P3S_nc.sdf.gz --log out_noncovalent/GD_00_C1S_P3S_nc.log
Using random seed: 1936827842

mode |  affinity  |  intramol  |    CNN     |   CNN
     | (kcal/mol) | (kcal/mol) | pose score | affinity
-----+------------+------------+------------+----------
    1       -6.23       -0.02       0.8505      3.895
    2       -5.45        1.16       0.8108      3.658
    3       -5.58       -0.02       0.7392      3.986
    4       -5.70       -0.18       0.7382      3.900
    5       -5.61        0.05       0.7293      3.989
    6       -5.21       -0.27       0.7168      4.074
    7       -6.42       -0.21       0.6570      3.933
    8       -5.23       -0.17       0.6372      3.867
    9       -5.49       -0.27       0.6224      3.997
