              _             
             (_)            
   __ _ _ __  _ _ __   __ _ 
  / _` | '_ \| | '_ \ / _` |
 | (_| | | | | | | | | (_| |
  \__, |_| |_|_|_| |_|\__,_|
   __/ |                    
  |___/                     

gnina v1.3.2 master:f23dd2b   Built Jul 29 2025.
gnina is based on smina and AutoDock Vina.
Please cite appropriately.

Commandline: gnina -r receptor.pdbqt -l ligands/noncovalent/GD_03_C1R_P3R.sdf --center_x -5.337 --center_y -41.735 --center_z 29.543 --size_x 22.5 --size_y 22.5 --size_z 22.5 --exhaustiveness 16 --num_modes 9 --cnn_scoring rescore -o out_noncovalent/GD_03_C1R_P3R_nc.sdf.gz --log out_noncovalent/GD_03_C1R_P3R_nc.log
Using random seed: -428044392

mode |  affinity  |  intramol  |    CNN     |   CNN
     | (kcal/mol) | (kcal/mol) | pose score | affinity
-----+------------+------------+------------+----------
    1       -5.45        0.38       0.8171      4.275
    2       -5.24        1.07       0.7208      3.981
    3       -5.49       -0.14       0.6799      3.822
    4       -5.98       -0.02       0.6566      3.960
    5       -5.65       -0.13       0.6432      3.785
    6       -5.15       -0.32       0.6401      3.851
    7       -5.60        0.05       0.6376      3.851
    8       -5.79       -0.27       0.6260      4.038
    9       -5.88       -0.21       0.6257      3.728
