              _             
             (_)            
   __ _ _ __  _ _ __   __ _ 
  / _` | '_ \| | '_ \ / _` |
 | (_| | | | | | | | | (_| |
  \__, |_| |_|_|_| |_|\__,_|
   __/ |                    
  |___/                     

gnina v1.3.2 master:f23dd2b   Built Jul 29 2025.
gnina is based on smina and AutoDock Vina.
Please cite appropriately.

Commandline: gnina -r receptor.pdbqt -l ligands/noncovalent/GF_00_P1S.sdf --center_x -5.337 --center_y -41.735 --center_z 29.543 --size_x 22.5 --size_y 22.5 --size_z 22.5 --exhaustiveness 16 --num_modes 9 --cnn_scoring rescore -o out_noncovalent/GF_00_P1S_nc.sdf.gz --log out_noncovalent/GF_00_P1S_nc.log
Using random seed: 350915458

mode |  affinity  |  intramol  |    CNN     |   CNN
     | (kcal/mol) | (kcal/mol) | pose score | affinity
-----+------------+------------+------------+----------
    1       -5.54       -0.16       0.7545      3.776
    2       -5.62       -0.06       0.7128      3.795
    3       -6.30       -0.20       0.6888      3.837
    4       -5.86        0.07       0.6828      3.876
    5       -5.91       -0.14       0.6738      3.770
    6       -5.69       -0.20       0.6583      3.966
    7       -5.75        0.26       0.6242      3.610
    8       -5.72        0.06       0.5694      3.594
    9       -5.82        1.27       0.5609      3.809
