              _             
             (_)            
   __ _ _ __  _ _ __   __ _ 
  / _` | '_ \| | '_ \ / _` |
 | (_| | | | | | | | | (_| |
  \__, |_| |_|_|_| |_|\__,_|
   __/ |                    
  |___/                     

gnina v1.3.2 master:f23dd2b   Built Jul 29 2025.
gnina is based on smina and AutoDock Vina.
Please cite appropriately.

Commandline: gnina -r receptor.pdbqt -l ligands/noncovalent/METH_00_P2R.sdf --center_x -5.337 --center_y -41.735 --center_z 29.543 --size_x 22.5 --size_y 22.5 --size_z 22.5 --exhaustiveness 16 --num_modes 9 --cnn_scoring rescore -o out_noncovalent/METH_00_P2R_nc.sdf.gz --log out_noncovalent/METH_00_P2R_nc.log
Using random seed: 242884253

mode |  affinity  |  intramol  |    CNN     |   CNN
     | (kcal/mol) | (kcal/mol) | pose score | affinity
-----+------------+------------+------------+----------
    1       -4.13       -0.00       0.7876      3.966
    2       -3.43       -0.00       0.5555      3.595
    3       -4.19       -0.04       0.5488      3.767
    4       -3.41       -0.04       0.5092      3.776
    5       -3.60       -0.00       0.4805      3.610
    6       -4.08       -0.04       0.4008      3.636
    7       -3.65       -0.00       0.3803      3.295
    8       -3.44       -0.00       0.3528      3.268
    9       -3.35       -0.04       0.3475      3.373
