              _             
             (_)            
   __ _ _ __  _ _ __   __ _ 
  / _` | '_ \| | '_ \ / _` |
 | (_| | | | | | | | | (_| |
  \__, |_| |_|_|_| |_|\__,_|
   __/ |                    
  |___/                     

gnina v1.3.2 master:f23dd2b   Built Jul 29 2025.
gnina is based on smina and AutoDock Vina.
Please cite appropriately.

Commandline: gnina -r receptor.pdbqt -l ligands/noncovalent/MLT_00_C6S.sdf --center_x -5.337 --center_y -41.735 --center_z 29.543 --size_x 22.5 --size_y 22.5 --size_z 22.5 --exhaustiveness 16 --num_modes 9 --cnn_scoring rescore -o out_noncovalent/MLT_00_C6S_nc.sdf.gz --log out_noncovalent/MLT_00_C6S_nc.log
Using random seed: -880918556

mode |  affinity  |  intramol  |    CNN     |   CNN
     | (kcal/mol) | (kcal/mol) | pose score | affinity
-----+------------+------------+------------+----------
    1       -5.95       -0.51       0.5727      4.030
    2       -6.41       -0.46       0.5619      4.222
    3       -6.25       -0.96       0.5375      4.195
    4       -6.83        0.14       0.5321      4.429
    5       -6.78        0.02       0.5247      4.194
    6       -6.30       -0.63       0.4975      4.170
    7       -6.25       -1.05       0.4837      4.262
    8       -6.67       -0.18       0.4625      4.120
    9       -6.33       -0.61       0.4517      3.712
