              _             
             (_)            
   __ _ _ __  _ _ __   __ _ 
  / _` | '_ \| | '_ \ / _` |
 | (_| | | | | | | | | (_| |
  \__, |_| |_|_|_| |_|\__,_|
   __/ |                    
  |___/                     

gnina v1.3.2 master:f23dd2b   Built Jul 29 2025.
gnina is based on smina and AutoDock Vina.
Please cite appropriately.

Commandline: gnina -r receptor.pdbqt -l ligands/noncovalent/MLT_01_C6R.sdf --center_x -5.337 --center_y -41.735 --center_z 29.543 --size_x 22.5 --size_y 22.5 --size_z 22.5 --exhaustiveness 16 --num_modes 9 --cnn_scoring rescore -o out_noncovalent/MLT_01_C6R_nc.sdf.gz --log out_noncovalent/MLT_01_C6R_nc.log
Using random seed: -937100413

mode |  affinity  |  intramol  |    CNN     |   CNN
     | (kcal/mol) | (kcal/mol) | pose score | affinity
-----+------------+------------+------------+----------
    1       -6.36       -0.71       0.8429      4.732
    2       -6.74       -0.22       0.6561      4.348
    3       -6.88        0.28       0.5893      4.336
    4       -6.06       -0.97       0.5746      3.900
    5       -6.16       -0.07       0.5176      4.304
    6       -6.67       -0.49       0.4933      3.884
    7       -6.24       -0.39       0.4851      4.216
    8       -6.72       -0.22       0.4802      4.333
    9       -6.26       -0.63       0.4639      4.261
