              _             
             (_)            
   __ _ _ __  _ _ __   __ _ 
  / _` | '_ \| | '_ \ / _` |
 | (_| | | | | | | | | (_| |
  \__, |_| |_|_|_| |_|\__,_|
   __/ |                    
  |___/                     

gnina v1.3.2 master:f23dd2b   Built Jul 29 2025.
gnina is based on smina and AutoDock Vina.
Please cite appropriately.

Commandline: gnina -r receptor.pdbqt -l ligands/noncovalent/MPXN_00_achiral.sdf --center_x -5.337 --center_y -41.735 --center_z 29.543 --size_x 22.5 --size_y 22.5 --size_z 22.5 --exhaustiveness 16 --num_modes 9 --cnn_scoring rescore -o out_noncovalent/MPXN_00_achiral_nc.sdf.gz --log out_noncovalent/MPXN_00_achiral_nc.log
Using random seed: 307608896

mode |  affinity  |  intramol  |    CNN     |   CNN
     | (kcal/mol) | (kcal/mol) | pose score | affinity
-----+------------+------------+------------+----------
    1       -7.01        0.68       0.7989      3.865
    2       -6.75       -0.09       0.6557      4.238
    3       -6.29       -0.05       0.6371      3.870
    4       -6.49       -0.31       0.6204      3.728
    5       -6.73       -0.12       0.5758      3.517
    6       -6.75       -0.01       0.5200      3.533
    7       -6.58       -0.15       0.5131      4.170
    8       -7.03        0.32       0.4936      3.655
    9       -6.30       -0.19       0.4902      4.399
