              _             
             (_)            
   __ _ _ __  _ _ __   __ _ 
  / _` | '_ \| | '_ \ / _` |
 | (_| | | | | | | | | (_| |
  \__, |_| |_|_|_| |_|\__,_|
   __/ |                    
  |___/                     

gnina v1.3.2 master:f23dd2b   Built Jul 29 2025.
gnina is based on smina and AutoDock Vina.
Please cite appropriately.

Commandline: gnina -r receptor.pdbqt -l ligands/noncovalent/PARA_00_achiral.sdf --center_x -5.337 --center_y -41.735 --center_z 29.543 --size_x 22.5 --size_y 22.5 --size_z 22.5 --exhaustiveness 16 --num_modes 9 --cnn_scoring rescore -o out_noncovalent/PARA_00_achiral_nc.sdf.gz --log out_noncovalent/PARA_00_achiral_nc.log
Using random seed: -711400507

mode |  affinity  |  intramol  |    CNN     |   CNN
     | (kcal/mol) | (kcal/mol) | pose score | affinity
-----+------------+------------+------------+----------
    1       -5.95       -0.21       0.7943      4.500
    2       -6.69       -0.21       0.6586      3.929
    3       -6.69       -0.41       0.6263      3.986
    4       -7.08       -0.44       0.6053      4.328
    5       -6.15       -0.32       0.5799      4.232
    6       -6.81       -0.16       0.5501      5.056
    7       -7.10       -0.15       0.5211      4.246
    8       -6.76       -0.22       0.4974      5.009
    9       -6.55        0.11       0.4268      4.329
