              _             
             (_)            
   __ _ _ __  _ _ __   __ _ 
  / _` | '_ \| | '_ \ / _` |
 | (_| | | | | | | | | (_| |
  \__, |_| |_|_|_| |_|\__,_|
   __/ |                    
  |___/                     

gnina v1.3.2 master:f23dd2b   Built Jul 29 2025.
gnina is based on smina and AutoDock Vina.
Please cite appropriately.

Commandline: gnina -r receptor.pdbqt -l ligands/noncovalent/PXNE_00_achiral.sdf --center_x -5.337 --center_y -41.735 --center_z 29.543 --size_x 22.5 --size_y 22.5 --size_z 22.5 --exhaustiveness 16 --num_modes 9 --cnn_scoring rescore -o out_noncovalent/PXNE_00_achiral_nc.sdf.gz --log out_noncovalent/PXNE_00_achiral_nc.log
Using random seed: -767930836

mode |  affinity  |  intramol  |    CNN     |   CNN
     | (kcal/mol) | (kcal/mol) | pose score | affinity
-----+------------+------------+------------+----------
    1       -6.30       -0.22       0.7599      3.987
    2       -7.42       -0.23       0.7241      4.126
    3       -7.41       -0.36       0.7003      4.079
    4       -7.17        0.46       0.6945      4.124
    5       -6.98       -0.38       0.6180      4.109
    6       -6.85       -0.33       0.5770      3.892
    7       -6.88        0.86       0.5530      4.867
    8       -6.83       -0.53       0.5530      3.805
    9       -7.24       -0.41       0.3370      3.749
