              _             
             (_)            
   __ _ _ __  _ _ __   __ _ 
  / _` | '_ \| | '_ \ / _` |
 | (_| | | | | | | | | (_| |
  \__, |_| |_|_|_| |_|\__,_|
   __/ |                    
  |___/                     

gnina v1.3.2 master:f23dd2b   Built Jul 29 2025.
gnina is based on smina and AutoDock Vina.
Please cite appropriately.

Commandline: gnina -r receptor.pdbqt -l ligands/noncovalent/VR_00_P8S.sdf --center_x -5.337 --center_y -41.735 --center_z 29.543 --size_x 22.5 --size_y 22.5 --size_z 22.5 --exhaustiveness 16 --num_modes 9 --cnn_scoring rescore -o out_noncovalent/VR_00_P8S_nc.sdf.gz --log out_noncovalent/VR_00_P8S_nc.log
Using random seed: 328950069

mode |  affinity  |  intramol  |    CNN     |   CNN
     | (kcal/mol) | (kcal/mol) | pose score | affinity
-----+------------+------------+------------+----------
    1       -5.98       -0.45       0.8731      4.333
    2       -6.04       -0.25       0.8325      4.313
    3       -5.60        0.61       0.8255      4.668
    4       -5.82       -0.48       0.7813      4.225
    5       -5.94       -0.32       0.7793      4.194
    6       -5.96       -0.38       0.7762      4.168
    7       -5.55       -0.33       0.7751      4.663
    8       -5.87       -0.54       0.7151      4.316
    9       -6.14        0.05       0.6895      4.330
