              _             
             (_)            
   __ _ _ __  _ _ __   __ _ 
  / _` | '_ \| | '_ \ / _` |
 | (_| | | | | | | | | (_| |
  \__, |_| |_|_|_| |_|\__,_|
   __/ |                    
  |___/                     

gnina v1.3.2 master:f23dd2b   Built Jul 29 2025.
gnina is based on smina and AutoDock Vina.
Please cite appropriately.

Commandline: gnina -r receptor.pdbqt -l ligands/noncovalent/VX_01_P3R.sdf --center_x -5.337 --center_y -41.735 --center_z 29.543 --size_x 22.5 --size_y 22.5 --size_z 22.5 --exhaustiveness 16 --num_modes 9 --cnn_scoring rescore -o out_noncovalent/VX_01_P3R_nc.sdf.gz --log out_noncovalent/VX_01_P3R_nc.log
Using random seed: -654868800

mode |  affinity  |  intramol  |    CNN     |   CNN
     | (kcal/mol) | (kcal/mol) | pose score | affinity
-----+------------+------------+------------+----------
    1       -5.97        1.28       0.9396      4.960
    2       -6.29        1.17       0.8734      4.775
    3       -5.80        0.23       0.8733      4.648
    4       -6.02        1.46       0.8545      4.625
    5       -6.03       -0.24       0.8386      5.215
    6       -5.99       -0.55       0.8142      4.949
    7       -5.64        0.09       0.8100      4.780
    8       -6.15       -0.70       0.7529      4.588
    9       -5.81        1.97       0.7279      4.452
