              _             
             (_)            
   __ _ _ __  _ _ __   __ _ 
  / _` | '_ \| | '_ \ / _` |
 | (_| | | | | | | | | (_| |
  \__, |_| |_|_|_| |_|\__,_|
   __/ |                    
  |___/                     

gnina v1.3.2 master:f23dd2b   Built Jul 29 2025.
gnina is based on smina and AutoDock Vina.
Please cite appropriately.

Commandline: gnina -r receptor.pdbqt -l ligands/noncovalent/VX_00_P3S.sdf --center_x -5.337 --center_y -41.735 --center_z 29.543 --size_x 22.5 --size_y 22.5 --size_z 22.5 --exhaustiveness 16 --num_modes 9 --cnn_scoring rescore -o out_noncovalent/VX_00_P3S_nc.sdf.gz --log out_noncovalent/VX_00_P3S_nc.log
Using random seed: -598335715

mode |  affinity  |  intramol  |    CNN     |   CNN
     | (kcal/mol) | (kcal/mol) | pose score | affinity
-----+------------+------------+------------+----------
    1       -6.02        0.16       0.9366      5.089
    2       -6.44        1.11       0.8900      4.752
    3       -6.22        0.51       0.8859      4.486
    4       -5.79        1.17       0.8667      4.713
    5       -6.42        1.81       0.8638      4.879
    6       -5.78       -0.54       0.8493      4.418
    7       -6.52       -0.15       0.8466      5.189
    8       -5.91        0.22       0.8406      5.007
    9       -5.88        1.60       0.8171      4.627
