nohup: ignoring input
>>> GB_00_P4S
DONE GB_00_P4S
>>> GB_01_P4R
DONE GB_01_P4R
>>> GD_00_C1S_P3S
DONE GD_00_C1S_P3S
>>> GD_01_C1R_P3S
DONE GD_01_C1R_P3S
>>> GD_02_C1S_P3R
DONE GD_02_C1S_P3R
>>> GD_03_C1R_P3R
DONE GD_03_C1R_P3R
>>> GA_00_P3R
DONE GA_00_P3R
>>> GA_01_P3S
DONE GA_01_P3S
>>> VX_00_P3S
DONE VX_00_P3S
>>> VX_01_P3R
DONE VX_01_P3R
>>> PARA_00_achiral
DONE PARA_00_achiral
>>> PXNE_00_achiral
DONE PXNE_00_achiral
>>> CPF_00_achiral
DONE CPF_00_achiral
>>> MLT_00_C6S
DONE MLT_00_C6S
>>> MLT_01_C6R
DONE MLT_01_C6R
>>> DDVP_00_achiral
DONE DDVP_00_achiral
>>> A230_00_P8R_C5N7E
DONE A230_00_P8R_C5N7E
>>> A230_01_P8S_C5N7E
DONE A230_01_P8S_C5N7E
>>> A230_02_P8R_C5N7Z
DONE A230_02_P8R_C5N7Z
>>> A230_03_P8S_C5N7Z
DONE A230_03_P8S_C5N7Z
>>> A232_00_P8R_C5N7E
DONE A232_00_P8R_C5N7E
>>> A232_01_P8S_C5N7E
DONE A232_01_P8S_C5N7E
>>> A232_02_P8R_C5N7Z
DONE A232_02_P8R_C5N7Z
>>> A232_03_P8S_C5N7Z
DONE A232_03_P8S_C5N7Z
>>> A234_00_P3S_N6C7E
DONE A234_00_P3S_N6C7E
>>> A234_01_P3R_N6C7E
DONE A234_01_P3R_N6C7E
>>> A234_02_P3S_N6C7Z
DONE A234_02_P3S_N6C7Z
>>> A234_03_P3R_N6C7Z
DONE A234_03_P3R_N6C7Z
>>> A242_00_P7R
DONE A242_00_P7R
>>> A242_01_P7S
DONE A242_01_P7S
