              _             
             (_)            
   __ _ _ __  _ _ __   __ _ 
  / _` | '_ \| | '_ \ / _` |
 | (_| | | | | | | | | (_| |
  \__, |_| |_|_|_| |_|\__,_|
   __/ |                    
  |___/                     

gnina v1.3.2 master:f23dd2b   Built Jul 29 2025.
gnina is based on smina and AutoDock Vina.
Please cite appropriately.

Commandline: gnina -r receptor.pdbqt -l ligands/noncovalent/A230_00_P8R_C5N7E.sdf --center_x -7.337 --center_y -41.735 --center_z 29.543 --size_x 22.5 --size_y 22.5 --size_z 22.5 --exhaustiveness 16 --num_modes 9 --cnn_scoring rescore --seed 42 -o out_sens_boxxm2/A230_00_P8R_C5N7E_nc.sdf.gz --log out_sens_boxxm2/A230_00_P8R_C5N7E_nc.log
Using random seed: 42

mode |  affinity  |  intramol  |    CNN     |   CNN
     | (kcal/mol) | (kcal/mol) | pose score | affinity
-----+------------+------------+------------+----------
    1       -5.88        0.33       0.9178      4.752
    2       -5.91        0.33       0.9165      4.701
    3       -4.87        0.42       0.8738      4.788
    4       -5.32        0.42       0.8370      4.029
    5       -5.34        0.15       0.8226      4.266
    6       -5.30        0.14       0.8092      3.916
    7       -5.30        0.30       0.8067      4.285
    8       -5.44       -0.15       0.7764      3.920
    9       -5.50       -0.12       0.7613      4.521
