              _             
             (_)            
   __ _ _ __  _ _ __   __ _ 
  / _` | '_ \| | '_ \ / _` |
 | (_| | | | | | | | | (_| |
  \__, |_| |_|_|_| |_|\__,_|
   __/ |                    
  |___/                     

gnina v1.3.2 master:f23dd2b   Built Jul 29 2025.
gnina is based on smina and AutoDock Vina.
Please cite appropriately.

Commandline: gnina -r receptor.pdbqt -l ligands/noncovalent/A230_02_P8R_C5N7Z.sdf --center_x -7.337 --center_y -41.735 --center_z 29.543 --size_x 22.5 --size_y 22.5 --size_z 22.5 --exhaustiveness 16 --num_modes 9 --cnn_scoring rescore --seed 42 -o out_sens_boxxm2/A230_02_P8R_C5N7Z_nc.sdf.gz --log out_sens_boxxm2/A230_02_P8R_C5N7Z_nc.log
Using random seed: 42

mode |  affinity  |  intramol  |    CNN     |   CNN
     | (kcal/mol) | (kcal/mol) | pose score | affinity
-----+------------+------------+------------+----------
    1       -5.73       -0.03       0.8779      4.015
    2       -5.90       -0.41       0.8730      4.578
    3       -5.49       -0.24       0.8401      4.141
    4       -5.53       -0.29       0.8207      4.085
    5       -5.95       -0.22       0.7854      4.262
    6       -5.58       -0.05       0.7767      4.722
    7       -5.83       -0.18       0.7594      4.610
    8       -5.49       -0.25       0.7571      4.261
    9       -5.44       -0.23       0.7474      4.179
