              _             
             (_)            
   __ _ _ __  _ _ __   __ _ 
  / _` | '_ \| | '_ \ / _` |
 | (_| | | | | | | | | (_| |
  \__, |_| |_|_|_| |_|\__,_|
   __/ |                    
  |___/                     

gnina v1.3.2 master:f23dd2b   Built Jul 29 2025.
gnina is based on smina and AutoDock Vina.
Please cite appropriately.

Commandline: gnina -r receptor.pdbqt -l ligands/noncovalent/A230_03_P8S_C5N7Z.sdf --center_x -7.337 --center_y -41.735 --center_z 29.543 --size_x 22.5 --size_y 22.5 --size_z 22.5 --exhaustiveness 16 --num_modes 9 --cnn_scoring rescore --seed 42 -o out_sens_boxxm2/A230_03_P8S_C5N7Z_nc.sdf.gz --log out_sens_boxxm2/A230_03_P8S_C5N7Z_nc.log
Using random seed: 42

mode |  affinity  |  intramol  |    CNN     |   CNN
     | (kcal/mol) | (kcal/mol) | pose score | affinity
-----+------------+------------+------------+----------
    1       -5.38        0.03       0.9308      4.778
    2       -5.99        0.09       0.9159      4.930
    3       -5.83        1.26       0.9151      4.930
    4       -5.57        0.57       0.8988      4.224
    5       -5.57        0.27       0.8514      4.660
    6       -5.61        1.20       0.8183      4.439
    7       -5.44        0.75       0.8174      3.878
    8       -5.26       -0.03       0.7909      4.725
    9       -5.74        0.25       0.7882      4.216
