              _             
             (_)            
   __ _ _ __  _ _ __   __ _ 
  / _` | '_ \| | '_ \ / _` |
 | (_| | | | | | | | | (_| |
  \__, |_| |_|_|_| |_|\__,_|
   __/ |                    
  |___/                     

gnina v1.3.2 master:f23dd2b   Built Jul 29 2025.
gnina is based on smina and AutoDock Vina.
Please cite appropriately.

Commandline: gnina -r receptor.pdbqt -l ligands/noncovalent/A230_01_P8S_C5N7E.sdf --center_x -7.337 --center_y -41.735 --center_z 29.543 --size_x 22.5 --size_y 22.5 --size_z 22.5 --exhaustiveness 16 --num_modes 9 --cnn_scoring rescore --seed 42 -o out_sens_boxxm2/A230_01_P8S_C5N7E_nc.sdf.gz --log out_sens_boxxm2/A230_01_P8S_C5N7E_nc.log
Using random seed: 42

mode |  affinity  |  intramol  |    CNN     |   CNN
     | (kcal/mol) | (kcal/mol) | pose score | affinity
-----+------------+------------+------------+----------
    1       -5.78        1.33       0.8658      4.565
    2       -5.51       -0.16       0.8489      4.703
    3       -5.95        0.29       0.8421      4.520
    4       -5.96        0.26       0.8340      4.512
    5       -5.73        0.04       0.8335      4.683
    6       -5.54        0.70       0.8294      4.679
    7       -5.53       -0.16       0.8293      4.642
    8       -5.56        0.55       0.8130      4.637
    9       -5.58        1.72       0.7805      4.314
