              _             
             (_)            
   __ _ _ __  _ _ __   __ _ 
  / _` | '_ \| | '_ \ / _` |
 | (_| | | | | | | | | (_| |
  \__, |_| |_|_|_| |_|\__,_|
   __/ |                    
  |___/                     

gnina v1.3.2 master:f23dd2b   Built Jul 29 2025.
gnina is based on smina and AutoDock Vina.
Please cite appropriately.

Commandline: gnina -r receptor.pdbqt -l ligands/noncovalent/A232_00_P8R_C5N7E.sdf --center_x -7.337 --center_y -41.735 --center_z 29.543 --size_x 22.5 --size_y 22.5 --size_z 22.5 --exhaustiveness 16 --num_modes 9 --cnn_scoring rescore --seed 42 -o out_sens_boxxm2/A232_00_P8R_C5N7E_nc.sdf.gz --log out_sens_boxxm2/A232_00_P8R_C5N7E_nc.log
Using random seed: 42

mode |  affinity  |  intramol  |    CNN     |   CNN
     | (kcal/mol) | (kcal/mol) | pose score | affinity
-----+------------+------------+------------+----------
    1       -6.17       -0.20       0.9404      4.672
    2       -6.20       -0.19       0.9321      4.634
    3       -5.99        0.46       0.8829      4.631
    4       -5.78        0.10       0.8174      4.620
    5       -5.84        0.50       0.7714      4.555
    6       -6.00        0.30       0.7511      4.285
    7       -5.93        0.17       0.7488      4.315
    8       -5.67        0.07       0.7468      4.653
    9       -5.44       -0.03       0.7425      3.734
