              _             
             (_)            
   __ _ _ __  _ _ __   __ _ 
  / _` | '_ \| | '_ \ / _` |
 | (_| | | | | | | | | (_| |
  \__, |_| |_|_|_| |_|\__,_|
   __/ |                    
  |___/                     

gnina v1.3.2 master:f23dd2b   Built Jul 29 2025.
gnina is based on smina and AutoDock Vina.
Please cite appropriately.

Commandline: gnina -r receptor.pdbqt -l ligands/noncovalent/A232_03_P8S_C5N7Z.sdf --center_x -7.337 --center_y -41.735 --center_z 29.543 --size_x 22.5 --size_y 22.5 --size_z 22.5 --exhaustiveness 16 --num_modes 9 --cnn_scoring rescore --seed 42 -o out_sens_boxxm2/A232_03_P8S_C5N7Z_nc.sdf.gz --log out_sens_boxxm2/A232_03_P8S_C5N7Z_nc.log
Using random seed: 42

mode |  affinity  |  intramol  |    CNN     |   CNN
     | (kcal/mol) | (kcal/mol) | pose score | affinity
-----+------------+------------+------------+----------
    1       -6.11       -0.03       0.9631      4.399
    2       -5.74       -0.33       0.9229      4.563
    3       -5.87       -0.25       0.8927      4.599
    4       -6.13       -0.22       0.8749      4.715
    5       -5.76       -0.46       0.8354      4.153
    6       -5.67       -0.23       0.8250      4.182
    7       -5.95       -0.08       0.8230      4.687
    8       -5.76       -0.53       0.8216      4.067
    9       -5.65       -0.48       0.8128      4.381
