              _             
             (_)            
   __ _ _ __  _ _ __   __ _ 
  / _` | '_ \| | '_ \ / _` |
 | (_| | | | | | | | | (_| |
  \__, |_| |_|_|_| |_|\__,_|
   __/ |                    
  |___/                     

gnina v1.3.2 master:f23dd2b   Built Jul 29 2025.
gnina is based on smina and AutoDock Vina.
Please cite appropriately.

Commandline: gnina -r receptor.pdbqt -l ligands/noncovalent/A232_01_P8S_C5N7E.sdf --center_x -7.337 --center_y -41.735 --center_z 29.543 --size_x 22.5 --size_y 22.5 --size_z 22.5 --exhaustiveness 16 --num_modes 9 --cnn_scoring rescore --seed 42 -o out_sens_boxxm2/A232_01_P8S_C5N7E_nc.sdf.gz --log out_sens_boxxm2/A232_01_P8S_C5N7E_nc.log
Using random seed: 42

mode |  affinity  |  intramol  |    CNN     |   CNN
     | (kcal/mol) | (kcal/mol) | pose score | affinity
-----+------------+------------+------------+----------
    1       -5.93        0.21       0.9286      4.739
    2       -5.48        0.44       0.9080      4.773
    3       -5.65       -0.10       0.8973      4.588
    4       -5.65        0.20       0.8969      4.491
    5       -5.64        0.97       0.8533      4.664
    6       -5.71        0.35       0.8438      4.586
    7       -5.36        0.62       0.7486      3.814
    8       -5.85        0.69       0.7448      4.659
    9       -5.95        0.87       0.7075      4.557
