              _             
             (_)            
   __ _ _ __  _ _ __   __ _ 
  / _` | '_ \| | '_ \ / _` |
 | (_| | | | | | | | | (_| |
  \__, |_| |_|_|_| |_|\__,_|
   __/ |                    
  |___/                     

gnina v1.3.2 master:f23dd2b   Built Jul 29 2025.
gnina is based on smina and AutoDock Vina.
Please cite appropriately.

Commandline: gnina -r receptor.pdbqt -l ligands/noncovalent/A232_02_P8R_C5N7Z.sdf --center_x -7.337 --center_y -41.735 --center_z 29.543 --size_x 22.5 --size_y 22.5 --size_z 22.5 --exhaustiveness 16 --num_modes 9 --cnn_scoring rescore --seed 42 -o out_sens_boxxm2/A232_02_P8R_C5N7Z_nc.sdf.gz --log out_sens_boxxm2/A232_02_P8R_C5N7Z_nc.log
Using random seed: 42

mode |  affinity  |  intramol  |    CNN     |   CNN
     | (kcal/mol) | (kcal/mol) | pose score | affinity
-----+------------+------------+------------+----------
    1       -6.18       -0.43       0.9312      4.767
    2       -6.11       -0.06       0.9277      4.700
    3       -5.99       -0.05       0.8949      4.516
    4       -5.73       -0.07       0.8743      4.187
    5       -6.13       -0.06       0.8621      4.618
    6       -6.16        0.06       0.8539      4.676
    7       -5.55        0.34       0.8164      3.938
    8       -5.76        0.45       0.7915      4.588
    9       -5.54       -0.03       0.7902      4.066
