              _             
             (_)            
   __ _ _ __  _ _ __   __ _ 
  / _` | '_ \| | '_ \ / _` |
 | (_| | | | | | | | | (_| |
  \__, |_| |_|_|_| |_|\__,_|
   __/ |                    
  |___/                     

gnina v1.3.2 master:f23dd2b   Built Jul 29 2025.
gnina is based on smina and AutoDock Vina.
Please cite appropriately.

Commandline: gnina -r receptor.pdbqt -l ligands/noncovalent/A234_00_P3S_N6C7E.sdf --center_x -7.337 --center_y -41.735 --center_z 29.543 --size_x 22.5 --size_y 22.5 --size_z 22.5 --exhaustiveness 16 --num_modes 9 --cnn_scoring rescore --seed 42 -o out_sens_boxxm2/A234_00_P3S_N6C7E_nc.sdf.gz --log out_sens_boxxm2/A234_00_P3S_N6C7E_nc.log
Using random seed: 42

mode |  affinity  |  intramol  |    CNN     |   CNN
     | (kcal/mol) | (kcal/mol) | pose score | affinity
-----+------------+------------+------------+----------
    1       -5.79       -0.17       0.8711      4.791
    2       -5.89        0.45       0.8568      4.287
    3       -6.08        0.10       0.8399      4.854
    4       -6.09        0.10       0.8299      4.764
    5       -5.85       -0.15       0.8274      4.025
    6       -6.16       -0.16       0.8260      4.885
    7       -5.94       -0.20       0.7883      4.315
    8       -5.97        0.82       0.7339      4.260
    9       -6.14       -0.17       0.7184      4.011
