              _             
             (_)            
   __ _ _ __  _ _ __   __ _ 
  / _` | '_ \| | '_ \ / _` |
 | (_| | | | | | | | | (_| |
  \__, |_| |_|_|_| |_|\__,_|
   __/ |                    
  |___/                     

gnina v1.3.2 master:f23dd2b   Built Jul 29 2025.
gnina is based on smina and AutoDock Vina.
Please cite appropriately.

Commandline: gnina -r receptor.pdbqt -l ligands/noncovalent/A234_01_P3R_N6C7E.sdf --center_x -7.337 --center_y -41.735 --center_z 29.543 --size_x 22.5 --size_y 22.5 --size_z 22.5 --exhaustiveness 16 --num_modes 9 --cnn_scoring rescore --seed 42 -o out_sens_boxxm2/A234_01_P3R_N6C7E_nc.sdf.gz --log out_sens_boxxm2/A234_01_P3R_N6C7E_nc.log
Using random seed: 42

mode |  affinity  |  intramol  |    CNN     |   CNN
     | (kcal/mol) | (kcal/mol) | pose score | affinity
-----+------------+------------+------------+----------
    1       -5.89       -0.07       0.8194      4.015
    2       -5.76       -0.30       0.8046      4.163
    3       -6.35        0.10       0.7992      4.560
    4       -5.79       -0.23       0.7936      4.245
    5       -6.32        0.18       0.7719      4.810
    6       -6.17        0.28       0.7683      4.444
    7       -5.68       -0.12       0.7652      3.976
    8       -5.79       -0.26       0.7631      4.469
    9       -5.88        0.49       0.7052      4.436
