              _             
             (_)            
   __ _ _ __  _ _ __   __ _ 
  / _` | '_ \| | '_ \ / _` |
 | (_| | | | | | | | | (_| |
  \__, |_| |_|_|_| |_|\__,_|
   __/ |                    
  |___/                     

gnina v1.3.2 master:f23dd2b   Built Jul 29 2025.
gnina is based on smina and AutoDock Vina.
Please cite appropriately.

Commandline: gnina -r receptor.pdbqt -l ligands/noncovalent/A234_02_P3S_N6C7Z.sdf --center_x -7.337 --center_y -41.735 --center_z 29.543 --size_x 22.5 --size_y 22.5 --size_z 22.5 --exhaustiveness 16 --num_modes 9 --cnn_scoring rescore --seed 42 -o out_sens_boxxm2/A234_02_P3S_N6C7Z_nc.sdf.gz --log out_sens_boxxm2/A234_02_P3S_N6C7Z_nc.log
Using random seed: 42

mode |  affinity  |  intramol  |    CNN     |   CNN
     | (kcal/mol) | (kcal/mol) | pose score | affinity
-----+------------+------------+------------+----------
    1       -6.44        0.59       0.9765      4.682
    2       -6.63       -0.14       0.9682      4.486
    3       -6.61       -0.18       0.8889      4.848
    4       -6.41       -0.21       0.8569      4.709
    5       -6.11        0.15       0.8532      4.064
    6       -6.48       -0.01       0.8488      4.880
    7       -6.05       -0.27       0.8352      4.166
    8       -6.15        0.17       0.8307      4.567
    9       -5.86       -0.01       0.8169      4.882
