              _             
             (_)            
   __ _ _ __  _ _ __   __ _ 
  / _` | '_ \| | '_ \ / _` |
 | (_| | | | | | | | | (_| |
  \__, |_| |_|_|_| |_|\__,_|
   __/ |                    
  |___/                     

gnina v1.3.2 master:f23dd2b   Built Jul 29 2025.
gnina is based on smina and AutoDock Vina.
Please cite appropriately.

Commandline: gnina -r receptor.pdbqt -l ligands/noncovalent/A234_03_P3R_N6C7Z.sdf --center_x -7.337 --center_y -41.735 --center_z 29.543 --size_x 22.5 --size_y 22.5 --size_z 22.5 --exhaustiveness 16 --num_modes 9 --cnn_scoring rescore --seed 42 -o out_sens_boxxm2/A234_03_P3R_N6C7Z_nc.sdf.gz --log out_sens_boxxm2/A234_03_P3R_N6C7Z_nc.log
Using random seed: 42

mode |  affinity  |  intramol  |    CNN     |   CNN
     | (kcal/mol) | (kcal/mol) | pose score | affinity
-----+------------+------------+------------+----------
    1       -6.57        0.18       0.9734      4.793
    2       -6.49       -0.11       0.9604      4.751
    3       -6.72       -0.39       0.9369      4.817
    4       -6.77        0.15       0.9144      4.690
    5       -6.15       -0.24       0.9041      4.141
    6       -6.63        0.02       0.9035      4.629
    7       -6.48       -0.06       0.8992      4.604
    8       -6.09       -0.20       0.8850      4.254
    9       -6.23       -0.20       0.8509      4.901
