              _             
             (_)            
   __ _ _ __  _ _ __   __ _ 
  / _` | '_ \| | '_ \ / _` |
 | (_| | | | | | | | | (_| |
  \__, |_| |_|_|_| |_|\__,_|
   __/ |                    
  |___/                     

gnina v1.3.2 master:f23dd2b   Built Jul 29 2025.
gnina is based on smina and AutoDock Vina.
Please cite appropriately.

Commandline: gnina -r receptor.pdbqt -l ligands/noncovalent/A242_00_P7R.sdf --center_x -7.337 --center_y -41.735 --center_z 29.543 --size_x 22.5 --size_y 22.5 --size_z 22.5 --exhaustiveness 16 --num_modes 9 --cnn_scoring rescore --seed 42 -o out_sens_boxxm2/A242_00_P7R_nc.sdf.gz --log out_sens_boxxm2/A242_00_P7R_nc.log
Using random seed: 42

mode |  affinity  |  intramol  |    CNN     |   CNN
     | (kcal/mol) | (kcal/mol) | pose score | affinity
-----+------------+------------+------------+----------
    1       -6.13       -0.08       0.9318      5.513
    2       -6.11       -0.22       0.8869      4.591
    3       -6.10       -0.04       0.8471      4.679
    4       -6.12       -0.37       0.8189      4.856
    5       -6.37       -0.42       0.7917      5.052
    6       -6.08        0.81       0.7880      5.039
    7       -6.09        0.21       0.7753      5.431
    8       -6.07        0.85       0.7417      5.301
    9       -6.19       -0.29       0.7268      4.795
