              _             
             (_)            
   __ _ _ __  _ _ __   __ _ 
  / _` | '_ \| | '_ \ / _` |
 | (_| | | | | | | | | (_| |
  \__, |_| |_|_|_| |_|\__,_|
   __/ |                    
  |___/                     

gnina v1.3.2 master:f23dd2b   Built Jul 29 2025.
gnina is based on smina and AutoDock Vina.
Please cite appropriately.

Commandline: gnina -r receptor.pdbqt -l ligands/noncovalent/A242_01_P7S.sdf --center_x -7.337 --center_y -41.735 --center_z 29.543 --size_x 22.5 --size_y 22.5 --size_z 22.5 --exhaustiveness 16 --num_modes 9 --cnn_scoring rescore --seed 42 -o out_sens_boxxm2/A242_01_P7S_nc.sdf.gz --log out_sens_boxxm2/A242_01_P7S_nc.log
Using random seed: 42

mode |  affinity  |  intramol  |    CNN     |   CNN
     | (kcal/mol) | (kcal/mol) | pose score | affinity
-----+------------+------------+------------+----------
    1       -6.19        0.20       0.9330      4.956
    2       -6.06       -0.04       0.9301      5.024
    3       -6.22        0.64       0.9213      4.952
    4       -6.19        0.96       0.9111      4.820
    5       -6.22        0.32       0.9093      4.880
    6       -6.37        0.25       0.9073      5.217
    7       -5.93        0.94       0.8778      4.950
    8       -6.23        3.03       0.8718      5.363
    9       -6.15        0.08       0.7947      4.894
