              _             
             (_)            
   __ _ _ __  _ _ __   __ _ 
  / _` | '_ \| | '_ \ / _` |
 | (_| | | | | | | | | (_| |
  \__, |_| |_|_|_| |_|\__,_|
   __/ |                    
  |___/                     

gnina v1.3.2 master:f23dd2b   Built Jul 29 2025.
gnina is based on smina and AutoDock Vina.
Please cite appropriately.

Commandline: gnina -r receptor.pdbqt -l ligands/noncovalent/BSAR_00_P5S.sdf --center_x -7.337 --center_y -41.735 --center_z 29.543 --size_x 22.5 --size_y 22.5 --size_z 22.5 --exhaustiveness 16 --num_modes 9 --cnn_scoring rescore --seed 42 -o out_sens_boxxm2/BSAR_00_P5S_nc.sdf.gz --log out_sens_boxxm2/BSAR_00_P5S_nc.log
Using random seed: 42

mode |  affinity  |  intramol  |    CNN     |   CNN
     | (kcal/mol) | (kcal/mol) | pose score | affinity
-----+------------+------------+------------+----------
    1       -5.00       -0.08       0.9041      3.762
    2       -5.08       -0.08       0.8841      3.394
    3       -5.12       -0.10       0.8439      3.666
    4       -4.28       -0.09       0.8166      3.486
    5       -4.49       -0.09       0.8102      3.213
    6       -4.19       -0.07       0.6563      3.228
    7       -4.49       -0.13       0.6377      3.159
    8       -4.43       -0.08       0.6199      3.690
    9       -4.83       -0.17       0.6014      3.379
