              _             
             (_)            
   __ _ _ __  _ _ __   __ _ 
  / _` | '_ \| | '_ \ / _` |
 | (_| | | | | | | | | (_| |
  \__, |_| |_|_|_| |_|\__,_|
   __/ |                    
  |___/                     

gnina v1.3.2 master:f23dd2b   Built Jul 29 2025.
gnina is based on smina and AutoDock Vina.
Please cite appropriately.

Commandline: gnina -r receptor.pdbqt -l ligands/noncovalent/CPF_00_achiral.sdf --center_x -7.337 --center_y -41.735 --center_z 29.543 --size_x 22.5 --size_y 22.5 --size_z 22.5 --exhaustiveness 16 --num_modes 9 --cnn_scoring rescore --seed 42 -o out_sens_boxxm2/CPF_00_achiral_nc.sdf.gz --log out_sens_boxxm2/CPF_00_achiral_nc.log
Using random seed: 42

mode |  affinity  |  intramol  |    CNN     |   CNN
     | (kcal/mol) | (kcal/mol) | pose score | affinity
-----+------------+------------+------------+----------
    1       -6.53        0.04       0.3715      5.346
    2       -6.13        0.24       0.3677      4.878
    3       -6.23        0.76       0.3540      4.642
    4       -7.00       -0.05       0.3482      4.721
    5       -6.74       -0.56       0.3288      4.949
    6       -6.41       -0.30       0.3262      4.860
    7       -6.93       -0.24       0.3201      5.245
    8       -6.86       -0.58       0.3048      4.810
    9       -6.96        0.56       0.2934      4.824
