              _             
             (_)            
   __ _ _ __  _ _ __   __ _ 
  / _` | '_ \| | '_ \ / _` |
 | (_| | | | | | | | | (_| |
  \__, |_| |_|_|_| |_|\__,_|
   __/ |                    
  |___/                     

gnina v1.3.2 master:f23dd2b   Built Jul 29 2025.
gnina is based on smina and AutoDock Vina.
Please cite appropriately.

Commandline: gnina -r receptor.pdbqt -l ligands/noncovalent/DDVP_00_achiral.sdf --center_x -7.337 --center_y -41.735 --center_z 29.543 --size_x 22.5 --size_y 22.5 --size_z 22.5 --exhaustiveness 16 --num_modes 9 --cnn_scoring rescore --seed 42 -o out_sens_boxxm2/DDVP_00_achiral_nc.sdf.gz --log out_sens_boxxm2/DDVP_00_achiral_nc.log
Using random seed: 42

mode |  affinity  |  intramol  |    CNN     |   CNN
     | (kcal/mol) | (kcal/mol) | pose score | affinity
-----+------------+------------+------------+----------
    1       -5.60       -0.06       0.8058      3.329
    2       -5.17        2.22       0.7622      3.683
    3       -5.23       -0.11       0.7448      3.765
    4       -5.12       -0.23       0.6997      3.137
    5       -5.28       -0.03       0.6807      3.167
    6       -4.94       -0.08       0.6428      3.351
    7       -5.04       -0.21       0.6234      2.941
    8       -5.00        0.03       0.6011      2.887
    9       -4.97       -0.15       0.5343      3.567
