              _             
             (_)            
   __ _ _ __  _ _ __   __ _ 
  / _` | '_ \| | '_ \ / _` |
 | (_| | | | | | | | | (_| |
  \__, |_| |_|_|_| |_|\__,_|
   __/ |                    
  |___/                     

gnina v1.3.2 master:f23dd2b   Built Jul 29 2025.
gnina is based on smina and AutoDock Vina.
Please cite appropriately.

Commandline: gnina -r receptor.pdbqt -l ligands/noncovalent/DETAB_01_P3S.sdf --center_x -7.337 --center_y -41.735 --center_z 29.543 --size_x 22.5 --size_y 22.5 --size_z 22.5 --exhaustiveness 16 --num_modes 9 --cnn_scoring rescore --seed 42 -o out_sens_boxxm2/DETAB_01_P3S_nc.sdf.gz --log out_sens_boxxm2/DETAB_01_P3S_nc.log
Using random seed: 42

mode |  affinity  |  intramol  |    CNN     |   CNN
     | (kcal/mol) | (kcal/mol) | pose score | affinity
-----+------------+------------+------------+----------
    1       -5.53       -0.05       0.8816      4.341
    2       -5.10        0.44       0.8478      4.325
    3       -5.39       -0.15       0.7370      3.891
    4       -5.49       -0.23       0.7244      4.087
    5       -4.98       -0.22       0.7243      3.783
    6       -5.01       -0.45       0.7187      4.002
    7       -5.45       -0.16       0.7029      3.813
    8       -5.19       -0.39       0.6711      3.905
    9       -5.45       -0.15       0.6471      4.142
