              _             
             (_)            
   __ _ _ __  _ _ __   __ _ 
  / _` | '_ \| | '_ \ / _` |
 | (_| | | | | | | | | (_| |
  \__, |_| |_|_|_| |_|\__,_|
   __/ |                    
  |___/                     

gnina v1.3.2 master:f23dd2b   Built Jul 29 2025.
gnina is based on smina and AutoDock Vina.
Please cite appropriately.

Commandline: gnina -r receptor.pdbqt -l ligands/noncovalent/DETAB_00_P3R.sdf --center_x -7.337 --center_y -41.735 --center_z 29.543 --size_x 22.5 --size_y 22.5 --size_z 22.5 --exhaustiveness 16 --num_modes 9 --cnn_scoring rescore --seed 42 -o out_sens_boxxm2/DETAB_00_P3R_nc.sdf.gz --log out_sens_boxxm2/DETAB_00_P3R_nc.log
Using random seed: 42

mode |  affinity  |  intramol  |    CNN     |   CNN
     | (kcal/mol) | (kcal/mol) | pose score | affinity
-----+------------+------------+------------+----------
    1       -5.75       -0.23       0.8771      4.213
    2       -5.58       -0.25       0.8490      3.991
    3       -5.51       -0.32       0.8279      4.006
    4       -5.54       -0.34       0.7843      4.003
    5       -5.51       -0.49       0.7775      4.052
    6       -5.04        0.11       0.7650      3.993
    7       -5.59       -0.19       0.7350      4.074
    8       -5.20       -0.28       0.6958      3.708
    9       -4.99       -0.26       0.6930      3.965
