              _             
             (_)            
   __ _ _ __  _ _ __   __ _ 
  / _` | '_ \| | '_ \ / _` |
 | (_| | | | | | | | | (_| |
  \__, |_| |_|_|_| |_|\__,_|
   __/ |                    
  |___/                     

gnina v1.3.2 master:f23dd2b   Built Jul 29 2025.
gnina is based on smina and AutoDock Vina.
Please cite appropriately.

Commandline: gnina -r receptor.pdbqt -l ligands/noncovalent/DFP_00_achiral.sdf --center_x -7.337 --center_y -41.735 --center_z 29.543 --size_x 22.5 --size_y 22.5 --size_z 22.5 --exhaustiveness 16 --num_modes 9 --cnn_scoring rescore --seed 42 -o out_sens_boxxm2/DFP_00_achiral_nc.sdf.gz --log out_sens_boxxm2/DFP_00_achiral_nc.log
Using random seed: 42

mode |  affinity  |  intramol  |    CNN     |   CNN
     | (kcal/mol) | (kcal/mol) | pose score | affinity
-----+------------+------------+------------+----------
    1       -5.33        0.46       0.7965      3.569
    2       -5.29       -0.07       0.7330      3.741
    3       -5.60        1.27       0.6781      3.619
    4       -5.08       -0.23       0.6538      3.300
    5       -5.53        1.59       0.6187      3.582
    6       -5.17        1.60       0.6024      3.593
    7       -5.51        0.55       0.5923      3.270
    8       -5.09       -0.26       0.5816      3.576
    9       -5.28       -0.26       0.5716      3.466
