              _             
             (_)            
   __ _ _ __  _ _ __   __ _ 
  / _` | '_ \| | '_ \ / _` |
 | (_| | | | | | | | | (_| |
  \__, |_| |_|_|_| |_|\__,_|
   __/ |                    
  |___/                     

gnina v1.3.2 master:f23dd2b   Built Jul 29 2025.
gnina is based on smina and AutoDock Vina.
Please cite appropriately.

Commandline: gnina -r receptor.pdbqt -l ligands/noncovalent/FEN_01_P3S.sdf --center_x -7.337 --center_y -41.735 --center_z 29.543 --size_x 22.5 --size_y 22.5 --size_z 22.5 --exhaustiveness 16 --num_modes 9 --cnn_scoring rescore --seed 42 -o out_sens_boxxm2/FEN_01_P3S_nc.sdf.gz --log out_sens_boxxm2/FEN_01_P3S_nc.log
Using random seed: 42

mode |  affinity  |  intramol  |    CNN     |   CNN
     | (kcal/mol) | (kcal/mol) | pose score | affinity
-----+------------+------------+------------+----------
    1       -6.73        0.91       0.8077      5.760
    2       -6.76       -0.27       0.7244      5.665
    3       -6.58        0.47       0.5128      5.278
    4       -6.92        0.47       0.4455      5.213
    5       -7.75        2.47       0.3979      5.436
    6       -6.71       -0.07       0.3843      4.668
    7       -6.22        1.51       0.3820      5.003
    8       -6.70        0.57       0.3643      4.628
    9       -6.86        0.82       0.3360      5.004
