              _             
             (_)            
   __ _ _ __  _ _ __   __ _ 
  / _` | '_ \| | '_ \ / _` |
 | (_| | | | | | | | | (_| |
  \__, |_| |_|_|_| |_|\__,_|
   __/ |                    
  |___/                     

gnina v1.3.2 master:f23dd2b   Built Jul 29 2025.
gnina is based on smina and AutoDock Vina.
Please cite appropriately.

Commandline: gnina -r receptor.pdbqt -l ligands/noncovalent/FEN_00_P3R.sdf --center_x -7.337 --center_y -41.735 --center_z 29.543 --size_x 22.5 --size_y 22.5 --size_z 22.5 --exhaustiveness 16 --num_modes 9 --cnn_scoring rescore --seed 42 -o out_sens_boxxm2/FEN_00_P3R_nc.sdf.gz --log out_sens_boxxm2/FEN_00_P3R_nc.log
Using random seed: 42

mode |  affinity  |  intramol  |    CNN     |   CNN
     | (kcal/mol) | (kcal/mol) | pose score | affinity
-----+------------+------------+------------+----------
    1       -6.57        1.05       0.8477      5.300
    2       -6.56        0.90       0.7111      5.069
    3       -7.30       -0.47       0.6653      5.512
    4       -6.38        0.69       0.6594      5.200
    5       -7.07        0.85       0.4486      5.290
    6       -6.70        0.14       0.4482      4.983
    7       -6.87        0.31       0.3791      4.525
    8       -6.81        1.29       0.3665      4.595
    9       -7.11       -0.66       0.3550      4.866
