              _             
             (_)            
   __ _ _ __  _ _ __   __ _ 
  / _` | '_ \| | '_ \ / _` |
 | (_| | | | | | | | | (_| |
  \__, |_| |_|_|_| |_|\__,_|
   __/ |                    
  |___/                     

gnina v1.3.2 master:f23dd2b   Built Jul 29 2025.
gnina is based on smina and AutoDock Vina.
Please cite appropriately.

Commandline: gnina -r receptor.pdbqt -l ligands/noncovalent/GA_01_P3S.sdf --center_x -7.337 --center_y -41.735 --center_z 29.543 --size_x 22.5 --size_y 22.5 --size_z 22.5 --exhaustiveness 16 --num_modes 9 --cnn_scoring rescore --seed 42 -o out_sens_boxxm2/GA_01_P3S_nc.sdf.gz --log out_sens_boxxm2/GA_01_P3S_nc.log
Using random seed: 42

mode |  affinity  |  intramol  |    CNN     |   CNN
     | (kcal/mol) | (kcal/mol) | pose score | affinity
-----+------------+------------+------------+----------
    1       -4.24       -0.08       0.8923      3.508
    2       -4.68       -0.15       0.8013      3.801
    3       -4.85       -0.12       0.7444      3.458
    4       -4.56       -0.14       0.7282      3.536
    5       -4.51       -0.08       0.7259      3.394
    6       -4.65       -0.11       0.7125      3.382
    7       -4.68       -0.16       0.7106      3.479
    8       -4.74       -0.14       0.7041      3.823
    9       -4.25       -0.17       0.6686      3.260
