              _             
             (_)            
   __ _ _ __  _ _ __   __ _ 
  / _` | '_ \| | '_ \ / _` |
 | (_| | | | | | | | | (_| |
  \__, |_| |_|_|_| |_|\__,_|
   __/ |                    
  |___/                     

gnina v1.3.2 master:f23dd2b   Built Jul 29 2025.
gnina is based on smina and AutoDock Vina.
Please cite appropriately.

Commandline: gnina -r receptor.pdbqt -l ligands/noncovalent/GA_00_P3R.sdf --center_x -7.337 --center_y -41.735 --center_z 29.543 --size_x 22.5 --size_y 22.5 --size_z 22.5 --exhaustiveness 16 --num_modes 9 --cnn_scoring rescore --seed 42 -o out_sens_boxxm2/GA_00_P3R_nc.sdf.gz --log out_sens_boxxm2/GA_00_P3R_nc.log
Using random seed: 42

mode |  affinity  |  intramol  |    CNN     |   CNN
     | (kcal/mol) | (kcal/mol) | pose score | affinity
-----+------------+------------+------------+----------
    1       -4.67       -0.04       0.8203      3.570
    2       -4.71       -0.10       0.8031      3.761
    3       -4.34       -0.13       0.7864      3.584
    4       -4.54       -0.08       0.7816      3.612
    5       -4.79        0.24       0.7769      3.552
    6       -4.78       -0.13       0.7499      3.739
    7       -4.79       -0.14       0.7382      3.557
    8       -4.39       -0.12       0.7331      3.429
    9       -4.35       -0.20       0.7123      3.637
