              _             
             (_)            
   __ _ _ __  _ _ __   __ _ 
  / _` | '_ \| | '_ \ / _` |
 | (_| | | | | | | | | (_| |
  \__, |_| |_|_|_| |_|\__,_|
   __/ |                    
  |___/                     

gnina v1.3.2 master:f23dd2b   Built Jul 29 2025.
gnina is based on smina and AutoDock Vina.
Please cite appropriately.

Commandline: gnina -r receptor.pdbqt -l ligands/noncovalent/GB_00_P4S.sdf --center_x -7.337 --center_y -41.735 --center_z 29.543 --size_x 22.5 --size_y 22.5 --size_z 22.5 --exhaustiveness 16 --num_modes 9 --cnn_scoring rescore --seed 42 -o out_sens_boxxm2/GB_00_P4S_nc.sdf.gz --log out_sens_boxxm2/GB_00_P4S_nc.log
Using random seed: 42

mode |  affinity  |  intramol  |    CNN     |   CNN
     | (kcal/mol) | (kcal/mol) | pose score | affinity
-----+------------+------------+------------+----------
    1       -4.34       -0.12       0.8093      2.997
    2       -4.46       -0.15       0.7877      3.075
    3       -4.04       -0.14       0.7178      3.064
    4       -4.25       -0.10       0.7159      3.320
    5       -4.16       -0.14       0.6869      3.003
    6       -4.55       -0.13       0.6739      3.265
    7       -4.30       -0.16       0.6715      3.223
    8       -4.53       -0.13       0.6573      3.161
    9       -4.48        1.76       0.6490      3.110
