              _             
             (_)            
   __ _ _ __  _ _ __   __ _ 
  / _` | '_ \| | '_ \ / _` |
 | (_| | | | | | | | | (_| |
  \__, |_| |_|_|_| |_|\__,_|
   __/ |                    
  |___/                     

gnina v1.3.2 master:f23dd2b   Built Jul 29 2025.
gnina is based on smina and AutoDock Vina.
Please cite appropriately.

Commandline: gnina -r receptor.pdbqt -l ligands/noncovalent/GB_01_P4R.sdf --center_x -7.337 --center_y -41.735 --center_z 29.543 --size_x 22.5 --size_y 22.5 --size_z 22.5 --exhaustiveness 16 --num_modes 9 --cnn_scoring rescore --seed 42 -o out_sens_boxxm2/GB_01_P4R_nc.sdf.gz --log out_sens_boxxm2/GB_01_P4R_nc.log
Using random seed: 42

mode |  affinity  |  intramol  |    CNN     |   CNN
     | (kcal/mol) | (kcal/mol) | pose score | affinity
-----+------------+------------+------------+----------
    1       -4.58       -0.13       0.8766      3.250
    2       -4.02       -0.11       0.8076      3.114
    3       -3.43        0.01       0.7529      3.004
    4       -4.36       -0.16       0.7405      3.128
    5       -4.50        0.85       0.6489      2.996
    6       -4.35        0.98       0.6479      3.178
    7       -3.88        0.96       0.6404      2.953
    8       -4.38       -0.13       0.6186      3.220
    9       -4.36       -0.13       0.6111      3.013
