              _             
             (_)            
   __ _ _ __  _ _ __   __ _ 
  / _` | '_ \| | '_ \ / _` |
 | (_| | | | | | | | | (_| |
  \__, |_| |_|_|_| |_|\__,_|
   __/ |                    
  |___/                     

gnina v1.3.2 master:f23dd2b   Built Jul 29 2025.
gnina is based on smina and AutoDock Vina.
Please cite appropriately.

Commandline: gnina -r receptor.pdbqt -l ligands/noncovalent/GD_01_C1R_P3S.sdf --center_x -7.337 --center_y -41.735 --center_z 29.543 --size_x 22.5 --size_y 22.5 --size_z 22.5 --exhaustiveness 16 --num_modes 9 --cnn_scoring rescore --seed 42 -o out_sens_boxxm2/GD_01_C1R_P3S_nc.sdf.gz --log out_sens_boxxm2/GD_01_C1R_P3S_nc.log
Using random seed: 42

mode |  affinity  |  intramol  |    CNN     |   CNN
     | (kcal/mol) | (kcal/mol) | pose score | affinity
-----+------------+------------+------------+----------
    1       -5.46       -0.18       0.7747      3.815
    2       -5.86       -0.03       0.7734      3.932
    3       -5.06        0.30       0.7288      3.806
    4       -5.55       -0.18       0.6981      3.705
    5       -5.81        0.02       0.6777      4.171
    6       -5.14        1.52       0.6498      4.031
    7       -5.45       -0.36       0.6431      3.711
    8       -6.04       -0.15       0.6402      3.939
    9       -5.84       -0.03       0.6008      3.816
