              _             
             (_)            
   __ _ _ __  _ _ __   __ _ 
  / _` | '_ \| | '_ \ / _` |
 | (_| | | | | | | | | (_| |
  \__, |_| |_|_|_| |_|\__,_|
   __/ |                    
  |___/                     

gnina v1.3.2 master:f23dd2b   Built Jul 29 2025.
gnina is based on smina and AutoDock Vina.
Please cite appropriately.

Commandline: gnina -r receptor.pdbqt -l ligands/noncovalent/GD_02_C1S_P3R.sdf --center_x -7.337 --center_y -41.735 --center_z 29.543 --size_x 22.5 --size_y 22.5 --size_z 22.5 --exhaustiveness 16 --num_modes 9 --cnn_scoring rescore --seed 42 -o out_sens_boxxm2/GD_02_C1S_P3R_nc.sdf.gz --log out_sens_boxxm2/GD_02_C1S_P3R_nc.log
Using random seed: 42

mode |  affinity  |  intramol  |    CNN     |   CNN
     | (kcal/mol) | (kcal/mol) | pose score | affinity
-----+------------+------------+------------+----------
    1       -5.69       -0.02       0.8072      4.062
    2       -5.11       -0.21       0.7514      4.110
    3       -6.03       -0.22       0.7338      4.183
    4       -6.07       -0.28       0.7318      3.856
    5       -6.06       -0.26       0.7305      3.841
    6       -5.76       -0.37       0.6640      3.695
    7       -5.18       -0.10       0.6579      3.922
    8       -5.14       -0.23       0.6528      3.872
    9       -5.53       -0.15       0.6400      3.702
