              _             
             (_)            
   __ _ _ __  _ _ __   __ _ 
  / _` | '_ \| | '_ \ / _` |
 | (_| | | | | | | | | (_| |
  \__, |_| |_|_|_| |_|\__,_|
   __/ |                    
  |___/                     

gnina v1.3.2 master:f23dd2b   Built Jul 29 2025.
gnina is based on smina and AutoDock Vina.
Please cite appropriately.

Commandline: gnina -r receptor.pdbqt -l ligands/noncovalent/GD_00_C1S_P3S.sdf --center_x -7.337 --center_y -41.735 --center_z 29.543 --size_x 22.5 --size_y 22.5 --size_z 22.5 --exhaustiveness 16 --num_modes 9 --cnn_scoring rescore --seed 42 -o out_sens_boxxm2/GD_00_C1S_P3S_nc.sdf.gz --log out_sens_boxxm2/GD_00_C1S_P3S_nc.log
Using random seed: 42

mode |  affinity  |  intramol  |    CNN     |   CNN
     | (kcal/mol) | (kcal/mol) | pose score | affinity
-----+------------+------------+------------+----------
    1       -6.19       -0.02       0.8585      3.905
    2       -5.84       -0.20       0.8114      3.951
    3       -5.53        0.01       0.6861      3.949
    4       -6.40       -0.20       0.6567      3.935
    5       -5.74       -0.14       0.6501      3.884
    6       -5.40       -0.21       0.5997      3.419
    7       -5.97       -0.26       0.5868      3.817
    8       -5.30        1.34       0.5841      3.670
    9       -5.79       -0.24       0.5738      3.638
