              _             
             (_)            
   __ _ _ __  _ _ __   __ _ 
  / _` | '_ \| | '_ \ / _` |
 | (_| | | | | | | | | (_| |
  \__, |_| |_|_|_| |_|\__,_|
   __/ |                    
  |___/                     

gnina v1.3.2 master:f23dd2b   Built Jul 29 2025.
gnina is based on smina and AutoDock Vina.
Please cite appropriately.

Commandline: gnina -r receptor.pdbqt -l ligands/noncovalent/GD_03_C1R_P3R.sdf --center_x -7.337 --center_y -41.735 --center_z 29.543 --size_x 22.5 --size_y 22.5 --size_z 22.5 --exhaustiveness 16 --num_modes 9 --cnn_scoring rescore --seed 42 -o out_sens_boxxm2/GD_03_C1R_P3R_nc.sdf.gz --log out_sens_boxxm2/GD_03_C1R_P3R_nc.log
Using random seed: 42

mode |  affinity  |  intramol  |    CNN     |   CNN
     | (kcal/mol) | (kcal/mol) | pose score | affinity
-----+------------+------------+------------+----------
    1       -5.88       -0.25       0.8202      4.192
    2       -5.67        0.09       0.7591      3.893
    3       -5.38        0.65       0.7526      4.076
    4       -5.26       -0.27       0.7257      3.996
    5       -5.44       -0.10       0.7187      3.774
    6       -5.24        1.06       0.7169      4.058
    7       -5.26       -0.19       0.7050      3.624
    8       -5.98        0.14       0.7016      4.038
    9       -5.93        0.01       0.6436      3.947
