              _             
             (_)            
   __ _ _ __  _ _ __   __ _ 
  / _` | '_ \| | '_ \ / _` |
 | (_| | | | | | | | | (_| |
  \__, |_| |_|_|_| |_|\__,_|
   __/ |                    
  |___/                     

gnina v1.3.2 master:f23dd2b   Built Jul 29 2025.
gnina is based on smina and AutoDock Vina.
Please cite appropriately.

Commandline: gnina -r receptor.pdbqt -l ligands/noncovalent/GF_00_P1S.sdf --center_x -7.337 --center_y -41.735 --center_z 29.543 --size_x 22.5 --size_y 22.5 --size_z 22.5 --exhaustiveness 16 --num_modes 9 --cnn_scoring rescore --seed 42 -o out_sens_boxxm2/GF_00_P1S_nc.sdf.gz --log out_sens_boxxm2/GF_00_P1S_nc.log
Using random seed: 42

mode |  affinity  |  intramol  |    CNN     |   CNN
     | (kcal/mol) | (kcal/mol) | pose score | affinity
-----+------------+------------+------------+----------
    1       -5.82        0.32       0.7576      3.729
    2       -5.73        0.96       0.7450      4.075
    3       -5.76       -0.12       0.7353      3.943
    4       -5.72        0.04       0.7318      3.820
    5       -5.77       -0.10       0.6975      3.852
    6       -6.30       -0.19       0.6851      3.834
    7       -5.95       -0.06       0.6583      3.727
    8       -5.68       -0.18       0.6227      3.772
    9       -5.78        0.94       0.6003      3.763
