              _             
             (_)            
   __ _ _ __  _ _ __   __ _ 
  / _` | '_ \| | '_ \ / _` |
 | (_| | | | | | | | | (_| |
  \__, |_| |_|_|_| |_|\__,_|
   __/ |                    
  |___/                     

gnina v1.3.2 master:f23dd2b   Built Jul 29 2025.
gnina is based on smina and AutoDock Vina.
Please cite appropriately.

Commandline: gnina -r receptor.pdbqt -l ligands/noncovalent/METH_00_P2R.sdf --center_x -7.337 --center_y -41.735 --center_z 29.543 --size_x 22.5 --size_y 22.5 --size_z 22.5 --exhaustiveness 16 --num_modes 9 --cnn_scoring rescore --seed 42 -o out_sens_boxxm2/METH_00_P2R_nc.sdf.gz --log out_sens_boxxm2/METH_00_P2R_nc.log
Using random seed: 42

mode |  affinity  |  intramol  |    CNN     |   CNN
     | (kcal/mol) | (kcal/mol) | pose score | affinity
-----+------------+------------+------------+----------
    1       -4.14       -0.00       0.7851      3.950
    2       -3.60       -0.00       0.7475      3.895
    3       -4.17       -0.03       0.7265      3.933
    4       -3.76       -0.00       0.7210      3.968
    5       -3.75       -0.02       0.6723      3.814
    6       -3.53       -0.00       0.4836      3.818
    7       -3.51       -0.04       0.4177      3.179
    8       -3.78       -0.00       0.3982      3.167
    9       -3.67       -0.01       0.3909      3.579
