              _             
             (_)            
   __ _ _ __  _ _ __   __ _ 
  / _` | '_ \| | '_ \ / _` |
 | (_| | | | | | | | | (_| |
  \__, |_| |_|_|_| |_|\__,_|
   __/ |                    
  |___/                     

gnina v1.3.2 master:f23dd2b   Built Jul 29 2025.
gnina is based on smina and AutoDock Vina.
Please cite appropriately.

Commandline: gnina -r receptor.pdbqt -l ligands/noncovalent/METH_01_P2S.sdf --center_x -7.337 --center_y -41.735 --center_z 29.543 --size_x 22.5 --size_y 22.5 --size_z 22.5 --exhaustiveness 16 --num_modes 9 --cnn_scoring rescore --seed 42 -o out_sens_boxxm2/METH_01_P2S_nc.sdf.gz --log out_sens_boxxm2/METH_01_P2S_nc.log
Using random seed: 42

mode |  affinity  |  intramol  |    CNN     |   CNN
     | (kcal/mol) | (kcal/mol) | pose score | affinity
-----+------------+------------+------------+----------
    1       -4.15       -0.03       0.8816      4.235
    2       -4.14       -0.01       0.8500      4.044
    3       -3.48       -0.00       0.7328      3.487
    4       -3.66       -0.00       0.7078      3.807
    5       -3.96       -0.04       0.6877      3.729
    6       -3.98       -0.04       0.6581      3.979
    7       -3.57       -0.00       0.5324      3.623
    8       -4.01       -0.00       0.5219      3.301
    9       -3.54       -0.01       0.5081      3.821
