              _             
             (_)            
   __ _ _ __  _ _ __   __ _ 
  / _` | '_ \| | '_ \ / _` |
 | (_| | | | | | | | | (_| |
  \__, |_| |_|_|_| |_|\__,_|
   __/ |                    
  |___/                     

gnina v1.3.2 master:f23dd2b   Built Jul 29 2025.
gnina is based on smina and AutoDock Vina.
Please cite appropriately.

Commandline: gnina -r receptor.pdbqt -l ligands/noncovalent/MLT_01_C6R.sdf --center_x -7.337 --center_y -41.735 --center_z 29.543 --size_x 22.5 --size_y 22.5 --size_z 22.5 --exhaustiveness 16 --num_modes 9 --cnn_scoring rescore --seed 42 -o out_sens_boxxm2/MLT_01_C6R_nc.sdf.gz --log out_sens_boxxm2/MLT_01_C6R_nc.log
Using random seed: 42

mode |  affinity  |  intramol  |    CNN     |   CNN
     | (kcal/mol) | (kcal/mol) | pose score | affinity
-----+------------+------------+------------+----------
    1       -6.27        0.16       0.7280      4.046
    2       -6.45       -0.11       0.6464      4.312
    3       -6.48       -0.60       0.6394      4.408
    4       -5.99       -0.02       0.6335      4.297
    5       -5.96       -0.28       0.6017      3.968
    6       -6.37        0.47       0.5627      4.200
    7       -6.38        0.52       0.5445      4.503
    8       -6.84       -0.09       0.4673      4.078
    9       -6.70        1.02       0.4461      3.893
