              _             
             (_)            
   __ _ _ __  _ _ __   __ _ 
  / _` | '_ \| | '_ \ / _` |
 | (_| | | | | | | | | (_| |
  \__, |_| |_|_|_| |_|\__,_|
   __/ |                    
  |___/                     

gnina v1.3.2 master:f23dd2b   Built Jul 29 2025.
gnina is based on smina and AutoDock Vina.
Please cite appropriately.

Commandline: gnina -r receptor.pdbqt -l ligands/noncovalent/MLT_00_C6S.sdf --center_x -7.337 --center_y -41.735 --center_z 29.543 --size_x 22.5 --size_y 22.5 --size_z 22.5 --exhaustiveness 16 --num_modes 9 --cnn_scoring rescore --seed 42 -o out_sens_boxxm2/MLT_00_C6S_nc.sdf.gz --log out_sens_boxxm2/MLT_00_C6S_nc.log
Using random seed: 42

mode |  affinity  |  intramol  |    CNN     |   CNN
     | (kcal/mol) | (kcal/mol) | pose score | affinity
-----+------------+------------+------------+----------
    1       -6.65       -0.36       0.7246      4.282
    2       -5.93        0.47       0.7141      3.819
    3       -6.26        0.40       0.7056      4.342
    4       -6.28       -0.23       0.6390      3.968
    5       -6.12       -0.37       0.5864      4.348
    6       -6.54        0.65       0.5599      3.913
    7       -6.26       -0.02       0.5020      4.297
    8       -6.42       -0.14       0.4899      4.692
    9       -6.69       -0.46       0.4608      4.134
