              _             
             (_)            
   __ _ _ __  _ _ __   __ _ 
  / _` | '_ \| | '_ \ / _` |
 | (_| | | | | | | | | (_| |
  \__, |_| |_|_|_| |_|\__,_|
   __/ |                    
  |___/                     

gnina v1.3.2 master:f23dd2b   Built Jul 29 2025.
gnina is based on smina and AutoDock Vina.
Please cite appropriately.

Commandline: gnina -r receptor.pdbqt -l ligands/noncovalent/MPXN_00_achiral.sdf --center_x -7.337 --center_y -41.735 --center_z 29.543 --size_x 22.5 --size_y 22.5 --size_z 22.5 --exhaustiveness 16 --num_modes 9 --cnn_scoring rescore --seed 42 -o out_sens_boxxm2/MPXN_00_achiral_nc.sdf.gz --log out_sens_boxxm2/MPXN_00_achiral_nc.log
Using random seed: 42

mode |  affinity  |  intramol  |    CNN     |   CNN
     | (kcal/mol) | (kcal/mol) | pose score | affinity
-----+------------+------------+------------+----------
    1       -6.41       -0.18       0.7485      4.175
    2       -6.74       -0.32       0.7393      3.663
    3       -7.29        0.48       0.7099      3.933
    4       -6.28       -0.35       0.6473      3.839
    5       -6.27       -0.14       0.5916      3.872
    6       -6.72       -0.01       0.5876      3.629
    7       -6.32       -0.10       0.5644      3.810
    8       -6.52       -0.01       0.5514      3.511
    9       -6.37        0.12       0.5324      3.774
