              _             
             (_)            
   __ _ _ __  _ _ __   __ _ 
  / _` | '_ \| | '_ \ / _` |
 | (_| | | | | | | | | (_| |
  \__, |_| |_|_|_| |_|\__,_|
   __/ |                    
  |___/                     

gnina v1.3.2 master:f23dd2b   Built Jul 29 2025.
gnina is based on smina and AutoDock Vina.
Please cite appropriately.

Commandline: gnina -r receptor.pdbqt -l ligands/noncovalent/PARA_00_achiral.sdf --center_x -7.337 --center_y -41.735 --center_z 29.543 --size_x 22.5 --size_y 22.5 --size_z 22.5 --exhaustiveness 16 --num_modes 9 --cnn_scoring rescore --seed 42 -o out_sens_boxxm2/PARA_00_achiral_nc.sdf.gz --log out_sens_boxxm2/PARA_00_achiral_nc.log
Using random seed: 42

mode |  affinity  |  intramol  |    CNN     |   CNN
     | (kcal/mol) | (kcal/mol) | pose score | affinity
-----+------------+------------+------------+----------
    1       -6.58       -0.62       0.6103      5.239
    2       -6.71       -0.52       0.5961      3.945
    3       -7.11       -0.07       0.5628      4.310
    4       -7.03       -0.30       0.5613      4.375
    5       -6.37       -0.08       0.5001      4.100
    6       -6.71       -0.22       0.4995      4.982
    7       -6.76       -0.47       0.3844      4.551
    8       -7.69       -0.01       0.3449      4.118
    9       -7.25       -0.23       0.3422      4.071
