              _             
             (_)            
   __ _ _ __  _ _ __   __ _ 
  / _` | '_ \| | '_ \ / _` |
 | (_| | | | | | | | | (_| |
  \__, |_| |_|_|_| |_|\__,_|
   __/ |                    
  |___/                     

gnina v1.3.2 master:f23dd2b   Built Jul 29 2025.
gnina is based on smina and AutoDock Vina.
Please cite appropriately.

Commandline: gnina -r receptor.pdbqt -l ligands/noncovalent/PXNE_00_achiral.sdf --center_x -7.337 --center_y -41.735 --center_z 29.543 --size_x 22.5 --size_y 22.5 --size_z 22.5 --exhaustiveness 16 --num_modes 9 --cnn_scoring rescore --seed 42 -o out_sens_boxxm2/PXNE_00_achiral_nc.sdf.gz --log out_sens_boxxm2/PXNE_00_achiral_nc.log
Using random seed: 42

mode |  affinity  |  intramol  |    CNN     |   CNN
     | (kcal/mol) | (kcal/mol) | pose score | affinity
-----+------------+------------+------------+----------
    1       -7.11       -0.23       0.7301      4.827
    2       -7.42       -0.29       0.7113      4.084
    3       -6.99       -0.34       0.6673      4.132
    4       -6.82       -0.15       0.6508      4.132
    5       -6.67        0.05       0.6361      4.318
    6       -7.61        0.30       0.5649      3.917
    7       -6.75        0.12       0.5481      4.847
    8       -6.92       -0.63       0.4907      3.794
    9       -6.63       -0.23       0.4388      3.573
