              _             
             (_)            
   __ _ _ __  _ _ __   __ _ 
  / _` | '_ \| | '_ \ / _` |
 | (_| | | | | | | | | (_| |
  \__, |_| |_|_|_| |_|\__,_|
   __/ |                    
  |___/                     

gnina v1.3.2 master:f23dd2b   Built Jul 29 2025.
gnina is based on smina and AutoDock Vina.
Please cite appropriately.

Commandline: gnina -r receptor.pdbqt -l ligands/noncovalent/VR_00_P8S.sdf --center_x -7.337 --center_y -41.735 --center_z 29.543 --size_x 22.5 --size_y 22.5 --size_z 22.5 --exhaustiveness 16 --num_modes 9 --cnn_scoring rescore --seed 42 -o out_sens_boxxm2/VR_00_P8S_nc.sdf.gz --log out_sens_boxxm2/VR_00_P8S_nc.log
Using random seed: 42

mode |  affinity  |  intramol  |    CNN     |   CNN
     | (kcal/mol) | (kcal/mol) | pose score | affinity
-----+------------+------------+------------+----------
    1       -5.69       -0.60       0.8837      4.469
    2       -5.92       -0.42       0.8455      4.891
    3       -5.91        0.07       0.8281      4.412
    4       -5.70       -0.36       0.8182      5.442
    5       -6.09       -0.44       0.8131      4.478
    6       -6.02       -0.45       0.7663      4.906
    7       -5.79       -0.71       0.7225      5.236
    8       -5.78       -0.39       0.7180      4.111
    9       -5.64       -0.80       0.6824      4.790
