              _             
             (_)            
   __ _ _ __  _ _ __   __ _ 
  / _` | '_ \| | '_ \ / _` |
 | (_| | | | | | | | | (_| |
  \__, |_| |_|_|_| |_|\__,_|
   __/ |                    
  |___/                     

gnina v1.3.2 master:f23dd2b   Built Jul 29 2025.
gnina is based on smina and AutoDock Vina.
Please cite appropriately.

Commandline: gnina -r receptor.pdbqt -l ligands/noncovalent/VR_01_P8R.sdf --center_x -7.337 --center_y -41.735 --center_z 29.543 --size_x 22.5 --size_y 22.5 --size_z 22.5 --exhaustiveness 16 --num_modes 9 --cnn_scoring rescore --seed 42 -o out_sens_boxxm2/VR_01_P8R_nc.sdf.gz --log out_sens_boxxm2/VR_01_P8R_nc.log
Using random seed: 42

mode |  affinity  |  intramol  |    CNN     |   CNN
     | (kcal/mol) | (kcal/mol) | pose score | affinity
-----+------------+------------+------------+----------
    1       -5.93       -0.12       0.8549      4.424
    2       -6.06       -0.38       0.8532      4.513
    3       -5.95       -0.47       0.7686      4.366
    4       -5.46       -0.48       0.7631      4.736
    5       -6.55       -0.64       0.7386      5.570
    6       -6.07       -0.28       0.7242      4.391
    7       -6.00       -0.56       0.6804      4.571
    8       -5.63        0.26       0.6793      4.298
    9       -6.38       -0.46       0.6613      4.450
