              _             
             (_)            
   __ _ _ __  _ _ __   __ _ 
  / _` | '_ \| | '_ \ / _` |
 | (_| | | | | | | | | (_| |
  \__, |_| |_|_|_| |_|\__,_|
   __/ |                    
  |___/                     

gnina v1.3.2 master:f23dd2b   Built Jul 29 2025.
gnina is based on smina and AutoDock Vina.
Please cite appropriately.

Commandline: gnina -r receptor.pdbqt -l ligands/noncovalent/VX_01_P3R.sdf --center_x -7.337 --center_y -41.735 --center_z 29.543 --size_x 22.5 --size_y 22.5 --size_z 22.5 --exhaustiveness 16 --num_modes 9 --cnn_scoring rescore --seed 42 -o out_sens_boxxm2/VX_01_P3R_nc.sdf.gz --log out_sens_boxxm2/VX_01_P3R_nc.log
Using random seed: 42

mode |  affinity  |  intramol  |    CNN     |   CNN
     | (kcal/mol) | (kcal/mol) | pose score | affinity
-----+------------+------------+------------+----------
    1       -6.20        2.22       0.9285      4.731
    2       -5.81        0.10       0.8365      4.893
    3       -5.96       -0.56       0.8327      4.822
    4       -5.86        0.16       0.8114      4.769
    5       -5.76       -0.45       0.8021      4.516
    6       -5.82       -0.22       0.7881      4.733
    7       -6.27        1.54       0.7782      5.161
    8       -5.78        0.68       0.7782      4.795
    9       -5.42        3.32       0.7509      5.044
