              _             
             (_)            
   __ _ _ __  _ _ __   __ _ 
  / _` | '_ \| | '_ \ / _` |
 | (_| | | | | | | | | (_| |
  \__, |_| |_|_|_| |_|\__,_|
   __/ |                    
  |___/                     

gnina v1.3.2 master:f23dd2b   Built Jul 29 2025.
gnina is based on smina and AutoDock Vina.
Please cite appropriately.

Commandline: gnina -r receptor.pdbqt -l ligands/noncovalent/VX_00_P3S.sdf --center_x -7.337 --center_y -41.735 --center_z 29.543 --size_x 22.5 --size_y 22.5 --size_z 22.5 --exhaustiveness 16 --num_modes 9 --cnn_scoring rescore --seed 42 -o out_sens_boxxm2/VX_00_P3S_nc.sdf.gz --log out_sens_boxxm2/VX_00_P3S_nc.log
Using random seed: 42

mode |  affinity  |  intramol  |    CNN     |   CNN
     | (kcal/mol) | (kcal/mol) | pose score | affinity
-----+------------+------------+------------+----------
    1       -6.27        0.50       0.8917      4.547
    2       -6.14        0.12       0.8890      5.097
    3       -6.45       -0.47       0.8632      5.187
    4       -5.73        0.21       0.8364      4.488
    5       -5.91        0.14       0.8077      4.714
    6       -5.93       -0.26       0.8044      4.688
    7       -5.97       -0.07       0.8033      4.822
    8       -6.10        0.86       0.7851      4.734
    9       -5.70        0.13       0.7742      4.689
