              _             
             (_)            
   __ _ _ __  _ _ __   __ _ 
  / _` | '_ \| | '_ \ / _` |
 | (_| | | | | | | | | (_| |
  \__, |_| |_|_|_| |_|\__,_|
   __/ |                    
  |___/                     

gnina v1.3.2 master:f23dd2b   Built Jul 29 2025.
gnina is based on smina and AutoDock Vina.
Please cite appropriately.

Commandline: gnina -r receptor_H.pdb -l ligands/covalent/A232_03_P8S_C5N7Z.sdf --covalent_rec_atom D:149:OG --covalent_lig_atom_pattern [#15] --covalent_optimize_lig --covalent_bond_order 1 --center_x -5.337 --center_y -41.735 --center_z 29.543 --size_x 18.0 --size_y 18.0 --size_z 18.0 --exhaustiveness 16 --num_modes 9 --cnn_scoring none -o out_covalent/A232_03_P8S_C5N7Z_cov.sdf.gz --log out_covalent/A232_03_P8S_C5N7Z_cov.log
Using random seed: -53012727

mode |  affinity  |  intramol  |    CNN     |   CNN
     | (kcal/mol) | (kcal/mol) | pose score | affinity
-----+------------+------------+------------+----------
    1       -0.23        0.00      -1.0000      0.000
    2        0.04        0.00      -1.0000      0.000
    3        1.37        0.00      -1.0000      0.000
    4        9.57        0.00      -1.0000      0.000
    5       11.45        0.00      -1.0000      0.000
    6       12.40        0.00      -1.0000      0.000
