              _             
             (_)            
   __ _ _ __  _ _ __   __ _ 
  / _` | '_ \| | '_ \ / _` |
 | (_| | | | | | | | | (_| |
  \__, |_| |_|_|_| |_|\__,_|
   __/ |                    
  |___/                     

gnina v1.3.2 master:f23dd2b   Built Jul 29 2025.
gnina is based on smina and AutoDock Vina.
Please cite appropriately.

Commandline: gnina -r receptor_H.pdb -l ligands/covalent/A242_00_P7R.sdf --covalent_rec_atom D:149:OG --covalent_lig_atom_pattern [#15] --covalent_optimize_lig --covalent_bond_order 1 --center_x -5.337 --center_y -41.735 --center_z 29.543 --size_x 18.0 --size_y 18.0 --size_z 18.0 --exhaustiveness 16 --num_modes 9 --cnn_scoring none -o out_covalent/A242_00_P7R_cov.sdf.gz --log out_covalent/A242_00_P7R_cov.log
Using random seed: 1778223416

mode |  affinity  |  intramol  |    CNN     |   CNN
     | (kcal/mol) | (kcal/mol) | pose score | affinity
-----+------------+------------+------------+----------
    1        2.73        0.00      -1.0000      0.000
    2        3.67        0.00      -1.0000      0.000
    3        3.80        0.00      -1.0000      0.000
    4        3.82        0.00      -1.0000      0.000
    5        3.94        0.00      -1.0000      0.000
    6        4.02        0.00      -1.0000      0.000
    7        4.09        0.00      -1.0000      0.000
    8        4.14        0.00      -1.0000      0.000
    9        5.18        0.00      -1.0000      0.000
