              _             
             (_)            
   __ _ _ __  _ _ __   __ _ 
  / _` | '_ \| | '_ \ / _` |
 | (_| | | | | | | | | (_| |
  \__, |_| |_|_|_| |_|\__,_|
   __/ |                    
  |___/                     

gnina v1.3.2 master:f23dd2b   Built Jul 29 2025.
gnina is based on smina and AutoDock Vina.
Please cite appropriately.

Commandline: gnina -r receptor_H.pdb -l ligands/covalent/GD_01_C1R_P3S.sdf --covalent_rec_atom D:149:OG --covalent_lig_atom_pattern [#15] --covalent_optimize_lig --covalent_bond_order 1 --center_x -5.337 --center_y -41.735 --center_z 29.543 --size_x 18.0 --size_y 18.0 --size_z 18.0 --exhaustiveness 16 --num_modes 9 --cnn_scoring none -o out_covalent/GD_01_C1R_P3S_cov.sdf.gz --log out_covalent/GD_01_C1R_P3S_cov.log
Using random seed: -1785668019

mode |  affinity  |  intramol  |    CNN     |   CNN
     | (kcal/mol) | (kcal/mol) | pose score | affinity
-----+------------+------------+------------+----------
    1        2.22        0.00      -1.0000      0.000
    2        2.45        0.00      -1.0000      0.000
    3        2.48        0.00      -1.0000      0.000
    4        3.14        0.00      -1.0000      0.000
    5        3.48        0.00      -1.0000      0.000
    6        3.51        0.00      -1.0000      0.000
    7        4.25        0.00      -1.0000      0.000
    8        4.77        0.00      -1.0000      0.000
    9        5.07        0.00      -1.0000      0.000
