              _             
             (_)            
   __ _ _ __  _ _ __   __ _ 
  / _` | '_ \| | '_ \ / _` |
 | (_| | | | | | | | | (_| |
  \__, |_| |_|_|_| |_|\__,_|
   __/ |                    
  |___/                     

gnina v1.3.2 master:f23dd2b   Built Jul 29 2025.
gnina is based on smina and AutoDock Vina.
Please cite appropriately.

Commandline: gnina -r receptor_H.pdb -l ligands/covalent/GD_00_C1S_P3S.sdf --covalent_rec_atom D:149:OG --covalent_lig_atom_pattern [#15] --covalent_optimize_lig --covalent_bond_order 1 --center_x -5.337 --center_y -41.735 --center_z 29.543 --size_x 18.0 --size_y 18.0 --size_z 18.0 --exhaustiveness 16 --num_modes 9 --cnn_scoring none -o out_covalent/GD_00_C1S_P3S_cov.sdf.gz --log out_covalent/GD_00_C1S_P3S_cov.log
Using random seed: 425257544

mode |  affinity  |  intramol  |    CNN     |   CNN
     | (kcal/mol) | (kcal/mol) | pose score | affinity
-----+------------+------------+------------+----------
    1        3.59        0.00      -1.0000      0.000
    2        4.07        0.00      -1.0000      0.000
    3        4.39        0.00      -1.0000      0.000
    4        4.46        0.00      -1.0000      0.000
    5        4.79        0.00      -1.0000      0.000
    6        4.92        0.00      -1.0000      0.000
    7        5.85        0.00      -1.0000      0.000
    8        5.96        0.00      -1.0000      0.000
    9        8.82        0.00      -1.0000      0.000
