              _             
             (_)            
   __ _ _ __  _ _ __   __ _ 
  / _` | '_ \| | '_ \ / _` |
 | (_| | | | | | | | | (_| |
  \__, |_| |_|_|_| |_|\__,_|
   __/ |                    
  |___/                     

gnina v1.3.2 master:f23dd2b   Built Jul 29 2025.
gnina is based on smina and AutoDock Vina.
Please cite appropriately.

Commandline: gnina -r receptor_H.pdb -l ligands/covalent/GF_01_P1R.sdf --covalent_rec_atom D:149:OG --covalent_lig_atom_pattern [#15] --covalent_optimize_lig --covalent_bond_order 1 --center_x -5.337 --center_y -41.735 --center_z 29.543 --size_x 18.0 --size_y 18.0 --size_z 18.0 --exhaustiveness 16 --num_modes 9 --cnn_scoring none -o out_covalent/GF_01_P1R_cov.sdf.gz --log out_covalent/GF_01_P1R_cov.log
Using random seed: -685937892

mode |  affinity  |  intramol  |    CNN     |   CNN
     | (kcal/mol) | (kcal/mol) | pose score | affinity
-----+------------+------------+------------+----------
    1       -1.46        0.00      -1.0000      0.000
    2       -1.23        0.00      -1.0000      0.000
    3       -1.06        0.00      -1.0000      0.000
    4       -0.95        0.00      -1.0000      0.000
    5       -0.79        0.00      -1.0000      0.000
    6       -0.70        0.00      -1.0000      0.000
    7        2.54        0.00      -1.0000      0.000
