              _             
             (_)            
   __ _ _ __  _ _ __   __ _ 
  / _` | '_ \| | '_ \ / _` |
 | (_| | | | | | | | | (_| |
  \__, |_| |_|_|_| |_|\__,_|
   __/ |                    
  |___/                     

gnina v1.3.2 master:f23dd2b   Built Jul 29 2025.
gnina is based on smina and AutoDock Vina.
Please cite appropriately.

Commandline: gnina -r receptor.pdbqt -l ligands/noncovalent/A230_00_P8R_C5N7E.sdf --center_x -5.337 --center_y -41.735 --center_z 29.543 --size_x 22.5 --size_y 22.5 --size_z 22.5 --exhaustiveness 16 --num_modes 9 --cnn_scoring rescore --seed 123 -o out_sens_seed123/A230_00_P8R_C5N7E_nc.sdf.gz --log out_sens_seed123/A230_00_P8R_C5N7E_nc.log
Using random seed: 123

mode |  affinity  |  intramol  |    CNN     |   CNN
     | (kcal/mol) | (kcal/mol) | pose score | affinity
-----+------------+------------+------------+----------
    1       -5.91        0.33       0.9164      4.709
    2       -5.19        0.13       0.8396      3.731
    3       -5.12        0.12       0.8090      4.069
    4       -5.68       -0.23       0.7969      4.592
    5       -5.52       -0.05       0.7911      4.659
    6       -5.56       -0.11       0.7842      4.676
    7       -5.18        0.07       0.7836      3.976
    8       -5.44        0.38       0.7824      3.859
    9       -5.28       -0.11       0.7708      4.183
