              _             
             (_)            
   __ _ _ __  _ _ __   __ _ 
  / _` | '_ \| | '_ \ / _` |
 | (_| | | | | | | | | (_| |
  \__, |_| |_|_|_| |_|\__,_|
   __/ |                    
  |___/                     

gnina v1.3.2 master:f23dd2b   Built Jul 29 2025.
gnina is based on smina and AutoDock Vina.
Please cite appropriately.

Commandline: gnina -r receptor.pdbqt -l ligands/noncovalent/A230_03_P8S_C5N7Z.sdf --center_x -5.337 --center_y -41.735 --center_z 29.543 --size_x 22.5 --size_y 22.5 --size_z 22.5 --exhaustiveness 16 --num_modes 9 --cnn_scoring rescore --seed 123 -o out_sens_seed123/A230_03_P8S_C5N7Z_nc.sdf.gz --log out_sens_seed123/A230_03_P8S_C5N7Z_nc.log
Using random seed: 123

mode |  affinity  |  intramol  |    CNN     |   CNN
     | (kcal/mol) | (kcal/mol) | pose score | affinity
-----+------------+------------+------------+----------
    1       -5.92        0.08       0.9223      4.954
    2       -5.86        1.26       0.9127      4.892
    3       -5.66        3.24       0.9018      4.350
    4       -5.49        0.15       0.8717      4.509
    5       -5.72        1.39       0.8704      4.530
    6       -5.79        0.13       0.8497      4.615
    7       -5.58        0.30       0.8426      4.590
    8       -5.61        1.20       0.8184      4.448
    9       -5.50        0.77       0.8180      3.850
