              _             
             (_)            
   __ _ _ __  _ _ __   __ _ 
  / _` | '_ \| | '_ \ / _` |
 | (_| | | | | | | | | (_| |
  \__, |_| |_|_|_| |_|\__,_|
   __/ |                    
  |___/                     

gnina v1.3.2 master:f23dd2b   Built Jul 29 2025.
gnina is based on smina and AutoDock Vina.
Please cite appropriately.

Commandline: gnina -r receptor.pdbqt -l ligands/noncovalent/A230_02_P8R_C5N7Z.sdf --center_x -5.337 --center_y -41.735 --center_z 29.543 --size_x 22.5 --size_y 22.5 --size_z 22.5 --exhaustiveness 16 --num_modes 9 --cnn_scoring rescore --seed 123 -o out_sens_seed123/A230_02_P8R_C5N7Z_nc.sdf.gz --log out_sens_seed123/A230_02_P8R_C5N7Z_nc.log
Using random seed: 123

mode |  affinity  |  intramol  |    CNN     |   CNN
     | (kcal/mol) | (kcal/mol) | pose score | affinity
-----+------------+------------+------------+----------
    1       -5.74        0.01       0.8401      4.759
    2       -5.77       -0.38       0.8398      4.039
    3       -5.46       -0.37       0.8365      4.197
    4       -5.73       -0.40       0.8323      3.926
    5       -5.72        0.06       0.8279      4.650
    6       -5.34       -0.38       0.8208      4.159
    7       -5.21       -0.43       0.7728      4.276
    8       -5.39       -0.34       0.7707      3.901
    9       -5.97       -0.21       0.7691      4.253
