              _             
             (_)            
   __ _ _ __  _ _ __   __ _ 
  / _` | '_ \| | '_ \ / _` |
 | (_| | | | | | | | | (_| |
  \__, |_| |_|_|_| |_|\__,_|
   __/ |                    
  |___/                     

gnina v1.3.2 master:f23dd2b   Built Jul 29 2025.
gnina is based on smina and AutoDock Vina.
Please cite appropriately.

Commandline: gnina -r receptor.pdbqt -l ligands/noncovalent/A230_01_P8S_C5N7E.sdf --center_x -5.337 --center_y -41.735 --center_z 29.543 --size_x 22.5 --size_y 22.5 --size_z 22.5 --exhaustiveness 16 --num_modes 9 --cnn_scoring rescore --seed 123 -o out_sens_seed123/A230_01_P8S_C5N7E_nc.sdf.gz --log out_sens_seed123/A230_01_P8S_C5N7E_nc.log
Using random seed: 123

mode |  affinity  |  intramol  |    CNN     |   CNN
     | (kcal/mol) | (kcal/mol) | pose score | affinity
-----+------------+------------+------------+----------
    1       -5.42        0.47       0.9298      4.670
    2       -5.72        0.35       0.8962      4.709
    3       -5.76        1.28       0.8625      4.575
    4       -5.79        0.25       0.8612      4.757
    5       -5.71        0.02       0.8430      4.644
    6       -5.95        0.29       0.8398      4.516
    7       -5.23        0.35       0.8395      3.920
    8       -5.62        2.11       0.8219      4.528
    9       -5.96        0.33       0.8155      4.483
