              _             
             (_)            
   __ _ _ __  _ _ __   __ _ 
  / _` | '_ \| | '_ \ / _` |
 | (_| | | | | | | | | (_| |
  \__, |_| |_|_|_| |_|\__,_|
   __/ |                    
  |___/                     

gnina v1.3.2 master:f23dd2b   Built Jul 29 2025.
gnina is based on smina and AutoDock Vina.
Please cite appropriately.

Commandline: gnina -r receptor.pdbqt -l ligands/noncovalent/A232_02_P8R_C5N7Z.sdf --center_x -5.337 --center_y -41.735 --center_z 29.543 --size_x 22.5 --size_y 22.5 --size_z 22.5 --exhaustiveness 16 --num_modes 9 --cnn_scoring rescore --seed 123 -o out_sens_seed123/A232_02_P8R_C5N7Z_nc.sdf.gz --log out_sens_seed123/A232_02_P8R_C5N7Z_nc.log
Using random seed: 123

mode |  affinity  |  intramol  |    CNN     |   CNN
     | (kcal/mol) | (kcal/mol) | pose score | affinity
-----+------------+------------+------------+----------
    1       -6.09        0.14       0.9694      4.611
    2       -5.83        0.20       0.9667      4.784
    3       -6.21       -0.38       0.9352      4.803
    4       -6.13       -0.05       0.9260      4.665
    5       -6.08       -0.08       0.9098      4.608
    6       -5.91       -0.26       0.9044      4.999
    7       -6.12        0.13       0.8816      4.667
    8       -6.19       -0.01       0.8614      4.626
    9       -5.88       -0.32       0.8396      4.752
