              _             
             (_)            
   __ _ _ __  _ _ __   __ _ 
  / _` | '_ \| | '_ \ / _` |
 | (_| | | | | | | | | (_| |
  \__, |_| |_|_|_| |_|\__,_|
   __/ |                    
  |___/                     

gnina v1.3.2 master:f23dd2b   Built Jul 29 2025.
gnina is based on smina and AutoDock Vina.
Please cite appropriately.

Commandline: gnina -r receptor.pdbqt -l ligands/noncovalent/A232_03_P8S_C5N7Z.sdf --center_x -5.337 --center_y -41.735 --center_z 29.543 --size_x 22.5 --size_y 22.5 --size_z 22.5 --exhaustiveness 16 --num_modes 9 --cnn_scoring rescore --seed 123 -o out_sens_seed123/A232_03_P8S_C5N7Z_nc.sdf.gz --log out_sens_seed123/A232_03_P8S_C5N7Z_nc.log
Using random seed: 123

mode |  affinity  |  intramol  |    CNN     |   CNN
     | (kcal/mol) | (kcal/mol) | pose score | affinity
-----+------------+------------+------------+----------
    1       -5.87       -0.03       0.9302      4.262
    2       -5.72       -0.41       0.9247      4.738
    3       -6.11       -0.24       0.8803      4.741
    4       -5.72        0.05       0.8533      4.675
    5       -5.85       -0.06       0.8469      4.877
    6       -5.87       -0.28       0.8450      4.203
    7       -5.80        0.90       0.8395      4.588
    8       -6.11        0.12       0.8320      4.706
    9       -5.55        0.08       0.8201      4.227
