              _             
             (_)            
   __ _ _ __  _ _ __   __ _ 
  / _` | '_ \| | '_ \ / _` |
 | (_| | | | | | | | | (_| |
  \__, |_| |_|_|_| |_|\__,_|
   __/ |                    
  |___/                     

gnina v1.3.2 master:f23dd2b   Built Jul 29 2025.
gnina is based on smina and AutoDock Vina.
Please cite appropriately.

Commandline: gnina -r receptor.pdbqt -l ligands/noncovalent/A232_00_P8R_C5N7E.sdf --center_x -5.337 --center_y -41.735 --center_z 29.543 --size_x 22.5 --size_y 22.5 --size_z 22.5 --exhaustiveness 16 --num_modes 9 --cnn_scoring rescore --seed 123 -o out_sens_seed123/A232_00_P8R_C5N7E_nc.sdf.gz --log out_sens_seed123/A232_00_P8R_C5N7E_nc.log
Using random seed: 123

mode |  affinity  |  intramol  |    CNN     |   CNN
     | (kcal/mol) | (kcal/mol) | pose score | affinity
-----+------------+------------+------------+----------
    1       -5.77       -0.17       0.9444      4.336
    2       -6.20       -0.21       0.9353      4.663
    3       -6.18       -0.22       0.9348      4.599
    4       -5.88        0.37       0.8821      4.574
    5       -5.88        0.26       0.8764      4.509
    6       -5.39        0.17       0.7904      4.516
    7       -5.93        0.10       0.7836      4.633
    8       -5.56        0.23       0.7784      4.129
    9       -5.32        0.06       0.7672      3.996
