              _             
             (_)            
   __ _ _ __  _ _ __   __ _ 
  / _` | '_ \| | '_ \ / _` |
 | (_| | | | | | | | | (_| |
  \__, |_| |_|_|_| |_|\__,_|
   __/ |                    
  |___/                     

gnina v1.3.2 master:f23dd2b   Built Jul 29 2025.
gnina is based on smina and AutoDock Vina.
Please cite appropriately.

Commandline: gnina -r receptor.pdbqt -l ligands/noncovalent/A232_01_P8S_C5N7E.sdf --center_x -5.337 --center_y -41.735 --center_z 29.543 --size_x 22.5 --size_y 22.5 --size_z 22.5 --exhaustiveness 16 --num_modes 9 --cnn_scoring rescore --seed 123 -o out_sens_seed123/A232_01_P8S_C5N7E_nc.sdf.gz --log out_sens_seed123/A232_01_P8S_C5N7E_nc.log
Using random seed: 123

mode |  affinity  |  intramol  |    CNN     |   CNN
     | (kcal/mol) | (kcal/mol) | pose score | affinity
-----+------------+------------+------------+----------
    1       -5.56       -0.13       0.8802      4.985
    2       -5.61       -0.02       0.8546      4.370
    3       -5.42       -0.16       0.7949      3.775
    4       -5.37        0.17       0.7855      3.904
    5       -5.30       -0.13       0.7850      4.570
    6       -5.64        0.07       0.7474      4.502
    7       -5.53        0.65       0.7295      4.383
    8       -5.97        0.95       0.7181      4.581
    9       -5.59        0.57       0.6874      4.075
