              _             
             (_)            
   __ _ _ __  _ _ __   __ _ 
  / _` | '_ \| | '_ \ / _` |
 | (_| | | | | | | | | (_| |
  \__, |_| |_|_|_| |_|\__,_|
   __/ |                    
  |___/                     

gnina v1.3.2 master:f23dd2b   Built Jul 29 2025.
gnina is based on smina and AutoDock Vina.
Please cite appropriately.

Commandline: gnina -r receptor.pdbqt -l ligands/noncovalent/A234_01_P3R_N6C7E.sdf --center_x -5.337 --center_y -41.735 --center_z 29.543 --size_x 22.5 --size_y 22.5 --size_z 22.5 --exhaustiveness 16 --num_modes 9 --cnn_scoring rescore --seed 123 -o out_sens_seed123/A234_01_P3R_N6C7E_nc.sdf.gz --log out_sens_seed123/A234_01_P3R_N6C7E_nc.log
Using random seed: 123

mode |  affinity  |  intramol  |    CNN     |   CNN
     | (kcal/mol) | (kcal/mol) | pose score | affinity
-----+------------+------------+------------+----------
    1       -6.37        0.23       0.9468      4.724
    2       -6.46        0.40       0.9456      4.732
    3       -5.88       -0.27       0.8492      4.761
    4       -6.21        0.19       0.7970      4.906
    5       -5.91        0.70       0.7926      4.271
    6       -5.70       -0.20       0.7875      4.012
    7       -5.67       -0.39       0.7848      4.092
    8       -6.35        0.14       0.7834      4.538
    9       -6.15        0.19       0.7706      4.430
