              _             
             (_)            
   __ _ _ __  _ _ __   __ _ 
  / _` | '_ \| | '_ \ / _` |
 | (_| | | | | | | | | (_| |
  \__, |_| |_|_|_| |_|\__,_|
   __/ |                    
  |___/                     

gnina v1.3.2 master:f23dd2b   Built Jul 29 2025.
gnina is based on smina and AutoDock Vina.
Please cite appropriately.

Commandline: gnina -r receptor.pdbqt -l ligands/noncovalent/A234_00_P3S_N6C7E.sdf --center_x -5.337 --center_y -41.735 --center_z 29.543 --size_x 22.5 --size_y 22.5 --size_z 22.5 --exhaustiveness 16 --num_modes 9 --cnn_scoring rescore --seed 123 -o out_sens_seed123/A234_00_P3S_N6C7E_nc.sdf.gz --log out_sens_seed123/A234_00_P3S_N6C7E_nc.log
Using random seed: 123

mode |  affinity  |  intramol  |    CNN     |   CNN
     | (kcal/mol) | (kcal/mol) | pose score | affinity
-----+------------+------------+------------+----------
    1       -6.15        0.18       0.9100      4.542
    2       -6.13        0.29       0.8502      4.855
    3       -6.13       -0.09       0.8147      4.887
    4       -5.59        0.24       0.8107      4.126
    5       -5.33        0.70       0.8057      5.100
    6       -5.75       -0.10       0.7977      4.096
    7       -6.15        0.06       0.7952      4.877
    8       -5.66        0.40       0.7429      4.387
    9       -6.11        1.52       0.7398      4.319
