              _             
             (_)            
   __ _ _ __  _ _ __   __ _ 
  / _` | '_ \| | '_ \ / _` |
 | (_| | | | | | | | | (_| |
  \__, |_| |_|_|_| |_|\__,_|
   __/ |                    
  |___/                     

gnina v1.3.2 master:f23dd2b   Built Jul 29 2025.
gnina is based on smina and AutoDock Vina.
Please cite appropriately.

Commandline: gnina -r receptor.pdbqt -l ligands/noncovalent/A234_03_P3R_N6C7Z.sdf --center_x -5.337 --center_y -41.735 --center_z 29.543 --size_x 22.5 --size_y 22.5 --size_z 22.5 --exhaustiveness 16 --num_modes 9 --cnn_scoring rescore --seed 123 -o out_sens_seed123/A234_03_P3R_N6C7Z_nc.sdf.gz --log out_sens_seed123/A234_03_P3R_N6C7Z_nc.log
Using random seed: 123

mode |  affinity  |  intramol  |    CNN     |   CNN
     | (kcal/mol) | (kcal/mol) | pose score | affinity
-----+------------+------------+------------+----------
    1       -6.52        0.34       0.9766      4.748
    2       -6.55        0.15       0.9749      4.799
    3       -6.72       -0.40       0.9371      4.846
    4       -6.63        0.11       0.9267      4.844
    5       -6.17        0.50       0.9251      4.221
    6       -6.62       -0.11       0.9222      4.747
    7       -5.73        0.01       0.9033      4.454
    8       -6.61        0.03       0.8908      4.676
    9       -6.20       -0.23       0.8895      4.157
