              _             
             (_)            
   __ _ _ __  _ _ __   __ _ 
  / _` | '_ \| | '_ \ / _` |
 | (_| | | | | | | | | (_| |
  \__, |_| |_|_|_| |_|\__,_|
   __/ |                    
  |___/                     

gnina v1.3.2 master:f23dd2b   Built Jul 29 2025.
gnina is based on smina and AutoDock Vina.
Please cite appropriately.

Commandline: gnina -r receptor.pdbqt -l ligands/noncovalent/A234_02_P3S_N6C7Z.sdf --center_x -5.337 --center_y -41.735 --center_z 29.543 --size_x 22.5 --size_y 22.5 --size_z 22.5 --exhaustiveness 16 --num_modes 9 --cnn_scoring rescore --seed 123 -o out_sens_seed123/A234_02_P3S_N6C7Z_nc.sdf.gz --log out_sens_seed123/A234_02_P3S_N6C7Z_nc.log
Using random seed: 123

mode |  affinity  |  intramol  |    CNN     |   CNN
     | (kcal/mol) | (kcal/mol) | pose score | affinity
-----+------------+------------+------------+----------
    1       -6.63        0.20       0.9784      4.687
    2       -6.19        0.09       0.9062      4.061
    3       -6.60       -0.19       0.8896      4.843
    4       -6.13        0.47       0.8852      4.160
    5       -6.13        0.40       0.8850      4.788
    6       -5.81        0.08       0.8831      4.265
    7       -6.49        0.01       0.8671      4.887
    8       -6.25       -0.00       0.8471      4.736
    9       -6.07        0.13       0.8462      4.032
