              _             
             (_)            
   __ _ _ __  _ _ __   __ _ 
  / _` | '_ \| | '_ \ / _` |
 | (_| | | | | | | | | (_| |
  \__, |_| |_|_|_| |_|\__,_|
   __/ |                    
  |___/                     

gnina v1.3.2 master:f23dd2b   Built Jul 29 2025.
gnina is based on smina and AutoDock Vina.
Please cite appropriately.

Commandline: gnina -r receptor.pdbqt -l ligands/noncovalent/A242_01_P7S.sdf --center_x -5.337 --center_y -41.735 --center_z 29.543 --size_x 22.5 --size_y 22.5 --size_z 22.5 --exhaustiveness 16 --num_modes 9 --cnn_scoring rescore --seed 123 -o out_sens_seed123/A242_01_P7S_nc.sdf.gz --log out_sens_seed123/A242_01_P7S_nc.log
Using random seed: 123

mode |  affinity  |  intramol  |    CNN     |   CNN
     | (kcal/mol) | (kcal/mol) | pose score | affinity
-----+------------+------------+------------+----------
    1       -5.81        0.45       0.9234      5.137
    2       -6.12        0.88       0.9147      4.839
    3       -6.37        0.23       0.9108      5.214
    4       -6.33        0.59       0.8962      5.192
    5       -5.95        1.25       0.8800      4.886
    6       -6.42        1.24       0.8588      5.163
    7       -6.16        0.37       0.8528      4.843
    8       -6.29        0.95       0.7834      4.964
    9       -6.10        1.27       0.7807      4.907
