              _             
             (_)            
   __ _ _ __  _ _ __   __ _ 
  / _` | '_ \| | '_ \ / _` |
 | (_| | | | | | | | | (_| |
  \__, |_| |_|_|_| |_|\__,_|
   __/ |                    
  |___/                     

gnina v1.3.2 master:f23dd2b   Built Jul 29 2025.
gnina is based on smina and AutoDock Vina.
Please cite appropriately.

Commandline: gnina -r receptor.pdbqt -l ligands/noncovalent/A242_00_P7R.sdf --center_x -5.337 --center_y -41.735 --center_z 29.543 --size_x 22.5 --size_y 22.5 --size_z 22.5 --exhaustiveness 16 --num_modes 9 --cnn_scoring rescore --seed 123 -o out_sens_seed123/A242_00_P7R_nc.sdf.gz --log out_sens_seed123/A242_00_P7R_nc.log
Using random seed: 123

mode |  affinity  |  intramol  |    CNN     |   CNN
     | (kcal/mol) | (kcal/mol) | pose score | affinity
-----+------------+------------+------------+----------
    1       -6.01        0.20       0.9359      5.795
    2       -6.04       -0.65       0.8733      4.973
    3       -6.01       -0.10       0.8478      4.476
    4       -6.19        0.45       0.8429      4.685
    5       -6.08       -0.46       0.8386      4.871
    6       -6.22        0.25       0.8062      4.928
    7       -5.82       -0.16       0.8013      4.538
    8       -6.33       -0.01       0.7187      5.010
    9       -6.23        0.10       0.6930      4.550
