              _             
             (_)            
   __ _ _ __  _ _ __   __ _ 
  / _` | '_ \| | '_ \ / _` |
 | (_| | | | | | | | | (_| |
  \__, |_| |_|_|_| |_|\__,_|
   __/ |                    
  |___/                     

gnina v1.3.2 master:f23dd2b   Built Jul 29 2025.
gnina is based on smina and AutoDock Vina.
Please cite appropriately.

Commandline: gnina -r receptor.pdbqt -l ligands/noncovalent/BSAR_00_P5S.sdf --center_x -5.337 --center_y -41.735 --center_z 29.543 --size_x 22.5 --size_y 22.5 --size_z 22.5 --exhaustiveness 16 --num_modes 9 --cnn_scoring rescore --seed 123 -o out_sens_seed123/BSAR_00_P5S_nc.sdf.gz --log out_sens_seed123/BSAR_00_P5S_nc.log
Using random seed: 123

mode |  affinity  |  intramol  |    CNN     |   CNN
     | (kcal/mol) | (kcal/mol) | pose score | affinity
-----+------------+------------+------------+----------
    1       -5.10       -0.09       0.8796      3.419
    2       -4.97       -0.09       0.8662      3.643
    3       -5.13       -0.10       0.8334      3.642
    4       -4.52       -0.32       0.7695      3.342
    5       -4.80       -0.14       0.7475      3.347
    6       -4.51       -0.17       0.7265      3.359
    7       -4.34       -0.17       0.6540      3.524
    8       -4.48       -0.09       0.6499      3.317
    9       -4.25       -0.35       0.6333      3.282
