              _             
             (_)            
   __ _ _ __  _ _ __   __ _ 
  / _` | '_ \| | '_ \ / _` |
 | (_| | | | | | | | | (_| |
  \__, |_| |_|_|_| |_|\__,_|
   __/ |                    
  |___/                     

gnina v1.3.2 master:f23dd2b   Built Jul 29 2025.
gnina is based on smina and AutoDock Vina.
Please cite appropriately.

Commandline: gnina -r receptor.pdbqt -l ligands/noncovalent/BSAR_01_P5R.sdf --center_x -5.337 --center_y -41.735 --center_z 29.543 --size_x 22.5 --size_y 22.5 --size_z 22.5 --exhaustiveness 16 --num_modes 9 --cnn_scoring rescore --seed 123 -o out_sens_seed123/BSAR_01_P5R_nc.sdf.gz --log out_sens_seed123/BSAR_01_P5R_nc.log
Using random seed: 123

mode |  affinity  |  intramol  |    CNN     |   CNN
     | (kcal/mol) | (kcal/mol) | pose score | affinity
-----+------------+------------+------------+----------
    1       -4.98       -0.11       0.9035      3.472
    2       -5.02       -0.07       0.8750      3.384
    3       -4.65        0.04       0.8571      3.801
    4       -5.21       -0.10       0.8300      3.853
    5       -4.63       -0.06       0.7628      3.555
    6       -4.27       -0.13       0.7430      3.335
    7       -4.88       -0.15       0.7226      3.382
    8       -4.54       -0.09       0.7201      3.182
    9       -4.50       -0.04       0.7028      3.583
