              _             
             (_)            
   __ _ _ __  _ _ __   __ _ 
  / _` | '_ \| | '_ \ / _` |
 | (_| | | | | | | | | (_| |
  \__, |_| |_|_|_| |_|\__,_|
   __/ |                    
  |___/                     

gnina v1.3.2 master:f23dd2b   Built Jul 29 2025.
gnina is based on smina and AutoDock Vina.
Please cite appropriately.

Commandline: gnina -r receptor.pdbqt -l ligands/noncovalent/CPF_00_achiral.sdf --center_x -5.337 --center_y -41.735 --center_z 29.543 --size_x 22.5 --size_y 22.5 --size_z 22.5 --exhaustiveness 16 --num_modes 9 --cnn_scoring rescore --seed 123 -o out_sens_seed123/CPF_00_achiral_nc.sdf.gz --log out_sens_seed123/CPF_00_achiral_nc.log
Using random seed: 123

mode |  affinity  |  intramol  |    CNN     |   CNN
     | (kcal/mol) | (kcal/mol) | pose score | affinity
-----+------------+------------+------------+----------
    1       -6.94       -0.00       0.3913      5.212
    2       -6.50       -0.40       0.3792      4.867
    3       -5.94       -0.07       0.3517      5.269
    4       -6.78       -0.38       0.3490      4.805
    5       -7.00       -0.05       0.3445      4.726
    6       -6.47       -0.42       0.3419      4.559
    7       -6.93       -0.24       0.3189      5.244
    8       -6.46       -0.03       0.3005      4.969
    9       -6.72       -0.45       0.2906      4.782
