              _             
             (_)            
   __ _ _ __  _ _ __   __ _ 
  / _` | '_ \| | '_ \ / _` |
 | (_| | | | | | | | | (_| |
  \__, |_| |_|_|_| |_|\__,_|
   __/ |                    
  |___/                     

gnina v1.3.2 master:f23dd2b   Built Jul 29 2025.
gnina is based on smina and AutoDock Vina.
Please cite appropriately.

Commandline: gnina -r receptor.pdbqt -l ligands/noncovalent/DDVP_00_achiral.sdf --center_x -5.337 --center_y -41.735 --center_z 29.543 --size_x 22.5 --size_y 22.5 --size_z 22.5 --exhaustiveness 16 --num_modes 9 --cnn_scoring rescore --seed 123 -o out_sens_seed123/DDVP_00_achiral_nc.sdf.gz --log out_sens_seed123/DDVP_00_achiral_nc.log
Using random seed: 123

mode |  affinity  |  intramol  |    CNN     |   CNN
     | (kcal/mol) | (kcal/mol) | pose score | affinity
-----+------------+------------+------------+----------
    1       -5.28       -0.12       0.8028      3.818
    2       -5.28       -0.13       0.7835      3.813
    3       -4.93       -0.25       0.6725      3.183
    4       -5.25       -0.04       0.6567      3.155
    5       -4.99       -0.14       0.6390      3.069
    6       -5.02       -0.10       0.5795      3.341
    7       -4.80        1.46       0.5364      3.197
    8       -4.84       -0.27       0.4734      3.173
    9       -4.73       -0.24       0.4618      2.961
