              _             
             (_)            
   __ _ _ __  _ _ __   __ _ 
  / _` | '_ \| | '_ \ / _` |
 | (_| | | | | | | | | (_| |
  \__, |_| |_|_|_| |_|\__,_|
   __/ |                    
  |___/                     

gnina v1.3.2 master:f23dd2b   Built Jul 29 2025.
gnina is based on smina and AutoDock Vina.
Please cite appropriately.

Commandline: gnina -r receptor.pdbqt -l ligands/noncovalent/DETAB_01_P3S.sdf --center_x -5.337 --center_y -41.735 --center_z 29.543 --size_x 22.5 --size_y 22.5 --size_z 22.5 --exhaustiveness 16 --num_modes 9 --cnn_scoring rescore --seed 123 -o out_sens_seed123/DETAB_01_P3S_nc.sdf.gz --log out_sens_seed123/DETAB_01_P3S_nc.log
Using random seed: 123

mode |  affinity  |  intramol  |    CNN     |   CNN
     | (kcal/mol) | (kcal/mol) | pose score | affinity
-----+------------+------------+------------+----------
    1       -5.38       -0.08       0.9343      4.257
    2       -5.52       -0.06       0.8770      4.342
    3       -5.03       -0.36       0.7953      3.833
    4       -5.01       -0.23       0.7848      3.937
    5       -5.50       -0.22       0.7211      4.067
    6       -5.14       -0.23       0.7153      3.901
    7       -5.51       -0.23       0.7023      3.892
    8       -4.99       -0.31       0.6942      3.914
    9       -4.94       -0.36       0.6853      3.573
