              _             
             (_)            
   __ _ _ __  _ _ __   __ _ 
  / _` | '_ \| | '_ \ / _` |
 | (_| | | | | | | | | (_| |
  \__, |_| |_|_|_| |_|\__,_|
   __/ |                    
  |___/                     

gnina v1.3.2 master:f23dd2b   Built Jul 29 2025.
gnina is based on smina and AutoDock Vina.
Please cite appropriately.

Commandline: gnina -r receptor.pdbqt -l ligands/noncovalent/DETAB_00_P3R.sdf --center_x -5.337 --center_y -41.735 --center_z 29.543 --size_x 22.5 --size_y 22.5 --size_z 22.5 --exhaustiveness 16 --num_modes 9 --cnn_scoring rescore --seed 123 -o out_sens_seed123/DETAB_00_P3R_nc.sdf.gz --log out_sens_seed123/DETAB_00_P3R_nc.log
Using random seed: 123

mode |  affinity  |  intramol  |    CNN     |   CNN
     | (kcal/mol) | (kcal/mol) | pose score | affinity
-----+------------+------------+------------+----------
    1       -5.61       -0.22       0.8820      4.211
    2       -5.75       -0.23       0.8807      4.221
    3       -5.46       -0.25       0.8400      3.798
    4       -5.54       -0.29       0.8007      3.944
    5       -5.42       -0.27       0.7961      4.156
    6       -5.27       -0.31       0.7821      4.017
    7       -5.24       -0.38       0.7206      3.771
    8       -5.04       -0.31       0.7050      3.827
    9       -5.33       -0.18       0.7013      4.051
