              _             
             (_)            
   __ _ _ __  _ _ __   __ _ 
  / _` | '_ \| | '_ \ / _` |
 | (_| | | | | | | | | (_| |
  \__, |_| |_|_|_| |_|\__,_|
   __/ |                    
  |___/                     

gnina v1.3.2 master:f23dd2b   Built Jul 29 2025.
gnina is based on smina and AutoDock Vina.
Please cite appropriately.

Commandline: gnina -r receptor.pdbqt -l ligands/noncovalent/DFP_00_achiral.sdf --center_x -5.337 --center_y -41.735 --center_z 29.543 --size_x 22.5 --size_y 22.5 --size_z 22.5 --exhaustiveness 16 --num_modes 9 --cnn_scoring rescore --seed 123 -o out_sens_seed123/DFP_00_achiral_nc.sdf.gz --log out_sens_seed123/DFP_00_achiral_nc.log
Using random seed: 123

mode |  affinity  |  intramol  |    CNN     |   CNN
     | (kcal/mol) | (kcal/mol) | pose score | affinity
-----+------------+------------+------------+----------
    1       -5.55       -0.38       0.8209      3.816
    2       -5.76        0.52       0.8127      3.781
    3       -5.60        0.73       0.7903      3.699
    4       -5.27       -0.11       0.7422      3.768
    5       -5.79        0.73       0.6826      3.512
    6       -5.13        0.79       0.6546      3.234
    7       -5.54        1.61       0.6345      3.613
    8       -5.42        0.67       0.6287      3.225
    9       -5.34       -0.40       0.6207      3.516
