              _             
             (_)            
   __ _ _ __  _ _ __   __ _ 
  / _` | '_ \| | '_ \ / _` |
 | (_| | | | | | | | | (_| |
  \__, |_| |_|_|_| |_|\__,_|
   __/ |                    
  |___/                     

gnina v1.3.2 master:f23dd2b   Built Jul 29 2025.
gnina is based on smina and AutoDock Vina.
Please cite appropriately.

Commandline: gnina -r receptor.pdbqt -l ligands/noncovalent/FEN_00_P3R.sdf --center_x -5.337 --center_y -41.735 --center_z 29.543 --size_x 22.5 --size_y 22.5 --size_z 22.5 --exhaustiveness 16 --num_modes 9 --cnn_scoring rescore --seed 123 -o out_sens_seed123/FEN_00_P3R_nc.sdf.gz --log out_sens_seed123/FEN_00_P3R_nc.log
Using random seed: 123

mode |  affinity  |  intramol  |    CNN     |   CNN
     | (kcal/mol) | (kcal/mol) | pose score | affinity
-----+------------+------------+------------+----------
    1       -7.49        0.68       0.9243      5.476
    2       -6.63       -0.11       0.9074      5.478
    3       -7.57        1.28       0.8219      5.335
    4       -7.22        0.45       0.6892      5.394
    5       -6.61        2.67       0.5614      5.488
    6       -7.08        0.83       0.5290      5.365
    7       -6.47        0.75       0.5232      4.866
    8       -6.16        0.32       0.5205      5.134
    9       -6.62        0.27       0.4960      4.904
