              _             
             (_)            
   __ _ _ __  _ _ __   __ _ 
  / _` | '_ \| | '_ \ / _` |
 | (_| | | | | | | | | (_| |
  \__, |_| |_|_|_| |_|\__,_|
   __/ |                    
  |___/                     

gnina v1.3.2 master:f23dd2b   Built Jul 29 2025.
gnina is based on smina and AutoDock Vina.
Please cite appropriately.

Commandline: gnina -r receptor.pdbqt -l ligands/noncovalent/FEN_01_P3S.sdf --center_x -5.337 --center_y -41.735 --center_z 29.543 --size_x 22.5 --size_y 22.5 --size_z 22.5 --exhaustiveness 16 --num_modes 9 --cnn_scoring rescore --seed 123 -o out_sens_seed123/FEN_01_P3S_nc.sdf.gz --log out_sens_seed123/FEN_01_P3S_nc.log
Using random seed: 123

mode |  affinity  |  intramol  |    CNN     |   CNN
     | (kcal/mol) | (kcal/mol) | pose score | affinity
-----+------------+------------+------------+----------
    1       -6.74        0.98       0.8202      5.767
    2       -7.14        2.17       0.7450      5.118
    3       -6.51        0.18       0.7013      5.096
    4       -6.82       -0.34       0.6828      5.663
    5       -6.13        1.38       0.5764      5.232
    6       -6.35        1.84       0.5762      5.099
    7       -7.33        0.90       0.5104      5.100
    8       -6.80        0.10       0.5083      5.093
    9       -6.65        0.78       0.4830      5.066
