              _             
             (_)            
   __ _ _ __  _ _ __   __ _ 
  / _` | '_ \| | '_ \ / _` |
 | (_| | | | | | | | | (_| |
  \__, |_| |_|_|_| |_|\__,_|
   __/ |                    
  |___/                     

gnina v1.3.2 master:f23dd2b   Built Jul 29 2025.
gnina is based on smina and AutoDock Vina.
Please cite appropriately.

Commandline: gnina -r receptor.pdbqt -l ligands/noncovalent/GA_01_P3S.sdf --center_x -5.337 --center_y -41.735 --center_z 29.543 --size_x 22.5 --size_y 22.5 --size_z 22.5 --exhaustiveness 16 --num_modes 9 --cnn_scoring rescore --seed 123 -o out_sens_seed123/GA_01_P3S_nc.sdf.gz --log out_sens_seed123/GA_01_P3S_nc.log
Using random seed: 123

mode |  affinity  |  intramol  |    CNN     |   CNN
     | (kcal/mol) | (kcal/mol) | pose score | affinity
-----+------------+------------+------------+----------
    1       -4.39       -0.14       0.8228      3.526
    2       -4.75       -0.09       0.8063      3.672
    3       -4.23       -0.08       0.7983      3.697
    4       -4.86       -0.11       0.7343      3.458
    5       -4.47       -0.19       0.7290      3.555
    6       -4.42       -0.09       0.7101      3.566
    7       -4.73       -0.14       0.6993      3.820
    8       -4.54       -0.07       0.6617      3.494
    9       -4.29       -0.15       0.6366      3.244
