              _             
             (_)            
   __ _ _ __  _ _ __   __ _ 
  / _` | '_ \| | '_ \ / _` |
 | (_| | | | | | | | | (_| |
  \__, |_| |_|_|_| |_|\__,_|
   __/ |                    
  |___/                     

gnina v1.3.2 master:f23dd2b   Built Jul 29 2025.
gnina is based on smina and AutoDock Vina.
Please cite appropriately.

Commandline: gnina -r receptor.pdbqt -l ligands/noncovalent/GA_00_P3R.sdf --center_x -5.337 --center_y -41.735 --center_z 29.543 --size_x 22.5 --size_y 22.5 --size_z 22.5 --exhaustiveness 16 --num_modes 9 --cnn_scoring rescore --seed 123 -o out_sens_seed123/GA_00_P3R_nc.sdf.gz --log out_sens_seed123/GA_00_P3R_nc.log
Using random seed: 123

mode |  affinity  |  intramol  |    CNN     |   CNN
     | (kcal/mol) | (kcal/mol) | pose score | affinity
-----+------------+------------+------------+----------
    1       -4.90        1.23       0.8839      3.728
    2       -4.66       -0.10       0.8428      3.535
    3       -4.62       -0.09       0.8263      3.502
    4       -4.71       -0.10       0.8008      3.745
    5       -4.75       -0.14       0.7757      3.765
    6       -4.32       -0.13       0.7740      3.604
    7       -4.85       -0.11       0.7619      3.449
    8       -4.70       -0.14       0.7474      3.507
    9       -4.32       -0.18       0.7246      3.647
