              _             
             (_)            
   __ _ _ __  _ _ __   __ _ 
  / _` | '_ \| | '_ \ / _` |
 | (_| | | | | | | | | (_| |
  \__, |_| |_|_|_| |_|\__,_|
   __/ |                    
  |___/                     

gnina v1.3.2 master:f23dd2b   Built Jul 29 2025.
gnina is based on smina and AutoDock Vina.
Please cite appropriately.

Commandline: gnina -r receptor.pdbqt -l ligands/noncovalent/GB_01_P4R.sdf --center_x -5.337 --center_y -41.735 --center_z 29.543 --size_x 22.5 --size_y 22.5 --size_z 22.5 --exhaustiveness 16 --num_modes 9 --cnn_scoring rescore --seed 123 -o out_sens_seed123/GB_01_P4R_nc.sdf.gz --log out_sens_seed123/GB_01_P4R_nc.log
Using random seed: 123

mode |  affinity  |  intramol  |    CNN     |   CNN
     | (kcal/mol) | (kcal/mol) | pose score | affinity
-----+------------+------------+------------+----------
    1       -4.57       -0.14       0.8739      3.239
    2       -4.36       -0.16       0.7840      3.178
    3       -3.93        1.48       0.7701      3.044
    4       -4.42       -0.08       0.7603      3.002
    5       -4.15       -0.14       0.7025      3.059
    6       -4.38       -0.11       0.6862      2.945
    7       -4.51        0.85       0.6440      2.995
    8       -4.25        1.76       0.6345      2.988
    9       -4.06       -0.15       0.6320      3.051
