              _             
             (_)            
   __ _ _ __  _ _ __   __ _ 
  / _` | '_ \| | '_ \ / _` |
 | (_| | | | | | | | | (_| |
  \__, |_| |_|_|_| |_|\__,_|
   __/ |                    
  |___/                     

gnina v1.3.2 master:f23dd2b   Built Jul 29 2025.
gnina is based on smina and AutoDock Vina.
Please cite appropriately.

Commandline: gnina -r receptor.pdbqt -l ligands/noncovalent/GB_00_P4S.sdf --center_x -5.337 --center_y -41.735 --center_z 29.543 --size_x 22.5 --size_y 22.5 --size_z 22.5 --exhaustiveness 16 --num_modes 9 --cnn_scoring rescore --seed 123 -o out_sens_seed123/GB_00_P4S_nc.sdf.gz --log out_sens_seed123/GB_00_P4S_nc.log
Using random seed: 123

mode |  affinity  |  intramol  |    CNN     |   CNN
     | (kcal/mol) | (kcal/mol) | pose score | affinity
-----+------------+------------+------------+----------
    1       -4.00       -0.13       0.8477      3.103
    2       -3.61        0.08       0.7887      3.514
    3       -4.42       -0.16       0.7886      3.083
    4       -4.20        1.44       0.7628      3.003
    5       -4.24       -0.12       0.7464      2.983
    6       -4.17       -0.15       0.7335      3.016
    7       -4.17       -0.06       0.7233      3.345
    8       -4.38       -0.13       0.7195      3.223
    9       -4.18       -0.10       0.6707      3.030
