              _             
             (_)            
   __ _ _ __  _ _ __   __ _ 
  / _` | '_ \| | '_ \ / _` |
 | (_| | | | | | | | | (_| |
  \__, |_| |_|_|_| |_|\__,_|
   __/ |                    
  |___/                     

gnina v1.3.2 master:f23dd2b   Built Jul 29 2025.
gnina is based on smina and AutoDock Vina.
Please cite appropriately.

Commandline: gnina -r receptor.pdbqt -l ligands/noncovalent/GD_03_C1R_P3R.sdf --center_x -5.337 --center_y -41.735 --center_z 29.543 --size_x 22.5 --size_y 22.5 --size_z 22.5 --exhaustiveness 16 --num_modes 9 --cnn_scoring rescore --seed 123 -o out_sens_seed123/GD_03_C1R_P3R_nc.sdf.gz --log out_sens_seed123/GD_03_C1R_P3R_nc.log
Using random seed: 123

mode |  affinity  |  intramol  |    CNN     |   CNN
     | (kcal/mol) | (kcal/mol) | pose score | affinity
-----+------------+------------+------------+----------
    1       -5.84       -0.20       0.8415      4.262
    2       -5.82       -0.25       0.8182      4.104
    3       -5.54       -0.15       0.7025      3.910
    4       -5.47       -0.31       0.6772      3.904
    5       -5.26        1.19       0.6749      3.667
    6       -5.59       -0.24       0.6425      3.762
    7       -5.55        0.84       0.6242      3.600
    8       -5.31        0.95       0.6212      3.753
    9       -5.89       -0.22       0.6187      3.696
