              _             
             (_)            
   __ _ _ __  _ _ __   __ _ 
  / _` | '_ \| | '_ \ / _` |
 | (_| | | | | | | | | (_| |
  \__, |_| |_|_|_| |_|\__,_|
   __/ |                    
  |___/                     

gnina v1.3.2 master:f23dd2b   Built Jul 29 2025.
gnina is based on smina and AutoDock Vina.
Please cite appropriately.

Commandline: gnina -r receptor.pdbqt -l ligands/noncovalent/GD_00_C1S_P3S.sdf --center_x -5.337 --center_y -41.735 --center_z 29.543 --size_x 22.5 --size_y 22.5 --size_z 22.5 --exhaustiveness 16 --num_modes 9 --cnn_scoring rescore --seed 123 -o out_sens_seed123/GD_00_C1S_P3S_nc.sdf.gz --log out_sens_seed123/GD_00_C1S_P3S_nc.log
Using random seed: 123

mode |  affinity  |  intramol  |    CNN     |   CNN
     | (kcal/mol) | (kcal/mol) | pose score | affinity
-----+------------+------------+------------+----------
    1       -6.23       -0.01       0.8502      3.893
    2       -6.03       -0.12       0.8042      3.830
    3       -5.24       -0.08       0.7542      3.771
    4       -5.58       -0.10       0.7324      3.982
    5       -5.59        0.15       0.7239      3.984
    6       -5.46       -0.26       0.6602      4.023
    7       -5.59       -0.33       0.6546      4.053
    8       -6.41       -0.20       0.6491      3.915
    9       -5.21        1.13       0.6391      4.006
