              _             
             (_)            
   __ _ _ __  _ _ __   __ _ 
  / _` | '_ \| | '_ \ / _` |
 | (_| | | | | | | | | (_| |
  \__, |_| |_|_|_| |_|\__,_|
   __/ |                    
  |___/                     

gnina v1.3.2 master:f23dd2b   Built Jul 29 2025.
gnina is based on smina and AutoDock Vina.
Please cite appropriately.

Commandline: gnina -r receptor.pdbqt -l ligands/noncovalent/GD_01_C1R_P3S.sdf --center_x -5.337 --center_y -41.735 --center_z 29.543 --size_x 22.5 --size_y 22.5 --size_z 22.5 --exhaustiveness 16 --num_modes 9 --cnn_scoring rescore --seed 123 -o out_sens_seed123/GD_01_C1R_P3S_nc.sdf.gz --log out_sens_seed123/GD_01_C1R_P3S_nc.log
Using random seed: 123

mode |  affinity  |  intramol  |    CNN     |   CNN
     | (kcal/mol) | (kcal/mol) | pose score | affinity
-----+------------+------------+------------+----------
    1       -5.22        0.24       0.8564      4.058
    2       -5.75        1.37       0.8427      4.090
    3       -5.96        0.07       0.7970      3.942
    4       -5.51       -0.18       0.7573      3.793
    5       -5.67       -0.19       0.7336      3.782
    6       -5.51       -0.25       0.6935      3.956
    7       -4.69        0.68       0.6859      3.915
    8       -5.47       -0.31       0.6495      3.718
    9       -5.36        1.44       0.6425      3.733
