              _             
             (_)            
   __ _ _ __  _ _ __   __ _ 
  / _` | '_ \| | '_ \ / _` |
 | (_| | | | | | | | | (_| |
  \__, |_| |_|_|_| |_|\__,_|
   __/ |                    
  |___/                     

gnina v1.3.2 master:f23dd2b   Built Jul 29 2025.
gnina is based on smina and AutoDock Vina.
Please cite appropriately.

Commandline: gnina -r receptor.pdbqt -l ligands/noncovalent/GD_02_C1S_P3R.sdf --center_x -5.337 --center_y -41.735 --center_z 29.543 --size_x 22.5 --size_y 22.5 --size_z 22.5 --exhaustiveness 16 --num_modes 9 --cnn_scoring rescore --seed 123 -o out_sens_seed123/GD_02_C1S_P3R_nc.sdf.gz --log out_sens_seed123/GD_02_C1S_P3R_nc.log
Using random seed: 123

mode |  affinity  |  intramol  |    CNN     |   CNN
     | (kcal/mol) | (kcal/mol) | pose score | affinity
-----+------------+------------+------------+----------
    1       -5.72        0.04       0.8164      4.104
    2       -5.68       -0.10       0.7949      4.085
    3       -6.10       -0.23       0.7836      3.987
    4       -6.05       -0.25       0.7677      3.964
    5       -6.04       -0.24       0.7625      3.966
    6       -5.56       -0.15       0.7504      3.865
    7       -6.03       -0.22       0.7340      4.167
    8       -5.78       -0.37       0.6578      3.687
    9       -5.49       -0.18       0.6397      3.718
