              _             
             (_)            
   __ _ _ __  _ _ __   __ _ 
  / _` | '_ \| | '_ \ / _` |
 | (_| | | | | | | | | (_| |
  \__, |_| |_|_|_| |_|\__,_|
   __/ |                    
  |___/                     

gnina v1.3.2 master:f23dd2b   Built Jul 29 2025.
gnina is based on smina and AutoDock Vina.
Please cite appropriately.

Commandline: gnina -r receptor.pdbqt -l ligands/noncovalent/GF_01_P1R.sdf --center_x -5.337 --center_y -41.735 --center_z 29.543 --size_x 22.5 --size_y 22.5 --size_z 22.5 --exhaustiveness 16 --num_modes 9 --cnn_scoring rescore --seed 123 -o out_sens_seed123/GF_01_P1R_nc.sdf.gz --log out_sens_seed123/GF_01_P1R_nc.log
Using random seed: 123

mode |  affinity  |  intramol  |    CNN     |   CNN
     | (kcal/mol) | (kcal/mol) | pose score | affinity
-----+------------+------------+------------+----------
    1       -6.36        0.88       0.8185      4.187
    2       -6.24       -0.16       0.8122      4.076
    3       -5.65       -0.17       0.7819      3.803
    4       -5.85       -0.20       0.7258      4.006
    5       -5.91       -0.18       0.7243      3.835
    6       -5.85       -0.18       0.7100      3.888
    7       -5.67       -0.16       0.6956      3.742
    8       -5.61       -0.19       0.6945      3.898
    9       -5.84       -0.06       0.6260      3.487
