              _             
             (_)            
   __ _ _ __  _ _ __   __ _ 
  / _` | '_ \| | '_ \ / _` |
 | (_| | | | | | | | | (_| |
  \__, |_| |_|_|_| |_|\__,_|
   __/ |                    
  |___/                     

gnina v1.3.2 master:f23dd2b   Built Jul 29 2025.
gnina is based on smina and AutoDock Vina.
Please cite appropriately.

Commandline: gnina -r receptor.pdbqt -l ligands/noncovalent/GF_00_P1S.sdf --center_x -5.337 --center_y -41.735 --center_z 29.543 --size_x 22.5 --size_y 22.5 --size_z 22.5 --exhaustiveness 16 --num_modes 9 --cnn_scoring rescore --seed 123 -o out_sens_seed123/GF_00_P1S_nc.sdf.gz --log out_sens_seed123/GF_00_P1S_nc.log
Using random seed: 123

mode |  affinity  |  intramol  |    CNN     |   CNN
     | (kcal/mol) | (kcal/mol) | pose score | affinity
-----+------------+------------+------------+----------
    1       -6.24       -0.20       0.7118      3.867
    2       -5.86        0.11       0.7079      3.885
    3       -5.89       -0.15       0.6775      3.781
    4       -5.97       -0.04       0.6586      3.727
    5       -5.72       -0.18       0.6239      3.779
    6       -5.91       -0.15       0.6232      3.600
    7       -5.37       -0.04       0.6190      3.708
    8       -5.87        1.22       0.5993      4.173
    9       -5.84        1.28       0.5790      3.823
