              _             
             (_)            
   __ _ _ __  _ _ __   __ _ 
  / _` | '_ \| | '_ \ / _` |
 | (_| | | | | | | | | (_| |
  \__, |_| |_|_|_| |_|\__,_|
   __/ |                    
  |___/                     

gnina v1.3.2 master:f23dd2b   Built Jul 29 2025.
gnina is based on smina and AutoDock Vina.
Please cite appropriately.

Commandline: gnina -r receptor.pdbqt -l ligands/noncovalent/METH_01_P2S.sdf --center_x -5.337 --center_y -41.735 --center_z 29.543 --size_x 22.5 --size_y 22.5 --size_z 22.5 --exhaustiveness 16 --num_modes 9 --cnn_scoring rescore --seed 123 -o out_sens_seed123/METH_01_P2S_nc.sdf.gz --log out_sens_seed123/METH_01_P2S_nc.log
Using random seed: 123

mode |  affinity  |  intramol  |    CNN     |   CNN
     | (kcal/mol) | (kcal/mol) | pose score | affinity
-----+------------+------------+------------+----------
    1       -4.16       -0.03       0.8843      4.292
    2       -4.14       -0.01       0.8452      4.054
    3       -3.51       -0.00       0.7966      3.495
    4       -3.71       -0.00       0.7305      3.792
    5       -3.71       -0.03       0.5940      3.769
    6       -4.08       -0.00       0.5660      4.054
    7       -3.97       -0.00       0.5655      3.357
    8       -3.73       -0.01       0.5641      3.663
    9       -3.44       -0.03       0.5365      3.595
