              _             
             (_)            
   __ _ _ __  _ _ __   __ _ 
  / _` | '_ \| | '_ \ / _` |
 | (_| | | | | | | | | (_| |
  \__, |_| |_|_|_| |_|\__,_|
   __/ |                    
  |___/                     

gnina v1.3.2 master:f23dd2b   Built Jul 29 2025.
gnina is based on smina and AutoDock Vina.
Please cite appropriately.

Commandline: gnina -r receptor.pdbqt -l ligands/noncovalent/METH_00_P2R.sdf --center_x -5.337 --center_y -41.735 --center_z 29.543 --size_x 22.5 --size_y 22.5 --size_z 22.5 --exhaustiveness 16 --num_modes 9 --cnn_scoring rescore --seed 123 -o out_sens_seed123/METH_00_P2R_nc.sdf.gz --log out_sens_seed123/METH_00_P2R_nc.log
Using random seed: 123

mode |  affinity  |  intramol  |    CNN     |   CNN
     | (kcal/mol) | (kcal/mol) | pose score | affinity
-----+------------+------------+------------+----------
    1       -3.68       -0.00       0.6933      3.416
    2       -3.94       -0.03       0.6805      3.793
    3       -3.53       -0.00       0.6693      3.790
    4       -3.32       -0.01       0.5659      3.922
    5       -3.57       -0.00       0.5658      3.339
    6       -4.20       -0.04       0.5579      3.765
    7       -4.09       -0.04       0.3991      3.635
    8       -3.85       -0.00       0.3970      3.488
    9       -3.46       -0.04       0.3392      3.570
