              _             
             (_)            
   __ _ _ __  _ _ __   __ _ 
  / _` | '_ \| | '_ \ / _` |
 | (_| | | | | | | | | (_| |
  \__, |_| |_|_|_| |_|\__,_|
   __/ |                    
  |___/                     

gnina v1.3.2 master:f23dd2b   Built Jul 29 2025.
gnina is based on smina and AutoDock Vina.
Please cite appropriately.

Commandline: gnina -r receptor.pdbqt -l ligands/noncovalent/MLT_01_C6R.sdf --center_x -5.337 --center_y -41.735 --center_z 29.543 --size_x 22.5 --size_y 22.5 --size_z 22.5 --exhaustiveness 16 --num_modes 9 --cnn_scoring rescore --seed 123 -o out_sens_seed123/MLT_01_C6R_nc.sdf.gz --log out_sens_seed123/MLT_01_C6R_nc.log
Using random seed: 123

mode |  affinity  |  intramol  |    CNN     |   CNN
     | (kcal/mol) | (kcal/mol) | pose score | affinity
-----+------------+------------+------------+----------
    1       -6.28       -0.78       0.7981      4.569
    2       -6.44       -0.53       0.7525      4.383
    3       -6.09        0.04       0.7369      4.902
    4       -6.09       -0.19       0.6431      4.567
    5       -5.95        0.42       0.6364      4.228
    6       -6.43       -0.20       0.6146      4.233
    7       -6.51       -0.41       0.5696      4.398
    8       -6.77       -0.17       0.5357      4.458
    9       -6.23       -0.47       0.5316      4.175
