              _             
             (_)            
   __ _ _ __  _ _ __   __ _ 
  / _` | '_ \| | '_ \ / _` |
 | (_| | | | | | | | | (_| |
  \__, |_| |_|_|_| |_|\__,_|
   __/ |                    
  |___/                     

gnina v1.3.2 master:f23dd2b   Built Jul 29 2025.
gnina is based on smina and AutoDock Vina.
Please cite appropriately.

Commandline: gnina -r receptor.pdbqt -l ligands/noncovalent/MLT_00_C6S.sdf --center_x -5.337 --center_y -41.735 --center_z 29.543 --size_x 22.5 --size_y 22.5 --size_z 22.5 --exhaustiveness 16 --num_modes 9 --cnn_scoring rescore --seed 123 -o out_sens_seed123/MLT_00_C6S_nc.sdf.gz --log out_sens_seed123/MLT_00_C6S_nc.log
Using random seed: 123

mode |  affinity  |  intramol  |    CNN     |   CNN
     | (kcal/mol) | (kcal/mol) | pose score | affinity
-----+------------+------------+------------+----------
    1       -6.57        0.87       0.8967      4.662
    2       -6.57       -0.28       0.7302      4.364
    3       -6.12       -0.20       0.6222      4.164
    4       -6.76       -0.27       0.6213      4.261
    5       -6.20       -0.15       0.5628      4.276
    6       -6.55        0.71       0.5520      3.966
    7       -6.61       -0.08       0.5231      4.366
    8       -6.67       -0.21       0.5173      4.340
    9       -6.29       -0.95       0.5136      4.301
