              _             
             (_)            
   __ _ _ __  _ _ __   __ _ 
  / _` | '_ \| | '_ \ / _` |
 | (_| | | | | | | | | (_| |
  \__, |_| |_|_|_| |_|\__,_|
   __/ |                    
  |___/                     

gnina v1.3.2 master:f23dd2b   Built Jul 29 2025.
gnina is based on smina and AutoDock Vina.
Please cite appropriately.

Commandline: gnina -r receptor.pdbqt -l ligands/noncovalent/MPXN_00_achiral.sdf --center_x -5.337 --center_y -41.735 --center_z 29.543 --size_x 22.5 --size_y 22.5 --size_z 22.5 --exhaustiveness 16 --num_modes 9 --cnn_scoring rescore --seed 123 -o out_sens_seed123/MPXN_00_achiral_nc.sdf.gz --log out_sens_seed123/MPXN_00_achiral_nc.log
Using random seed: 123

mode |  affinity  |  intramol  |    CNN     |   CNN
     | (kcal/mol) | (kcal/mol) | pose score | affinity
-----+------------+------------+------------+----------
    1       -7.00        0.66       0.7981      3.851
    2       -6.53        0.12       0.6602      3.836
    3       -6.80        0.02       0.6335      4.124
    4       -6.62       -0.37       0.6097      3.559
    5       -6.77        0.05       0.5877      3.608
    6       -6.58       -0.19       0.5729      3.520
    7       -6.72       -0.24       0.5422      3.506
    8       -6.67       -0.26       0.5410      3.549
    9       -6.25       -0.04       0.5048      3.742
