              _             
             (_)            
   __ _ _ __  _ _ __   __ _ 
  / _` | '_ \| | '_ \ / _` |
 | (_| | | | | | | | | (_| |
  \__, |_| |_|_|_| |_|\__,_|
   __/ |                    
  |___/                     

gnina v1.3.2 master:f23dd2b   Built Jul 29 2025.
gnina is based on smina and AutoDock Vina.
Please cite appropriately.

Commandline: gnina -r receptor.pdbqt -l ligands/noncovalent/PARA_00_achiral.sdf --center_x -5.337 --center_y -41.735 --center_z 29.543 --size_x 22.5 --size_y 22.5 --size_z 22.5 --exhaustiveness 16 --num_modes 9 --cnn_scoring rescore --seed 123 -o out_sens_seed123/PARA_00_achiral_nc.sdf.gz --log out_sens_seed123/PARA_00_achiral_nc.log
Using random seed: 123

mode |  affinity  |  intramol  |    CNN     |   CNN
     | (kcal/mol) | (kcal/mol) | pose score | affinity
-----+------------+------------+------------+----------
    1       -7.06       -0.23       0.6410      4.336
    2       -6.65       -0.33       0.6089      3.924
    3       -7.11        0.01       0.5648      4.260
    4       -7.08       -0.48       0.5532      4.266
    5       -6.84       -0.51       0.4671      5.029
    6       -6.49        0.49       0.4226      4.881
    7       -6.99       -0.54       0.3753      3.893
    8       -7.28       -0.05       0.3736      4.154
    9       -6.69       -0.54       0.3428      3.853
