              _             
             (_)            
   __ _ _ __  _ _ __   __ _ 
  / _` | '_ \| | '_ \ / _` |
 | (_| | | | | | | | | (_| |
  \__, |_| |_|_|_| |_|\__,_|
   __/ |                    
  |___/                     

gnina v1.3.2 master:f23dd2b   Built Jul 29 2025.
gnina is based on smina and AutoDock Vina.
Please cite appropriately.

Commandline: gnina -r receptor.pdbqt -l ligands/noncovalent/PXNE_00_achiral.sdf --center_x -5.337 --center_y -41.735 --center_z 29.543 --size_x 22.5 --size_y 22.5 --size_z 22.5 --exhaustiveness 16 --num_modes 9 --cnn_scoring rescore --seed 123 -o out_sens_seed123/PXNE_00_achiral_nc.sdf.gz --log out_sens_seed123/PXNE_00_achiral_nc.log
Using random seed: 123

mode |  affinity  |  intramol  |    CNN     |   CNN
     | (kcal/mol) | (kcal/mol) | pose score | affinity
-----+------------+------------+------------+----------
    1       -7.43       -0.28       0.7255      4.130
    2       -7.18        0.62       0.6481      3.995
    3       -6.59        0.45       0.6273      5.023
    4       -6.24       -0.14       0.5081      4.015
    5       -6.41       -0.57       0.4323      3.753
    6       -7.47        0.69       0.3984      3.972
    7       -7.05       -0.54       0.3901      3.899
    8       -7.63        1.01       0.3728      4.051
    9       -6.51       -0.05       0.3717      4.123
