              _             
             (_)            
   __ _ _ __  _ _ __   __ _ 
  / _` | '_ \| | '_ \ / _` |
 | (_| | | | | | | | | (_| |
  \__, |_| |_|_|_| |_|\__,_|
   __/ |                    
  |___/                     

gnina v1.3.2 master:f23dd2b   Built Jul 29 2025.
gnina is based on smina and AutoDock Vina.
Please cite appropriately.

Commandline: gnina -r receptor.pdbqt -l ligands/noncovalent/VR_00_P8S.sdf --center_x -5.337 --center_y -41.735 --center_z 29.543 --size_x 22.5 --size_y 22.5 --size_z 22.5 --exhaustiveness 16 --num_modes 9 --cnn_scoring rescore --seed 123 -o out_sens_seed123/VR_00_P8S_nc.sdf.gz --log out_sens_seed123/VR_00_P8S_nc.log
Using random seed: 123

mode |  affinity  |  intramol  |    CNN     |   CNN
     | (kcal/mol) | (kcal/mol) | pose score | affinity
-----+------------+------------+------------+----------
    1       -6.01       -0.43       0.9083      4.519
    2       -5.99       -0.30       0.8552      4.273
    3       -6.12       -0.37       0.8390      4.350
    4       -5.96       -0.50       0.8335      4.741
    5       -5.81        0.28       0.7620      5.020
    6       -6.24       -0.52       0.7605      5.029
    7       -6.02       -0.34       0.7559      4.448
    8       -5.76       -0.32       0.7294      5.256
    9       -6.42       -0.66       0.7228      5.458
