              _             
             (_)            
   __ _ _ __  _ _ __   __ _ 
  / _` | '_ \| | '_ \ / _` |
 | (_| | | | | | | | | (_| |
  \__, |_| |_|_|_| |_|\__,_|
   __/ |                    
  |___/                     

gnina v1.3.2 master:f23dd2b   Built Jul 29 2025.
gnina is based on smina and AutoDock Vina.
Please cite appropriately.

Commandline: gnina -r receptor.pdbqt -l ligands/noncovalent/VR_01_P8R.sdf --center_x -5.337 --center_y -41.735 --center_z 29.543 --size_x 22.5 --size_y 22.5 --size_z 22.5 --exhaustiveness 16 --num_modes 9 --cnn_scoring rescore --seed 123 -o out_sens_seed123/VR_01_P8R_nc.sdf.gz --log out_sens_seed123/VR_01_P8R_nc.log
Using random seed: 123

mode |  affinity  |  intramol  |    CNN     |   CNN
     | (kcal/mol) | (kcal/mol) | pose score | affinity
-----+------------+------------+------------+----------
    1       -5.89       -0.39       0.9094      4.640
    2       -5.78        0.07       0.8930      4.465
    3       -6.08       -0.56       0.8691      4.652
    4       -6.04       -0.31       0.7589      4.419
    5       -6.06       -0.40       0.7562      4.178
    6       -5.94       -0.40       0.7546      4.282
    7       -5.57       -0.24       0.7441      4.669
    8       -5.47       -0.51       0.7343      4.985
    9       -5.45       -0.43       0.7206      4.899
