              _             
             (_)            
   __ _ _ __  _ _ __   __ _ 
  / _` | '_ \| | '_ \ / _` |
 | (_| | | | | | | | | (_| |
  \__, |_| |_|_|_| |_|\__,_|
   __/ |                    
  |___/                     

gnina v1.3.2 master:f23dd2b   Built Jul 29 2025.
gnina is based on smina and AutoDock Vina.
Please cite appropriately.

Commandline: gnina -r receptor.pdbqt -l ligands/noncovalent/VX_01_P3R.sdf --center_x -5.337 --center_y -41.735 --center_z 29.543 --size_x 22.5 --size_y 22.5 --size_z 22.5 --exhaustiveness 16 --num_modes 9 --cnn_scoring rescore --seed 123 -o out_sens_seed123/VX_01_P3R_nc.sdf.gz --log out_sens_seed123/VX_01_P3R_nc.log
Using random seed: 123

mode |  affinity  |  intramol  |    CNN     |   CNN
     | (kcal/mol) | (kcal/mol) | pose score | affinity
-----+------------+------------+------------+----------
    1       -6.17        1.66       0.9189      4.758
    2       -5.63        1.68       0.8893      4.587
    3       -6.15        0.79       0.8628      4.622
    4       -6.29        0.15       0.8583      4.839
    5       -5.59        0.01       0.8501      4.704
    6       -6.32       -0.61       0.8014      5.232
    7       -5.57        0.61       0.8005      5.073
    8       -5.56        1.07       0.7942      5.149
    9       -5.87        0.30       0.7893      5.155
