              _             
             (_)            
   __ _ _ __  _ _ __   __ _ 
  / _` | '_ \| | '_ \ / _` |
 | (_| | | | | | | | | (_| |
  \__, |_| |_|_|_| |_|\__,_|
   __/ |                    
  |___/                     

gnina v1.3.2 master:f23dd2b   Built Jul 29 2025.
gnina is based on smina and AutoDock Vina.
Please cite appropriately.

Commandline: gnina -r receptor.pdbqt -l ligands/noncovalent/VX_00_P3S.sdf --center_x -5.337 --center_y -41.735 --center_z 29.543 --size_x 22.5 --size_y 22.5 --size_z 22.5 --exhaustiveness 16 --num_modes 9 --cnn_scoring rescore --seed 123 -o out_sens_seed123/VX_00_P3S_nc.sdf.gz --log out_sens_seed123/VX_00_P3S_nc.log
Using random seed: 123

mode |  affinity  |  intramol  |    CNN     |   CNN
     | (kcal/mol) | (kcal/mol) | pose score | affinity
-----+------------+------------+------------+----------
    1       -6.13       -0.25       0.9248      4.999
    2       -5.55       -0.27       0.8952      5.059
    3       -5.83       -0.68       0.8758      4.921
    4       -6.54        1.35       0.8721      4.734
    5       -5.89       -0.46       0.8456      4.410
    6       -6.03        0.46       0.8453      4.583
    7       -6.23       -0.72       0.8301      4.830
    8       -6.16       -0.50       0.8239      4.766
    9       -6.41       -0.31       0.8148      5.097
