nohup: ignoring input
bash: /home/k9/miniconda3/envs/covalent5/lib/libtinfo.so.6: no version information available (required by bash)
===== [1/4] gnina 확인 Thu Jun 18 06:50:51 KST 2026 =====
gnina v1.3.2 master:f23dd2b   Built Jul 29 2025.
===== [2/4] 수용체 준비 Thu Jun 18 06:50:52 KST 2026 =====
수용체 이미 있음, 건너뜀
===== [3/4] 비공유 도킹 30종 Thu Jun 18 06:50:52 KST 2026 =====
bash: /home/k9/miniconda3/envs/covalent5/lib/libtinfo.so.6: no version information available (required by bash)
>>> [noncov] GB_00_P4S
              _             
             (_)            
   __ _ _ __  _ _ __   __ _ 
  / _` | '_ \| | '_ \ / _` |
 | (_| | | | | | | | | (_| |
  \__, |_| |_|_|_| |_|\__,_|
   __/ |                    
  |___/                     

gnina v1.3.2 master:f23dd2b   Built Jul 29 2025.
gnina is based on smina and AutoDock Vina.
Please cite appropriately.

Commandline: gnina -r receptor.pdbqt -l ligands/noncovalent/GB_00_P4S.sdf --center_x -5.337 --center_y -41.735 --center_z 29.543 --size_x 22.5 --size_y 22.5 --size_z 22.5 --exhaustiveness 16 --num_modes 9 --cnn_scoring rescore -o out_noncovalent/GB_00_P4S_nc.sdf.gz --log out_noncovalent/GB_00_P4S_nc.log
Using random seed: 2050525593

0%   10   20   30   40   50   60   70   80   90   100%
|----|----|----|----|----|----|----|----|----|----|
***************************************************
GB_00_P4S | pose 0 | initial pose not within box

mode |  affinity  |  intramol  |    CNN     |   CNN
     | (kcal/mol) | (kcal/mol) | pose score | affinity
-----+------------+------------+------------+----------
    1       -3.75        0.06       0.8100      3.040
    2       -4.10       -0.15       0.7837      3.064
    3       -4.48       -0.12       0.7783      3.058
    4       -4.42       -0.11       0.7453      3.232
    5       -4.27       -0.09       0.7380      2.968
    6       -4.41        1.09       0.7257      3.025
    7       -4.00       -0.12       0.7050      3.215
    8       -4.16       -0.13       0.7015      2.983
    9       -4.13        1.01       0.6919      3.125
>>> [noncov] GB_01_P4R
              _             
             (_)            
   __ _ _ __  _ _ __   __ _ 
  / _` | '_ \| | '_ \ / _` |
 | (_| | | | | | | | | (_| |
  \__, |_| |_|_|_| |_|\__,_|
   __/ |                    
  |___/                     

gnina v1.3.2 master:f23dd2b   Built Jul 29 2025.
gnina is based on smina and AutoDock Vina.
Please cite appropriately.

Commandline: gnina -r receptor.pdbqt -l ligands/noncovalent/GB_01_P4R.sdf --center_x -5.337 --center_y -41.735 --center_z 29.543 --size_x 22.5 --size_y 22.5 --size_z 22.5 --exhaustiveness 16 --num_modes 9 --cnn_scoring rescore -o out_noncovalent/GB_01_P4R_nc.sdf.gz --log out_noncovalent/GB_01_P4R_nc.log
Using random seed: 1993778510

0%   10   20   30   40   50   60   70   80   90   100%
|----|----|----|----|----|----|----|----|----|----|
***************************************************
GB_01_P4R | pose 0 | initial pose not within box

mode |  affinity  |  intramol  |    CNN     |   CNN
     | (kcal/mol) | (kcal/mol) | pose score | affinity
-----+------------+------------+------------+----------
    1       -4.57       -0.14       0.8743      3.240
    2       -4.16       -0.13       0.8439      3.081
    3       -4.03        1.07       0.7949      3.573
    4       -4.16       -0.13       0.7755      3.003
    5       -3.94       -0.10       0.7446      2.960
    6       -4.52        0.91       0.7106      3.028
    7       -3.96        0.92       0.6764      3.125
    8       -4.28        1.48       0.6680      2.914
    9       -4.10       -0.16       0.6672      3.050
>>> [noncov] GD_00_C1S_P3S
              _             
             (_)            
   __ _ _ __  _ _ __   __ _ 
  / _` | '_ \| | '_ \ / _` |
 | (_| | | | | | | | | (_| |
  \__, |_| |_|_|_| |_|\__,_|
   __/ |                    
  |___/                     

gnina v1.3.2 master:f23dd2b   Built Jul 29 2025.
gnina is based on smina and AutoDock Vina.
Please cite appropriately.

Commandline: gnina -r receptor.pdbqt -l ligands/noncovalent/GD_00_C1S_P3S.sdf --center_x -5.337 --center_y -41.735 --center_z 29.543 --size_x 22.5 --size_y 22.5 --size_z 22.5 --exhaustiveness 16 --num_modes 9 --cnn_scoring rescore -o out_noncovalent/GD_00_C1S_P3S_nc.sdf.gz --log out_noncovalent/GD_00_C1S_P3S_nc.log
Using random seed: 1936827842

0%   10   20   30   40   50   60   70   80   90   100%
|----|----|----|----|----|----|----|----|----|----|
***************************************************
GD_00_C1S_P3S | pose 0 | initial pose not within box

mode |  affinity  |  intramol  |    CNN     |   CNN
     | (kcal/mol) | (kcal/mol) | pose score | affinity
-----+------------+------------+------------+----------
    1       -6.23       -0.02       0.8505      3.895
    2       -5.45        1.16       0.8108      3.658
    3       -5.58       -0.02       0.7392      3.986
    4       -5.70       -0.18       0.7382      3.900
    5       -5.61        0.05       0.7293      3.989
    6       -5.21       -0.27       0.7168      4.074
    7       -6.42       -0.21       0.6570      3.933
    8       -5.23       -0.17       0.6372      3.867
    9       -5.49       -0.27       0.6224      3.997
>>> [noncov] GD_01_C1R_P3S
              _             
             (_)            
   __ _ _ __  _ _ __   __ _ 
  / _` | '_ \| | '_ \ / _` |
 | (_| | | | | | | | | (_| |
  \__, |_| |_|_|_| |_|\__,_|
   __/ |                    
  |___/                     

gnina v1.3.2 master:f23dd2b   Built Jul 29 2025.
gnina is based on smina and AutoDock Vina.
Please cite appropriately.

Commandline: gnina -r receptor.pdbqt -l ligands/noncovalent/GD_01_C1R_P3S.sdf --center_x -5.337 --center_y -41.735 --center_z 29.543 --size_x 22.5 --size_y 22.5 --size_z 22.5 --exhaustiveness 16 --num_modes 9 --cnn_scoring rescore -o out_noncovalent/GD_01_C1R_P3S_nc.sdf.gz --log out_noncovalent/GD_01_C1R_P3S_nc.log
Using random seed: -633151496

0%   10   20   30   40   50   60   70   80   90   100%
|----|----|----|----|----|----|----|----|----|----|
***************************************************
GD_01_C1R_P3S | pose 0 | initial pose not within box

mode |  affinity  |  intramol  |    CNN     |   CNN
     | (kcal/mol) | (kcal/mol) | pose score | affinity
-----+------------+------------+------------+----------
    1       -5.98        0.12       0.7992      3.944
    2       -5.28       -0.18       0.7436      4.130
    3       -5.51       -0.25       0.6918      3.976
    4       -5.81       -0.06       0.6836      3.921
    5       -5.12        1.46       0.6521      4.123
    6       -5.80       -0.31       0.6255      3.845
    7       -6.03       -0.16       0.6218      3.922
    8       -5.84       -0.02       0.6054      3.822
    9       -5.84       -0.01       0.5990      3.819
>>> [noncov] GD_02_C1S_P3R
              _             
             (_)            
   __ _ _ __  _ _ __   __ _ 
  / _` | '_ \| | '_ \ / _` |
 | (_| | | | | | | | | (_| |
  \__, |_| |_|_|_| |_|\__,_|
   __/ |                    
  |___/                     

gnina v1.3.2 master:f23dd2b   Built Jul 29 2025.
gnina is based on smina and AutoDock Vina.
Please cite appropriately.

Commandline: gnina -r receptor.pdbqt -l ligands/noncovalent/GD_02_C1S_P3R.sdf --center_x -5.337 --center_y -41.735 --center_z 29.543 --size_x 22.5 --size_y 22.5 --size_z 22.5 --exhaustiveness 16 --num_modes 9 --cnn_scoring rescore -o out_noncovalent/GD_02_C1S_P3R_nc.sdf.gz --log out_noncovalent/GD_02_C1S_P3R_nc.log
Using random seed: -371164690

0%   10   20   30   40   50   60   70   80   90   100%
|----|----|----|----|----|----|----|----|----|----|
***************************************************
GD_02_C1S_P3R | pose 0 | initial pose not within box

mode |  affinity  |  intramol  |    CNN     |   CNN
     | (kcal/mol) | (kcal/mol) | pose score | affinity
-----+------------+------------+------------+----------
    1       -5.75        0.08       0.8223      4.045
    2       -5.76        0.06       0.8097      4.034
    3       -5.81       -0.07       0.8019      3.839
    4       -5.85       -0.15       0.7912      3.843
    5       -6.09       -0.24       0.7780      3.978
    6       -6.03       -0.25       0.7396      3.863
    7       -5.99       -0.23       0.7379      4.224
    8       -5.39       -0.21       0.6998      3.936
    9       -5.38       -0.09       0.6735      3.954
>>> [noncov] GD_03_C1R_P3R
              _             
             (_)            
   __ _ _ __  _ _ __   __ _ 
  / _` | '_ \| | '_ \ / _` |
 | (_| | | | | | | | | (_| |
  \__, |_| |_|_|_| |_|\__,_|
   __/ |                    
  |___/                     

gnina v1.3.2 master:f23dd2b   Built Jul 29 2025.
gnina is based on smina and AutoDock Vina.
Please cite appropriately.

Commandline: gnina -r receptor.pdbqt -l ligands/noncovalent/GD_03_C1R_P3R.sdf --center_x -5.337 --center_y -41.735 --center_z 29.543 --size_x 22.5 --size_y 22.5 --size_z 22.5 --exhaustiveness 16 --num_modes 9 --cnn_scoring rescore -o out_noncovalent/GD_03_C1R_P3R_nc.sdf.gz --log out_noncovalent/GD_03_C1R_P3R_nc.log
Using random seed: -428044392

0%   10   20   30   40   50   60   70   80   90   100%
|----|----|----|----|----|----|----|----|----|----|
***************************************************
GD_03_C1R_P3R | pose 0 | initial pose not within box

mode |  affinity  |  intramol  |    CNN     |   CNN
     | (kcal/mol) | (kcal/mol) | pose score | affinity
-----+------------+------------+------------+----------
    1       -5.45        0.38       0.8171      4.275
    2       -5.24        1.07       0.7208      3.981
    3       -5.49       -0.14       0.6799      3.822
    4       -5.98       -0.02       0.6566      3.960
    5       -5.65       -0.13       0.6432      3.785
    6       -5.15       -0.32       0.6401      3.851
    7       -5.60        0.05       0.6376      3.851
    8       -5.79       -0.27       0.6260      4.038
    9       -5.88       -0.21       0.6257      3.728
>>> [noncov] GA_00_P3R
              _             
             (_)            
   __ _ _ __  _ _ __   __ _ 
  / _` | '_ \| | '_ \ / _` |
 | (_| | | | | | | | | (_| |
  \__, |_| |_|_|_| |_|\__,_|
   __/ |                    
  |___/                     

gnina v1.3.2 master:f23dd2b   Built Jul 29 2025.
gnina is based on smina and AutoDock Vina.
Please cite appropriately.

Commandline: gnina -r receptor.pdbqt -l ligands/noncovalent/GA_00_P3R.sdf --center_x -5.337 --center_y -41.735 --center_z 29.543 --size_x 22.5 --size_y 22.5 --size_z 22.5 --exhaustiveness 16 --num_modes 9 --cnn_scoring rescore -o out_noncovalent/GA_00_P3R_nc.sdf.gz --log out_noncovalent/GA_00_P3R_nc.log
Using random seed: -484786380

0%   10   20   30   40   50   60   70   80   90   100%
|----|----|----|----|----|----|----|----|----|----|
***************************************************
GA_00_P3R | pose 0 | initial pose not within box

mode |  affinity  |  intramol  |    CNN     |   CNN
     | (kcal/mol) | (kcal/mol) | pose score | affinity
-----+------------+------------+------------+----------
    1       -4.67       -0.06       0.8590      3.525
    2       -4.33       -0.16       0.7897      3.781
    3       -4.85        0.42       0.7782      3.551
    4       -4.86       -0.12       0.7639      3.404
    5       -4.39       -0.18       0.7511      3.670
    6       -4.23       -0.14       0.7431      3.402
    7       -4.74       -0.11       0.7420      3.706
    8       -4.41       -0.12       0.7247      3.526
    9       -4.60        0.12       0.7087      3.408
>>> [noncov] GA_01_P3S
              _             
             (_)            
   __ _ _ __  _ _ __   __ _ 
  / _` | '_ \| | '_ \ / _` |
 | (_| | | | | | | | | (_| |
  \__, |_| |_|_|_| |_|\__,_|
   __/ |                    
  |___/                     

gnina v1.3.2 master:f23dd2b   Built Jul 29 2025.
gnina is based on smina and AutoDock Vina.
Please cite appropriately.

Commandline: gnina -r receptor.pdbqt -l ligands/noncovalent/GA_01_P3S.sdf --center_x -5.337 --center_y -41.735 --center_z 29.543 --size_x 22.5 --size_y 22.5 --size_z 22.5 --exhaustiveness 16 --num_modes 9 --cnn_scoring rescore -o out_noncovalent/GA_01_P3S_nc.sdf.gz --log out_noncovalent/GA_01_P3S_nc.log
Using random seed: -541527308

0%   10   20   30   40   50   60   70   80   90   100%
|----|----|----|----|----|----|----|----|----|----|
***************************************************
GA_01_P3S | pose 0 | initial pose not within box

mode |  affinity  |  intramol  |    CNN     |   CNN
     | (kcal/mol) | (kcal/mol) | pose score | affinity
-----+------------+------------+------------+----------
    1       -4.32       -0.12       0.8470      3.525
    2       -4.50       -0.13       0.8177      3.463
    3       -4.75       -0.09       0.8114      3.692
    4       -4.30       -0.09       0.7818      3.575
    5       -4.71        0.00       0.7682      3.754
    6       -4.81       -0.09       0.7295      3.420
    7       -4.37       -0.10       0.7071      3.851
    8       -4.73       -0.14       0.6994      3.814
    9       -4.55       -0.13       0.6692      3.372
>>> [noncov] VX_00_P3S
              _             
             (_)            
   __ _ _ __  _ _ __   __ _ 
  / _` | '_ \| | '_ \ / _` |
 | (_| | | | | | | | | (_| |
  \__, |_| |_|_|_| |_|\__,_|
   __/ |                    
  |___/                     

gnina v1.3.2 master:f23dd2b   Built Jul 29 2025.
gnina is based on smina and AutoDock Vina.
Please cite appropriately.

Commandline: gnina -r receptor.pdbqt -l ligands/noncovalent/VX_00_P3S.sdf --center_x -5.337 --center_y -41.735 --center_z 29.543 --size_x 22.5 --size_y 22.5 --size_z 22.5 --exhaustiveness 16 --num_modes 9 --cnn_scoring rescore -o out_noncovalent/VX_00_P3S_nc.sdf.gz --log out_noncovalent/VX_00_P3S_nc.log
Using random seed: -598335715

0%   10   20   30   40   50   60   70   80   90   100%
|----|----|----|----|----|----|----|----|----|----|
***************************************************
VX_00_P3S | pose 0 | initial pose not within box

mode |  affinity  |  intramol  |    CNN     |   CNN
     | (kcal/mol) | (kcal/mol) | pose score | affinity
-----+------------+------------+------------+----------
    1       -6.02        0.16       0.9366      5.089
    2       -6.44        1.11       0.8900      4.752
    3       -6.22        0.51       0.8859      4.486
    4       -5.79        1.17       0.8667      4.713
    5       -6.42        1.81       0.8638      4.879
    6       -5.78       -0.54       0.8493      4.418
    7       -6.52       -0.15       0.8466      5.189
    8       -5.91        0.22       0.8406      5.007
    9       -5.88        1.60       0.8171      4.627
>>> [noncov] VX_01_P3R
              _             
             (_)            
   __ _ _ __  _ _ __   __ _ 
  / _` | '_ \| | '_ \ / _` |
 | (_| | | | | | | | | (_| |
  \__, |_| |_|_|_| |_|\__,_|
   __/ |                    
  |___/                     

gnina v1.3.2 master:f23dd2b   Built Jul 29 2025.
gnina is based on smina and AutoDock Vina.
Please cite appropriately.

Commandline: gnina -r receptor.pdbqt -l ligands/noncovalent/VX_01_P3R.sdf --center_x -5.337 --center_y -41.735 --center_z 29.543 --size_x 22.5 --size_y 22.5 --size_z 22.5 --exhaustiveness 16 --num_modes 9 --cnn_scoring rescore -o out_noncovalent/VX_01_P3R_nc.sdf.gz --log out_noncovalent/VX_01_P3R_nc.log
Using random seed: -654868800

0%   10   20   30   40   50   60   70   80   90   100%
|----|----|----|----|----|----|----|----|----|----|
***************************************************
VX_01_P3R | pose 0 | initial pose not within box

mode |  affinity  |  intramol  |    CNN     |   CNN
     | (kcal/mol) | (kcal/mol) | pose score | affinity
-----+------------+------------+------------+----------
    1       -5.97        1.28       0.9396      4.960
    2       -6.29        1.17       0.8734      4.775
    3       -5.80        0.23       0.8733      4.648
    4       -6.02        1.46       0.8545      4.625
    5       -6.03       -0.24       0.8386      5.215
    6       -5.99       -0.55       0.8142      4.949
    7       -5.64        0.09       0.8100      4.780
    8       -6.15       -0.70       0.7529      4.588
    9       -5.81        1.97       0.7279      4.452
>>> [noncov] PARA_00_achiral
              _             
             (_)            
   __ _ _ __  _ _ __   __ _ 
  / _` | '_ \| | '_ \ / _` |
 | (_| | | | | | | | | (_| |
  \__, |_| |_|_|_| |_|\__,_|
   __/ |                    
  |___/                     

gnina v1.3.2 master:f23dd2b   Built Jul 29 2025.
gnina is based on smina and AutoDock Vina.
Please cite appropriately.

Commandline: gnina -r receptor.pdbqt -l ligands/noncovalent/PARA_00_achiral.sdf --center_x -5.337 --center_y -41.735 --center_z 29.543 --size_x 22.5 --size_y 22.5 --size_z 22.5 --exhaustiveness 16 --num_modes 9 --cnn_scoring rescore -o out_noncovalent/PARA_00_achiral_nc.sdf.gz --log out_noncovalent/PARA_00_achiral_nc.log
Using random seed: -711400507

0%   10   20   30   40   50   60   70   80   90   100%
|----|----|----|----|----|----|----|----|----|----|
***************************************************
PARA_00_achiral | pose 0 | initial pose not within box

mode |  affinity  |  intramol  |    CNN     |   CNN
     | (kcal/mol) | (kcal/mol) | pose score | affinity
-----+------------+------------+------------+----------
    1       -5.95       -0.21       0.7943      4.500
    2       -6.69       -0.21       0.6586      3.929
    3       -6.69       -0.41       0.6263      3.986
    4       -7.08       -0.44       0.6053      4.328
    5       -6.15       -0.32       0.5799      4.232
    6       -6.81       -0.16       0.5501      5.056
    7       -7.10       -0.15       0.5211      4.246
    8       -6.76       -0.22       0.4974      5.009
    9       -6.55        0.11       0.4268      4.329
>>> [noncov] PXNE_00_achiral
              _             
             (_)            
   __ _ _ __  _ _ __   __ _ 
  / _` | '_ \| | '_ \ / _` |
 | (_| | | | | | | | | (_| |
  \__, |_| |_|_|_| |_|\__,_|
   __/ |                    
  |___/                     

gnina v1.3.2 master:f23dd2b   Built Jul 29 2025.
gnina is based on smina and AutoDock Vina.
Please cite appropriately.

Commandline: gnina -r receptor.pdbqt -l ligands/noncovalent/PXNE_00_achiral.sdf --center_x -5.337 --center_y -41.735 --center_z 29.543 --size_x 22.5 --size_y 22.5 --size_z 22.5 --exhaustiveness 16 --num_modes 9 --cnn_scoring rescore -o out_noncovalent/PXNE_00_achiral_nc.sdf.gz --log out_noncovalent/PXNE_00_achiral_nc.log
Using random seed: -767930836

0%   10   20   30   40   50   60   70   80   90   100%
|----|----|----|----|----|----|----|----|----|----|
***************************************************
PXNE_00_achiral | pose 0 | initial pose not within box

mode |  affinity  |  intramol  |    CNN     |   CNN
     | (kcal/mol) | (kcal/mol) | pose score | affinity
-----+------------+------------+------------+----------
    1       -6.30       -0.22       0.7599      3.987
    2       -7.42       -0.23       0.7241      4.126
    3       -7.41       -0.36       0.7003      4.079
    4       -7.17        0.46       0.6945      4.124
    5       -6.98       -0.38       0.6180      4.109
    6       -6.85       -0.33       0.5770      3.892
    7       -6.88        0.86       0.5530      4.867
    8       -6.83       -0.53       0.5530      3.805
    9       -7.24       -0.41       0.3370      3.749
>>> [noncov] CPF_00_achiral
              _             
             (_)            
   __ _ _ __  _ _ __   __ _ 
  / _` | '_ \| | '_ \ / _` |
 | (_| | | | | | | | | (_| |
  \__, |_| |_|_|_| |_|\__,_|
   __/ |                    
  |___/                     

gnina v1.3.2 master:f23dd2b   Built Jul 29 2025.
gnina is based on smina and AutoDock Vina.
Please cite appropriately.

Commandline: gnina -r receptor.pdbqt -l ligands/noncovalent/CPF_00_achiral.sdf --center_x -5.337 --center_y -41.735 --center_z 29.543 --size_x 22.5 --size_y 22.5 --size_z 22.5 --exhaustiveness 16 --num_modes 9 --cnn_scoring rescore -o out_noncovalent/CPF_00_achiral_nc.sdf.gz --log out_noncovalent/CPF_00_achiral_nc.log
Using random seed: -824322285

0%   10   20   30   40   50   60   70   80   90   100%
|----|----|----|----|----|----|----|----|----|----|
***************************************************
CPF_00_achiral | pose 0 | initial pose not within box

mode |  affinity  |  intramol  |    CNN     |   CNN
     | (kcal/mol) | (kcal/mol) | pose score | affinity
-----+------------+------------+------------+----------
    1       -6.49        0.26       0.4344      4.640
    2       -7.07       -0.31       0.4058      5.033
    3       -6.96        0.06       0.3430      4.710
    4       -6.69       -0.43       0.3396      4.889
    5       -6.42        0.35       0.3372      4.635
    6       -6.28        0.07       0.3265      4.841
    7       -6.97        0.63       0.3057      4.837
    8       -7.12       -0.15       0.2874      4.954
    9       -6.73       -0.32       0.2852      4.232
>>> [noncov] MLT_00_C6S
              _             
             (_)            
   __ _ _ __  _ _ __   __ _ 
  / _` | '_ \| | '_ \ / _` |
 | (_| | | | | | | | | (_| |
  \__, |_| |_|_|_| |_|\__,_|
   __/ |                    
  |___/                     

gnina v1.3.2 master:f23dd2b   Built Jul 29 2025.
gnina is based on smina and AutoDock Vina.
Please cite appropriately.

Commandline: gnina -r receptor.pdbqt -l ligands/noncovalent/MLT_00_C6S.sdf --center_x -5.337 --center_y -41.735 --center_z 29.543 --size_x 22.5 --size_y 22.5 --size_z 22.5 --exhaustiveness 16 --num_modes 9 --cnn_scoring rescore -o out_noncovalent/MLT_00_C6S_nc.sdf.gz --log out_noncovalent/MLT_00_C6S_nc.log
Using random seed: -880918556

0%   10   20   30   40   50   60   70   80   90   100%
|----|----|----|----|----|----|----|----|----|----|
***************************************************
MLT_00_C6S | pose 0 | initial pose not within box

mode |  affinity  |  intramol  |    CNN     |   CNN
     | (kcal/mol) | (kcal/mol) | pose score | affinity
-----+------------+------------+------------+----------
    1       -5.95       -0.51       0.5727      4.030
    2       -6.41       -0.46       0.5619      4.222
    3       -6.25       -0.96       0.5375      4.195
    4       -6.83        0.14       0.5321      4.429
    5       -6.78        0.02       0.5247      4.194
    6       -6.30       -0.63       0.4975      4.170
    7       -6.25       -1.05       0.4837      4.262
    8       -6.67       -0.18       0.4625      4.120
    9       -6.33       -0.61       0.4517      3.712
>>> [noncov] MLT_01_C6R
              _             
             (_)            
   __ _ _ __  _ _ __   __ _ 
  / _` | '_ \| | '_ \ / _` |
 | (_| | | | | | | | | (_| |
  \__, |_| |_|_|_| |_|\__,_|
   __/ |                    
  |___/                     

gnina v1.3.2 master:f23dd2b   Built Jul 29 2025.
gnina is based on smina and AutoDock Vina.
Please cite appropriately.

Commandline: gnina -r receptor.pdbqt -l ligands/noncovalent/MLT_01_C6R.sdf --center_x -5.337 --center_y -41.735 --center_z 29.543 --size_x 22.5 --size_y 22.5 --size_z 22.5 --exhaustiveness 16 --num_modes 9 --cnn_scoring rescore -o out_noncovalent/MLT_01_C6R_nc.sdf.gz --log out_noncovalent/MLT_01_C6R_nc.log
Using random seed: -937100413

0%   10   20   30   40   50   60   70   80   90   100%
|----|----|----|----|----|----|----|----|----|----|
***************************************************
MLT_01_C6R | pose 0 | initial pose not within box

mode |  affinity  |  intramol  |    CNN     |   CNN
     | (kcal/mol) | (kcal/mol) | pose score | affinity
-----+------------+------------+------------+----------
    1       -6.36       -0.71       0.8429      4.732
    2       -6.74       -0.22       0.6561      4.348
    3       -6.88        0.28       0.5893      4.336
    4       -6.06       -0.97       0.5746      3.900
    5       -6.16       -0.07       0.5176      4.304
    6       -6.67       -0.49       0.4933      3.884
    7       -6.24       -0.39       0.4851      4.216
    8       -6.72       -0.22       0.4802      4.333
    9       -6.26       -0.63       0.4639      4.261
>>> [noncov] DDVP_00_achiral
              _             
             (_)            
   __ _ _ __  _ _ __   __ _ 
  / _` | '_ \| | '_ \ / _` |
 | (_| | | | | | | | | (_| |
  \__, |_| |_|_|_| |_|\__,_|
   __/ |                    
  |___/                     

gnina v1.3.2 master:f23dd2b   Built Jul 29 2025.
gnina is based on smina and AutoDock Vina.
Please cite appropriately.

Commandline: gnina -r receptor.pdbqt -l ligands/noncovalent/DDVP_00_achiral.sdf --center_x -5.337 --center_y -41.735 --center_z 29.543 --size_x 22.5 --size_y 22.5 --size_z 22.5 --exhaustiveness 16 --num_modes 9 --cnn_scoring rescore -o out_noncovalent/DDVP_00_achiral_nc.sdf.gz --log out_noncovalent/DDVP_00_achiral_nc.log
Using random seed: -993556002

0%   10   20   30   40   50   60   70   80   90   100%
|----|----|----|----|----|----|----|----|----|----|
***************************************************
DDVP_00_achiral | pose 0 | initial pose not within box

mode |  affinity  |  intramol  |    CNN     |   CNN
     | (kcal/mol) | (kcal/mol) | pose score | affinity
-----+------------+------------+------------+----------
    1       -5.35       -0.15       0.8411      3.709
    2       -4.84       -0.26       0.8056      3.077
    3       -5.59       -0.07       0.8023      3.325
    4       -5.29       -0.15       0.7806      3.799
    5       -5.32       -0.01       0.7116      3.203
    6       -5.09       -0.14       0.7027      3.624
    7       -5.17       -0.24       0.6956      3.777
    8       -5.03       -0.24       0.6595      3.056
    9       -5.14       -0.14       0.6397      3.574
>>> [noncov] A230_00_P8R_C5N7E
              _             
             (_)            
   __ _ _ __  _ _ __   __ _ 
  / _` | '_ \| | '_ \ / _` |
 | (_| | | | | | | | | (_| |
  \__, |_| |_|_|_| |_|\__,_|
   __/ |                    
  |___/                     

gnina v1.3.2 master:f23dd2b   Built Jul 29 2025.
gnina is based on smina and AutoDock Vina.
Please cite appropriately.

Commandline: gnina -r receptor.pdbqt -l ligands/noncovalent/A230_00_P8R_C5N7E.sdf --center_x -5.337 --center_y -41.735 --center_z 29.543 --size_x 22.5 --size_y 22.5 --size_z 22.5 --exhaustiveness 16 --num_modes 9 --cnn_scoring rescore -o out_noncovalent/A230_00_P8R_C5N7E_nc.sdf.gz --log out_noncovalent/A230_00_P8R_C5N7E_nc.log
Using random seed: -1050285959

0%   10   20   30   40   50   60   70   80   90   100%
|----|----|----|----|----|----|----|----|----|----|
***************************************************
A230_00_P8R_C5N7E | pose 0 | initial pose not within box

mode |  affinity  |  intramol  |    CNN     |   CNN
     | (kcal/mol) | (kcal/mol) | pose score | affinity
-----+------------+------------+------------+----------
    1       -5.92        0.33       0.9166      4.705
    2       -5.87        0.33       0.9160      4.747
    3       -5.26        0.36       0.8808      4.257
    4       -5.30        0.29       0.8114      3.879
    5       -5.67       -0.23       0.8025      4.577
    6       -5.88        0.18       0.7681      4.331
    7       -5.45       -0.14       0.7652      3.918
    8       -5.35       -0.00       0.7594      3.828
    9       -5.29       -0.03       0.7340      4.513
>>> [noncov] A230_01_P8S_C5N7E
              _             
             (_)            
   __ _ _ __  _ _ __   __ _ 
  / _` | '_ \| | '_ \ / _` |
 | (_| | | | | | | | | (_| |
  \__, |_| |_|_|_| |_|\__,_|
   __/ |                    
  |___/                     

gnina v1.3.2 master:f23dd2b   Built Jul 29 2025.
gnina is based on smina and AutoDock Vina.
Please cite appropriately.

Commandline: gnina -r receptor.pdbqt -l ligands/noncovalent/A230_01_P8S_C5N7E.sdf --center_x -5.337 --center_y -41.735 --center_z 29.543 --size_x 22.5 --size_y 22.5 --size_z 22.5 --exhaustiveness 16 --num_modes 9 --cnn_scoring rescore -o out_noncovalent/A230_01_P8S_C5N7E_nc.sdf.gz --log out_noncovalent/A230_01_P8S_C5N7E_nc.log
Using random seed: -1106945840

0%   10   20   30   40   50   60   70   80   90   100%
|----|----|----|----|----|----|----|----|----|----|
***************************************************
A230_01_P8S_C5N7E | pose 0 | initial pose not within box

mode |  affinity  |  intramol  |    CNN     |   CNN
     | (kcal/mol) | (kcal/mol) | pose score | affinity
-----+------------+------------+------------+----------
    1       -5.40        0.50       0.8884      4.729
    2       -5.72        0.31       0.8753      4.701
    3       -5.83        1.33       0.8675      4.585
    4       -5.39        0.37       0.8561      4.298
    5       -5.95        0.30       0.8376      4.515
    6       -5.71        0.02       0.8355      4.649
    7       -5.96        0.26       0.8275      4.502
    8       -5.21        0.32       0.7946      4.024
    9       -5.29        0.13       0.7651      4.477
>>> [noncov] A230_02_P8R_C5N7Z
              _             
             (_)            
   __ _ _ __  _ _ __   __ _ 
  / _` | '_ \| | '_ \ / _` |
 | (_| | | | | | | | | (_| |
  \__, |_| |_|_|_| |_|\__,_|
   __/ |                    
  |___/                     

gnina v1.3.2 master:f23dd2b   Built Jul 29 2025.
gnina is based on smina and AutoDock Vina.
Please cite appropriately.

Commandline: gnina -r receptor.pdbqt -l ligands/noncovalent/A230_02_P8R_C5N7Z.sdf --center_x -5.337 --center_y -41.735 --center_z 29.543 --size_x 22.5 --size_y 22.5 --size_z 22.5 --exhaustiveness 16 --num_modes 9 --cnn_scoring rescore -o out_noncovalent/A230_02_P8R_C5N7Z_nc.sdf.gz --log out_noncovalent/A230_02_P8R_C5N7Z_nc.log
Using random seed: -1163811762

0%   10   20   30   40   50   60   70   80   90   100%
|----|----|----|----|----|----|----|----|----|----|
***************************************************
A230_02_P8R_C5N7Z | pose 0 | initial pose not within box

mode |  affinity  |  intramol  |    CNN     |   CNN
     | (kcal/mol) | (kcal/mol) | pose score | affinity
-----+------------+------------+------------+----------
    1       -5.93       -0.41       0.8750      4.577
    2       -5.48       -0.19       0.8534      4.184
    3       -5.73       -0.08       0.8073      4.734
    4       -5.55       -0.20       0.8053      4.106
    5       -5.55       -0.24       0.7981      4.127
    6       -5.52       -0.17       0.7892      4.176
    7       -5.95       -0.20       0.7805      4.277
    8       -5.81       -0.31       0.7390      4.497
    9       -5.51        0.09       0.7003      3.876
>>> [noncov] A230_03_P8S_C5N7Z
              _             
             (_)            
   __ _ _ __  _ _ __   __ _ 
  / _` | '_ \| | '_ \ / _` |
 | (_| | | | | | | | | (_| |
  \__, |_| |_|_|_| |_|\__,_|
   __/ |                    
  |___/                     

gnina v1.3.2 master:f23dd2b   Built Jul 29 2025.
gnina is based on smina and AutoDock Vina.
Please cite appropriately.

Commandline: gnina -r receptor.pdbqt -l ligands/noncovalent/A230_03_P8S_C5N7Z.sdf --center_x -5.337 --center_y -41.735 --center_z 29.543 --size_x 22.5 --size_y 22.5 --size_z 22.5 --exhaustiveness 16 --num_modes 9 --cnn_scoring rescore -o out_noncovalent/A230_03_P8S_C5N7Z_nc.sdf.gz --log out_noncovalent/A230_03_P8S_C5N7Z_nc.log
Using random seed: -1220469470

0%   10   20   30   40   50   60   70   80   90   100%
|----|----|----|----|----|----|----|----|----|----|
***************************************************
A230_03_P8S_C5N7Z | pose 0 | initial pose not within box

mode |  affinity  |  intramol  |    CNN     |   CNN
     | (kcal/mol) | (kcal/mol) | pose score | affinity
-----+------------+------------+------------+----------
    1       -5.59        0.55       0.9150      4.214
    2       -5.85        1.26       0.9133      4.873
    3       -5.96        0.07       0.9096      4.919
    4       -5.70       -0.08       0.8972      4.601
    5       -5.73        1.41       0.8833      4.553
    6       -5.61       -0.07       0.8794      4.320
    7       -5.57        0.32       0.8540      4.628
    8       -5.31        1.18       0.8351      4.366
    9       -5.46       -0.30       0.8296      4.340
>>> [noncov] A232_00_P8R_C5N7E
              _             
             (_)            
   __ _ _ __  _ _ __   __ _ 
  / _` | '_ \| | '_ \ / _` |
 | (_| | | | | | | | | (_| |
  \__, |_| |_|_|_| |_|\__,_|
   __/ |                    
  |___/                     

gnina v1.3.2 master:f23dd2b   Built Jul 29 2025.
gnina is based on smina and AutoDock Vina.
Please cite appropriately.

Commandline: gnina -r receptor.pdbqt -l ligands/noncovalent/A232_00_P8R_C5N7E.sdf --center_x -5.337 --center_y -41.735 --center_z 29.543 --size_x 22.5 --size_y 22.5 --size_z 22.5 --exhaustiveness 16 --num_modes 9 --cnn_scoring rescore -o out_noncovalent/A232_00_P8R_C5N7E_nc.sdf.gz --log out_noncovalent/A232_00_P8R_C5N7E_nc.log
Using random seed: -1277126012

0%   10   20   30   40   50   60   70   80   90   100%
|----|----|----|----|----|----|----|----|----|----|
***************************************************
A232_00_P8R_C5N7E | pose 0 | initial pose not within box

mode |  affinity  |  intramol  |    CNN     |   CNN
     | (kcal/mol) | (kcal/mol) | pose score | affinity
-----+------------+------------+------------+----------
    1       -5.78       -0.03       0.9426      4.250
    2       -6.13       -0.22       0.9406      4.652
    3       -6.13       -0.19       0.9400      4.647
    4       -5.72        0.18       0.8977      4.968
    5       -5.88        0.31       0.8733      4.551
    6       -5.83        0.17       0.8172      4.489
    7       -5.57        0.16       0.7934      3.883
    8       -6.05        0.26       0.7561      4.290
    9       -5.66        0.25       0.7219      4.667
>>> [noncov] A232_01_P8S_C5N7E
              _             
             (_)            
   __ _ _ __  _ _ __   __ _ 
  / _` | '_ \| | '_ \ / _` |
 | (_| | | | | | | | | (_| |
  \__, |_| |_|_|_| |_|\__,_|
   __/ |                    
  |___/                     

gnina v1.3.2 master:f23dd2b   Built Jul 29 2025.
gnina is based on smina and AutoDock Vina.
Please cite appropriately.

Commandline: gnina -r receptor.pdbqt -l ligands/noncovalent/A232_01_P8S_C5N7E.sdf --center_x -5.337 --center_y -41.735 --center_z 29.543 --size_x 22.5 --size_y 22.5 --size_z 22.5 --exhaustiveness 16 --num_modes 9 --cnn_scoring rescore -o out_noncovalent/A232_01_P8S_C5N7E_nc.sdf.gz --log out_noncovalent/A232_01_P8S_C5N7E_nc.log
Using random seed: -1333919844

0%   10   20   30   40   50   60   70   80   90   100%
|----|----|----|----|----|----|----|----|----|----|
***************************************************
A232_01_P8S_C5N7E | pose 0 | initial pose not within box

mode |  affinity  |  intramol  |    CNN     |   CNN
     | (kcal/mol) | (kcal/mol) | pose score | affinity
-----+------------+------------+------------+----------
    1       -5.98       -0.07       0.9109      4.753
    2       -5.83        0.99       0.9062      5.145
    3       -5.40       -0.10       0.8662      4.658
    4       -5.63        0.05       0.8541      4.379
    5       -5.55        0.54       0.8165      4.632
    6       -5.50       -0.16       0.8147      3.789
    7       -5.98        0.20       0.7807      4.622
    8       -5.62       -0.04       0.7236      4.392
    9       -5.26        0.69       0.7159      4.043
>>> [noncov] A232_02_P8R_C5N7Z
              _             
             (_)            
   __ _ _ __  _ _ __   __ _ 
  / _` | '_ \| | '_ \ / _` |
 | (_| | | | | | | | | (_| |
  \__, |_| |_|_|_| |_|\__,_|
   __/ |                    
  |___/                     

gnina v1.3.2 master:f23dd2b   Built Jul 29 2025.
gnina is based on smina and AutoDock Vina.
Please cite appropriately.

Commandline: gnina -r receptor.pdbqt -l ligands/noncovalent/A232_02_P8R_C5N7Z.sdf --center_x -5.337 --center_y -41.735 --center_z 29.543 --size_x 22.5 --size_y 22.5 --size_z 22.5 --exhaustiveness 16 --num_modes 9 --cnn_scoring rescore -o out_noncovalent/A232_02_P8R_C5N7Z_nc.sdf.gz --log out_noncovalent/A232_02_P8R_C5N7Z_nc.log
Using random seed: -1390504879

0%   10   20   30   40   50   60   70   80   90   100%
|----|----|----|----|----|----|----|----|----|----|
***************************************************
A232_02_P8R_C5N7Z | pose 0 | initial pose not within box

mode |  affinity  |  intramol  |    CNN     |   CNN
     | (kcal/mol) | (kcal/mol) | pose score | affinity
-----+------------+------------+------------+----------
    1       -6.13       -0.05       0.9250      4.667
    2       -5.90       -0.24       0.9129      4.969
    3       -6.25        0.26       0.8910      4.579
    4       -6.03       -0.05       0.8817      4.581
    5       -6.15       -0.04       0.8504      4.587
    6       -5.45       -0.09       0.8363      3.925
    7       -5.70        0.23       0.8056      4.249
    8       -5.75        0.46       0.7874      4.550
    9       -5.90       -0.41       0.7833      4.179
>>> [noncov] A232_03_P8S_C5N7Z
              _             
             (_)            
   __ _ _ __  _ _ __   __ _ 
  / _` | '_ \| | '_ \ / _` |
 | (_| | | | | | | | | (_| |
  \__, |_| |_|_|_| |_|\__,_|
   __/ |                    
  |___/                     

gnina v1.3.2 master:f23dd2b   Built Jul 29 2025.
gnina is based on smina and AutoDock Vina.
Please cite appropriately.

Commandline: gnina -r receptor.pdbqt -l ligands/noncovalent/A232_03_P8S_C5N7Z.sdf --center_x -5.337 --center_y -41.735 --center_z 29.543 --size_x 22.5 --size_y 22.5 --size_z 22.5 --exhaustiveness 16 --num_modes 9 --cnn_scoring rescore -o out_noncovalent/A232_03_P8S_C5N7Z_nc.sdf.gz --log out_noncovalent/A232_03_P8S_C5N7Z_nc.log
Using random seed: -396925348

0%   10   20   30   40   50   60   70   80   90   100%
|----|----|----|----|----|----|----|----|----|----|
***************************************************
A232_03_P8S_C5N7Z | pose 0 | initial pose not within box

mode |  affinity  |  intramol  |    CNN     |   CNN
     | (kcal/mol) | (kcal/mol) | pose score | affinity
-----+------------+------------+------------+----------
    1       -6.12       -0.05       0.9691      4.486
    2       -5.91       -0.22       0.9073      4.700
    3       -5.81       -0.19       0.9045      4.392
    4       -5.84        0.02       0.8458      4.900
    5       -6.13        0.14       0.8365      4.686
    6       -5.87       -0.28       0.8360      4.180
    7       -5.91        0.52       0.8293      4.649
    8       -5.96       -0.08       0.8258      4.694
    9       -5.54       -0.27       0.8217      4.157
>>> [noncov] A234_00_P3S_N6C7E
              _             
             (_)            
   __ _ _ __  _ _ __   __ _ 
  / _` | '_ \| | '_ \ / _` |
 | (_| | | | | | | | | (_| |
  \__, |_| |_|_|_| |_|\__,_|
   __/ |                    
  |___/                     

gnina v1.3.2 master:f23dd2b   Built Jul 29 2025.
gnina is based on smina and AutoDock Vina.
Please cite appropriately.

Commandline: gnina -r receptor.pdbqt -l ligands/noncovalent/A234_00_P3S_N6C7E.sdf --center_x -5.337 --center_y -41.735 --center_z 29.543 --size_x 22.5 --size_y 22.5 --size_z 22.5 --exhaustiveness 16 --num_modes 9 --cnn_scoring rescore -o out_noncovalent/A234_00_P3S_N6C7E_nc.sdf.gz --log out_noncovalent/A234_00_P3S_N6C7E_nc.log
Using random seed: -453716026

0%   10   20   30   40   50   60   70   80   90   100%
|----|----|----|----|----|----|----|----|----|----|
***************************************************
A234_00_P3S_N6C7E | pose 0 | initial pose not within box
A234_00_P3S_N6C7E | pose 0 | ligand outside box
A234_00_P3S_N6C7E | pose 0 | ligand outside box
A234_00_P3S_N6C7E | pose 0 | ligand outside box
A234_00_P3S_N6C7E | pose 0 | ligand outside box
A234_00_P3S_N6C7E | pose 0 | ligand outside box
A234_00_P3S_N6C7E | pose 0 | initial pose not within box

mode |  affinity  |  intramol  |    CNN     |   CNN
     | (kcal/mol) | (kcal/mol) | pose score | affinity
-----+------------+------------+------------+----------
    1       -5.81        0.37       0.8712      4.393
    2       -6.15        0.83       0.8395      4.888
    3       -5.70       -0.20       0.8386      4.193
    4       -6.14       -0.01       0.8191      4.894
    5       -5.92        0.22       0.8110      4.494
    6       -6.15        0.50       0.8079      3.992
    7       -6.14       -0.06       0.8058      4.878
    8       -6.20        0.49       0.7964      4.009
    9       -6.02       -0.11       0.7713      4.392
>>> [noncov] A234_01_P3R_N6C7E
              _             
             (_)            
   __ _ _ __  _ _ __   __ _ 
  / _` | '_ \| | '_ \ / _` |
 | (_| | | | | | | | | (_| |
  \__, |_| |_|_|_| |_|\__,_|
   __/ |                    
  |___/                     

gnina v1.3.2 master:f23dd2b   Built Jul 29 2025.
gnina is based on smina and AutoDock Vina.
Please cite appropriately.

Commandline: gnina -r receptor.pdbqt -l ligands/noncovalent/A234_01_P3R_N6C7E.sdf --center_x -5.337 --center_y -41.735 --center_z 29.543 --size_x 22.5 --size_y 22.5 --size_z 22.5 --exhaustiveness 16 --num_modes 9 --cnn_scoring rescore -o out_noncovalent/A234_01_P3R_N6C7E_nc.sdf.gz --log out_noncovalent/A234_01_P3R_N6C7E_nc.log
Using random seed: -510227978

0%   10   20   30   40   50   60   70   80   90   100%
|----|----|----|----|----|----|----|----|----|----|
***************************************************
A234_01_P3R_N6C7E | pose 0 | initial pose not within box

mode |  affinity  |  intramol  |    CNN     |   CNN
     | (kcal/mol) | (kcal/mol) | pose score | affinity
-----+------------+------------+------------+----------
    1       -6.41        0.35       0.9463      4.731
    2       -6.13        0.36       0.8817      4.593
    3       -5.73       -0.36       0.8043      4.103
    4       -6.30       -0.34       0.7836      4.839
    5       -6.24       -0.33       0.7806      4.845
    6       -5.81       -0.07       0.7618      4.068
    7       -6.29        0.15       0.7378      4.443
    8       -5.63        0.26       0.7245      4.672
    9       -5.55        0.00       0.7153      4.473
>>> [noncov] A234_02_P3S_N6C7Z
              _             
             (_)            
   __ _ _ __  _ _ __   __ _ 
  / _` | '_ \| | '_ \ / _` |
 | (_| | | | | | | | | (_| |
  \__, |_| |_|_|_| |_|\__,_|
   __/ |                    
  |___/                     

gnina v1.3.2 master:f23dd2b   Built Jul 29 2025.
gnina is based on smina and AutoDock Vina.
Please cite appropriately.

Commandline: gnina -r receptor.pdbqt -l ligands/noncovalent/A234_02_P3S_N6C7Z.sdf --center_x -5.337 --center_y -41.735 --center_z 29.543 --size_x 22.5 --size_y 22.5 --size_z 22.5 --exhaustiveness 16 --num_modes 9 --cnn_scoring rescore -o out_noncovalent/A234_02_P3S_N6C7Z_nc.sdf.gz --log out_noncovalent/A234_02_P3S_N6C7Z_nc.log
Using random seed: -567016536

0%   10   20   30   40   50   60   70   80   90   100%
|----|----|----|----|----|----|----|----|----|----|
***************************************************
A234_02_P3S_N6C7Z | pose 0 | initial pose not within box

mode |  affinity  |  intramol  |    CNN     |   CNN
     | (kcal/mol) | (kcal/mol) | pose score | affinity
-----+------------+------------+------------+----------
    1       -6.64       -0.13       0.9655      4.473
    2       -6.61       -0.19       0.8898      4.840
    3       -6.09        0.41       0.8883      4.776
    4       -6.14        0.04       0.8880      3.984
    5       -6.44       -0.52       0.8816      5.120
    6       -6.18       -0.18       0.8793      4.525
    7       -6.10        0.13       0.8533      4.051
    8       -6.10       -0.12       0.8464      4.260
    9       -6.50        0.16       0.8413      4.667
>>> [noncov] A234_03_P3R_N6C7Z
              _             
             (_)            
   __ _ _ __  _ _ __   __ _ 
  / _` | '_ \| | '_ \ / _` |
 | (_| | | | | | | | | (_| |
  \__, |_| |_|_|_| |_|\__,_|
   __/ |                    
  |___/                     

gnina v1.3.2 master:f23dd2b   Built Jul 29 2025.
gnina is based on smina and AutoDock Vina.
Please cite appropriately.

Commandline: gnina -r receptor.pdbqt -l ligands/noncovalent/A234_03_P3R_N6C7Z.sdf --center_x -5.337 --center_y -41.735 --center_z 29.543 --size_x 22.5 --size_y 22.5 --size_z 22.5 --exhaustiveness 16 --num_modes 9 --cnn_scoring rescore -o out_noncovalent/A234_03_P3R_N6C7Z_nc.sdf.gz --log out_noncovalent/A234_03_P3R_N6C7Z_nc.log
Using random seed: 1158207408

0%   10   20   30   40   50   60   70   80   90   100%
|----|----|----|----|----|----|----|----|----|----|
***************************************************
A234_03_P3R_N6C7Z | pose 0 | initial pose not within box

mode |  affinity  |  intramol  |    CNN     |   CNN
     | (kcal/mol) | (kcal/mol) | pose score | affinity
-----+------------+------------+------------+----------
    1       -6.53        0.12       0.9781      4.820
    2       -6.72       -0.39       0.9357      4.850
    3       -6.62       -0.08       0.9173      4.826
    4       -6.62        0.07       0.9006      4.714
    5       -6.43        0.00       0.9005      4.163
    6       -6.64        0.03       0.8878      4.648
    7       -6.20       -0.23       0.8825      4.139
    8       -6.03        0.40       0.8699      4.430
    9       -6.22       -0.19       0.8493      4.931
>>> [noncov] A242_00_P7R
              _             
             (_)            
   __ _ _ __  _ _ __   __ _ 
  / _` | '_ \| | '_ \ / _` |
 | (_| | | | | | | | | (_| |
  \__, |_| |_|_|_| |_|\__,_|
   __/ |                    
  |___/                     

gnina v1.3.2 master:f23dd2b   Built Jul 29 2025.
gnina is based on smina and AutoDock Vina.
Please cite appropriately.

Commandline: gnina -r receptor.pdbqt -l ligands/noncovalent/A242_00_P7R.sdf --center_x -5.337 --center_y -41.735 --center_z 29.543 --size_x 22.5 --size_y 22.5 --size_z 22.5 --exhaustiveness 16 --num_modes 9 --cnn_scoring rescore -o out_noncovalent/A242_00_P7R_nc.sdf.gz --log out_noncovalent/A242_00_P7R_nc.log
Using random seed: 1101629788

0%   10   20   30   40   50   60   70   80   90   100%
|----|----|----|----|----|----|----|----|----|----|
***************************************************
A242_00_P7R | pose 0 | initial pose not within box

mode |  affinity  |  intramol  |    CNN     |   CNN
     | (kcal/mol) | (kcal/mol) | pose score | affinity
-----+------------+------------+------------+----------
    1       -6.04       -0.18       0.9410      5.298
    2       -5.85       -0.13       0.8779      4.705
    3       -6.06       -0.19       0.8588      5.003
    4       -6.11       -0.20       0.8586      4.598
    5       -5.84       -0.27       0.8173      4.619
    6       -6.37       -0.41       0.7844      5.045
    7       -5.52        0.01       0.7801      4.984
    8       -6.09       -0.02       0.7070      4.532
    9       -6.22        0.09       0.7013      4.575
>>> [noncov] A242_01_P7S
              _             
             (_)            
   __ _ _ __  _ _ __   __ _ 
  / _` | '_ \| | '_ \ / _` |
 | (_| | | | | | | | | (_| |
  \__, |_| |_|_|_| |_|\__,_|
   __/ |                    
  |___/                     

gnina v1.3.2 master:f23dd2b   Built Jul 29 2025.
gnina is based on smina and AutoDock Vina.
Please cite appropriately.

Commandline: gnina -r receptor.pdbqt -l ligands/noncovalent/A242_01_P7S.sdf --center_x -5.337 --center_y -41.735 --center_z 29.543 --size_x 22.5 --size_y 22.5 --size_z 22.5 --exhaustiveness 16 --num_modes 9 --cnn_scoring rescore -o out_noncovalent/A242_01_P7S_nc.sdf.gz --log out_noncovalent/A242_01_P7S_nc.log
Using random seed: 1044983784

0%   10   20   30   40   50   60   70   80   90   100%
|----|----|----|----|----|----|----|----|----|----|
***************************************************
A242_01_P7S | pose 0 | initial pose not within box

mode |  affinity  |  intramol  |    CNN     |   CNN
     | (kcal/mol) | (kcal/mol) | pose score | affinity
-----+------------+------------+------------+----------
    1       -6.08        0.31       0.9366      5.193
    2       -6.01        0.45       0.9296      5.129
    3       -6.38        0.23       0.9109      5.222
    4       -5.96        0.51       0.9055      5.382
    5       -6.25        0.38       0.9000      4.923
    6       -6.02        0.19       0.8983      5.033
    7       -5.89        0.86       0.8931      5.206
    8       -6.33        0.59       0.8888      5.187
    9       -5.89        1.18       0.8761      4.535
비공유 도킹 완료 -> out_noncovalent/  (parse_docking.py로 점수 추출)
===== [4/4] 공유 도킹 26종 Thu Jun 18 06:56:27 KST 2026 =====
bash: /home/k9/miniconda3/envs/covalent5/lib/libtinfo.so.6: no version information available (required by bash)
공유 도킹 완료 -> out_covalent/
※ [*]더미를 Ser-Oγ로 처리 안 하는 버전이면 warhead에서 [*] 제거 후 재시도.
===== 점수 파싱 Thu Jun 18 06:56:27 KST 2026 =====
파싱 30건 -> docking_results.csv
===== 도킹 전부 완료 Thu Jun 18 06:56:28 KST 2026 =====
결과: docking/docking_results.csv, out_noncovalent/, out_covalent/
