nohup: ignoring input
bash: /home/k9/miniconda3/envs/covalent5/lib/libtinfo.so.6: no version information available (required by bash)
=== variant base  center=(-5.337,-41.735,29.543) seed=42 ===
  ok GB_00_P4S
  ok GB_01_P4R
  ok GD_00_C1S_P3S
  ok GD_01_C1R_P3S
  ok GD_02_C1S_P3R
  ok GD_03_C1R_P3R
  ok GA_00_P3R
  ok GA_01_P3S
  ok VX_00_P3S
  ok VX_01_P3R
  ok PARA_00_achiral
  ok PXNE_00_achiral
  ok CPF_00_achiral
  ok MLT_00_C6S
  ok MLT_01_C6R
  ok DDVP_00_achiral
  ok A230_00_P8R_C5N7E
  ok A230_01_P8S_C5N7E
  ok A230_02_P8R_C5N7Z
  ok A230_03_P8S_C5N7Z
  ok A232_00_P8R_C5N7E
  ok A232_01_P8S_C5N7E
  ok A232_02_P8R_C5N7Z
  ok A232_03_P8S_C5N7Z
  ok A234_00_P3S_N6C7E
  ok A234_01_P3R_N6C7E
  ok A234_02_P3S_N6C7Z
  ok A234_03_P3R_N6C7Z
  ok A242_00_P7R
  ok A242_01_P7S
  ok BSAR_00_P5S
  ok BSAR_01_P5R
  ok GF_00_P1S
  ok GF_01_P1R
  ok VR_00_P8S
  ok VR_01_P8R
  ok MPXN_00_achiral
  ok DETAB_00_P3R
  ok DETAB_01_P3S
  ok DFP_00_achiral
  ok METH_00_P2R
  ok METH_01_P2S
  ok FEN_00_P3R
  ok FEN_01_P3S
=== variant boxxp2  center=(-3.3369999999999997,-41.735,29.543) seed=42 ===
  ok GB_00_P4S
  ok GB_01_P4R
  ok GD_00_C1S_P3S
  ok GD_01_C1R_P3S
  ok GD_02_C1S_P3R
  ok GD_03_C1R_P3R
  ok GA_00_P3R
  ok GA_01_P3S
  ok VX_00_P3S
  ok VX_01_P3R
  ok PARA_00_achiral
  ok PXNE_00_achiral
  ok CPF_00_achiral
  ok MLT_00_C6S
  ok MLT_01_C6R
  ok DDVP_00_achiral
  ok A230_00_P8R_C5N7E
  ok A230_01_P8S_C5N7E
  ok A230_02_P8R_C5N7Z
  ok A230_03_P8S_C5N7Z
  ok A232_00_P8R_C5N7E
  ok A232_01_P8S_C5N7E
  ok A232_02_P8R_C5N7Z
  ok A232_03_P8S_C5N7Z
  ok A234_00_P3S_N6C7E
  ok A234_01_P3R_N6C7E
  ok A234_02_P3S_N6C7Z
  ok A234_03_P3R_N6C7Z
  ok A242_00_P7R
  ok A242_01_P7S
  ok BSAR_00_P5S
  ok BSAR_01_P5R
  ok GF_00_P1S
  ok GF_01_P1R
  ok VR_00_P8S
  ok VR_01_P8R
  ok MPXN_00_achiral
  ok DETAB_00_P3R
  ok DETAB_01_P3S
  ok DFP_00_achiral
  ok METH_00_P2R
  ok METH_01_P2S
  ok FEN_00_P3R
  ok FEN_01_P3S
=== variant boxxm2  center=(-7.337,-41.735,29.543) seed=42 ===
  ok GB_00_P4S
  ok GB_01_P4R
  ok GD_00_C1S_P3S
  ok GD_01_C1R_P3S
  ok GD_02_C1S_P3R
  ok GD_03_C1R_P3R
  ok GA_00_P3R
  ok GA_01_P3S
  ok VX_00_P3S
  ok VX_01_P3R
  ok PARA_00_achiral
  ok PXNE_00_achiral
  ok CPF_00_achiral
  ok MLT_00_C6S
  ok MLT_01_C6R
  ok DDVP_00_achiral
  ok A230_00_P8R_C5N7E
  ok A230_01_P8S_C5N7E
  ok A230_02_P8R_C5N7Z
  ok A230_03_P8S_C5N7Z
  ok A232_00_P8R_C5N7E
  ok A232_01_P8S_C5N7E
  ok A232_02_P8R_C5N7Z
  ok A232_03_P8S_C5N7Z
  ok A234_00_P3S_N6C7E
  ok A234_01_P3R_N6C7E
  ok A234_02_P3S_N6C7Z
  ok A234_03_P3R_N6C7Z
  ok A242_00_P7R
  ok A242_01_P7S
  ok BSAR_00_P5S
  ok BSAR_01_P5R
  ok GF_00_P1S
  ok GF_01_P1R
  ok VR_00_P8S
  ok VR_01_P8R
  ok MPXN_00_achiral
  ok DETAB_00_P3R
  ok DETAB_01_P3S
  ok DFP_00_achiral
  ok METH_00_P2R
  ok METH_01_P2S
  ok FEN_00_P3R
  ok FEN_01_P3S
=== variant boxyp2  center=(-5.337,-39.735,29.543) seed=42 ===
  ok GB_00_P4S
  ok GB_01_P4R
  ok GD_00_C1S_P3S
  ok GD_01_C1R_P3S
  ok GD_02_C1S_P3R
  ok GD_03_C1R_P3R
  ok GA_00_P3R
  ok GA_01_P3S
  ok VX_00_P3S
  ok VX_01_P3R
  ok PARA_00_achiral
  ok PXNE_00_achiral
  ok CPF_00_achiral
  ok MLT_00_C6S
  ok MLT_01_C6R
  ok DDVP_00_achiral
  ok A230_00_P8R_C5N7E
  ok A230_01_P8S_C5N7E
  ok A230_02_P8R_C5N7Z
  ok A230_03_P8S_C5N7Z
  ok A232_00_P8R_C5N7E
  ok A232_01_P8S_C5N7E
  ok A232_02_P8R_C5N7Z
  ok A232_03_P8S_C5N7Z
  ok A234_00_P3S_N6C7E
  ok A234_01_P3R_N6C7E
  ok A234_02_P3S_N6C7Z
  ok A234_03_P3R_N6C7Z
  ok A242_00_P7R
  ok A242_01_P7S
  ok BSAR_00_P5S
  ok BSAR_01_P5R
  ok GF_00_P1S
  ok GF_01_P1R
  ok VR_00_P8S
  ok VR_01_P8R
  ok MPXN_00_achiral
  ok DETAB_00_P3R
  ok DETAB_01_P3S
  ok DFP_00_achiral
  ok METH_00_P2R
  ok METH_01_P2S
  ok FEN_00_P3R
  ok FEN_01_P3S
=== variant boxym2  center=(-5.337,-43.735,29.543) seed=42 ===
  ok GB_00_P4S
  ok GB_01_P4R
  ok GD_00_C1S_P3S
  ok GD_01_C1R_P3S
  ok GD_02_C1S_P3R
  ok GD_03_C1R_P3R
  ok GA_00_P3R
  ok GA_01_P3S
  ok VX_00_P3S
  ok VX_01_P3R
  ok PARA_00_achiral
  ok PXNE_00_achiral
  ok CPF_00_achiral
  ok MLT_00_C6S
  ok MLT_01_C6R
  ok DDVP_00_achiral
  ok A230_00_P8R_C5N7E
  ok A230_01_P8S_C5N7E
  ok A230_02_P8R_C5N7Z
  ok A230_03_P8S_C5N7Z
  ok A232_00_P8R_C5N7E
  ok A232_01_P8S_C5N7E
  ok A232_02_P8R_C5N7Z
  ok A232_03_P8S_C5N7Z
  ok A234_00_P3S_N6C7E
  ok A234_01_P3R_N6C7E
  ok A234_02_P3S_N6C7Z
  ok A234_03_P3R_N6C7Z
  ok A242_00_P7R
  ok A242_01_P7S
  ok BSAR_00_P5S
  ok BSAR_01_P5R
  ok GF_00_P1S
  ok GF_01_P1R
  ok VR_00_P8S
  ok VR_01_P8R
  ok MPXN_00_achiral
  ok DETAB_00_P3R
  ok DETAB_01_P3S
  ok DFP_00_achiral
  ok METH_00_P2R
  ok METH_01_P2S
  ok FEN_00_P3R
  ok FEN_01_P3S
=== variant seed7  center=(-5.337,-41.735,29.543) seed=7 ===
  ok GB_00_P4S
  ok GB_01_P4R
  ok GD_00_C1S_P3S
  ok GD_01_C1R_P3S
  ok GD_02_C1S_P3R
  ok GD_03_C1R_P3R
  ok GA_00_P3R
  ok GA_01_P3S
  ok VX_00_P3S
  ok VX_01_P3R
  ok PARA_00_achiral
  ok PXNE_00_achiral
  ok CPF_00_achiral
  ok MLT_00_C6S
  ok MLT_01_C6R
  ok DDVP_00_achiral
  ok A230_00_P8R_C5N7E
  ok A230_01_P8S_C5N7E
  ok A230_02_P8R_C5N7Z
  ok A230_03_P8S_C5N7Z
  ok A232_00_P8R_C5N7E
  ok A232_01_P8S_C5N7E
  ok A232_02_P8R_C5N7Z
  ok A232_03_P8S_C5N7Z
  ok A234_00_P3S_N6C7E
  ok A234_01_P3R_N6C7E
  ok A234_02_P3S_N6C7Z
  ok A234_03_P3R_N6C7Z
  ok A242_00_P7R
  ok A242_01_P7S
  ok BSAR_00_P5S
  ok BSAR_01_P5R
  ok GF_00_P1S
  ok GF_01_P1R
  ok VR_00_P8S
  ok VR_01_P8R
  ok MPXN_00_achiral
  ok DETAB_00_P3R
  ok DETAB_01_P3S
  ok DFP_00_achiral
  ok METH_00_P2R
  ok METH_01_P2S
  ok FEN_00_P3R
  ok FEN_01_P3S
=== variant seed123  center=(-5.337,-41.735,29.543) seed=123 ===
  ok GB_00_P4S
  ok GB_01_P4R
  ok GD_00_C1S_P3S
  ok GD_01_C1R_P3S
  ok GD_02_C1S_P3R
  ok GD_03_C1R_P3R
  ok GA_00_P3R
  ok GA_01_P3S
  ok VX_00_P3S
  ok VX_01_P3R
  ok PARA_00_achiral
  ok PXNE_00_achiral
  ok CPF_00_achiral
  ok MLT_00_C6S
  ok MLT_01_C6R
  ok DDVP_00_achiral
  ok A230_00_P8R_C5N7E
  ok A230_01_P8S_C5N7E
  ok A230_02_P8R_C5N7Z
  ok A230_03_P8S_C5N7Z
  ok A232_00_P8R_C5N7E
  ok A232_01_P8S_C5N7E
  ok A232_02_P8R_C5N7Z
  ok A232_03_P8S_C5N7Z
  ok A234_00_P3S_N6C7E
  ok A234_01_P3R_N6C7E
  ok A234_02_P3S_N6C7Z
  ok A234_03_P3R_N6C7Z
  ok A242_00_P7R
  ok A242_01_P7S
  ok BSAR_00_P5S
  ok BSAR_01_P5R
  ok GF_00_P1S
  ok GF_01_P1R
  ok VR_00_P8S
  ok VR_01_P8R
  ok MPXN_00_achiral
  ok DETAB_00_P3R
  ok DETAB_01_P3S
  ok DFP_00_achiral
  ok METH_00_P2R
  ok METH_01_P2S
  ok FEN_00_P3R
  ok FEN_01_P3S
=== 완료. python parse_sensitivity.py 로 변형별 Spearman rho 산출 ===
