              _             
             (_)            
   __ _ _ __  _ _ __   __ _ 
  / _` | '_ \| | '_ \ / _` |
 | (_| | | | | | | | | (_| |
  \__, |_| |_|_|_| |_|\__,_|
   __/ |                    
  |___/                     

gnina v1.3.2 master:f23dd2b   Built Jul 29 2025.
gnina is based on smina and AutoDock Vina.
Please cite appropriately.

Commandline: gnina -r receptor.pdbqt -l ligands/noncovalent/A230_02_P8R_C5N7Z.sdf --center_x -5.337 --center_y -39.735 --center_z 29.543 --size_x 22.5 --size_y 22.5 --size_z 22.5 --exhaustiveness 16 --num_modes 9 --cnn_scoring rescore --seed 42 -o out_sens_boxyp2/A230_02_P8R_C5N7Z_nc.sdf.gz --log out_sens_boxyp2/A230_02_P8R_C5N7Z_nc.log
Using random seed: 42

mode |  affinity  |  intramol  |    CNN     |   CNN
     | (kcal/mol) | (kcal/mol) | pose score | affinity
-----+------------+------------+------------+----------
    1       -5.92       -0.41       0.8729      4.558
    2       -5.53       -0.29       0.8087      4.047
    3       -5.62       -0.07       0.7825      4.740
    4       -5.18       -0.37       0.7810      4.008
    5       -5.94       -0.22       0.7732      4.249
    6       -5.52       -0.18       0.7681      4.153
    7       -5.67       -0.11       0.7511      4.326
    8       -5.46        0.04       0.7483      4.103
    9       -5.43       -0.23       0.7471      4.177
