              _             
             (_)            
   __ _ _ __  _ _ __   __ _ 
  / _` | '_ \| | '_ \ / _` |
 | (_| | | | | | | | | (_| |
  \__, |_| |_|_|_| |_|\__,_|
   __/ |                    
  |___/                     

gnina v1.3.2 master:f23dd2b   Built Jul 29 2025.
gnina is based on smina and AutoDock Vina.
Please cite appropriately.

Commandline: gnina -r receptor.pdbqt -l ligands/noncovalent/A230_00_P8R_C5N7E.sdf --center_x -5.337 --center_y -39.735 --center_z 29.543 --size_x 22.5 --size_y 22.5 --size_z 22.5 --exhaustiveness 16 --num_modes 9 --cnn_scoring rescore --seed 42 -o out_sens_boxyp2/A230_00_P8R_C5N7E_nc.sdf.gz --log out_sens_boxyp2/A230_00_P8R_C5N7E_nc.log
Using random seed: 42

mode |  affinity  |  intramol  |    CNN     |   CNN
     | (kcal/mol) | (kcal/mol) | pose score | affinity
-----+------------+------------+------------+----------
    1       -5.89        0.33       0.9170      4.750
    2       -5.91        0.33       0.9156      4.701
    3       -5.75        0.26       0.8334      4.598
    4       -5.66       -0.24       0.8159      4.620
    5       -5.23        0.33       0.8145      3.915
    6       -5.22        0.12       0.7880      3.972
    7       -5.10        0.15       0.7865      4.466
    8       -5.38       -0.19       0.7724      3.954
    9       -5.15       -0.24       0.7648      4.533
