              _             
             (_)            
   __ _ _ __  _ _ __   __ _ 
  / _` | '_ \| | '_ \ / _` |
 | (_| | | | | | | | | (_| |
  \__, |_| |_|_|_| |_|\__,_|
   __/ |                    
  |___/                     

gnina v1.3.2 master:f23dd2b   Built Jul 29 2025.
gnina is based on smina and AutoDock Vina.
Please cite appropriately.

Commandline: gnina -r receptor.pdbqt -l ligands/noncovalent/A230_03_P8S_C5N7Z.sdf --center_x -5.337 --center_y -39.735 --center_z 29.543 --size_x 22.5 --size_y 22.5 --size_z 22.5 --exhaustiveness 16 --num_modes 9 --cnn_scoring rescore --seed 42 -o out_sens_boxyp2/A230_03_P8S_C5N7Z_nc.sdf.gz --log out_sens_boxyp2/A230_03_P8S_C5N7Z_nc.log
Using random seed: 42

mode |  affinity  |  intramol  |    CNN     |   CNN
     | (kcal/mol) | (kcal/mol) | pose score | affinity
-----+------------+------------+------------+----------
    1       -5.95        0.07       0.9200      4.932
    2       -5.74        0.20       0.8975      4.647
    3       -5.48        1.79       0.8814      4.583
    4       -5.54        0.58       0.8761      4.188
    5       -5.36       -0.27       0.8545      4.063
    6       -5.61        1.20       0.8213      4.425
    7       -5.23        0.59       0.7788      4.486
    8       -5.51       -0.34       0.7768      4.069
    9       -5.74       -0.36       0.7541      4.219
