              _             
             (_)            
   __ _ _ __  _ _ __   __ _ 
  / _` | '_ \| | '_ \ / _` |
 | (_| | | | | | | | | (_| |
  \__, |_| |_|_|_| |_|\__,_|
   __/ |                    
  |___/                     

gnina v1.3.2 master:f23dd2b   Built Jul 29 2025.
gnina is based on smina and AutoDock Vina.
Please cite appropriately.

Commandline: gnina -r receptor.pdbqt -l ligands/noncovalent/A230_01_P8S_C5N7E.sdf --center_x -5.337 --center_y -39.735 --center_z 29.543 --size_x 22.5 --size_y 22.5 --size_z 22.5 --exhaustiveness 16 --num_modes 9 --cnn_scoring rescore --seed 42 -o out_sens_boxyp2/A230_01_P8S_C5N7E_nc.sdf.gz --log out_sens_boxyp2/A230_01_P8S_C5N7E_nc.log
Using random seed: 42

mode |  affinity  |  intramol  |    CNN     |   CNN
     | (kcal/mol) | (kcal/mol) | pose score | affinity
-----+------------+------------+------------+----------
    1       -5.28        0.72       0.8970      4.899
    2       -5.70        0.32       0.8913      4.702
    3       -5.32        0.14       0.8793      4.486
    4       -5.75        1.23       0.8655      4.582
    5       -5.78        0.25       0.8624      4.752
    6       -5.54       -0.18       0.8277      4.644
    7       -5.94        0.30       0.8252      4.487
    8       -5.94        0.25       0.8204      4.485
    9       -5.20        0.28       0.8017      4.059
