              _             
             (_)            
   __ _ _ __  _ _ __   __ _ 
  / _` | '_ \| | '_ \ / _` |
 | (_| | | | | | | | | (_| |
  \__, |_| |_|_|_| |_|\__,_|
   __/ |                    
  |___/                     

gnina v1.3.2 master:f23dd2b   Built Jul 29 2025.
gnina is based on smina and AutoDock Vina.
Please cite appropriately.

Commandline: gnina -r receptor.pdbqt -l ligands/noncovalent/A232_00_P8R_C5N7E.sdf --center_x -5.337 --center_y -39.735 --center_z 29.543 --size_x 22.5 --size_y 22.5 --size_z 22.5 --exhaustiveness 16 --num_modes 9 --cnn_scoring rescore --seed 42 -o out_sens_boxyp2/A232_00_P8R_C5N7E_nc.sdf.gz --log out_sens_boxyp2/A232_00_P8R_C5N7E_nc.log
Using random seed: 42

mode |  affinity  |  intramol  |    CNN     |   CNN
     | (kcal/mol) | (kcal/mol) | pose score | affinity
-----+------------+------------+------------+----------
    1       -5.68        0.13       0.9472      4.213
    2       -6.17       -0.21       0.9352      4.679
    3       -6.21       -0.19       0.9305      4.635
    4       -5.97        0.45       0.8847      4.658
    5       -5.58        0.34       0.8157      3.827
    6       -5.67        0.67       0.7873      4.544
    7       -5.48       -0.16       0.7862      3.967
    8       -5.51        0.67       0.7727      3.927
    9       -6.01        0.32       0.7706      4.563
