              _             
             (_)            
   __ _ _ __  _ _ __   __ _ 
  / _` | '_ \| | '_ \ / _` |
 | (_| | | | | | | | | (_| |
  \__, |_| |_|_|_| |_|\__,_|
   __/ |                    
  |___/                     

gnina v1.3.2 master:f23dd2b   Built Jul 29 2025.
gnina is based on smina and AutoDock Vina.
Please cite appropriately.

Commandline: gnina -r receptor.pdbqt -l ligands/noncovalent/A232_02_P8R_C5N7Z.sdf --center_x -5.337 --center_y -39.735 --center_z 29.543 --size_x 22.5 --size_y 22.5 --size_z 22.5 --exhaustiveness 16 --num_modes 9 --cnn_scoring rescore --seed 42 -o out_sens_boxyp2/A232_02_P8R_C5N7Z_nc.sdf.gz --log out_sens_boxyp2/A232_02_P8R_C5N7Z_nc.log
Using random seed: 42

mode |  affinity  |  intramol  |    CNN     |   CNN
     | (kcal/mol) | (kcal/mol) | pose score | affinity
-----+------------+------------+------------+----------
    1       -6.10       -0.06       0.9172      4.613
    2       -6.09       -0.07       0.9078      4.611
    3       -6.04        0.10       0.8732      4.690
    4       -6.15       -0.02       0.8639      4.627
    5       -5.88       -0.36       0.8633      4.282
    6       -6.19        0.06       0.8565      4.663
    7       -5.82        1.52       0.8528      4.644
    8       -5.84       -0.22       0.8230      4.235
    9       -5.80        0.17       0.8150      4.308
