              _             
             (_)            
   __ _ _ __  _ _ __   __ _ 
  / _` | '_ \| | '_ \ / _` |
 | (_| | | | | | | | | (_| |
  \__, |_| |_|_|_| |_|\__,_|
   __/ |                    
  |___/                     

gnina v1.3.2 master:f23dd2b   Built Jul 29 2025.
gnina is based on smina and AutoDock Vina.
Please cite appropriately.

Commandline: gnina -r receptor.pdbqt -l ligands/noncovalent/A232_01_P8S_C5N7E.sdf --center_x -5.337 --center_y -39.735 --center_z 29.543 --size_x 22.5 --size_y 22.5 --size_z 22.5 --exhaustiveness 16 --num_modes 9 --cnn_scoring rescore --seed 42 -o out_sens_boxyp2/A232_01_P8S_C5N7E_nc.sdf.gz --log out_sens_boxyp2/A232_01_P8S_C5N7E_nc.log
Using random seed: 42

mode |  affinity  |  intramol  |    CNN     |   CNN
     | (kcal/mol) | (kcal/mol) | pose score | affinity
-----+------------+------------+------------+----------
    1       -5.69        0.40       0.9312      4.882
    2       -5.74        0.34       0.9110      4.537
    3       -5.98       -0.07       0.9098      4.754
    4       -5.72        0.03       0.8352      4.844
    5       -5.33        0.54       0.7445      3.823
    6       -5.65        0.40       0.7385      3.918
    7       -5.30        0.26       0.7314      4.248
    8       -5.92        0.63       0.7166      4.564
    9       -5.60        0.74       0.6337      4.051
