              _             
             (_)            
   __ _ _ __  _ _ __   __ _ 
  / _` | '_ \| | '_ \ / _` |
 | (_| | | | | | | | | (_| |
  \__, |_| |_|_|_| |_|\__,_|
   __/ |                    
  |___/                     

gnina v1.3.2 master:f23dd2b   Built Jul 29 2025.
gnina is based on smina and AutoDock Vina.
Please cite appropriately.

Commandline: gnina -r receptor.pdbqt -l ligands/noncovalent/A232_03_P8S_C5N7Z.sdf --center_x -5.337 --center_y -39.735 --center_z 29.543 --size_x 22.5 --size_y 22.5 --size_z 22.5 --exhaustiveness 16 --num_modes 9 --cnn_scoring rescore --seed 42 -o out_sens_boxyp2/A232_03_P8S_C5N7Z_nc.sdf.gz --log out_sens_boxyp2/A232_03_P8S_C5N7Z_nc.log
Using random seed: 42

mode |  affinity  |  intramol  |    CNN     |   CNN
     | (kcal/mol) | (kcal/mol) | pose score | affinity
-----+------------+------------+------------+----------
    1       -5.89       -0.07       0.9353      4.378
    2       -5.68       -0.06       0.9013      4.582
    3       -6.08       -0.19       0.9006      4.788
    4       -5.63        0.00       0.8957      4.381
    5       -5.90       -0.02       0.8582      4.909
    6       -5.86       -0.37       0.8509      4.162
    7       -5.82        0.15       0.8467      4.805
    8       -5.62       -0.19       0.8384      4.400
    9       -6.13        0.11       0.8301      4.661
