              _             
             (_)            
   __ _ _ __  _ _ __   __ _ 
  / _` | '_ \| | '_ \ / _` |
 | (_| | | | | | | | | (_| |
  \__, |_| |_|_|_| |_|\__,_|
   __/ |                    
  |___/                     

gnina v1.3.2 master:f23dd2b   Built Jul 29 2025.
gnina is based on smina and AutoDock Vina.
Please cite appropriately.

Commandline: gnina -r receptor.pdbqt -l ligands/noncovalent/A234_01_P3R_N6C7E.sdf --center_x -5.337 --center_y -39.735 --center_z 29.543 --size_x 22.5 --size_y 22.5 --size_z 22.5 --exhaustiveness 16 --num_modes 9 --cnn_scoring rescore --seed 42 -o out_sens_boxyp2/A234_01_P3R_N6C7E_nc.sdf.gz --log out_sens_boxyp2/A234_01_P3R_N6C7E_nc.log
Using random seed: 42

mode |  affinity  |  intramol  |    CNN     |   CNN
     | (kcal/mol) | (kcal/mol) | pose score | affinity
-----+------------+------------+------------+----------
    1       -6.45        0.39       0.9458      4.749
    2       -6.37        0.29       0.9418      4.677
    3       -5.95       -0.17       0.9116      4.570
    4       -5.84        0.36       0.8936      4.725
    5       -5.69        0.03       0.8878      4.792
    6       -5.90       -0.15       0.8602      4.664
    7       -5.60       -0.04       0.8467      5.025
    8       -5.62       -0.23       0.7925      4.046
    9       -5.87       -0.13       0.7904      3.973
