              _             
             (_)            
   __ _ _ __  _ _ __   __ _ 
  / _` | '_ \| | '_ \ / _` |
 | (_| | | | | | | | | (_| |
  \__, |_| |_|_|_| |_|\__,_|
   __/ |                    
  |___/                     

gnina v1.3.2 master:f23dd2b   Built Jul 29 2025.
gnina is based on smina and AutoDock Vina.
Please cite appropriately.

Commandline: gnina -r receptor.pdbqt -l ligands/noncovalent/A234_02_P3S_N6C7Z.sdf --center_x -5.337 --center_y -39.735 --center_z 29.543 --size_x 22.5 --size_y 22.5 --size_z 22.5 --exhaustiveness 16 --num_modes 9 --cnn_scoring rescore --seed 42 -o out_sens_boxyp2/A234_02_P3S_N6C7Z_nc.sdf.gz --log out_sens_boxyp2/A234_02_P3S_N6C7Z_nc.log
Using random seed: 42

mode |  affinity  |  intramol  |    CNN     |   CNN
     | (kcal/mol) | (kcal/mol) | pose score | affinity
-----+------------+------------+------------+----------
    1       -6.64        0.20       0.9781      4.685
    2       -6.33        0.09       0.9397      4.561
    3       -6.12       -0.22       0.9280      4.609
    4       -6.49       -0.47       0.9164      5.089
    5       -6.62       -0.17       0.8886      4.872
    6       -5.89        0.12       0.8815      4.463
    7       -6.13       -0.00       0.8676      4.311
    8       -6.09       -0.36       0.8635      4.312
    9       -6.41       -0.11       0.8616      4.637
