              _             
             (_)            
   __ _ _ __  _ _ __   __ _ 
  / _` | '_ \| | '_ \ / _` |
 | (_| | | | | | | | | (_| |
  \__, |_| |_|_|_| |_|\__,_|
   __/ |                    
  |___/                     

gnina v1.3.2 master:f23dd2b   Built Jul 29 2025.
gnina is based on smina and AutoDock Vina.
Please cite appropriately.

Commandline: gnina -r receptor.pdbqt -l ligands/noncovalent/A234_03_P3R_N6C7Z.sdf --center_x -5.337 --center_y -39.735 --center_z 29.543 --size_x 22.5 --size_y 22.5 --size_z 22.5 --exhaustiveness 16 --num_modes 9 --cnn_scoring rescore --seed 42 -o out_sens_boxyp2/A234_03_P3R_N6C7Z_nc.sdf.gz --log out_sens_boxyp2/A234_03_P3R_N6C7Z_nc.log
Using random seed: 42

mode |  affinity  |  intramol  |    CNN     |   CNN
     | (kcal/mol) | (kcal/mol) | pose score | affinity
-----+------------+------------+------------+----------
    1       -6.51        0.26       0.9779      4.762
    2       -6.55        0.20       0.9731      4.802
    3       -6.14        0.09       0.9440      4.467
    4       -6.61       -0.32       0.9215      4.857
    5       -6.55       -0.08       0.9194      4.851
    6       -6.69       -0.08       0.9116      4.722
    7       -6.65        0.06       0.8882      4.616
    8       -6.20       -0.23       0.8846      4.110
    9       -6.64        0.05       0.8713      4.393
