              _             
             (_)            
   __ _ _ __  _ _ __   __ _ 
  / _` | '_ \| | '_ \ / _` |
 | (_| | | | | | | | | (_| |
  \__, |_| |_|_|_| |_|\__,_|
   __/ |                    
  |___/                     

gnina v1.3.2 master:f23dd2b   Built Jul 29 2025.
gnina is based on smina and AutoDock Vina.
Please cite appropriately.

Commandline: gnina -r receptor.pdbqt -l ligands/noncovalent/A234_00_P3S_N6C7E.sdf --center_x -5.337 --center_y -39.735 --center_z 29.543 --size_x 22.5 --size_y 22.5 --size_z 22.5 --exhaustiveness 16 --num_modes 9 --cnn_scoring rescore --seed 42 -o out_sens_boxyp2/A234_00_P3S_N6C7E_nc.sdf.gz --log out_sens_boxyp2/A234_00_P3S_N6C7E_nc.log
Using random seed: 42

mode |  affinity  |  intramol  |    CNN     |   CNN
     | (kcal/mol) | (kcal/mol) | pose score | affinity
-----+------------+------------+------------+----------
    1       -6.20        0.25       0.9245      4.614
    2       -5.81        0.78       0.8983      4.153
    3       -6.20        0.38       0.8760      4.823
    4       -5.69        1.89       0.8701      5.054
    5       -5.87        0.32       0.8655      4.098
    6       -6.15        0.13       0.8396      4.930
    7       -6.09        0.25       0.7968      4.906
    8       -6.19        0.46       0.7938      3.998
    9       -5.85        0.38       0.7710      4.461
