              _             
             (_)            
   __ _ _ __  _ _ __   __ _ 
  / _` | '_ \| | '_ \ / _` |
 | (_| | | | | | | | | (_| |
  \__, |_| |_|_|_| |_|\__,_|
   __/ |                    
  |___/                     

gnina v1.3.2 master:f23dd2b   Built Jul 29 2025.
gnina is based on smina and AutoDock Vina.
Please cite appropriately.

Commandline: gnina -r receptor.pdbqt -l ligands/noncovalent/A242_00_P7R.sdf --center_x -5.337 --center_y -39.735 --center_z 29.543 --size_x 22.5 --size_y 22.5 --size_z 22.5 --exhaustiveness 16 --num_modes 9 --cnn_scoring rescore --seed 42 -o out_sens_boxyp2/A242_00_P7R_nc.sdf.gz --log out_sens_boxyp2/A242_00_P7R_nc.log
Using random seed: 42

mode |  affinity  |  intramol  |    CNN     |   CNN
     | (kcal/mol) | (kcal/mol) | pose score | affinity
-----+------------+------------+------------+----------
    1       -5.98       -0.14       0.8456      4.404
    2       -6.39       -0.37       0.7954      5.047
    3       -6.06       -0.17       0.7906      4.967
    4       -6.03       -0.13       0.7715      4.854
    5       -6.07       -0.06       0.7581      4.755
    6       -6.18       -0.32       0.7444      4.775
    7       -6.26       -0.00       0.7150      5.013
    8       -5.92        0.05       0.7120      4.523
    9       -6.20        0.06       0.6889      4.568
