              _             
             (_)            
   __ _ _ __  _ _ __   __ _ 
  / _` | '_ \| | '_ \ / _` |
 | (_| | | | | | | | | (_| |
  \__, |_| |_|_|_| |_|\__,_|
   __/ |                    
  |___/                     

gnina v1.3.2 master:f23dd2b   Built Jul 29 2025.
gnina is based on smina and AutoDock Vina.
Please cite appropriately.

Commandline: gnina -r receptor.pdbqt -l ligands/noncovalent/A242_01_P7S.sdf --center_x -5.337 --center_y -39.735 --center_z 29.543 --size_x 22.5 --size_y 22.5 --size_z 22.5 --exhaustiveness 16 --num_modes 9 --cnn_scoring rescore --seed 42 -o out_sens_boxyp2/A242_01_P7S_nc.sdf.gz --log out_sens_boxyp2/A242_01_P7S_nc.log
Using random seed: 42

mode |  affinity  |  intramol  |    CNN     |   CNN
     | (kcal/mol) | (kcal/mol) | pose score | affinity
-----+------------+------------+------------+----------
    1       -5.82       -0.18       0.9466      5.323
    2       -5.55        0.26       0.9183      5.220
    3       -5.89        1.13       0.9140      5.146
    4       -6.20        0.28       0.9023      4.889
    5       -6.09        0.27       0.8965      5.051
    6       -6.35        0.60       0.8850      5.174
    7       -6.22        0.41       0.8837      4.886
    8       -6.39        1.22       0.8580      5.167
    9       -6.16        1.06       0.8423      4.893
