              _             
             (_)            
   __ _ _ __  _ _ __   __ _ 
  / _` | '_ \| | '_ \ / _` |
 | (_| | | | | | | | | (_| |
  \__, |_| |_|_|_| |_|\__,_|
   __/ |                    
  |___/                     

gnina v1.3.2 master:f23dd2b   Built Jul 29 2025.
gnina is based on smina and AutoDock Vina.
Please cite appropriately.

Commandline: gnina -r receptor.pdbqt -l ligands/noncovalent/BSAR_01_P5R.sdf --center_x -5.337 --center_y -39.735 --center_z 29.543 --size_x 22.5 --size_y 22.5 --size_z 22.5 --exhaustiveness 16 --num_modes 9 --cnn_scoring rescore --seed 42 -o out_sens_boxyp2/BSAR_01_P5R_nc.sdf.gz --log out_sens_boxyp2/BSAR_01_P5R_nc.log
Using random seed: 42

mode |  affinity  |  intramol  |    CNN     |   CNN
     | (kcal/mol) | (kcal/mol) | pose score | affinity
-----+------------+------------+------------+----------
    1       -4.96       -0.08       0.8687      3.372
    2       -4.61       -0.08       0.8509      3.468
    3       -5.26       -0.11       0.8251      3.892
    4       -4.95       -0.09       0.7505      3.528
    5       -4.55       -0.16       0.7186      3.234
    6       -4.66       -0.14       0.6645      3.297
    7       -4.82       -0.18       0.6506      3.301
    8       -4.84       -0.32       0.6502      3.609
    9       -4.64       -0.15       0.6370      3.354
