              _             
             (_)            
   __ _ _ __  _ _ __   __ _ 
  / _` | '_ \| | '_ \ / _` |
 | (_| | | | | | | | | (_| |
  \__, |_| |_|_|_| |_|\__,_|
   __/ |                    
  |___/                     

gnina v1.3.2 master:f23dd2b   Built Jul 29 2025.
gnina is based on smina and AutoDock Vina.
Please cite appropriately.

Commandline: gnina -r receptor.pdbqt -l ligands/noncovalent/BSAR_00_P5S.sdf --center_x -5.337 --center_y -39.735 --center_z 29.543 --size_x 22.5 --size_y 22.5 --size_z 22.5 --exhaustiveness 16 --num_modes 9 --cnn_scoring rescore --seed 42 -o out_sens_boxyp2/BSAR_00_P5S_nc.sdf.gz --log out_sens_boxyp2/BSAR_00_P5S_nc.log
Using random seed: 42

mode |  affinity  |  intramol  |    CNN     |   CNN
     | (kcal/mol) | (kcal/mol) | pose score | affinity
-----+------------+------------+------------+----------
    1       -4.86       -0.06       0.8979      3.969
    2       -5.14       -0.09       0.8453      3.654
    3       -4.51       -0.09       0.8165      3.207
    4       -5.05       -0.08       0.8164      3.215
    5       -4.89       -0.08       0.7512      3.304
    6       -4.77       -0.12       0.7010      3.377
    7       -4.39       -0.17       0.6688      3.235
    8       -4.73       -0.09       0.6675      3.656
    9       -4.93       -0.09       0.6341      3.380
