              _             
             (_)            
   __ _ _ __  _ _ __   __ _ 
  / _` | '_ \| | '_ \ / _` |
 | (_| | | | | | | | | (_| |
  \__, |_| |_|_|_| |_|\__,_|
   __/ |                    
  |___/                     

gnina v1.3.2 master:f23dd2b   Built Jul 29 2025.
gnina is based on smina and AutoDock Vina.
Please cite appropriately.

Commandline: gnina -r receptor.pdbqt -l ligands/noncovalent/CPF_00_achiral.sdf --center_x -5.337 --center_y -39.735 --center_z 29.543 --size_x 22.5 --size_y 22.5 --size_z 22.5 --exhaustiveness 16 --num_modes 9 --cnn_scoring rescore --seed 42 -o out_sens_boxyp2/CPF_00_achiral_nc.sdf.gz --log out_sens_boxyp2/CPF_00_achiral_nc.log
Using random seed: 42

mode |  affinity  |  intramol  |    CNN     |   CNN
     | (kcal/mol) | (kcal/mol) | pose score | affinity
-----+------------+------------+------------+----------
    1       -7.24        1.07       0.6703      4.996
    2       -6.92        0.19       0.5908      5.383
    3       -6.76       -0.37       0.4511      5.376
    4       -6.47        1.26       0.3834      4.800
    5       -6.39        0.76       0.3673      4.676
    6       -6.43        0.31       0.3490      4.654
    7       -6.87       -0.30       0.3416      5.317
    8       -6.93       -0.31       0.3149      4.986
    9       -6.97       -0.08       0.3121      4.885
