              _             
             (_)            
   __ _ _ __  _ _ __   __ _ 
  / _` | '_ \| | '_ \ / _` |
 | (_| | | | | | | | | (_| |
  \__, |_| |_|_|_| |_|\__,_|
   __/ |                    
  |___/                     

gnina v1.3.2 master:f23dd2b   Built Jul 29 2025.
gnina is based on smina and AutoDock Vina.
Please cite appropriately.

Commandline: gnina -r receptor.pdbqt -l ligands/noncovalent/DDVP_00_achiral.sdf --center_x -5.337 --center_y -39.735 --center_z 29.543 --size_x 22.5 --size_y 22.5 --size_z 22.5 --exhaustiveness 16 --num_modes 9 --cnn_scoring rescore --seed 42 -o out_sens_boxyp2/DDVP_00_achiral_nc.sdf.gz --log out_sens_boxyp2/DDVP_00_achiral_nc.log
Using random seed: 42

mode |  affinity  |  intramol  |    CNN     |   CNN
     | (kcal/mol) | (kcal/mol) | pose score | affinity
-----+------------+------------+------------+----------
    1       -5.58       -0.09       0.8209      3.355
    2       -5.29       -0.12       0.8083      3.815
    3       -5.42       -0.10       0.7800      3.361
    4       -5.03       -0.18       0.7472      3.682
    5       -4.93       -0.21       0.7255      3.237
    6       -5.10       -0.21       0.6520      2.994
    7       -5.02       -0.23       0.6403      3.033
    8       -4.91       -0.17       0.5530      3.180
    9       -4.86       -0.20       0.5422      3.620
