              _             
             (_)            
   __ _ _ __  _ _ __   __ _ 
  / _` | '_ \| | '_ \ / _` |
 | (_| | | | | | | | | (_| |
  \__, |_| |_|_|_| |_|\__,_|
   __/ |                    
  |___/                     

gnina v1.3.2 master:f23dd2b   Built Jul 29 2025.
gnina is based on smina and AutoDock Vina.
Please cite appropriately.

Commandline: gnina -r receptor.pdbqt -l ligands/noncovalent/DETAB_01_P3S.sdf --center_x -5.337 --center_y -39.735 --center_z 29.543 --size_x 22.5 --size_y 22.5 --size_z 22.5 --exhaustiveness 16 --num_modes 9 --cnn_scoring rescore --seed 42 -o out_sens_boxyp2/DETAB_01_P3S_nc.sdf.gz --log out_sens_boxyp2/DETAB_01_P3S_nc.log
Using random seed: 42

mode |  affinity  |  intramol  |    CNN     |   CNN
     | (kcal/mol) | (kcal/mol) | pose score | affinity
-----+------------+------------+------------+----------
    1       -5.30       -0.30       0.8953      4.176
    2       -4.96       -0.23       0.8208      3.878
    3       -5.11       -0.40       0.7941      3.772
    4       -5.22       -0.26       0.7686      3.933
    5       -5.48       -0.23       0.7581      4.248
    6       -5.50       -0.23       0.7404      4.128
    7       -5.43       -0.18       0.7031      3.822
    8       -5.54       -0.21       0.6997      3.901
    9       -5.02       -0.27       0.6588      3.821
