              _             
             (_)            
   __ _ _ __  _ _ __   __ _ 
  / _` | '_ \| | '_ \ / _` |
 | (_| | | | | | | | | (_| |
  \__, |_| |_|_|_| |_|\__,_|
   __/ |                    
  |___/                     

gnina v1.3.2 master:f23dd2b   Built Jul 29 2025.
gnina is based on smina and AutoDock Vina.
Please cite appropriately.

Commandline: gnina -r receptor.pdbqt -l ligands/noncovalent/DETAB_00_P3R.sdf --center_x -5.337 --center_y -39.735 --center_z 29.543 --size_x 22.5 --size_y 22.5 --size_z 22.5 --exhaustiveness 16 --num_modes 9 --cnn_scoring rescore --seed 42 -o out_sens_boxyp2/DETAB_00_P3R_nc.sdf.gz --log out_sens_boxyp2/DETAB_00_P3R_nc.log
Using random seed: 42

mode |  affinity  |  intramol  |    CNN     |   CNN
     | (kcal/mol) | (kcal/mol) | pose score | affinity
-----+------------+------------+------------+----------
    1       -5.61       -0.21       0.8799      4.228
    2       -5.75       -0.23       0.8754      4.209
    3       -5.51       -0.36       0.8201      4.021
    4       -5.56       -0.27       0.8072      3.938
    5       -5.48        0.07       0.7306      3.797
    6       -5.21       -0.28       0.7115      3.744
    7       -5.35       -0.19       0.7006      3.995
    8       -5.27       -0.24       0.6677      3.739
    9       -5.34       -0.23       0.6561      3.747
