              _             
             (_)            
   __ _ _ __  _ _ __   __ _ 
  / _` | '_ \| | '_ \ / _` |
 | (_| | | | | | | | | (_| |
  \__, |_| |_|_|_| |_|\__,_|
   __/ |                    
  |___/                     

gnina v1.3.2 master:f23dd2b   Built Jul 29 2025.
gnina is based on smina and AutoDock Vina.
Please cite appropriately.

Commandline: gnina -r receptor.pdbqt -l ligands/noncovalent/DFP_00_achiral.sdf --center_x -5.337 --center_y -39.735 --center_z 29.543 --size_x 22.5 --size_y 22.5 --size_z 22.5 --exhaustiveness 16 --num_modes 9 --cnn_scoring rescore --seed 42 -o out_sens_boxyp2/DFP_00_achiral_nc.sdf.gz --log out_sens_boxyp2/DFP_00_achiral_nc.log
Using random seed: 42

mode |  affinity  |  intramol  |    CNN     |   CNN
     | (kcal/mol) | (kcal/mol) | pose score | affinity
-----+------------+------------+------------+----------
    1       -5.52       -0.40       0.8123      3.817
    2       -5.62        0.74       0.7965      3.691
    3       -5.65        1.20       0.7459      3.581
    4       -5.37        0.73       0.7395      3.690
    5       -5.37        0.78       0.6647      3.341
    6       -5.22        0.42       0.6196      3.482
    7       -5.32       -0.39       0.6080      3.511
    8       -5.43       -0.41       0.5732      3.407
    9       -5.10        0.62       0.5661      3.529
