              _             
             (_)            
   __ _ _ __  _ _ __   __ _ 
  / _` | '_ \| | '_ \ / _` |
 | (_| | | | | | | | | (_| |
  \__, |_| |_|_|_| |_|\__,_|
   __/ |                    
  |___/                     

gnina v1.3.2 master:f23dd2b   Built Jul 29 2025.
gnina is based on smina and AutoDock Vina.
Please cite appropriately.

Commandline: gnina -r receptor.pdbqt -l ligands/noncovalent/FEN_00_P3R.sdf --center_x -5.337 --center_y -39.735 --center_z 29.543 --size_x 22.5 --size_y 22.5 --size_z 22.5 --exhaustiveness 16 --num_modes 9 --cnn_scoring rescore --seed 42 -o out_sens_boxyp2/FEN_00_P3R_nc.sdf.gz --log out_sens_boxyp2/FEN_00_P3R_nc.log
Using random seed: 42

mode |  affinity  |  intramol  |    CNN     |   CNN
     | (kcal/mol) | (kcal/mol) | pose score | affinity
-----+------------+------------+------------+----------
    1       -6.44        0.16       0.8507      5.216
    2       -6.43       -0.34       0.7419      5.356
    3       -7.31       -0.48       0.6751      5.519
    4       -6.93        1.16       0.6074      5.448
    5       -6.62        0.91       0.5894      5.122
    6       -5.93        0.68       0.5386      4.860
    7       -6.74        0.11       0.4298      4.582
    8       -5.91       -0.03       0.4249      4.897
    9       -6.58       -0.17       0.3188      5.157
