              _             
             (_)            
   __ _ _ __  _ _ __   __ _ 
  / _` | '_ \| | '_ \ / _` |
 | (_| | | | | | | | | (_| |
  \__, |_| |_|_|_| |_|\__,_|
   __/ |                    
  |___/                     

gnina v1.3.2 master:f23dd2b   Built Jul 29 2025.
gnina is based on smina and AutoDock Vina.
Please cite appropriately.

Commandline: gnina -r receptor.pdbqt -l ligands/noncovalent/FEN_01_P3S.sdf --center_x -5.337 --center_y -39.735 --center_z 29.543 --size_x 22.5 --size_y 22.5 --size_z 22.5 --exhaustiveness 16 --num_modes 9 --cnn_scoring rescore --seed 42 -o out_sens_boxyp2/FEN_01_P3S_nc.sdf.gz --log out_sens_boxyp2/FEN_01_P3S_nc.log
Using random seed: 42

mode |  affinity  |  intramol  |    CNN     |   CNN
     | (kcal/mol) | (kcal/mol) | pose score | affinity
-----+------------+------------+------------+----------
    1       -6.71        0.88       0.8376      5.767
    2       -7.17        0.86       0.7659      5.194
    3       -6.87        0.39       0.6974      5.247
    4       -7.04        0.47       0.6093      5.095
    5       -6.43        0.14       0.5966      5.217
    6       -6.38        1.21       0.4737      5.051
    7       -6.96        0.52       0.4624      5.051
    8       -6.52        0.78       0.3987      4.852
    9       -6.26        1.24       0.3873      4.651
