              _             
             (_)            
   __ _ _ __  _ _ __   __ _ 
  / _` | '_ \| | '_ \ / _` |
 | (_| | | | | | | | | (_| |
  \__, |_| |_|_|_| |_|\__,_|
   __/ |                    
  |___/                     

gnina v1.3.2 master:f23dd2b   Built Jul 29 2025.
gnina is based on smina and AutoDock Vina.
Please cite appropriately.

Commandline: gnina -r receptor.pdbqt -l ligands/noncovalent/GA_00_P3R.sdf --center_x -5.337 --center_y -39.735 --center_z 29.543 --size_x 22.5 --size_y 22.5 --size_z 22.5 --exhaustiveness 16 --num_modes 9 --cnn_scoring rescore --seed 42 -o out_sens_boxyp2/GA_00_P3R_nc.sdf.gz --log out_sens_boxyp2/GA_00_P3R_nc.log
Using random seed: 42

mode |  affinity  |  intramol  |    CNN     |   CNN
     | (kcal/mol) | (kcal/mol) | pose score | affinity
-----+------------+------------+------------+----------
    1       -4.90        1.26       0.8782      3.719
    2       -4.49       -0.14       0.8580      3.511
    3       -4.43       -0.17       0.8503      3.490
    4       -4.68       -0.09       0.8463      3.561
    5       -4.70       -0.13       0.8209      3.730
    6       -4.67       -0.09       0.8125      3.665
    7       -4.27       -0.11       0.7894      3.498
    8       -4.43       -0.13       0.7730      3.411
    9       -4.27       -0.10       0.7730      3.698
