              _             
             (_)            
   __ _ _ __  _ _ __   __ _ 
  / _` | '_ \| | '_ \ / _` |
 | (_| | | | | | | | | (_| |
  \__, |_| |_|_|_| |_|\__,_|
   __/ |                    
  |___/                     

gnina v1.3.2 master:f23dd2b   Built Jul 29 2025.
gnina is based on smina and AutoDock Vina.
Please cite appropriately.

Commandline: gnina -r receptor.pdbqt -l ligands/noncovalent/GA_01_P3S.sdf --center_x -5.337 --center_y -39.735 --center_z 29.543 --size_x 22.5 --size_y 22.5 --size_z 22.5 --exhaustiveness 16 --num_modes 9 --cnn_scoring rescore --seed 42 -o out_sens_boxyp2/GA_01_P3S_nc.sdf.gz --log out_sens_boxyp2/GA_01_P3S_nc.log
Using random seed: 42

mode |  affinity  |  intramol  |    CNN     |   CNN
     | (kcal/mol) | (kcal/mol) | pose score | affinity
-----+------------+------------+------------+----------
    1       -4.73       -0.08       0.8318      3.693
    2       -4.67       -0.17       0.8150      3.772
    3       -4.26       -0.14       0.8136      3.570
    4       -4.68       -0.16       0.7541      3.493
    5       -4.38       -0.11       0.7391      3.482
    6       -4.73       -0.13       0.7225      3.871
    7       -4.30       -0.15       0.7125      3.449
    8       -4.28        0.25       0.7084      3.889
    9       -4.41       -0.08       0.6866      3.508
