              _             
             (_)            
   __ _ _ __  _ _ __   __ _ 
  / _` | '_ \| | '_ \ / _` |
 | (_| | | | | | | | | (_| |
  \__, |_| |_|_|_| |_|\__,_|
   __/ |                    
  |___/                     

gnina v1.3.2 master:f23dd2b   Built Jul 29 2025.
gnina is based on smina and AutoDock Vina.
Please cite appropriately.

Commandline: gnina -r receptor.pdbqt -l ligands/noncovalent/GB_00_P4S.sdf --center_x -5.337 --center_y -39.735 --center_z 29.543 --size_x 22.5 --size_y 22.5 --size_z 22.5 --exhaustiveness 16 --num_modes 9 --cnn_scoring rescore --seed 42 -o out_sens_boxyp2/GB_00_P4S_nc.sdf.gz --log out_sens_boxyp2/GB_00_P4S_nc.log
Using random seed: 42

mode |  affinity  |  intramol  |    CNN     |   CNN
     | (kcal/mol) | (kcal/mol) | pose score | affinity
-----+------------+------------+------------+----------
    1       -3.67        0.85       0.8688      3.028
    2       -4.10       -0.16       0.8084      3.174
    3       -4.49       -0.12       0.7855      3.071
    4       -4.50        1.02       0.7719      3.049
    5       -4.02        0.99       0.7479      3.006
    6       -4.28       -0.08       0.7264      3.331
    7       -4.29       -0.16       0.6632      3.223
    8       -4.13        0.85       0.6623      3.008
    9       -4.13        1.52       0.6171      3.178
