              _             
             (_)            
   __ _ _ __  _ _ __   __ _ 
  / _` | '_ \| | '_ \ / _` |
 | (_| | | | | | | | | (_| |
  \__, |_| |_|_|_| |_|\__,_|
   __/ |                    
  |___/                     

gnina v1.3.2 master:f23dd2b   Built Jul 29 2025.
gnina is based on smina and AutoDock Vina.
Please cite appropriately.

Commandline: gnina -r receptor.pdbqt -l ligands/noncovalent/GB_01_P4R.sdf --center_x -5.337 --center_y -39.735 --center_z 29.543 --size_x 22.5 --size_y 22.5 --size_z 22.5 --exhaustiveness 16 --num_modes 9 --cnn_scoring rescore --seed 42 -o out_sens_boxyp2/GB_01_P4R_nc.sdf.gz --log out_sens_boxyp2/GB_01_P4R_nc.log
Using random seed: 42

mode |  affinity  |  intramol  |    CNN     |   CNN
     | (kcal/mol) | (kcal/mol) | pose score | affinity
-----+------------+------------+------------+----------
    1       -4.57       -0.14       0.8733      3.241
    2       -4.07       -0.12       0.8333      3.591
    3       -4.38       -0.11       0.6558      2.932
    4       -3.63        0.05       0.6526      3.096
    5       -4.32        0.95       0.6474      3.011
    6       -4.35        0.98       0.6470      3.178
    7       -4.28        1.10       0.6418      3.001
    8       -4.14       -0.16       0.6149      3.002
    9       -4.48        0.85       0.6127      2.983
