              _             
             (_)            
   __ _ _ __  _ _ __   __ _ 
  / _` | '_ \| | '_ \ / _` |
 | (_| | | | | | | | | (_| |
  \__, |_| |_|_|_| |_|\__,_|
   __/ |                    
  |___/                     

gnina v1.3.2 master:f23dd2b   Built Jul 29 2025.
gnina is based on smina and AutoDock Vina.
Please cite appropriately.

Commandline: gnina -r receptor.pdbqt -l ligands/noncovalent/GD_00_C1S_P3S.sdf --center_x -5.337 --center_y -39.735 --center_z 29.543 --size_x 22.5 --size_y 22.5 --size_z 22.5 --exhaustiveness 16 --num_modes 9 --cnn_scoring rescore --seed 42 -o out_sens_boxyp2/GD_00_C1S_P3S_nc.sdf.gz --log out_sens_boxyp2/GD_00_C1S_P3S_nc.log
Using random seed: 42

mode |  affinity  |  intramol  |    CNN     |   CNN
     | (kcal/mol) | (kcal/mol) | pose score | affinity
-----+------------+------------+------------+----------
    1       -6.20       -0.01       0.8572      3.898
    2       -5.14       -0.22       0.7313      4.049
    3       -5.64        0.02       0.7118      3.895
    4       -6.40       -0.20       0.6571      3.929
    5       -5.58       -0.34       0.6518      4.057
    6       -5.21       -0.05       0.6471      3.848
    7       -5.44       -0.23       0.6433      3.497
    8       -5.47        1.07       0.6405      3.788
    9       -5.12        1.12       0.6174      3.949
