              _             
             (_)            
   __ _ _ __  _ _ __   __ _ 
  / _` | '_ \| | '_ \ / _` |
 | (_| | | | | | | | | (_| |
  \__, |_| |_|_|_| |_|\__,_|
   __/ |                    
  |___/                     

gnina v1.3.2 master:f23dd2b   Built Jul 29 2025.
gnina is based on smina and AutoDock Vina.
Please cite appropriately.

Commandline: gnina -r receptor.pdbqt -l ligands/noncovalent/GD_02_C1S_P3R.sdf --center_x -5.337 --center_y -39.735 --center_z 29.543 --size_x 22.5 --size_y 22.5 --size_z 22.5 --exhaustiveness 16 --num_modes 9 --cnn_scoring rescore --seed 42 -o out_sens_boxyp2/GD_02_C1S_P3R_nc.sdf.gz --log out_sens_boxyp2/GD_02_C1S_P3R_nc.log
Using random seed: 42

mode |  affinity  |  intramol  |    CNN     |   CNN
     | (kcal/mol) | (kcal/mol) | pose score | affinity
-----+------------+------------+------------+----------
    1       -6.09       -0.24       0.7693      3.990
    2       -6.06       -0.24       0.7653      3.966
    3       -5.09       -0.18       0.7604      4.150
    4       -6.00       -0.18       0.7343      4.187
    5       -5.13       -0.29       0.7004      3.968
    6       -5.66       -0.27       0.6902      3.949
    7       -5.81       -0.37       0.6561      3.672
    8       -5.02       -0.16       0.6526      3.989
    9       -5.68       -0.32       0.6066      3.532
