              _             
             (_)            
   __ _ _ __  _ _ __   __ _ 
  / _` | '_ \| | '_ \ / _` |
 | (_| | | | | | | | | (_| |
  \__, |_| |_|_|_| |_|\__,_|
   __/ |                    
  |___/                     

gnina v1.3.2 master:f23dd2b   Built Jul 29 2025.
gnina is based on smina and AutoDock Vina.
Please cite appropriately.

Commandline: gnina -r receptor.pdbqt -l ligands/noncovalent/GD_03_C1R_P3R.sdf --center_x -5.337 --center_y -39.735 --center_z 29.543 --size_x 22.5 --size_y 22.5 --size_z 22.5 --exhaustiveness 16 --num_modes 9 --cnn_scoring rescore --seed 42 -o out_sens_boxyp2/GD_03_C1R_P3R_nc.sdf.gz --log out_sens_boxyp2/GD_03_C1R_P3R_nc.log
Using random seed: 42

mode |  affinity  |  intramol  |    CNN     |   CNN
     | (kcal/mol) | (kcal/mol) | pose score | affinity
-----+------------+------------+------------+----------
    1       -5.85       -0.25       0.8195      4.145
    2       -5.68        1.24       0.8131      4.196
    3       -5.44        0.84       0.8051      4.168
    4       -5.57       -0.15       0.7831      3.841
    5       -5.79       -0.18       0.7408      4.030
    6       -5.92       -0.15       0.7046      4.002
    7       -5.18        1.08       0.6470      3.867
    8       -5.57       -0.27       0.6445      3.914
    9       -5.92       -0.19       0.6252      3.686
