              _             
             (_)            
   __ _ _ __  _ _ __   __ _ 
  / _` | '_ \| | '_ \ / _` |
 | (_| | | | | | | | | (_| |
  \__, |_| |_|_|_| |_|\__,_|
   __/ |                    
  |___/                     

gnina v1.3.2 master:f23dd2b   Built Jul 29 2025.
gnina is based on smina and AutoDock Vina.
Please cite appropriately.

Commandline: gnina -r receptor.pdbqt -l ligands/noncovalent/GF_00_P1S.sdf --center_x -5.337 --center_y -39.735 --center_z 29.543 --size_x 22.5 --size_y 22.5 --size_z 22.5 --exhaustiveness 16 --num_modes 9 --cnn_scoring rescore --seed 42 -o out_sens_boxyp2/GF_00_P1S_nc.sdf.gz --log out_sens_boxyp2/GF_00_P1S_nc.log
Using random seed: 42

mode |  affinity  |  intramol  |    CNN     |   CNN
     | (kcal/mol) | (kcal/mol) | pose score | affinity
-----+------------+------------+------------+----------
    1       -5.66       -0.20       0.8159      3.736
    2       -6.26       -0.20       0.6782      3.816
    3       -5.57       -0.10       0.6609      3.721
    4       -5.89       -0.16       0.6556      3.746
    5       -5.98       -0.17       0.6535      3.843
    6       -5.49       -0.16       0.6098      3.708
    7       -5.90       -0.15       0.6051      3.577
    8       -6.09       -0.14       0.5819      3.392
    9       -5.69        1.69       0.5782      3.601
