              _             
             (_)            
   __ _ _ __  _ _ __   __ _ 
  / _` | '_ \| | '_ \ / _` |
 | (_| | | | | | | | | (_| |
  \__, |_| |_|_|_| |_|\__,_|
   __/ |                    
  |___/                     

gnina v1.3.2 master:f23dd2b   Built Jul 29 2025.
gnina is based on smina and AutoDock Vina.
Please cite appropriately.

Commandline: gnina -r receptor.pdbqt -l ligands/noncovalent/GF_01_P1R.sdf --center_x -5.337 --center_y -39.735 --center_z 29.543 --size_x 22.5 --size_y 22.5 --size_z 22.5 --exhaustiveness 16 --num_modes 9 --cnn_scoring rescore --seed 42 -o out_sens_boxyp2/GF_01_P1R_nc.sdf.gz --log out_sens_boxyp2/GF_01_P1R_nc.log
Using random seed: 42

mode |  affinity  |  intramol  |    CNN     |   CNN
     | (kcal/mol) | (kcal/mol) | pose score | affinity
-----+------------+------------+------------+----------
    1       -6.25       -0.17       0.8160      3.996
    2       -5.87       -0.19       0.7057      3.905
    3       -5.75        0.87       0.6916      4.190
    4       -5.91       -0.15       0.6824      3.631
    5       -5.87       -0.11       0.6495      3.563
    6       -5.68       -0.14       0.6477      3.986
    7       -5.68       -0.13       0.6221      3.862
    8       -5.49        2.46       0.6109      3.810
    9       -5.95       -0.15       0.5969      3.620
