              _             
             (_)            
   __ _ _ __  _ _ __   __ _ 
  / _` | '_ \| | '_ \ / _` |
 | (_| | | | | | | | | (_| |
  \__, |_| |_|_|_| |_|\__,_|
   __/ |                    
  |___/                     

gnina v1.3.2 master:f23dd2b   Built Jul 29 2025.
gnina is based on smina and AutoDock Vina.
Please cite appropriately.

Commandline: gnina -r receptor.pdbqt -l ligands/noncovalent/METH_01_P2S.sdf --center_x -5.337 --center_y -39.735 --center_z 29.543 --size_x 22.5 --size_y 22.5 --size_z 22.5 --exhaustiveness 16 --num_modes 9 --cnn_scoring rescore --seed 42 -o out_sens_boxyp2/METH_01_P2S_nc.sdf.gz --log out_sens_boxyp2/METH_01_P2S_nc.log
Using random seed: 42

mode |  affinity  |  intramol  |    CNN     |   CNN
     | (kcal/mol) | (kcal/mol) | pose score | affinity
-----+------------+------------+------------+----------
    1       -4.13       -0.01       0.7564      3.961
    2       -3.68       -0.04       0.6596      3.993
    3       -3.68       -0.01       0.6173      3.571
    4       -3.52       -0.00       0.5839      3.327
    5       -3.45       -0.04       0.5655      3.461
    6       -3.50       -0.00       0.5510      3.418
    7       -4.02       -0.00       0.5162      3.302
    8       -4.12       -0.00       0.4722      3.633
    9       -3.55       -0.03       0.4243      3.942
