              _             
             (_)            
   __ _ _ __  _ _ __   __ _ 
  / _` | '_ \| | '_ \ / _` |
 | (_| | | | | | | | | (_| |
  \__, |_| |_|_|_| |_|\__,_|
   __/ |                    
  |___/                     

gnina v1.3.2 master:f23dd2b   Built Jul 29 2025.
gnina is based on smina and AutoDock Vina.
Please cite appropriately.

Commandline: gnina -r receptor.pdbqt -l ligands/noncovalent/MLT_00_C6S.sdf --center_x -5.337 --center_y -39.735 --center_z 29.543 --size_x 22.5 --size_y 22.5 --size_z 22.5 --exhaustiveness 16 --num_modes 9 --cnn_scoring rescore --seed 42 -o out_sens_boxyp2/MLT_00_C6S_nc.sdf.gz --log out_sens_boxyp2/MLT_00_C6S_nc.log
Using random seed: 42

mode |  affinity  |  intramol  |    CNN     |   CNN
     | (kcal/mol) | (kcal/mol) | pose score | affinity
-----+------------+------------+------------+----------
    1       -6.18        0.49       0.6611      4.489
    2       -6.62       -0.35       0.6547      4.157
    3       -6.64        0.95       0.6419      4.373
    4       -6.03        0.00       0.6047      4.045
    5       -6.29       -0.05       0.5416      4.261
    6       -6.87        0.13       0.5353      4.430
    7       -6.54       -0.29       0.4718      4.193
    8       -6.42       -0.13       0.4359      4.292
    9       -6.26       -0.28       0.4354      3.833
