              _             
             (_)            
   __ _ _ __  _ _ __   __ _ 
  / _` | '_ \| | '_ \ / _` |
 | (_| | | | | | | | | (_| |
  \__, |_| |_|_|_| |_|\__,_|
   __/ |                    
  |___/                     

gnina v1.3.2 master:f23dd2b   Built Jul 29 2025.
gnina is based on smina and AutoDock Vina.
Please cite appropriately.

Commandline: gnina -r receptor.pdbqt -l ligands/noncovalent/MLT_01_C6R.sdf --center_x -5.337 --center_y -39.735 --center_z 29.543 --size_x 22.5 --size_y 22.5 --size_z 22.5 --exhaustiveness 16 --num_modes 9 --cnn_scoring rescore --seed 42 -o out_sens_boxyp2/MLT_01_C6R_nc.sdf.gz --log out_sens_boxyp2/MLT_01_C6R_nc.log
Using random seed: 42

mode |  affinity  |  intramol  |    CNN     |   CNN
     | (kcal/mol) | (kcal/mol) | pose score | affinity
-----+------------+------------+------------+----------
    1       -6.47       -0.17       0.8772      4.727
    2       -6.12        0.04       0.6935      4.593
    3       -6.43       -0.60       0.6334      4.215
    4       -6.30       -0.71       0.6153      4.347
    5       -6.86        0.22       0.5689      4.340
    6       -6.73        0.63       0.5447      4.158
    7       -6.79       -0.19       0.5034      4.371
    8       -6.92        0.09       0.4937      4.222
    9       -6.30       -0.49       0.4870      4.273
