              _             
             (_)            
   __ _ _ __  _ _ __   __ _ 
  / _` | '_ \| | '_ \ / _` |
 | (_| | | | | | | | | (_| |
  \__, |_| |_|_|_| |_|\__,_|
   __/ |                    
  |___/                     

gnina v1.3.2 master:f23dd2b   Built Jul 29 2025.
gnina is based on smina and AutoDock Vina.
Please cite appropriately.

Commandline: gnina -r receptor.pdbqt -l ligands/noncovalent/MPXN_00_achiral.sdf --center_x -5.337 --center_y -39.735 --center_z 29.543 --size_x 22.5 --size_y 22.5 --size_z 22.5 --exhaustiveness 16 --num_modes 9 --cnn_scoring rescore --seed 42 -o out_sens_boxyp2/MPXN_00_achiral_nc.sdf.gz --log out_sens_boxyp2/MPXN_00_achiral_nc.log
Using random seed: 42

mode |  affinity  |  intramol  |    CNN     |   CNN
     | (kcal/mol) | (kcal/mol) | pose score | affinity
-----+------------+------------+------------+----------
    1       -6.98        0.63       0.7985      3.844
    2       -6.65        0.38       0.6918      4.087
    3       -7.18        0.22       0.6357      3.879
    4       -6.49       -0.00       0.6011      3.925
    5       -6.64       -0.27       0.5850      3.594
    6       -7.24        0.61       0.5564      3.757
    7       -6.54       -0.19       0.5310      4.158
    8       -7.24        1.78       0.4929      4.128
    9       -6.11       -0.30       0.4368      3.540
