              _             
             (_)            
   __ _ _ __  _ _ __   __ _ 
  / _` | '_ \| | '_ \ / _` |
 | (_| | | | | | | | | (_| |
  \__, |_| |_|_|_| |_|\__,_|
   __/ |                    
  |___/                     

gnina v1.3.2 master:f23dd2b   Built Jul 29 2025.
gnina is based on smina and AutoDock Vina.
Please cite appropriately.

Commandline: gnina -r receptor.pdbqt -l ligands/noncovalent/PARA_00_achiral.sdf --center_x -5.337 --center_y -39.735 --center_z 29.543 --size_x 22.5 --size_y 22.5 --size_z 22.5 --exhaustiveness 16 --num_modes 9 --cnn_scoring rescore --seed 42 -o out_sens_boxyp2/PARA_00_achiral_nc.sdf.gz --log out_sens_boxyp2/PARA_00_achiral_nc.log
Using random seed: 42

mode |  affinity  |  intramol  |    CNN     |   CNN
     | (kcal/mol) | (kcal/mol) | pose score | affinity
-----+------------+------------+------------+----------
    1       -7.10       -0.41       0.5638      4.272
    2       -6.89       -0.26       0.5512      5.063
    3       -6.66        0.40       0.5482      4.428
    4       -6.49       -0.38       0.5073      3.989
    5       -7.13       -0.07       0.4972      4.231
    6       -6.18        1.61       0.4731      4.218
    7       -7.04       -0.54       0.3878      3.858
    8       -6.83       -0.31       0.3783      3.907
    9       -7.57        1.91       0.3527      4.125
