              _             
             (_)            
   __ _ _ __  _ _ __   __ _ 
  / _` | '_ \| | '_ \ / _` |
 | (_| | | | | | | | | (_| |
  \__, |_| |_|_|_| |_|\__,_|
   __/ |                    
  |___/                     

gnina v1.3.2 master:f23dd2b   Built Jul 29 2025.
gnina is based on smina and AutoDock Vina.
Please cite appropriately.

Commandline: gnina -r receptor.pdbqt -l ligands/noncovalent/PXNE_00_achiral.sdf --center_x -5.337 --center_y -39.735 --center_z 29.543 --size_x 22.5 --size_y 22.5 --size_z 22.5 --exhaustiveness 16 --num_modes 9 --cnn_scoring rescore --seed 42 -o out_sens_boxyp2/PXNE_00_achiral_nc.sdf.gz --log out_sens_boxyp2/PXNE_00_achiral_nc.log
Using random seed: 42

mode |  affinity  |  intramol  |    CNN     |   CNN
     | (kcal/mol) | (kcal/mol) | pose score | affinity
-----+------------+------------+------------+----------
    1       -7.41       -0.32       0.7051      4.121
    2       -6.88       -0.44       0.5897      3.910
    3       -6.96       -0.38       0.5854      4.117
    4       -6.91        0.27       0.5795      4.858
    5       -6.86       -0.20       0.4492      3.994
    6       -6.99       -0.53       0.4267      3.859
    7       -6.51        0.80       0.4226      4.070
    8       -7.69        0.73       0.3660      4.057
    9       -6.91       -0.24       0.3317      3.441
