              _             
             (_)            
   __ _ _ __  _ _ __   __ _ 
  / _` | '_ \| | '_ \ / _` |
 | (_| | | | | | | | | (_| |
  \__, |_| |_|_|_| |_|\__,_|
   __/ |                    
  |___/                     

gnina v1.3.2 master:f23dd2b   Built Jul 29 2025.
gnina is based on smina and AutoDock Vina.
Please cite appropriately.

Commandline: gnina -r receptor.pdbqt -l ligands/noncovalent/VR_00_P8S.sdf --center_x -5.337 --center_y -39.735 --center_z 29.543 --size_x 22.5 --size_y 22.5 --size_z 22.5 --exhaustiveness 16 --num_modes 9 --cnn_scoring rescore --seed 42 -o out_sens_boxyp2/VR_00_P8S_nc.sdf.gz --log out_sens_boxyp2/VR_00_P8S_nc.log
Using random seed: 42

mode |  affinity  |  intramol  |    CNN     |   CNN
     | (kcal/mol) | (kcal/mol) | pose score | affinity
-----+------------+------------+------------+----------
    1       -6.03       -0.46       0.8744      4.316
    2       -5.74       -0.43       0.8598      5.150
    3       -6.10       -0.28       0.8594      4.456
    4       -5.68       -0.40       0.8458      5.241
    5       -5.89       -0.37       0.8444      4.343
    6       -6.17       -0.38       0.8435      4.394
    7       -5.51       -0.06       0.8118      5.109
    8       -5.41       -0.60       0.7785      4.636
    9       -5.49        0.29       0.7604      4.390
