              _             
             (_)            
   __ _ _ __  _ _ __   __ _ 
  / _` | '_ \| | '_ \ / _` |
 | (_| | | | | | | | | (_| |
  \__, |_| |_|_|_| |_|\__,_|
   __/ |                    
  |___/                     

gnina v1.3.2 master:f23dd2b   Built Jul 29 2025.
gnina is based on smina and AutoDock Vina.
Please cite appropriately.

Commandline: gnina -r receptor.pdbqt -l ligands/noncovalent/VR_01_P8R.sdf --center_x -5.337 --center_y -39.735 --center_z 29.543 --size_x 22.5 --size_y 22.5 --size_z 22.5 --exhaustiveness 16 --num_modes 9 --cnn_scoring rescore --seed 42 -o out_sens_boxyp2/VR_01_P8R_nc.sdf.gz --log out_sens_boxyp2/VR_01_P8R_nc.log
Using random seed: 42

mode |  affinity  |  intramol  |    CNN     |   CNN
     | (kcal/mol) | (kcal/mol) | pose score | affinity
-----+------------+------------+------------+----------
    1       -5.87       -0.15       0.9263      4.623
    2       -6.31       -0.37       0.8366      5.583
    3       -6.06       -0.06       0.8324      4.633
    4       -5.61       -0.59       0.8277      5.127
    5       -6.07       -0.39       0.8147      4.353
    6       -6.03       -0.40       0.7290      4.205
    7       -6.33       -0.60       0.7102      4.627
    8       -5.84       -0.29       0.6688      4.150
    9       -5.62       -0.47       0.6417      4.495
