              _             
             (_)            
   __ _ _ __  _ _ __   __ _ 
  / _` | '_ \| | '_ \ / _` |
 | (_| | | | | | | | | (_| |
  \__, |_| |_|_|_| |_|\__,_|
   __/ |                    
  |___/                     

gnina v1.3.2 master:f23dd2b   Built Jul 29 2025.
gnina is based on smina and AutoDock Vina.
Please cite appropriately.

Commandline: gnina -r receptor.pdbqt -l ligands/noncovalent/VX_01_P3R.sdf --center_x -5.337 --center_y -39.735 --center_z 29.543 --size_x 22.5 --size_y 22.5 --size_z 22.5 --exhaustiveness 16 --num_modes 9 --cnn_scoring rescore --seed 42 -o out_sens_boxyp2/VX_01_P3R_nc.sdf.gz --log out_sens_boxyp2/VX_01_P3R_nc.log
Using random seed: 42

mode |  affinity  |  intramol  |    CNN     |   CNN
     | (kcal/mol) | (kcal/mol) | pose score | affinity
-----+------------+------------+------------+----------
    1       -6.27        2.09       0.9566      4.851
    2       -6.00        1.43       0.8917      4.605
    3       -6.31        2.35       0.8722      4.624
    4       -6.15        0.62       0.8495      4.605
    5       -6.12       -0.30       0.8291      4.744
    6       -6.31       -0.63       0.7934      5.253
    7       -5.99       -0.53       0.7794      5.031
    8       -5.92       -0.69       0.7693      4.825
    9       -6.15       -0.69       0.7560      4.588
