              _             
             (_)            
   __ _ _ __  _ _ __   __ _ 
  / _` | '_ \| | '_ \ / _` |
 | (_| | | | | | | | | (_| |
  \__, |_| |_|_|_| |_|\__,_|
   __/ |                    
  |___/                     

gnina v1.3.2 master:f23dd2b   Built Jul 29 2025.
gnina is based on smina and AutoDock Vina.
Please cite appropriately.

Commandline: gnina -r receptor.pdbqt -l ligands/noncovalent/VX_00_P3S.sdf --center_x -5.337 --center_y -39.735 --center_z 29.543 --size_x 22.5 --size_y 22.5 --size_z 22.5 --exhaustiveness 16 --num_modes 9 --cnn_scoring rescore --seed 42 -o out_sens_boxyp2/VX_00_P3S_nc.sdf.gz --log out_sens_boxyp2/VX_00_P3S_nc.log
Using random seed: 42

mode |  affinity  |  intramol  |    CNN     |   CNN
     | (kcal/mol) | (kcal/mol) | pose score | affinity
-----+------------+------------+------------+----------
    1       -5.97        1.11       0.8954      5.303
    2       -6.09       -0.57       0.8859      5.109
    3       -6.04        1.19       0.8248      4.765
    4       -5.61        0.22       0.8233      4.413
    5       -6.08       -0.27       0.8201      4.726
    6       -5.90        0.43       0.8170      4.459
    7       -5.60        0.33       0.8052      4.608
    8       -6.06        0.47       0.7981      4.597
    9       -6.45        0.71       0.7920      4.912
