              _             
             (_)            
   __ _ _ __  _ _ __   __ _ 
  / _` | '_ \| | '_ \ / _` |
 | (_| | | | | | | | | (_| |
  \__, |_| |_|_|_| |_|\__,_|
   __/ |                    
  |___/                     

gnina v1.3.2 master:f23dd2b   Built Jul 29 2025.
gnina is based on smina and AutoDock Vina.
Please cite appropriately.

Commandline: gnina -r receptor.pdbqt -l ligands/noncovalent/A230_03_P8S_C5N7Z.sdf --center_x -5.337 --center_y -41.735 --center_z 29.543 --size_x 22.5 --size_y 22.5 --size_z 22.5 --exhaustiveness 16 --num_modes 9 --cnn_scoring rescore --seed 42 -o out_sens_base/A230_03_P8S_C5N7Z_nc.sdf.gz --log out_sens_base/A230_03_P8S_C5N7Z_nc.log
Using random seed: 42

mode |  affinity  |  intramol  |    CNN     |   CNN
     | (kcal/mol) | (kcal/mol) | pose score | affinity
-----+------------+------------+------------+----------
    1       -5.76        0.39       0.9141      4.873
    2       -5.86        1.26       0.9119      4.901
    3       -5.58        1.34       0.8700      4.252
    4       -5.80        0.44       0.8661      4.615
    5       -5.71        1.44       0.8637      4.551
    6       -5.41       -0.14       0.8634      4.182
    7       -5.60        0.62       0.8543      4.161
    8       -5.75        1.01       0.8478      4.639
    9       -5.61        1.20       0.8157      4.434
