              _             
             (_)            
   __ _ _ __  _ _ __   __ _ 
  / _` | '_ \| | '_ \ / _` |
 | (_| | | | | | | | | (_| |
  \__, |_| |_|_|_| |_|\__,_|
   __/ |                    
  |___/                     

gnina v1.3.2 master:f23dd2b   Built Jul 29 2025.
gnina is based on smina and AutoDock Vina.
Please cite appropriately.

Commandline: gnina -r receptor.pdbqt -l ligands/noncovalent/A230_00_P8R_C5N7E.sdf --center_x -5.337 --center_y -41.735 --center_z 29.543 --size_x 22.5 --size_y 22.5 --size_z 22.5 --exhaustiveness 16 --num_modes 9 --cnn_scoring rescore --seed 42 -o out_sens_base/A230_00_P8R_C5N7E_nc.sdf.gz --log out_sens_base/A230_00_P8R_C5N7E_nc.log
Using random seed: 42

mode |  affinity  |  intramol  |    CNN     |   CNN
     | (kcal/mol) | (kcal/mol) | pose score | affinity
-----+------------+------------+------------+----------
    1       -5.74        0.31       0.9006      4.713
    2       -5.44        0.09       0.8662      4.379
    3       -5.65       -0.24       0.8207      4.620
    4       -5.27        0.29       0.8127      4.290
    5       -5.15       -0.00       0.8083      4.332
    6       -5.81        0.59       0.7999      4.593
    7       -5.57       -0.06       0.7835      4.661
    8       -5.43        0.01       0.7712      3.947
    9       -5.26        0.18       0.7670      4.091
