              _             
             (_)            
   __ _ _ __  _ _ __   __ _ 
  / _` | '_ \| | '_ \ / _` |
 | (_| | | | | | | | | (_| |
  \__, |_| |_|_|_| |_|\__,_|
   __/ |                    
  |___/                     

gnina v1.3.2 master:f23dd2b   Built Jul 29 2025.
gnina is based on smina and AutoDock Vina.
Please cite appropriately.

Commandline: gnina -r receptor.pdbqt -l ligands/noncovalent/A230_01_P8S_C5N7E.sdf --center_x -5.337 --center_y -41.735 --center_z 29.543 --size_x 22.5 --size_y 22.5 --size_z 22.5 --exhaustiveness 16 --num_modes 9 --cnn_scoring rescore --seed 42 -o out_sens_base/A230_01_P8S_C5N7E_nc.sdf.gz --log out_sens_base/A230_01_P8S_C5N7E_nc.log
Using random seed: 42

mode |  affinity  |  intramol  |    CNN     |   CNN
     | (kcal/mol) | (kcal/mol) | pose score | affinity
-----+------------+------------+------------+----------
    1       -5.46        0.46       0.8753      4.326
    2       -5.37        0.40       0.8623      4.236
    3       -5.70        1.17       0.8619      4.592
    4       -5.76        0.27       0.8600      4.738
    5       -5.95        0.30       0.8388      4.508
    6       -5.72        0.04       0.8359      4.667
    7       -5.56       -0.19       0.8277      4.648
    8       -5.94        0.25       0.8272      4.488
    9       -5.53        0.48       0.8237      4.665
