              _             
             (_)            
   __ _ _ __  _ _ __   __ _ 
  / _` | '_ \| | '_ \ / _` |
 | (_| | | | | | | | | (_| |
  \__, |_| |_|_|_| |_|\__,_|
   __/ |                    
  |___/                     

gnina v1.3.2 master:f23dd2b   Built Jul 29 2025.
gnina is based on smina and AutoDock Vina.
Please cite appropriately.

Commandline: gnina -r receptor.pdbqt -l ligands/noncovalent/A230_02_P8R_C5N7Z.sdf --center_x -5.337 --center_y -41.735 --center_z 29.543 --size_x 22.5 --size_y 22.5 --size_z 22.5 --exhaustiveness 16 --num_modes 9 --cnn_scoring rescore --seed 42 -o out_sens_base/A230_02_P8R_C5N7Z_nc.sdf.gz --log out_sens_base/A230_02_P8R_C5N7Z_nc.log
Using random seed: 42

mode |  affinity  |  intramol  |    CNN     |   CNN
     | (kcal/mol) | (kcal/mol) | pose score | affinity
-----+------------+------------+------------+----------
    1       -5.92       -0.56       0.8768      4.478
    2       -5.65       -0.05       0.8560      4.026
    3       -5.77       -0.38       0.8413      4.047
    4       -5.40       -0.28       0.8346      4.234
    5       -5.96       -0.20       0.7785      4.270
    6       -5.30       -0.06       0.7741      4.368
    7       -5.44        0.14       0.7549      3.847
    8       -5.44       -0.41       0.7512      3.849
    9       -5.68       -0.45       0.7497      4.881
