              _             
             (_)            
   __ _ _ __  _ _ __   __ _ 
  / _` | '_ \| | '_ \ / _` |
 | (_| | | | | | | | | (_| |
  \__, |_| |_|_|_| |_|\__,_|
   __/ |                    
  |___/                     

gnina v1.3.2 master:f23dd2b   Built Jul 29 2025.
gnina is based on smina and AutoDock Vina.
Please cite appropriately.

Commandline: gnina -r receptor.pdbqt -l ligands/noncovalent/A232_00_P8R_C5N7E.sdf --center_x -5.337 --center_y -41.735 --center_z 29.543 --size_x 22.5 --size_y 22.5 --size_z 22.5 --exhaustiveness 16 --num_modes 9 --cnn_scoring rescore --seed 42 -o out_sens_base/A232_00_P8R_C5N7E_nc.sdf.gz --log out_sens_base/A232_00_P8R_C5N7E_nc.log
Using random seed: 42

mode |  affinity  |  intramol  |    CNN     |   CNN
     | (kcal/mol) | (kcal/mol) | pose score | affinity
-----+------------+------------+------------+----------
    1       -6.16       -0.22       0.9388      4.628
    2       -6.17       -0.21       0.9342      4.665
    3       -5.75        0.17       0.9030      4.938
    4       -5.77        0.57       0.8271      4.685
    5       -5.69        0.22       0.8021      4.485
    6       -5.59        0.19       0.8013      3.874
    7       -6.02        0.36       0.7778      4.566
    8       -5.32        0.03       0.7560      3.957
    9       -6.05        0.26       0.7507      4.274
