              _             
             (_)            
   __ _ _ __  _ _ __   __ _ 
  / _` | '_ \| | '_ \ / _` |
 | (_| | | | | | | | | (_| |
  \__, |_| |_|_|_| |_|\__,_|
   __/ |                    
  |___/                     

gnina v1.3.2 master:f23dd2b   Built Jul 29 2025.
gnina is based on smina and AutoDock Vina.
Please cite appropriately.

Commandline: gnina -r receptor.pdbqt -l ligands/noncovalent/A232_02_P8R_C5N7Z.sdf --center_x -5.337 --center_y -41.735 --center_z 29.543 --size_x 22.5 --size_y 22.5 --size_z 22.5 --exhaustiveness 16 --num_modes 9 --cnn_scoring rescore --seed 42 -o out_sens_base/A232_02_P8R_C5N7Z_nc.sdf.gz --log out_sens_base/A232_02_P8R_C5N7Z_nc.log
Using random seed: 42

mode |  affinity  |  intramol  |    CNN     |   CNN
     | (kcal/mol) | (kcal/mol) | pose score | affinity
-----+------------+------------+------------+----------
    1       -6.20       -0.39       0.9375      4.824
    2       -6.12       -0.04       0.9271      4.678
    3       -5.61       -0.10       0.8914      4.443
    4       -6.03       -0.05       0.8868      4.554
    5       -6.08       -0.01       0.8618      4.566
    6       -6.08       -0.14       0.8524      4.812
    7       -5.87       -0.32       0.8396      4.761
    8       -5.70       -0.11       0.8298      4.063
    9       -5.48        1.18       0.8289      3.967
