              _             
             (_)            
   __ _ _ __  _ _ __   __ _ 
  / _` | '_ \| | '_ \ / _` |
 | (_| | | | | | | | | (_| |
  \__, |_| |_|_|_| |_|\__,_|
   __/ |                    
  |___/                     

gnina v1.3.2 master:f23dd2b   Built Jul 29 2025.
gnina is based on smina and AutoDock Vina.
Please cite appropriately.

Commandline: gnina -r receptor.pdbqt -l ligands/noncovalent/A232_03_P8S_C5N7Z.sdf --center_x -5.337 --center_y -41.735 --center_z 29.543 --size_x 22.5 --size_y 22.5 --size_z 22.5 --exhaustiveness 16 --num_modes 9 --cnn_scoring rescore --seed 42 -o out_sens_base/A232_03_P8S_C5N7Z_nc.sdf.gz --log out_sens_base/A232_03_P8S_C5N7Z_nc.log
Using random seed: 42

mode |  affinity  |  intramol  |    CNN     |   CNN
     | (kcal/mol) | (kcal/mol) | pose score | affinity
-----+------------+------------+------------+----------
    1       -5.80       -0.04       0.9153      5.185
    2       -5.67       -0.50       0.9123      4.710
    3       -5.67        0.40       0.8879      4.842
    4       -5.61       -0.13       0.8688      4.034
    5       -6.12        0.13       0.8358      4.706
    6       -5.70       -0.20       0.8245      4.166
    7       -5.99       -0.16       0.8205      4.504
    8       -5.97       -0.07       0.8199      4.697
    9       -5.69       -0.22       0.8122      4.186
