              _             
             (_)            
   __ _ _ __  _ _ __   __ _ 
  / _` | '_ \| | '_ \ / _` |
 | (_| | | | | | | | | (_| |
  \__, |_| |_|_|_| |_|\__,_|
   __/ |                    
  |___/                     

gnina v1.3.2 master:f23dd2b   Built Jul 29 2025.
gnina is based on smina and AutoDock Vina.
Please cite appropriately.

Commandline: gnina -r receptor.pdbqt -l ligands/noncovalent/A232_01_P8S_C5N7E.sdf --center_x -5.337 --center_y -41.735 --center_z 29.543 --size_x 22.5 --size_y 22.5 --size_z 22.5 --exhaustiveness 16 --num_modes 9 --cnn_scoring rescore --seed 42 -o out_sens_base/A232_01_P8S_C5N7E_nc.sdf.gz --log out_sens_base/A232_01_P8S_C5N7E_nc.log
Using random seed: 42

mode |  affinity  |  intramol  |    CNN     |   CNN
     | (kcal/mol) | (kcal/mol) | pose score | affinity
-----+------------+------------+------------+----------
    1       -5.62        0.75       0.9231      4.860
    2       -6.01       -0.06       0.9161      4.766
    3       -5.83        0.82       0.8983      5.106
    4       -5.89       -0.06       0.8921      4.707
    5       -5.28        0.35       0.8289      3.914
    6       -5.98        0.08       0.7917      4.670
    7       -5.77        0.32       0.7796      4.479
    8       -5.36        0.19       0.7690      4.249
    9       -5.77       -0.02       0.7639      4.769
