              _             
             (_)            
   __ _ _ __  _ _ __   __ _ 
  / _` | '_ \| | '_ \ / _` |
 | (_| | | | | | | | | (_| |
  \__, |_| |_|_|_| |_|\__,_|
   __/ |                    
  |___/                     

gnina v1.3.2 master:f23dd2b   Built Jul 29 2025.
gnina is based on smina and AutoDock Vina.
Please cite appropriately.

Commandline: gnina -r receptor.pdbqt -l ligands/noncovalent/A234_02_P3S_N6C7Z.sdf --center_x -5.337 --center_y -41.735 --center_z 29.543 --size_x 22.5 --size_y 22.5 --size_z 22.5 --exhaustiveness 16 --num_modes 9 --cnn_scoring rescore --seed 42 -o out_sens_base/A234_02_P3S_N6C7Z_nc.sdf.gz --log out_sens_base/A234_02_P3S_N6C7Z_nc.log
Using random seed: 42

mode |  affinity  |  intramol  |    CNN     |   CNN
     | (kcal/mol) | (kcal/mol) | pose score | affinity
-----+------------+------------+------------+----------
    1       -6.57       -0.12       0.9588      4.483
    2       -6.12        0.14       0.9493      4.957
    3       -6.48       -0.46       0.9066      5.087
    4       -6.62       -0.18       0.8837      4.869
    5       -6.04       -0.40       0.8754      4.337
    6       -6.13       -0.00       0.8734      3.909
    7       -6.02       -0.17       0.8684      4.908
    8       -6.49        0.01       0.8583      4.887
    9       -6.47       -0.24       0.8460      4.659
