              _             
             (_)            
   __ _ _ __  _ _ __   __ _ 
  / _` | '_ \| | '_ \ / _` |
 | (_| | | | | | | | | (_| |
  \__, |_| |_|_|_| |_|\__,_|
   __/ |                    
  |___/                     

gnina v1.3.2 master:f23dd2b   Built Jul 29 2025.
gnina is based on smina and AutoDock Vina.
Please cite appropriately.

Commandline: gnina -r receptor.pdbqt -l ligands/noncovalent/A234_03_P3R_N6C7Z.sdf --center_x -5.337 --center_y -41.735 --center_z 29.543 --size_x 22.5 --size_y 22.5 --size_z 22.5 --exhaustiveness 16 --num_modes 9 --cnn_scoring rescore --seed 42 -o out_sens_base/A234_03_P3R_N6C7Z_nc.sdf.gz --log out_sens_base/A234_03_P3R_N6C7Z_nc.log
Using random seed: 42

mode |  affinity  |  intramol  |    CNN     |   CNN
     | (kcal/mol) | (kcal/mol) | pose score | affinity
-----+------------+------------+------------+----------
    1       -6.56        0.15       0.9755      4.795
    2       -6.57       -0.08       0.9675      4.612
    3       -6.72       -0.41       0.9358      4.862
    4       -6.17        0.49       0.9238      4.200
    5       -6.37        0.00       0.9237      4.638
    6       -6.71        0.19       0.9125      4.692
    7       -6.33        0.03       0.9091      4.943
    8       -6.62        0.02       0.8980      4.640
    9       -6.08       -0.22       0.8906      4.393
