              _             
             (_)            
   __ _ _ __  _ _ __   __ _ 
  / _` | '_ \| | '_ \ / _` |
 | (_| | | | | | | | | (_| |
  \__, |_| |_|_|_| |_|\__,_|
   __/ |                    
  |___/                     

gnina v1.3.2 master:f23dd2b   Built Jul 29 2025.
gnina is based on smina and AutoDock Vina.
Please cite appropriately.

Commandline: gnina -r receptor.pdbqt -l ligands/noncovalent/A234_00_P3S_N6C7E.sdf --center_x -5.337 --center_y -41.735 --center_z 29.543 --size_x 22.5 --size_y 22.5 --size_z 22.5 --exhaustiveness 16 --num_modes 9 --cnn_scoring rescore --seed 42 -o out_sens_base/A234_00_P3S_N6C7E_nc.sdf.gz --log out_sens_base/A234_00_P3S_N6C7E_nc.log
Using random seed: 42

mode |  affinity  |  intramol  |    CNN     |   CNN
     | (kcal/mol) | (kcal/mol) | pose score | affinity
-----+------------+------------+------------+----------
    1       -6.21        0.20       0.9210      4.580
    2       -6.17        0.22       0.9160      4.587
    3       -5.89        0.32       0.8671      4.123
    4       -6.12        0.31       0.8547      4.840
    5       -5.75        0.31       0.8258      4.313
    6       -6.22        0.15       0.8190      4.889
    7       -5.74        0.02       0.8128      4.516
    8       -5.67        0.21       0.8021      4.374
    9       -5.87       -0.22       0.8002      4.117
