              _             
             (_)            
   __ _ _ __  _ _ __   __ _ 
  / _` | '_ \| | '_ \ / _` |
 | (_| | | | | | | | | (_| |
  \__, |_| |_|_|_| |_|\__,_|
   __/ |                    
  |___/                     

gnina v1.3.2 master:f23dd2b   Built Jul 29 2025.
gnina is based on smina and AutoDock Vina.
Please cite appropriately.

Commandline: gnina -r receptor.pdbqt -l ligands/noncovalent/A234_01_P3R_N6C7E.sdf --center_x -5.337 --center_y -41.735 --center_z 29.543 --size_x 22.5 --size_y 22.5 --size_z 22.5 --exhaustiveness 16 --num_modes 9 --cnn_scoring rescore --seed 42 -o out_sens_base/A234_01_P3R_N6C7E_nc.sdf.gz --log out_sens_base/A234_01_P3R_N6C7E_nc.log
Using random seed: 42

mode |  affinity  |  intramol  |    CNN     |   CNN
     | (kcal/mol) | (kcal/mol) | pose score | affinity
-----+------------+------------+------------+----------
    1       -6.46        0.41       0.9476      4.773
    2       -5.97       -0.02       0.8893      4.535
    3       -5.96        0.64       0.8211      4.071
    4       -6.06       -0.04       0.8178      4.756
    5       -5.78       -0.35       0.8047      4.093
    6       -5.70       -0.07       0.7972      4.076
    7       -6.25       -0.32       0.7970      4.880
    8       -6.24        0.45       0.7838      4.470
    9       -6.34        0.06       0.7770      4.535
