              _             
             (_)            
   __ _ _ __  _ _ __   __ _ 
  / _` | '_ \| | '_ \ / _` |
 | (_| | | | | | | | | (_| |
  \__, |_| |_|_|_| |_|\__,_|
   __/ |                    
  |___/                     

gnina v1.3.2 master:f23dd2b   Built Jul 29 2025.
gnina is based on smina and AutoDock Vina.
Please cite appropriately.

Commandline: gnina -r receptor.pdbqt -l ligands/noncovalent/A242_00_P7R.sdf --center_x -5.337 --center_y -41.735 --center_z 29.543 --size_x 22.5 --size_y 22.5 --size_z 22.5 --exhaustiveness 16 --num_modes 9 --cnn_scoring rescore --seed 42 -o out_sens_base/A242_00_P7R_nc.sdf.gz --log out_sens_base/A242_00_P7R_nc.log
Using random seed: 42

mode |  affinity  |  intramol  |    CNN     |   CNN
     | (kcal/mol) | (kcal/mol) | pose score | affinity
-----+------------+------------+------------+----------
    1       -6.11       -0.03       0.9388      5.622
    2       -6.03        0.01       0.9076      5.015
    3       -6.27       -0.29       0.8687      4.716
    4       -6.04       -0.22       0.8642      5.045
    5       -5.72        0.30       0.8569      4.664
    6       -6.07       -0.03       0.8505      4.688
    7       -6.07        0.31       0.8478      4.841
    8       -6.05       -0.22       0.8206      5.016
    9       -5.81        0.44       0.7807      4.901
