              _             
             (_)            
   __ _ _ __  _ _ __   __ _ 
  / _` | '_ \| | '_ \ / _` |
 | (_| | | | | | | | | (_| |
  \__, |_| |_|_|_| |_|\__,_|
   __/ |                    
  |___/                     

gnina v1.3.2 master:f23dd2b   Built Jul 29 2025.
gnina is based on smina and AutoDock Vina.
Please cite appropriately.

Commandline: gnina -r receptor.pdbqt -l ligands/noncovalent/A242_01_P7S.sdf --center_x -5.337 --center_y -41.735 --center_z 29.543 --size_x 22.5 --size_y 22.5 --size_z 22.5 --exhaustiveness 16 --num_modes 9 --cnn_scoring rescore --seed 42 -o out_sens_base/A242_01_P7S_nc.sdf.gz --log out_sens_base/A242_01_P7S_nc.log
Using random seed: 42

mode |  affinity  |  intramol  |    CNN     |   CNN
     | (kcal/mol) | (kcal/mol) | pose score | affinity
-----+------------+------------+------------+----------
    1       -6.00        0.24       0.9416      5.049
    2       -5.96        0.58       0.9413      5.083
    3       -5.95        1.16       0.9138      5.210
    4       -6.36        0.22       0.9118      5.236
    5       -6.15        0.47       0.9082      5.464
    6       -6.15        2.53       0.9027      4.838
    7       -6.33        0.60       0.8885      5.179
    8       -6.15        0.37       0.8697      4.791
    9       -6.41        1.24       0.8693      5.170
