              _             
             (_)            
   __ _ _ __  _ _ __   __ _ 
  / _` | '_ \| | '_ \ / _` |
 | (_| | | | | | | | | (_| |
  \__, |_| |_|_|_| |_|\__,_|
   __/ |                    
  |___/                     

gnina v1.3.2 master:f23dd2b   Built Jul 29 2025.
gnina is based on smina and AutoDock Vina.
Please cite appropriately.

Commandline: gnina -r receptor.pdbqt -l ligands/noncovalent/BSAR_01_P5R.sdf --center_x -5.337 --center_y -41.735 --center_z 29.543 --size_x 22.5 --size_y 22.5 --size_z 22.5 --exhaustiveness 16 --num_modes 9 --cnn_scoring rescore --seed 42 -o out_sens_base/BSAR_01_P5R_nc.sdf.gz --log out_sens_base/BSAR_01_P5R_nc.log
Using random seed: 42

mode |  affinity  |  intramol  |    CNN     |   CNN
     | (kcal/mol) | (kcal/mol) | pose score | affinity
-----+------------+------------+------------+----------
    1       -4.80       -0.13       0.8962      3.448
    2       -4.46       -0.17       0.8837      3.940
    3       -5.00       -0.07       0.8705      3.367
    4       -5.22        2.29       0.8551      3.578
    5       -5.27       -0.11       0.8210      3.888
    6       -4.40       -0.12       0.7835      3.483
    7       -4.41       -0.19       0.7609      3.222
    8       -4.67       -0.35       0.7243      3.636
    9       -4.75       -0.25       0.6965      3.210
