              _             
             (_)            
   __ _ _ __  _ _ __   __ _ 
  / _` | '_ \| | '_ \ / _` |
 | (_| | | | | | | | | (_| |
  \__, |_| |_|_|_| |_|\__,_|
   __/ |                    
  |___/                     

gnina v1.3.2 master:f23dd2b   Built Jul 29 2025.
gnina is based on smina and AutoDock Vina.
Please cite appropriately.

Commandline: gnina -r receptor.pdbqt -l ligands/noncovalent/BSAR_00_P5S.sdf --center_x -5.337 --center_y -41.735 --center_z 29.543 --size_x 22.5 --size_y 22.5 --size_z 22.5 --exhaustiveness 16 --num_modes 9 --cnn_scoring rescore --seed 42 -o out_sens_base/BSAR_00_P5S_nc.sdf.gz --log out_sens_base/BSAR_00_P5S_nc.log
Using random seed: 42

mode |  affinity  |  intramol  |    CNN     |   CNN
     | (kcal/mol) | (kcal/mol) | pose score | affinity
-----+------------+------------+------------+----------
    1       -4.89       -0.17       0.8710      3.423
    2       -5.16       -0.09       0.8422      3.659
    3       -4.98       -0.12       0.8417      3.554
    4       -5.04       -0.08       0.8268      3.240
    5       -4.77       -0.31       0.7431      3.531
    6       -4.97       -0.08       0.7334      3.296
    7       -4.70       -0.18       0.6575      3.225
    8       -4.52       -0.12       0.6258      3.381
    9       -5.07       -0.23       0.6119      3.518
