              _             
             (_)            
   __ _ _ __  _ _ __   __ _ 
  / _` | '_ \| | '_ \ / _` |
 | (_| | | | | | | | | (_| |
  \__, |_| |_|_|_| |_|\__,_|
   __/ |                    
  |___/                     

gnina v1.3.2 master:f23dd2b   Built Jul 29 2025.
gnina is based on smina and AutoDock Vina.
Please cite appropriately.

Commandline: gnina -r receptor.pdbqt -l ligands/noncovalent/CPF_00_achiral.sdf --center_x -5.337 --center_y -41.735 --center_z 29.543 --size_x 22.5 --size_y 22.5 --size_z 22.5 --exhaustiveness 16 --num_modes 9 --cnn_scoring rescore --seed 42 -o out_sens_base/CPF_00_achiral_nc.sdf.gz --log out_sens_base/CPF_00_achiral_nc.log
Using random seed: 42

mode |  affinity  |  intramol  |    CNN     |   CNN
     | (kcal/mol) | (kcal/mol) | pose score | affinity
-----+------------+------------+------------+----------
    1       -6.64        0.35       0.3565      4.316
    2       -6.71       -0.41       0.3468      4.887
    3       -6.37        0.29       0.3416      5.123
    4       -6.90       -0.22       0.3272      5.304
    5       -6.41        0.98       0.3244      5.122
    6       -7.03        0.15       0.3006      4.777
    7       -6.92       -0.10       0.3000      4.652
    8       -6.52       -0.44       0.2984      4.862
    9       -6.71       -0.08       0.2945      4.582
