              _             
             (_)            
   __ _ _ __  _ _ __   __ _ 
  / _` | '_ \| | '_ \ / _` |
 | (_| | | | | | | | | (_| |
  \__, |_| |_|_|_| |_|\__,_|
   __/ |                    
  |___/                     

gnina v1.3.2 master:f23dd2b   Built Jul 29 2025.
gnina is based on smina and AutoDock Vina.
Please cite appropriately.

Commandline: gnina -r receptor.pdbqt -l ligands/noncovalent/DDVP_00_achiral.sdf --center_x -5.337 --center_y -41.735 --center_z 29.543 --size_x 22.5 --size_y 22.5 --size_z 22.5 --exhaustiveness 16 --num_modes 9 --cnn_scoring rescore --seed 42 -o out_sens_base/DDVP_00_achiral_nc.sdf.gz --log out_sens_base/DDVP_00_achiral_nc.log
Using random seed: 42

mode |  affinity  |  intramol  |    CNN     |   CNN
     | (kcal/mol) | (kcal/mol) | pose score | affinity
-----+------------+------------+------------+----------
    1       -5.35       -0.17       0.8618      3.711
    2       -5.34       -0.12       0.8234      3.838
    3       -4.84       -0.21       0.7982      3.596
    4       -4.80       -0.22       0.7859      3.104
    5       -5.08       -0.02       0.7121      3.665
    6       -4.79       -0.29       0.6901      3.198
    7       -4.94       -0.25       0.6681      3.180
    8       -5.03       -0.23       0.6502      3.043
    9       -5.14       -0.15       0.6316      3.671
