              _             
             (_)            
   __ _ _ __  _ _ __   __ _ 
  / _` | '_ \| | '_ \ / _` |
 | (_| | | | | | | | | (_| |
  \__, |_| |_|_|_| |_|\__,_|
   __/ |                    
  |___/                     

gnina v1.3.2 master:f23dd2b   Built Jul 29 2025.
gnina is based on smina and AutoDock Vina.
Please cite appropriately.

Commandline: gnina -r receptor.pdbqt -l ligands/noncovalent/DETAB_01_P3S.sdf --center_x -5.337 --center_y -41.735 --center_z 29.543 --size_x 22.5 --size_y 22.5 --size_z 22.5 --exhaustiveness 16 --num_modes 9 --cnn_scoring rescore --seed 42 -o out_sens_base/DETAB_01_P3S_nc.sdf.gz --log out_sens_base/DETAB_01_P3S_nc.log
Using random seed: 42

mode |  affinity  |  intramol  |    CNN     |   CNN
     | (kcal/mol) | (kcal/mol) | pose score | affinity
-----+------------+------------+------------+----------
    1       -5.27       -0.21       0.9316      4.220
    2       -5.29       -0.14       0.9024      4.427
    3       -5.40       -0.34       0.8894      4.051
    4       -5.51       -0.07       0.8648      4.342
    5       -5.22       -0.24       0.7724      3.897
    6       -5.04       -0.22       0.7644      3.899
    7       -5.02       -0.34       0.7536      3.801
    8       -4.98       -0.30       0.7351      3.804
    9       -5.01       -0.24       0.7184      3.778
