              _             
             (_)            
   __ _ _ __  _ _ __   __ _ 
  / _` | '_ \| | '_ \ / _` |
 | (_| | | | | | | | | (_| |
  \__, |_| |_|_|_| |_|\__,_|
   __/ |                    
  |___/                     

gnina v1.3.2 master:f23dd2b   Built Jul 29 2025.
gnina is based on smina and AutoDock Vina.
Please cite appropriately.

Commandline: gnina -r receptor.pdbqt -l ligands/noncovalent/DETAB_00_P3R.sdf --center_x -5.337 --center_y -41.735 --center_z 29.543 --size_x 22.5 --size_y 22.5 --size_z 22.5 --exhaustiveness 16 --num_modes 9 --cnn_scoring rescore --seed 42 -o out_sens_base/DETAB_00_P3R_nc.sdf.gz --log out_sens_base/DETAB_00_P3R_nc.log
Using random seed: 42

mode |  affinity  |  intramol  |    CNN     |   CNN
     | (kcal/mol) | (kcal/mol) | pose score | affinity
-----+------------+------------+------------+----------
    1       -5.75       -0.23       0.8809      4.217
    2       -5.62       -0.21       0.8792      4.226
    3       -5.47        0.05       0.8520      3.975
    4       -5.59       -0.27       0.8476      3.990
    5       -5.49       -0.38       0.8105      4.001
    6       -5.08       -0.24       0.7242      3.723
    7       -5.17       -0.29       0.7145      4.011
    8       -5.17       -0.27       0.7035      3.613
    9       -5.18       -0.28       0.6784      3.952
