              _             
             (_)            
   __ _ _ __  _ _ __   __ _ 
  / _` | '_ \| | '_ \ / _` |
 | (_| | | | | | | | | (_| |
  \__, |_| |_|_|_| |_|\__,_|
   __/ |                    
  |___/                     

gnina v1.3.2 master:f23dd2b   Built Jul 29 2025.
gnina is based on smina and AutoDock Vina.
Please cite appropriately.

Commandline: gnina -r receptor.pdbqt -l ligands/noncovalent/DFP_00_achiral.sdf --center_x -5.337 --center_y -41.735 --center_z 29.543 --size_x 22.5 --size_y 22.5 --size_z 22.5 --exhaustiveness 16 --num_modes 9 --cnn_scoring rescore --seed 42 -o out_sens_base/DFP_00_achiral_nc.sdf.gz --log out_sens_base/DFP_00_achiral_nc.log
Using random seed: 42

mode |  affinity  |  intramol  |    CNN     |   CNN
     | (kcal/mol) | (kcal/mol) | pose score | affinity
-----+------------+------------+------------+----------
    1       -5.77        0.52       0.8114      3.777
    2       -5.62        0.73       0.7919      3.713
    3       -5.65        1.21       0.7491      3.587
    4       -5.52       -0.45       0.6968      3.863
    5       -5.37       -0.26       0.6482      3.404
    6       -5.27       -0.38       0.6353      3.430
    7       -5.53        1.59       0.6273      3.591
    8       -5.50        0.67       0.6010      3.664
    9       -5.09        1.66       0.5883      3.524
