              _             
             (_)            
   __ _ _ __  _ _ __   __ _ 
  / _` | '_ \| | '_ \ / _` |
 | (_| | | | | | | | | (_| |
  \__, |_| |_|_|_| |_|\__,_|
   __/ |                    
  |___/                     

gnina v1.3.2 master:f23dd2b   Built Jul 29 2025.
gnina is based on smina and AutoDock Vina.
Please cite appropriately.

Commandline: gnina -r receptor.pdbqt -l ligands/noncovalent/FEN_00_P3R.sdf --center_x -5.337 --center_y -41.735 --center_z 29.543 --size_x 22.5 --size_y 22.5 --size_z 22.5 --exhaustiveness 16 --num_modes 9 --cnn_scoring rescore --seed 42 -o out_sens_base/FEN_00_P3R_nc.sdf.gz --log out_sens_base/FEN_00_P3R_nc.log
Using random seed: 42

mode |  affinity  |  intramol  |    CNN     |   CNN
     | (kcal/mol) | (kcal/mol) | pose score | affinity
-----+------------+------------+------------+----------
    1       -7.52        0.71       0.9218      5.463
    2       -7.56        1.27       0.8300      5.349
    3       -6.53        1.48       0.6403      5.548
    4       -6.52        0.75       0.6380      5.215
    5       -6.55        0.85       0.5977      5.078
    6       -6.44        3.50       0.5624      5.736
    7       -6.27        0.32       0.5623      5.379
    8       -6.67        0.24       0.5247      4.918
    9       -7.09        0.02       0.4231      4.878
