              _             
             (_)            
   __ _ _ __  _ _ __   __ _ 
  / _` | '_ \| | '_ \ / _` |
 | (_| | | | | | | | | (_| |
  \__, |_| |_|_|_| |_|\__,_|
   __/ |                    
  |___/                     

gnina v1.3.2 master:f23dd2b   Built Jul 29 2025.
gnina is based on smina and AutoDock Vina.
Please cite appropriately.

Commandline: gnina -r receptor.pdbqt -l ligands/noncovalent/FEN_01_P3S.sdf --center_x -5.337 --center_y -41.735 --center_z 29.543 --size_x 22.5 --size_y 22.5 --size_z 22.5 --exhaustiveness 16 --num_modes 9 --cnn_scoring rescore --seed 42 -o out_sens_base/FEN_01_P3S_nc.sdf.gz --log out_sens_base/FEN_01_P3S_nc.log
Using random seed: 42

mode |  affinity  |  intramol  |    CNN     |   CNN
     | (kcal/mol) | (kcal/mol) | pose score | affinity
-----+------------+------------+------------+----------
    1       -7.24        1.14       0.8343      5.235
    2       -6.71       -0.10       0.7819      5.823
    3       -6.76       -0.35       0.7620      5.230
    4       -6.51       -0.02       0.7457      5.257
    5       -6.75       -0.37       0.7084      5.708
    6       -6.42       -0.32       0.6427      5.190
    7       -6.67       -0.48       0.6231      5.400
    8       -6.55        0.57       0.4597      5.101
    9       -7.51        2.15       0.4584      5.643
