              _             
             (_)            
   __ _ _ __  _ _ __   __ _ 
  / _` | '_ \| | '_ \ / _` |
 | (_| | | | | | | | | (_| |
  \__, |_| |_|_|_| |_|\__,_|
   __/ |                    
  |___/                     

gnina v1.3.2 master:f23dd2b   Built Jul 29 2025.
gnina is based on smina and AutoDock Vina.
Please cite appropriately.

Commandline: gnina -r receptor.pdbqt -l ligands/noncovalent/GA_01_P3S.sdf --center_x -5.337 --center_y -41.735 --center_z 29.543 --size_x 22.5 --size_y 22.5 --size_z 22.5 --exhaustiveness 16 --num_modes 9 --cnn_scoring rescore --seed 42 -o out_sens_base/GA_01_P3S_nc.sdf.gz --log out_sens_base/GA_01_P3S_nc.log
Using random seed: 42

mode |  affinity  |  intramol  |    CNN     |   CNN
     | (kcal/mol) | (kcal/mol) | pose score | affinity
-----+------------+------------+------------+----------
    1       -4.63       -0.07       0.8363      3.778
    2       -4.63       -0.19       0.8070      3.754
    3       -4.43       -0.07       0.8039      3.376
    4       -4.43       -0.12       0.7928      3.415
    5       -4.72        0.06       0.7851      3.773
    6       -4.46       -0.10       0.7587      3.468
    7       -4.47       -0.21       0.7324      3.601
    8       -4.84       -0.11       0.7270      3.452
    9       -4.55       -0.14       0.7204      3.527
