              _             
             (_)            
   __ _ _ __  _ _ __   __ _ 
  / _` | '_ \| | '_ \ / _` |
 | (_| | | | | | | | | (_| |
  \__, |_| |_|_|_| |_|\__,_|
   __/ |                    
  |___/                     

gnina v1.3.2 master:f23dd2b   Built Jul 29 2025.
gnina is based on smina and AutoDock Vina.
Please cite appropriately.

Commandline: gnina -r receptor.pdbqt -l ligands/noncovalent/GA_00_P3R.sdf --center_x -5.337 --center_y -41.735 --center_z 29.543 --size_x 22.5 --size_y 22.5 --size_z 22.5 --exhaustiveness 16 --num_modes 9 --cnn_scoring rescore --seed 42 -o out_sens_base/GA_00_P3R_nc.sdf.gz --log out_sens_base/GA_00_P3R_nc.log
Using random seed: 42

mode |  affinity  |  intramol  |    CNN     |   CNN
     | (kcal/mol) | (kcal/mol) | pose score | affinity
-----+------------+------------+------------+----------
    1       -4.48       -0.14       0.8887      3.581
    2       -4.67       -0.04       0.8472      3.562
    3       -4.37       -0.11       0.8462      3.490
    4       -4.39       -0.16       0.7789      3.646
    5       -4.80        0.26       0.7753      3.563
    6       -4.42       -0.15       0.7689      3.767
    7       -4.36       -0.01       0.7500      3.587
    8       -4.74       -0.12       0.7264      3.684
    9       -4.35       -0.18       0.7188      3.654
