              _             
             (_)            
   __ _ _ __  _ _ __   __ _ 
  / _` | '_ \| | '_ \ / _` |
 | (_| | | | | | | | | (_| |
  \__, |_| |_|_|_| |_|\__,_|
   __/ |                    
  |___/                     

gnina v1.3.2 master:f23dd2b   Built Jul 29 2025.
gnina is based on smina and AutoDock Vina.
Please cite appropriately.

Commandline: gnina -r receptor.pdbqt -l ligands/noncovalent/GB_00_P4S.sdf --center_x -5.337 --center_y -41.735 --center_z 29.543 --size_x 22.5 --size_y 22.5 --size_z 22.5 --exhaustiveness 16 --num_modes 9 --cnn_scoring rescore --seed 42 -o out_sens_base/GB_00_P4S_nc.sdf.gz --log out_sens_base/GB_00_P4S_nc.log
Using random seed: 42

mode |  affinity  |  intramol  |    CNN     |   CNN
     | (kcal/mol) | (kcal/mol) | pose score | affinity
-----+------------+------------+------------+----------
    1       -4.09       -0.15       0.8131      3.173
    2       -4.48       -0.14       0.7725      3.053
    3       -4.18        1.04       0.7467      3.021
    4       -4.18       -0.13       0.7059      3.333
    5       -4.58        1.30       0.7020      3.099
    6       -4.19       -0.11       0.6828      3.035
    7       -4.35       -0.14       0.6756      3.235
    8       -4.28       -0.15       0.6731      3.222
    9       -4.56       -0.11       0.6659      3.188
