              _             
             (_)            
   __ _ _ __  _ _ __   __ _ 
  / _` | '_ \| | '_ \ / _` |
 | (_| | | | | | | | | (_| |
  \__, |_| |_|_|_| |_|\__,_|
   __/ |                    
  |___/                     

gnina v1.3.2 master:f23dd2b   Built Jul 29 2025.
gnina is based on smina and AutoDock Vina.
Please cite appropriately.

Commandline: gnina -r receptor.pdbqt -l ligands/noncovalent/GD_00_C1S_P3S.sdf --center_x -5.337 --center_y -41.735 --center_z 29.543 --size_x 22.5 --size_y 22.5 --size_z 22.5 --exhaustiveness 16 --num_modes 9 --cnn_scoring rescore --seed 42 -o out_sens_base/GD_00_C1S_P3S_nc.sdf.gz --log out_sens_base/GD_00_C1S_P3S_nc.log
Using random seed: 42

mode |  affinity  |  intramol  |    CNN     |   CNN
     | (kcal/mol) | (kcal/mol) | pose score | affinity
-----+------------+------------+------------+----------
    1       -6.21        0.01       0.8522      3.894
    2       -5.55        0.17       0.7897      4.230
    3       -5.54        0.00       0.7836      4.213
    4       -5.19       -0.24       0.7608      4.094
    5       -5.25       -0.25       0.7137      4.084
    6       -5.26       -0.21       0.6669      3.906
    7       -6.38       -0.19       0.6504      3.938
    8       -5.32       -0.23       0.6122      3.773
    9       -5.44       -0.16       0.5955      3.413
