              _             
             (_)            
   __ _ _ __  _ _ __   __ _ 
  / _` | '_ \| | '_ \ / _` |
 | (_| | | | | | | | | (_| |
  \__, |_| |_|_|_| |_|\__,_|
   __/ |                    
  |___/                     

gnina v1.3.2 master:f23dd2b   Built Jul 29 2025.
gnina is based on smina and AutoDock Vina.
Please cite appropriately.

Commandline: gnina -r receptor.pdbqt -l ligands/noncovalent/GD_02_C1S_P3R.sdf --center_x -5.337 --center_y -41.735 --center_z 29.543 --size_x 22.5 --size_y 22.5 --size_z 22.5 --exhaustiveness 16 --num_modes 9 --cnn_scoring rescore --seed 42 -o out_sens_base/GD_02_C1S_P3R_nc.sdf.gz --log out_sens_base/GD_02_C1S_P3R_nc.log
Using random seed: 42

mode |  affinity  |  intramol  |    CNN     |   CNN
     | (kcal/mol) | (kcal/mol) | pose score | affinity
-----+------------+------------+------------+----------
    1       -5.65       -0.08       0.7807      4.011
    2       -6.05       -0.24       0.7605      3.966
    3       -6.02       -0.24       0.7398      4.204
    4       -6.05       -0.29       0.7316      3.823
    5       -5.19       -0.22       0.7230      3.807
    6       -6.06       -0.23       0.7214      3.822
    7       -5.25       -0.11       0.7198      3.964
    8       -5.40       -0.22       0.6929      3.935
    9       -5.21       -0.23       0.6926      3.861
