              _             
             (_)            
   __ _ _ __  _ _ __   __ _ 
  / _` | '_ \| | '_ \ / _` |
 | (_| | | | | | | | | (_| |
  \__, |_| |_|_|_| |_|\__,_|
   __/ |                    
  |___/                     

gnina v1.3.2 master:f23dd2b   Built Jul 29 2025.
gnina is based on smina and AutoDock Vina.
Please cite appropriately.

Commandline: gnina -r receptor.pdbqt -l ligands/noncovalent/GD_01_C1R_P3S.sdf --center_x -5.337 --center_y -41.735 --center_z 29.543 --size_x 22.5 --size_y 22.5 --size_z 22.5 --exhaustiveness 16 --num_modes 9 --cnn_scoring rescore --seed 42 -o out_sens_base/GD_01_C1R_P3S_nc.sdf.gz --log out_sens_base/GD_01_C1R_P3S_nc.log
Using random seed: 42

mode |  affinity  |  intramol  |    CNN     |   CNN
     | (kcal/mol) | (kcal/mol) | pose score | affinity
-----+------------+------------+------------+----------
    1       -5.94        0.05       0.7958      3.942
    2       -5.91        0.08       0.7895      3.932
    3       -5.42       -0.21       0.7606      3.767
    4       -5.29       -0.16       0.7406      4.205
    5       -6.05       -0.15       0.6272      3.927
    6       -5.39       -0.35       0.6219      3.760
    7       -5.02        2.97       0.6213      3.757
    8       -5.67       -0.28       0.5925      3.891
    9       -5.20       -0.26       0.5807      3.966
