              _             
             (_)            
   __ _ _ __  _ _ __   __ _ 
  / _` | '_ \| | '_ \ / _` |
 | (_| | | | | | | | | (_| |
  \__, |_| |_|_|_| |_|\__,_|
   __/ |                    
  |___/                     

gnina v1.3.2 master:f23dd2b   Built Jul 29 2025.
gnina is based on smina and AutoDock Vina.
Please cite appropriately.

Commandline: gnina -r receptor.pdbqt -l ligands/noncovalent/GD_03_C1R_P3R.sdf --center_x -5.337 --center_y -41.735 --center_z 29.543 --size_x 22.5 --size_y 22.5 --size_z 22.5 --exhaustiveness 16 --num_modes 9 --cnn_scoring rescore --seed 42 -o out_sens_base/GD_03_C1R_P3R_nc.sdf.gz --log out_sens_base/GD_03_C1R_P3R_nc.log
Using random seed: 42

mode |  affinity  |  intramol  |    CNN     |   CNN
     | (kcal/mol) | (kcal/mol) | pose score | affinity
-----+------------+------------+------------+----------
    1       -5.82       -0.26       0.8359      4.152
    2       -5.21        1.08       0.7122      3.944
    3       -5.25        0.90       0.6817      3.886
    4       -5.48       -0.31       0.6689      3.899
    5       -5.30       -0.25       0.6595      3.660
    6       -5.97        0.10       0.6587      3.974
    7       -5.18       -0.32       0.6519      3.839
    8       -5.79       -0.16       0.6198      4.089
    9       -5.91       -0.21       0.6141      3.672
