              _             
             (_)            
   __ _ _ __  _ _ __   __ _ 
  / _` | '_ \| | '_ \ / _` |
 | (_| | | | | | | | | (_| |
  \__, |_| |_|_|_| |_|\__,_|
   __/ |                    
  |___/                     

gnina v1.3.2 master:f23dd2b   Built Jul 29 2025.
gnina is based on smina and AutoDock Vina.
Please cite appropriately.

Commandline: gnina -r receptor.pdbqt -l ligands/noncovalent/GF_01_P1R.sdf --center_x -5.337 --center_y -41.735 --center_z 29.543 --size_x 22.5 --size_y 22.5 --size_z 22.5 --exhaustiveness 16 --num_modes 9 --cnn_scoring rescore --seed 42 -o out_sens_base/GF_01_P1R_nc.sdf.gz --log out_sens_base/GF_01_P1R_nc.log
Using random seed: 42

mode |  affinity  |  intramol  |    CNN     |   CNN
     | (kcal/mol) | (kcal/mol) | pose score | affinity
-----+------------+------------+------------+----------
    1       -6.19       -0.17       0.8593      4.156
    2       -6.35        0.88       0.7978      4.164
    3       -5.78        2.81       0.7141      3.783
    4       -5.79        0.06       0.6857      3.727
    5       -5.84       -0.14       0.6777      3.673
    6       -5.77        0.88       0.6730      4.144
    7       -5.63       -0.17       0.6649      3.870
    8       -5.81        0.05       0.6507      3.457
    9       -5.67       -0.15       0.6490      3.989
