              _             
             (_)            
   __ _ _ __  _ _ __   __ _ 
  / _` | '_ \| | '_ \ / _` |
 | (_| | | | | | | | | (_| |
  \__, |_| |_|_|_| |_|\__,_|
   __/ |                    
  |___/                     

gnina v1.3.2 master:f23dd2b   Built Jul 29 2025.
gnina is based on smina and AutoDock Vina.
Please cite appropriately.

Commandline: gnina -r receptor.pdbqt -l ligands/noncovalent/GF_00_P1S.sdf --center_x -5.337 --center_y -41.735 --center_z 29.543 --size_x 22.5 --size_y 22.5 --size_z 22.5 --exhaustiveness 16 --num_modes 9 --cnn_scoring rescore --seed 42 -o out_sens_base/GF_00_P1S_nc.sdf.gz --log out_sens_base/GF_00_P1S_nc.log
Using random seed: 42

mode |  affinity  |  intramol  |    CNN     |   CNN
     | (kcal/mol) | (kcal/mol) | pose score | affinity
-----+------------+------------+------------+----------
    1       -6.00        0.47       0.8264      3.844
    2       -5.69       -0.20       0.8098      3.779
    3       -5.96        1.23       0.7985      4.296
    4       -5.62       -0.16       0.7969      3.758
    5       -6.29       -0.20       0.6930      3.848
    6       -5.60        0.90       0.6892      4.150
    7       -5.96       -0.05       0.6633      3.717
    8       -5.73       -0.17       0.6163      3.775
    9       -5.78        0.93       0.5978      3.770
