              _             
             (_)            
   __ _ _ __  _ _ __   __ _ 
  / _` | '_ \| | '_ \ / _` |
 | (_| | | | | | | | | (_| |
  \__, |_| |_|_|_| |_|\__,_|
   __/ |                    
  |___/                     

gnina v1.3.2 master:f23dd2b   Built Jul 29 2025.
gnina is based on smina and AutoDock Vina.
Please cite appropriately.

Commandline: gnina -r receptor.pdbqt -l ligands/noncovalent/METH_01_P2S.sdf --center_x -5.337 --center_y -41.735 --center_z 29.543 --size_x 22.5 --size_y 22.5 --size_z 22.5 --exhaustiveness 16 --num_modes 9 --cnn_scoring rescore --seed 42 -o out_sens_base/METH_01_P2S_nc.sdf.gz --log out_sens_base/METH_01_P2S_nc.log
Using random seed: 42

mode |  affinity  |  intramol  |    CNN     |   CNN
     | (kcal/mol) | (kcal/mol) | pose score | affinity
-----+------------+------------+------------+----------
    1       -4.17       -0.03       0.8833      4.283
    2       -4.13       -0.01       0.8468      4.059
    3       -3.52       -0.00       0.6461      3.368
    4       -4.10       -0.02       0.5621      3.846
    5       -4.02       -0.00       0.5229      3.303
    6       -3.41       -0.01       0.5007      3.537
    7       -4.13       -0.00       0.4738      3.612
    8       -3.41       -0.00       0.4325      4.073
    9       -3.58       -0.01       0.3662      3.171
