              _             
             (_)            
   __ _ _ __  _ _ __   __ _ 
  / _` | '_ \| | '_ \ / _` |
 | (_| | | | | | | | | (_| |
  \__, |_| |_|_|_| |_|\__,_|
   __/ |                    
  |___/                     

gnina v1.3.2 master:f23dd2b   Built Jul 29 2025.
gnina is based on smina and AutoDock Vina.
Please cite appropriately.

Commandline: gnina -r receptor.pdbqt -l ligands/noncovalent/METH_00_P2R.sdf --center_x -5.337 --center_y -41.735 --center_z 29.543 --size_x 22.5 --size_y 22.5 --size_z 22.5 --exhaustiveness 16 --num_modes 9 --cnn_scoring rescore --seed 42 -o out_sens_base/METH_00_P2R_nc.sdf.gz --log out_sens_base/METH_00_P2R_nc.log
Using random seed: 42

mode |  affinity  |  intramol  |    CNN     |   CNN
     | (kcal/mol) | (kcal/mol) | pose score | affinity
-----+------------+------------+------------+----------
    1       -4.15       -0.00       0.7859      3.952
    2       -3.48       -0.01       0.7111      3.969
    3       -3.75       -0.03       0.6790      3.850
    4       -4.18       -0.04       0.5558      3.763
    5       -3.62       -0.00       0.5047      3.547
    6       -3.33       -0.00       0.4813      3.611
    7       -3.59       -0.00       0.4754      3.522
    8       -3.54       -0.00       0.4307      3.301
    9       -3.55       -0.00       0.4053      3.503
