              _             
             (_)            
   __ _ _ __  _ _ __   __ _ 
  / _` | '_ \| | '_ \ / _` |
 | (_| | | | | | | | | (_| |
  \__, |_| |_|_|_| |_|\__,_|
   __/ |                    
  |___/                     

gnina v1.3.2 master:f23dd2b   Built Jul 29 2025.
gnina is based on smina and AutoDock Vina.
Please cite appropriately.

Commandline: gnina -r receptor.pdbqt -l ligands/noncovalent/MLT_00_C6S.sdf --center_x -5.337 --center_y -41.735 --center_z 29.543 --size_x 22.5 --size_y 22.5 --size_z 22.5 --exhaustiveness 16 --num_modes 9 --cnn_scoring rescore --seed 42 -o out_sens_base/MLT_00_C6S_nc.sdf.gz --log out_sens_base/MLT_00_C6S_nc.log
Using random seed: 42

mode |  affinity  |  intramol  |    CNN     |   CNN
     | (kcal/mol) | (kcal/mol) | pose score | affinity
-----+------------+------------+------------+----------
    1       -6.70       -0.28       0.8149      4.468
    2       -6.18        0.88       0.5902      4.085
    3       -6.03       -0.48       0.5457      4.113
    4       -6.16       -0.80       0.5280      3.786
    5       -6.34       -0.24       0.5121      4.142
    6       -6.84        0.11       0.4829      4.262
    7       -6.58       -0.15       0.4600      4.134
    8       -6.37       -0.88       0.4536      4.263
    9       -6.66        0.15       0.4315      4.119
