              _             
             (_)            
   __ _ _ __  _ _ __   __ _ 
  / _` | '_ \| | '_ \ / _` |
 | (_| | | | | | | | | (_| |
  \__, |_| |_|_|_| |_|\__,_|
   __/ |                    
  |___/                     

gnina v1.3.2 master:f23dd2b   Built Jul 29 2025.
gnina is based on smina and AutoDock Vina.
Please cite appropriately.

Commandline: gnina -r receptor.pdbqt -l ligands/noncovalent/MLT_01_C6R.sdf --center_x -5.337 --center_y -41.735 --center_z 29.543 --size_x 22.5 --size_y 22.5 --size_z 22.5 --exhaustiveness 16 --num_modes 9 --cnn_scoring rescore --seed 42 -o out_sens_base/MLT_01_C6R_nc.sdf.gz --log out_sens_base/MLT_01_C6R_nc.log
Using random seed: 42

mode |  affinity  |  intramol  |    CNN     |   CNN
     | (kcal/mol) | (kcal/mol) | pose score | affinity
-----+------------+------------+------------+----------
    1       -6.38       -0.03       0.6556      4.212
    2       -6.63       -0.44       0.5506      4.520
    3       -6.73       -0.16       0.5439      4.456
    4       -6.64        0.60       0.5437      4.096
    5       -6.16       -0.49       0.5286      4.163
    6       -6.33        0.23       0.5256      4.221
    7       -6.55       -0.39       0.5232      4.306
    8       -6.77        0.30       0.4453      3.961
    9       -6.47       -0.15       0.4369      4.167
