              _             
             (_)            
   __ _ _ __  _ _ __   __ _ 
  / _` | '_ \| | '_ \ / _` |
 | (_| | | | | | | | | (_| |
  \__, |_| |_|_|_| |_|\__,_|
   __/ |                    
  |___/                     

gnina v1.3.2 master:f23dd2b   Built Jul 29 2025.
gnina is based on smina and AutoDock Vina.
Please cite appropriately.

Commandline: gnina -r receptor.pdbqt -l ligands/noncovalent/MPXN_00_achiral.sdf --center_x -5.337 --center_y -41.735 --center_z 29.543 --size_x 22.5 --size_y 22.5 --size_z 22.5 --exhaustiveness 16 --num_modes 9 --cnn_scoring rescore --seed 42 -o out_sens_base/MPXN_00_achiral_nc.sdf.gz --log out_sens_base/MPXN_00_achiral_nc.log
Using random seed: 42

mode |  affinity  |  intramol  |    CNN     |   CNN
     | (kcal/mol) | (kcal/mol) | pose score | affinity
-----+------------+------------+------------+----------
    1       -6.79       -0.20       0.7221      3.616
    2       -6.62        0.12       0.7190      3.802
    3       -6.50       -0.34       0.6107      3.462
    4       -6.46        1.00       0.5671      3.592
    5       -7.16        0.59       0.5438      3.765
    6       -6.54       -0.08       0.5403      3.506
    7       -6.80       -0.34       0.4936      3.400
    8       -6.38       -0.40       0.4772      3.750
    9       -6.85       -0.35       0.4637      3.392
