              _             
             (_)            
   __ _ _ __  _ _ __   __ _ 
  / _` | '_ \| | '_ \ / _` |
 | (_| | | | | | | | | (_| |
  \__, |_| |_|_|_| |_|\__,_|
   __/ |                    
  |___/                     

gnina v1.3.2 master:f23dd2b   Built Jul 29 2025.
gnina is based on smina and AutoDock Vina.
Please cite appropriately.

Commandline: gnina -r receptor.pdbqt -l ligands/noncovalent/PARA_00_achiral.sdf --center_x -5.337 --center_y -41.735 --center_z 29.543 --size_x 22.5 --size_y 22.5 --size_z 22.5 --exhaustiveness 16 --num_modes 9 --cnn_scoring rescore --seed 42 -o out_sens_base/PARA_00_achiral_nc.sdf.gz --log out_sens_base/PARA_00_achiral_nc.log
Using random seed: 42

mode |  affinity  |  intramol  |    CNN     |   CNN
     | (kcal/mol) | (kcal/mol) | pose score | affinity
-----+------------+------------+------------+----------
    1       -6.31       -0.43       0.6649      4.221
    2       -6.11       -0.40       0.6065      4.247
    3       -7.07       -0.20       0.6060      4.318
    4       -6.84       -0.41       0.5898      5.154
    5       -6.04       -0.35       0.5178      4.133
    6       -7.10       -0.01       0.5023      4.182
    7       -6.56       -0.58       0.4108      4.371
    8       -6.59       -0.47       0.3414      3.684
    9       -6.13        0.31       0.3407      3.887
