              _             
             (_)            
   __ _ _ __  _ _ __   __ _ 
  / _` | '_ \| | '_ \ / _` |
 | (_| | | | | | | | | (_| |
  \__, |_| |_|_|_| |_|\__,_|
   __/ |                    
  |___/                     

gnina v1.3.2 master:f23dd2b   Built Jul 29 2025.
gnina is based on smina and AutoDock Vina.
Please cite appropriately.

Commandline: gnina -r receptor.pdbqt -l ligands/noncovalent/PXNE_00_achiral.sdf --center_x -5.337 --center_y -41.735 --center_z 29.543 --size_x 22.5 --size_y 22.5 --size_z 22.5 --exhaustiveness 16 --num_modes 9 --cnn_scoring rescore --seed 42 -o out_sens_base/PXNE_00_achiral_nc.sdf.gz --log out_sens_base/PXNE_00_achiral_nc.log
Using random seed: 42

mode |  affinity  |  intramol  |    CNN     |   CNN
     | (kcal/mol) | (kcal/mol) | pose score | affinity
-----+------------+------------+------------+----------
    1       -6.85        0.08       0.7259      5.038
    2       -7.44       -0.26       0.7204      4.081
    3       -7.09       -0.49       0.7061      3.881
    4       -6.54        0.36       0.6021      5.084
    5       -6.88       -0.19       0.5218      3.978
    6       -6.63       -0.28       0.4628      3.702
    7       -7.77        0.17       0.3897      4.064
    8       -7.16       -0.41       0.3692      3.691
    9       -6.65       -0.59       0.3641      3.761
