              _             
             (_)            
   __ _ _ __  _ _ __   __ _ 
  / _` | '_ \| | '_ \ / _` |
 | (_| | | | | | | | | (_| |
  \__, |_| |_|_|_| |_|\__,_|
   __/ |                    
  |___/                     

gnina v1.3.2 master:f23dd2b   Built Jul 29 2025.
gnina is based on smina and AutoDock Vina.
Please cite appropriately.

Commandline: gnina -r receptor.pdbqt -l ligands/noncovalent/VR_01_P8R.sdf --center_x -5.337 --center_y -41.735 --center_z 29.543 --size_x 22.5 --size_y 22.5 --size_z 22.5 --exhaustiveness 16 --num_modes 9 --cnn_scoring rescore --seed 42 -o out_sens_base/VR_01_P8R_nc.sdf.gz --log out_sens_base/VR_01_P8R_nc.log
Using random seed: 42

mode |  affinity  |  intramol  |    CNN     |   CNN
     | (kcal/mol) | (kcal/mol) | pose score | affinity
-----+------------+------------+------------+----------
    1       -5.99       -0.43       0.8528      4.523
    2       -5.86       -0.47       0.8301      4.592
    3       -5.51       -0.46       0.8279      4.907
    4       -6.06       -0.28       0.7686      4.513
    5       -6.08       -0.41       0.7673      4.493
    6       -5.76       -0.43       0.7673      4.826
    7       -5.38       -0.35       0.7572      4.920
    8       -5.93       -0.31       0.7425      4.263
    9       -5.93       -0.33       0.7074      4.014
