              _             
             (_)            
   __ _ _ __  _ _ __   __ _ 
  / _` | '_ \| | '_ \ / _` |
 | (_| | | | | | | | | (_| |
  \__, |_| |_|_|_| |_|\__,_|
   __/ |                    
  |___/                     

gnina v1.3.2 master:f23dd2b   Built Jul 29 2025.
gnina is based on smina and AutoDock Vina.
Please cite appropriately.

Commandline: gnina -r receptor.pdbqt -l ligands/noncovalent/VR_00_P8S.sdf --center_x -5.337 --center_y -41.735 --center_z 29.543 --size_x 22.5 --size_y 22.5 --size_z 22.5 --exhaustiveness 16 --num_modes 9 --cnn_scoring rescore --seed 42 -o out_sens_base/VR_00_P8S_nc.sdf.gz --log out_sens_base/VR_00_P8S_nc.log
Using random seed: 42

mode |  affinity  |  intramol  |    CNN     |   CNN
     | (kcal/mol) | (kcal/mol) | pose score | affinity
-----+------------+------------+------------+----------
    1       -5.62       -0.07       0.8899      5.238
    2       -6.07       -0.48       0.8162      4.346
    3       -6.05       -0.39       0.8137      4.446
    4       -5.70       -0.58       0.8110      5.050
    5       -6.16       -0.37       0.7731      4.496
    6       -5.95       -0.46       0.7608      4.473
    7       -5.82       -0.33       0.7367      4.180
    8       -5.75       -0.43       0.7129      5.389
    9       -5.95       -0.40       0.6969      4.045
