              _             
             (_)            
   __ _ _ __  _ _ __   __ _ 
  / _` | '_ \| | '_ \ / _` |
 | (_| | | | | | | | | (_| |
  \__, |_| |_|_|_| |_|\__,_|
   __/ |                    
  |___/                     

gnina v1.3.2 master:f23dd2b   Built Jul 29 2025.
gnina is based on smina and AutoDock Vina.
Please cite appropriately.

Commandline: gnina -r receptor.pdbqt -l ligands/noncovalent/VX_00_P3S.sdf --center_x -5.337 --center_y -41.735 --center_z 29.543 --size_x 22.5 --size_y 22.5 --size_z 22.5 --exhaustiveness 16 --num_modes 9 --cnn_scoring rescore --seed 42 -o out_sens_base/VX_00_P3S_nc.sdf.gz --log out_sens_base/VX_00_P3S_nc.log
Using random seed: 42

mode |  affinity  |  intramol  |    CNN     |   CNN
     | (kcal/mol) | (kcal/mol) | pose score | affinity
-----+------------+------------+------------+----------
    1       -6.03        0.54       0.9056      4.909
    2       -5.99       -0.24       0.9024      4.871
    3       -5.99        0.55       0.8996      4.438
    4       -6.16        0.53       0.8990      4.534
    5       -6.40        0.77       0.8710      5.048
    6       -6.04       -0.32       0.8651      4.638
    7       -6.29        0.15       0.8604      4.805
    8       -6.14        1.29       0.8165      5.084
    9       -5.62       -0.31       0.8072      4.400
