              _             
             (_)            
   __ _ _ __  _ _ __   __ _ 
  / _` | '_ \| | '_ \ / _` |
 | (_| | | | | | | | | (_| |
  \__, |_| |_|_|_| |_|\__,_|
   __/ |                    
  |___/                     

gnina v1.3.2 master:f23dd2b   Built Jul 29 2025.
gnina is based on smina and AutoDock Vina.
Please cite appropriately.

Commandline: gnina -r receptor.pdbqt -l ligands/noncovalent/VX_01_P3R.sdf --center_x -5.337 --center_y -41.735 --center_z 29.543 --size_x 22.5 --size_y 22.5 --size_z 22.5 --exhaustiveness 16 --num_modes 9 --cnn_scoring rescore --seed 42 -o out_sens_base/VX_01_P3R_nc.sdf.gz --log out_sens_base/VX_01_P3R_nc.log
Using random seed: 42

mode |  affinity  |  intramol  |    CNN     |   CNN
     | (kcal/mol) | (kcal/mol) | pose score | affinity
-----+------------+------------+------------+----------
    1       -5.84        0.41       0.8933      4.446
    2       -5.97        0.36       0.8813      4.622
    3       -6.07        0.71       0.8394      4.580
    4       -5.68        0.55       0.8139      4.771
    5       -5.99       -0.17       0.8083      4.810
    6       -6.34       -0.56       0.7874      5.224
    7       -6.17        0.17       0.7782      4.811
    8       -5.68        1.50       0.7677      4.410
    9       -5.86        0.44       0.7614      5.031
