            --------------------------------------------------------
                             AMBER SQM VERSION 19
 
                                     By
              Ross C. Walker, Michael F. Crowley, Scott Brozell,
                         Tim Giese, Andreas W. Goetz,
                        Tai-Sung Lee and David A. Case
 
            --------------------------------------------------------
 

--------------------------------------------------------------------------------
  QM CALCULATION INFO
--------------------------------------------------------------------------------

| QMMM: Citation for AMBER QMMM Run:
| QMMM: R.C. Walker, M.F. Crowley and D.A. Case, J. COMP. CHEM. 29:1019, 2008

QMMM: SINGLET STATE CALCULATION
QMMM: RHF CALCULATION, NO. OF DOUBLY OCCUPIED LEVELS = 49

| QMMM: *** Selected Hamiltonian *** 
| QMMM: AM1         

| QMMM: *** Parameter sets in use ***
| QMMM: C : M.J.S.DEWAR et al. JACS, 107, 3902, (1985)
| QMMM: O : M.J.S.DEWAR et al. JACS, 107, 3902, (1985)
| QMMM: P : M.J.S.DEWAR et al. THEOCHEM, 187,1, (1989)
| QMMM: S : M.J.S.DEWAR et al. INORG. CHEM., 29, 3881, (1990)
| QMMM: N : M.J.S.DEWAR et al. JACS, 107, 3902, (1985)
| QMMM: H : M.J.S.DEWAR et al. JACS, 107, 3902, (1985)

| QMMM: *** SCF convergence criteria ***
| QMMM: Energy change                :  0.1D-09 kcal/mol
| QMMM: Error matrix |FP-PF|         :  0.1D+00 au
| QMMM: Density matrix change        :  0.5D-06
| QMMM: Maximum number of SCF cycles :     1000

| QMMM: *** Diagonalization Routine Information ***
| QMMM: Pseudo diagonalizations are allowed.
| QMMM: Auto diagonalization routine selection is in use.
| QMMM:
| QMMM: Timing diagonalization routines:
| QMMM:                              norbs =       90
| QMMM:    diag iterations used for timing =       15
| QMMM:
| QMMM:              Internal diag routine = 0.029223 seconds
| QMMM:                 Dspev diag routine = 0.073124 seconds
| QMMM:                Dspevd diag routine = 1.789176 seconds
| QMMM:                Dspevx diag routine = 0.114282 seconds
| QMMM:                 Dsyev diag routine = 0.050994 seconds
| QMMM:                Dsyevd diag routine = 0.173580 seconds
| QMMM:                Dsyevr diag routine = 0.086838 seconds
| QMMM:
| QMMM:                Pseudo diag routine = 0.009512 seconds
| QMMM:
| QMMM: Using internal diagonalization routine (diag_routine=1).

  QMMM: QM Region Cartesian Coordinates (*=link atom) 
  QMMM: QM_NO.   MM_NO.  ATOM         X         Y         Z
  QMMM:     1        1      C        5.8380   -2.0940    1.5880
  QMMM:     2        2      C        5.1710   -1.2310    0.5380
  QMMM:     3        3      O        3.9690   -0.7070    1.0780
  QMMM:     4        4      P        3.1810    0.4090    0.2110
  QMMM:     5        5      C        3.9990    1.9290    0.6920
  QMMM:     6        6      O        3.2800    0.1680   -1.2700
  QMMM:     7        7      S        1.1980    0.5090    0.8340
  QMMM:     8        8      C        0.3540    1.2930   -0.5750
  QMMM:     9        9      C       -1.1510    1.5100   -0.3310
  QMMM:    10       10      N       -1.9340    0.2760   -0.1140
  QMMM:    11       11      C       -3.0410    0.4750    0.8400
  QMMM:    12       12      C       -3.7260   -0.8110    1.3080
  QMMM:    13       13      C       -4.0960    1.5170    0.4390
  QMMM:    14       14      C       -2.1120   -0.5180   -1.3440
  QMMM:    15       15      C       -3.3780   -0.2530   -2.1590
  QMMM:    16       16      C       -1.9400   -2.0180   -1.0760
  QMMM:    17       17      H        6.7700   -2.5220    1.2070
  QMMM:    18       18      H        6.0610   -1.5060    2.4850
  QMMM:    19       19      H        5.1750   -2.9080    1.8970
  QMMM:    20       20      H        5.8350   -0.4120    0.2450
  QMMM:    21       21      H        4.9350   -1.8300   -0.3470
  QMMM:    22       22      H        3.5240    2.7860    0.2070
  QMMM:    23       23      H        5.0520    1.9110    0.3990
  QMMM:    24       24      H        3.9440    2.0700    1.7750
  QMMM:    25       25      H        0.8290    2.2660   -0.7450
  QMMM:    26       26      H        0.5330    0.6900   -1.4690
  QMMM:    27       27      H       -1.2340    2.1740    0.5410
  QMMM:    28       28      H       -1.5720    2.0720   -1.1740
  QMMM:    29       29      H       -2.5700    0.8690    1.7520
  QMMM:    30       30      H       -4.3520   -1.2580    0.5310
  QMMM:    31       31      H       -4.3790   -0.6030    2.1640
  QMMM:    32       32      H       -2.9900   -1.5500    1.6430
  QMMM:    33       33      H       -4.7400    1.7450    1.2970
  QMMM:    34       34      H       -4.7490    1.1690   -0.3640
  QMMM:    35       35      H       -3.6430    2.4620    0.1260
  QMMM:    36       36      H       -1.2860   -0.2790   -2.0250
  QMMM:    37       37      H       -3.3210   -0.7740   -3.1220
  QMMM:    38       38      H       -4.2800   -0.6130   -1.6580
  QMMM:    39       39      H       -3.4920    0.8130   -2.3790
  QMMM:    40       40      H       -2.8010   -2.4620   -0.5730
  QMMM:    41       41      H       -1.8110   -2.5560   -2.0220
  QMMM:    42       42      H       -1.0470   -2.2100   -0.4710

--------------------------------------------------------------------------------
  RESULTS
--------------------------------------------------------------------------------

      iter         sqm energy              rms gradient
      ----    -------------------    -----------------------
xmin    10     -139.6048 kcal/mol        0.9459 kcal/(mol*A)
xmin    20     -144.8422 kcal/mol        1.1083 kcal/(mol*A)
xmin    30     -146.0157 kcal/mol        0.9133 kcal/(mol*A)
xmin    40     -146.6922 kcal/mol        0.5287 kcal/(mol*A)
xmin    50     -146.9054 kcal/mol        0.2089 kcal/(mol*A)
xmin    60     -146.9589 kcal/mol        0.2625 kcal/(mol*A)
xmin    70     -147.1828 kcal/mol        0.3827 kcal/(mol*A)
xmin    80     -147.2680 kcal/mol        0.0963 kcal/(mol*A)
xmin    90     -147.3147 kcal/mol        0.3095 kcal/(mol*A)
xmin   100     -147.4819 kcal/mol        0.6525 kcal/(mol*A)
xmin   110     -147.5655 kcal/mol        0.0822 kcal/(mol*A)
xmin   120     -147.5895 kcal/mol        0.0427 kcal/(mol*A)
xmin   130     -147.6055 kcal/mol        0.0404 kcal/(mol*A)
xmin   140     -147.6190 kcal/mol        0.0876 kcal/(mol*A)
xmin   150     -147.6246 kcal/mol        0.0828 kcal/(mol*A)
xmin   160     -147.6303 kcal/mol        0.0378 kcal/(mol*A)
xmin   170     -147.6352 kcal/mol        0.0575 kcal/(mol*A)
xmin   180     -147.6386 kcal/mol        0.0227 kcal/(mol*A)
xmin   190     -147.6422 kcal/mol        0.0829 kcal/(mol*A)
xmin   200     -147.6446 kcal/mol        0.0105 kcal/(mol*A)
xmin   210     -147.6463 kcal/mol        0.0318 kcal/(mol*A)
xmin   220     -147.6486 kcal/mol        0.0099 kcal/(mol*A)
xmin   230     -147.6494 kcal/mol        0.0027 kcal/(mol*A)
xmin   240     -147.6497 kcal/mol        0.0242 kcal/(mol*A)
xmin   250     -147.6508 kcal/mol        0.0188 kcal/(mol*A)
xmin   260     -147.6511 kcal/mol        0.0042 kcal/(mol*A)
xmin   270     -147.6512 kcal/mol        0.0022 kcal/(mol*A)
xmin   280     -147.6513 kcal/mol        0.0031 kcal/(mol*A)
xmin   290     -147.6513 kcal/mol        0.0052 kcal/(mol*A)
xmin   300     -147.6513 kcal/mol        0.0011 kcal/(mol*A)
xmin   310     -147.6514 kcal/mol        0.0019 kcal/(mol*A)
xmin   320     -147.6514 kcal/mol        0.0009 kcal/(mol*A)
  ... geometry converged !
 
 Final MO eigenvalues (eV):
 -39.2741  -39.1251  -35.1703  -33.9581  -33.5442  -32.3759  -30.9914  -29.3362
 -28.1969  -26.9564  -24.0953  -23.3130  -22.6698  -20.1869  -19.6660  -18.3640
 -17.4464  -17.2288  -16.5803  -16.3879  -16.1933  -15.6350  -15.4450  -15.0608
 -15.0134  -14.4973  -14.4511  -14.4113  -13.8915  -13.5943  -13.5113  -13.4622
 -13.2409  -13.1069  -12.7938  -12.7699  -12.7351  -12.4936  -12.2797  -12.1696
 -12.1534  -11.7791  -11.7022  -11.6293  -11.4944  -10.8732  -10.3350   -9.5776
  -8.9582   -0.4427    1.1388    2.1026    2.6008    2.8930    2.9803    3.3503
   3.4825    3.6873    3.7336    3.8765    3.9495    4.0007    4.0531    4.2049
   4.2170    4.3003    4.3423    4.3551    4.4322    4.4518    4.5211    4.6063
   4.6496    4.6997    4.7213    4.7914    4.8853    4.9022    4.9374    5.0005
   5.0258    5.0325    5.0512    5.0978    5.2637    5.3077    5.3537    6.1142
   6.3571    6.6464

 Heat of formation   =       -147.65136991 kcal/mol  (       -6.40264385 eV)

 Total SCF energy    =     -67774.82371791 kcal/mol  (    -2938.93689423 eV)
 Electronic energy   =    -447609.39601312 kcal/mol  (   -19409.79992251 eV)
 Core-core repulsion =     379834.57229520 kcal/mol  (    16470.86302828 eV)
 
    Atomic Charges for Step       1 :
  Atom    Element       Mulliken Charge
     1      C                 -0.214
     2      C                  0.009
     3      O                 -0.732
     4      P                  2.657
     5      C                 -0.971
     6      O                 -1.053
     7      S                 -0.849
     8      C                 -0.069
     9      C                 -0.053
    10      N                 -0.285
    11      C                  0.004
    12      C                 -0.209
    13      C                 -0.248
    14      C                 -0.003
    15      C                 -0.238
    16      C                 -0.209
    17      H                  0.087
    18      H                  0.089
    19      H                  0.093
    20      H                  0.105
    21      H                  0.072
    22      H                  0.193
    23      H                  0.166
    24      H                  0.168
    25      H                  0.104
    26      H                  0.098
    27      H                  0.109
    28      H                  0.083
    29      H                  0.087
    30      H                  0.074
    31      H                  0.073
    32      H                  0.086
    33      H                  0.076
    34      H                  0.078
    35      H                  0.079
    36      H                  0.085
    37      H                  0.076
    38      H                  0.076
    39      H                  0.077
    40      H                  0.074
    41      H                  0.070
    42      H                  0.085
 Total Mulliken Charge =      -0.000
 
                  X        Y        Z     TOTAL  
  QM DIPOLE     1.082    0.314    1.439    1.828
 
 Final Structure

  QMMM: QM Region Cartesian Coordinates (*=link atom) 
  QMMM: QM_NO.   MM_NO.  ATOM         X         Y         Z
  QMMM:     1        1      C        5.0845   -1.5646    2.2999
  QMMM:     2        2      C        4.4367   -1.0073    1.0572
  QMMM:     3        3      O        4.4726    0.4088    1.1244
  QMMM:     4        4      P        3.9330    1.1643   -0.1800
  QMMM:     5        5      C        4.3270    2.7214    0.0054
  QMMM:     6        6      O        4.2778    0.4035   -1.3665
  QMMM:     7        7      S        1.8076    1.4712    0.1311
  QMMM:     8        8      C        0.6446    0.1494   -0.3275
  QMMM:     9        9      C       -0.7317    0.6798    0.0440
  QMMM:    10       10      N       -1.7806   -0.3076   -0.1983
  QMMM:    11       11      C       -2.7816   -0.3229    0.8641
  QMMM:    12       12      C       -3.8289   -1.4263    0.7318
  QMMM:    13       13      C       -3.5094    0.9963    1.1420
  QMMM:    14       14      C       -2.2024   -0.3455   -1.5967
  QMMM:    15       15      C       -3.2883    0.6425   -2.0219
  QMMM:    16       16      C       -2.6050   -1.7458   -2.0677
  QMMM:    17       17      H        5.0434   -2.6794    2.2670
  QMMM:    18       18      H        6.1498   -1.2379    2.3629
  QMMM:    19       19      H        4.5523   -1.2029    3.2121
  QMMM:    20       20      H        4.9788   -1.3254    0.1237
  QMMM:    21       21      H        3.3571   -1.3147    0.9854
  QMMM:    22       22      H        3.4371    3.3895    0.1838
  QMMM:    23       23      H        4.8440    3.1465   -0.8929
  QMMM:    24       24      H        5.0064    2.9023    0.8786
  QMMM:    25       25      H        0.7516   -0.0394   -1.4184
  QMMM:    26       26      H        0.9094   -0.7636    0.2506
  QMMM:    27       27      H       -0.7082    0.9525    1.1384
  QMMM:    28       28      H       -0.9165    1.6342   -0.5309
  QMMM:    29       29      H       -2.1823   -0.5642    1.8005
  QMMM:    30       30      H       -4.5827   -1.1751   -0.0519
  QMMM:    31       31      H       -4.3601   -1.5285    1.7091
  QMMM:    32       32      H       -3.3545   -2.4047    0.4796
  QMMM:    33       33      H       -4.0723    0.9046    2.1018
  QMMM:    34       34      H       -4.2363    1.2381    0.3312
  QMMM:    35       35      H       -2.7888    1.8437    1.2343
  QMMM:    36       36      H       -1.2755   -0.0763   -2.1987
  QMMM:    37       37      H       -3.3562    0.6515   -3.1363
  QMMM:    38       38      H       -4.2842    0.3468   -1.6139
  QMMM:    39       39      H       -3.0484    1.6750   -1.6713
  QMMM:    40       40      H       -3.6513   -1.9932   -1.7721
  QMMM:    41       41      H       -2.5427   -1.7734   -3.1827
  QMMM:    42       42      H       -1.9229   -2.5251   -1.6525

           --------- Calculation Completed ----------

